
> api-worker@3.4.0 test:safe
> npm run test:smoke && TEST_SAFE_MODE=true npm run test:node


> api-worker@3.4.0 test:smoke
> vitest run --config vitest.workers.config.ts


 RUN  v3.2.4 /Users/juju/dev_repos/bendv3

[33m▲ [43;33m[[43;30mWARNING[43;33m][0m [1mProcessing wrangler.test.jsonc configuration:[0m

    - Unexpected fields found in top-level field: "//"


[33m▲ [43;33m[[43;30mWARNING[43;33m][0m [1mProcessing wrangler.test.jsonc configuration:[0m

    - Unexpected fields found in top-level field: "//"


Using vars defined in .env
[vpw:debug] Adding `enable_nodejs_tty_module` compatibility flag during tests as this feature is needed to support the Vitest runner.
[vpw:debug] Adding `enable_nodejs_fs_module` compatibility flag during tests as this feature is needed to support the Vitest runner.
[vpw:debug] Adding `enable_nodejs_http_modules` compatibility flag during tests as this feature is needed to support the Vitest runner.
[vpw:debug] Adding `enable_nodejs_perf_hooks_module` compatibility flag during tests as this feature is needed to support the Vitest runner.
[vpw:info] Starting isolated runtimes for vitest.workers.config.ts...
 ✓ |workers| tests/normalizers/alexandria-contract-compliance.test.ts > Alexandria to V3 Book Transformation > Complete Alexandria Response > transforms full Alexandria work to V3 Book with all fields 65ms
 ✓ |workers| tests/smoke/validation.test.js > Validation Smoke Tests > should validate ISBN format checking works 97ms
stderr | tests/workers/durable-objects/cache-metrics-do.test.js > CacheMetricsDO > recordEvent > should throw error if eventData is null
[CacheMetricsDO] Failed to process cache event: Error: Invalid event data: must be an object
    at CacheMetricsDO.recordEvent (/Users/juju/dev_repos/bendv3/src/durable-objects/cache-metrics.ts:688:15)
    at /Users/juju/dev_repos/bendv3/tests/workers/durable-objects/cache-metrics-do.test.js:77:35
    at Users/juju/dev_repos/bendv3/node_modules/@vitest/runner/dist/chunk-hooks.js:155:11
    at Users/juju/dev_repos/bendv3/node_modules/@vitest/runner/dist/chunk-hooks.js:752:26
    at Users/juju/dev_repos/bendv3/node_modules/@vitest/runner/dist/chunk-hooks.js:1897:20
    at new Promise (<anonymous>)
    at runWithTimeout (Users/juju/dev_repos/bendv3/node_modules/@vitest/runner/dist/chunk-hooks.js:1863:10)
    at runTest (Users/juju/dev_repos/bendv3/node_modules/@vitest/runner/dist/chunk-hooks.js:1574:12)
    at runSuite (Users/juju/dev_repos/bendv3/node_modules/@vitest/runner/dist/chunk-hooks.js:1729:8)
    at runSuite (Users/juju/dev_repos/bendv3/node_modules/@vitest/runner/dist/chunk-hooks.js:1729:8)

 ✓ |workers| tests/utils/error-status.test.ts > Error Status Mapping > statusFromError - Standard Error Codes > maps INVALID_QUERY to 400 Bad Request 46ms
 ✓ |workers| tests/workers/durable-objects/cache-metrics-do.test.js > CacheMetricsDO > recordEvent > should throw error if eventData is null 53ms
stderr | tests/workers/durable-objects/cache-metrics-do.test.js > CacheMetricsDO > recordEvent > should throw error if eventData is undefined
[CacheMetricsDO] Failed to process cache event: Error: Invalid event data: must be an object
    at CacheMetricsDO.recordEvent (/Users/juju/dev_repos/bendv3/src/durable-objects/cache-metrics.ts:688:15)
    at /Users/juju/dev_repos/bendv3/tests/workers/durable-objects/cache-metrics-do.test.js:83:35
    at Users/juju/dev_repos/bendv3/node_modules/@vitest/runner/dist/chunk-hooks.js:155:11
    at Users/juju/dev_repos/bendv3/node_modules/@vitest/runner/dist/chunk-hooks.js:752:26
    at Users/juju/dev_repos/bendv3/node_modules/@vitest/runner/dist/chunk-hooks.js:1897:20
    at new Promise (<anonymous>)
    at runWithTimeout (Users/juju/dev_repos/bendv3/node_modules/@vitest/runner/dist/chunk-hooks.js:1863:10)
    at runTest (Users/juju/dev_repos/bendv3/node_modules/@vitest/runner/dist/chunk-hooks.js:1574:12)
    at runSuite (Users/juju/dev_repos/bendv3/node_modules/@vitest/runner/dist/chunk-hooks.js:1729:8)
    at runSuite (Users/juju/dev_repos/bendv3/node_modules/@vitest/runner/dist/chunk-hooks.js:1729:8)

stderr | tests/workers/durable-objects/websocket-connection-do.test.js > WebSocketConnectionDO > Authentication > should reject upgrade without upgrade header
[WebSocketConnectionDO] [cid: c08184f9] Invalid upgrade header { upgradeHeader: null }

 ✓ |workers| tests/workers/durable-objects/websocket-connection-do.test.js > WebSocketConnectionDO > Authentication > should set auth token with expiration and reset consumed flag 41ms
 ✓ |workers| tests/workers/durable-objects/websocket-connection-do.test.js > WebSocketConnectionDO > Authentication > should reject upgrade without upgrade header 30ms
 ✓ |workers| tests/utils/response-transformer.test.ts > ResponseTransformer > extractUniqueAuthors > should extract unique authors from works 35ms
 ✓ |workers| tests/utils/response-transformer.test.ts > ResponseTransformer > extractUniqueAuthors > should handle works with no authors 29ms
stderr | tests/workers/durable-objects/cache-metrics-do.test.js > CacheMetricsDO > recordEvent > should throw error if eventData is not an object
[CacheMetricsDO] Failed to process cache event: Error: Invalid event data: must be an object
    at CacheMetricsDO.recordEvent (/Users/juju/dev_repos/bendv3/src/durable-objects/cache-metrics.ts:688:15)
    at /Users/juju/dev_repos/bendv3/tests/workers/durable-objects/cache-metrics-do.test.js:89:35
    at Users/juju/dev_repos/bendv3/node_modules/@vitest/runner/dist/chunk-hooks.js:155:11
    at Users/juju/dev_repos/bendv3/node_modules/@vitest/runner/dist/chunk-hooks.js:752:26
    at Users/juju/dev_repos/bendv3/node_modules/@vitest/runner/dist/chunk-hooks.js:1897:20
    at new Promise (<anonymous>)
    at runWithTimeout (Users/juju/dev_repos/bendv3/node_modules/@vitest/runner/dist/chunk-hooks.js:1863:10)
    at runTest (Users/juju/dev_repos/bendv3/node_modules/@vitest/runner/dist/chunk-hooks.js:1574:12)
    at runSuite (Users/juju/dev_repos/bendv3/node_modules/@vitest/runner/dist/chunk-hooks.js:1729:8)
    at runSuite (Users/juju/dev_repos/bendv3/node_modules/@vitest/runner/dist/chunk-hooks.js:1729:8)

 ✓ |workers| tests/workers/durable-objects/rate-limiter-do.test.js > RateLimiterDO - Core Logic > should allow first request from new IP 46ms
 ✓ |workers| tests/workers/durable-objects/rate-limiter-do.test.js > RateLimiterDO - Core Logic > should allow up to 10 requests within window 29ms
stderr | tests/workers/durable-objects/cache-metrics-do.test.js > CacheMetricsDO > recordEvent > should throw error if eventData is not an object
[CacheMetricsDO] Failed to process cache event: Error: Invalid event data: must be an object
    at CacheMetricsDO.recordEvent (/Users/juju/dev_repos/bendv3/src/durable-objects/cache-metrics.ts:688:15)
    at /Users/juju/dev_repos/bendv3/tests/workers/durable-objects/cache-metrics-do.test.js:92:35
    at Users/juju/dev_repos/bendv3/node_modules/@vitest/runner/dist/chunk-hooks.js:752:20

 ✓ |workers| tests/normalizers/alexandria-contract-compliance.test.ts > Alexandria to V3 Book Transformation > ISBN Extraction > extracts ISBN from edition.isbn 33ms
 ✓ |workers| tests/normalizers/alexandria-contract-compliance.test.ts > Alexandria to V3 Book Transformation > ISBN Extraction > falls back to provided ISBN parameter when edition.isbn missing 30ms
 ✓ |workers| tests/smoke/validation.test.js > Validation Smoke Tests > should import cache utilities 111ms
stderr | tests/workers/durable-objects/websocket-connection-do.test.js > WebSocketConnectionDO > Authentication > should reject upgrade without jobId
[WebSocketConnectionDO] [cid: 94d2d182] Missing jobId parameter

 ✓ |workers| tests/smoke/health.test.js > Health Check Smoke Tests > should import core utilities without errors 112ms
 ✓ |workers| tests/smoke/health.test.js > Health Check Smoke Tests > should import book mapper utilities 59ms
stderr | tests/workers/durable-objects/cache-metrics-do.test.js > CacheMetricsDO > recordEvent > should throw error if required field is missing
[CacheMetricsDO] Failed to process cache event: Error: Invalid event data: missing required field 'type'
    at CacheMetricsDO.recordEvent (/Users/juju/dev_repos/bendv3/src/durable-objects/cache-metrics.ts:694:17)
    at /Users/juju/dev_repos/bendv3/tests/workers/durable-objects/cache-metrics-do.test.js:102:35
    at Users/juju/dev_repos/bendv3/node_modules/@vitest/runner/dist/chunk-hooks.js:155:11
    at Users/juju/dev_repos/bendv3/node_modules/@vitest/runner/dist/chunk-hooks.js:752:26
    at Users/juju/dev_repos/bendv3/node_modules/@vitest/runner/dist/chunk-hooks.js:1897:20
    at new Promise (<anonymous>)
    at runWithTimeout (Users/juju/dev_repos/bendv3/node_modules/@vitest/runner/dist/chunk-hooks.js:1863:10)
    at runTest (Users/juju/dev_repos/bendv3/node_modules/@vitest/runner/dist/chunk-hooks.js:1574:12)
    at runSuite (Users/juju/dev_repos/bendv3/node_modules/@vitest/runner/dist/chunk-hooks.js:1729:8)
    at runSuite (Users/juju/dev_repos/bendv3/node_modules/@vitest/runner/dist/chunk-hooks.js:1729:8)

 ✓ |workers| tests/normalizers/alexandria.test.ts > normalizeAlexandriaToWork > should convert Alexandria result to WorkDTO 34ms
 ✓ |workers| tests/normalizers/alexandria.test.ts > normalizeAlexandriaToWork > should prioritize work_title over title 29ms
 ✓ |workers| tests/normalizers/alexandria.test.ts > normalizeAlexandriaToWork > should fall back to title when work_title is missing 32ms
stderr | tests/workers/durable-objects/cache-metrics-do.test.js > CacheMetricsDO > recordEvent > should throw error if required field is missing
[CacheMetricsDO] Failed to process cache event: Error: Invalid event data: missing required field 'prefix'
    at CacheMetricsDO.recordEvent (/Users/juju/dev_repos/bendv3/src/durable-objects/cache-metrics.ts:694:17)
    at /Users/juju/dev_repos/bendv3/tests/workers/durable-objects/cache-metrics-do.test.js:108:35
    at Users/juju/dev_repos/bendv3/node_modules/@vitest/runner/dist/chunk-hooks.js:752:20

stderr | tests/workers/durable-objects/cache-metrics-do.test.js > CacheMetricsDO > recordEvent > should throw error if required field is missing
[CacheMetricsDO] Failed to process cache event: Error: Invalid event data: missing required field 'key'
    at CacheMetricsDO.recordEvent (/Users/juju/dev_repos/bendv3/src/durable-objects/cache-metrics.ts:694:17)
    at /Users/juju/dev_repos/bendv3/tests/workers/durable-objects/cache-metrics-do.test.js:114:35
    at Users/juju/dev_repos/bendv3/node_modules/@vitest/runner/dist/chunk-hooks.js:752:20

stderr | tests/workers/durable-objects/cache-metrics-do.test.js > CacheMetricsDO > recordEvent > should throw error if required field is missing
[CacheMetricsDO] Failed to process cache event: Error: Invalid event data: missing required field 'timestamp'
    at CacheMetricsDO.recordEvent (/Users/juju/dev_repos/bendv3/src/durable-objects/cache-metrics.ts:694:17)
    at /Users/juju/dev_repos/bendv3/tests/workers/durable-objects/cache-metrics-do.test.js:120:35
    at Users/juju/dev_repos/bendv3/node_modules/@vitest/runner/dist/chunk-hooks.js:752:20

stderr | tests/workers/durable-objects/websocket-connection-do.test.js > WebSocketConnectionDO > Authentication > should reject upgrade with invalid token
[test-123] [cid: 8af94723] WebSocket authentication failed - invalid token

 ✓ |workers| tests/utils/error-status.test.ts > Error Status Mapping > statusFromError - Standard Error Codes > maps INVALID_ISBN to 400 Bad Request 39ms
 ✓ |workers| tests/utils/error-status.test.ts > Error Status Mapping > statusFromError - Standard Error Codes > maps NOT_FOUND to 404 Not Found 28ms
 ✓ |workers| tests/utils/error-status.test.ts > Error Status Mapping > statusFromError - Standard Error Codes > maps INTERNAL_ERROR to 500 Internal Server Error 49ms
 ✓ |workers| tests/workers/durable-objects/cache-metrics-do.test.js > CacheMetricsDO > recordEvent > should throw error if eventData is undefined 41ms
 ✓ |workers| tests/workers/durable-objects/cache-metrics-do.test.js > CacheMetricsDO > recordEvent > should throw error if eventData is not an object 30ms
 ✓ |workers| tests/workers/durable-objects/cache-metrics-do.test.js > CacheMetricsDO > recordEvent > should throw error if required field is missing 49ms
 ✓ |workers| tests/normalizers/isbndb.test.ts > normalizeISBNdbToWork > should convert ISBNdb book to WorkDTO 31ms
 ✓ |workers| tests/normalizers/isbndb.test.ts > normalizeISBNdbToWork > should handle missing optional fields 49ms
 ✓ |workers| tests/normalizers/google-books.test.ts > normalizeGoogleBooksToWork > should convert Google Books item to WorkDTO 30ms
 ✓ |workers| tests/normalizers/google-books.test.ts > normalizeGoogleBooksToWork > should handle missing optional fields 47ms
stderr | tests/workers/durable-objects/cache-metrics-do.test.js > CacheMetricsDO > recordEvent > should throw error if type is invalid
[CacheMetricsDO] Failed to process cache event: Error: Invalid event type: must be one of hit, miss, write
    at CacheMetricsDO.recordEvent (/Users/juju/dev_repos/bendv3/src/durable-objects/cache-metrics.ts:701:15)
    at /Users/juju/dev_repos/bendv3/tests/workers/durable-objects/cache-metrics-do.test.js:127:35
    at Users/juju/dev_repos/bendv3/node_modules/@vitest/runner/dist/chunk-hooks.js:155:11
    at Users/juju/dev_repos/bendv3/node_modules/@vitest/runner/dist/chunk-hooks.js:752:26
    at Users/juju/dev_repos/bendv3/node_modules/@vitest/runner/dist/chunk-hooks.js:1897:20
    at new Promise (<anonymous>)
    at runWithTimeout (Users/juju/dev_repos/bendv3/node_modules/@vitest/runner/dist/chunk-hooks.js:1863:10)
    at runTest (Users/juju/dev_repos/bendv3/node_modules/@vitest/runner/dist/chunk-hooks.js:1574:12)
    at runSuite (Users/juju/dev_repos/bendv3/node_modules/@vitest/runner/dist/chunk-hooks.js:1729:8)
    at runSuite (Users/juju/dev_repos/bendv3/node_modules/@vitest/runner/dist/chunk-hooks.js:1729:8)

stderr | tests/workers/durable-objects/websocket-connection-do.test.js > WebSocketConnectionDO > Authentication > should reject upgrade with expired token
[test-123] [cid: e645d746] WebSocket authentication failed - token expired

 ✓ |workers| tests/workers/durable-objects/rate-limiter-do.test.js > RateLimiterDO - Core Logic > should block 11th request (rate limit exceeded) 38ms
 ✓ |workers| tests/workers/durable-objects/rate-limiter-do.test.js > RateLimiterDO - Core Logic > should reset counter after window expires 46ms
 ✓ |workers| tests/utils/response-transformer.test.ts > ResponseTransformer > extractUniqueAuthors > should handle works with missing authors property 42ms
 ✓ |workers| tests/utils/response-transformer.test.ts > ResponseTransformer > extractUniqueAuthors > should handle empty works array 41ms
 ✓ |workers| tests/utils/response-transformer.test.ts > ResponseTransformer > extractUniqueAuthors > should preserve author metadata 33ms
 ✓ |workers| tests/workers/durable-objects/websocket-connection-do.test.js > WebSocketConnectionDO > Authentication > should reject upgrade without jobId 45ms
 ✓ |workers| tests/workers/durable-objects/websocket-connection-do.test.js > WebSocketConnectionDO > Authentication > should reject upgrade with invalid token 41ms
 ✓ |workers| tests/workers/durable-objects/websocket-connection-do.test.js > WebSocketConnectionDO > Authentication > should reject upgrade with expired token 30ms
stderr | tests/workers/durable-objects/cache-metrics-do.test.js > CacheMetricsDO > recordEvent > should throw error if timestamp is invalid
[CacheMetricsDO] Failed to process cache event: Error: Invalid timestamp: must be a positive number
    at CacheMetricsDO.recordEvent (/Users/juju/dev_repos/bendv3/src/durable-objects/cache-metrics.ts:706:15)
    at /Users/juju/dev_repos/bendv3/tests/workers/durable-objects/cache-metrics-do.test.js:139:35
    at Users/juju/dev_repos/bendv3/node_modules/@vitest/runner/dist/chunk-hooks.js:155:11
    at Users/juju/dev_repos/bendv3/node_modules/@vitest/runner/dist/chunk-hooks.js:752:26
    at Users/juju/dev_repos/bendv3/node_modules/@vitest/runner/dist/chunk-hooks.js:1897:20
    at new Promise (<anonymous>)
    at runWithTimeout (Users/juju/dev_repos/bendv3/node_modules/@vitest/runner/dist/chunk-hooks.js:1863:10)
    at runTest (Users/juju/dev_repos/bendv3/node_modules/@vitest/runner/dist/chunk-hooks.js:1574:12)
    at runSuite (Users/juju/dev_repos/bendv3/node_modules/@vitest/runner/dist/chunk-hooks.js:1729:8)
    at runSuite (Users/juju/dev_repos/bendv3/node_modules/@vitest/runner/dist/chunk-hooks.js:1729:8)

stderr | tests/workers/durable-objects/cache-metrics-do.test.js > CacheMetricsDO > recordEvent > should throw error if timestamp is invalid
[CacheMetricsDO] Failed to process cache event: Error: Invalid timestamp: must be a positive number
    at CacheMetricsDO.recordEvent (/Users/juju/dev_repos/bendv3/src/durable-objects/cache-metrics.ts:706:15)
    at /Users/juju/dev_repos/bendv3/tests/workers/durable-objects/cache-metrics-do.test.js:144:35
    at Users/juju/dev_repos/bendv3/node_modules/@vitest/runner/dist/chunk-hooks.js:752:20

 ✓ |workers| tests/normalizers/contract-compliance.test.ts > Google Books Normalizer Contract Compliance > normalizeGoogleBooksToWork always returns required array fields 51ms
 ✓ |workers| tests/normalizers/contract-compliance.test.ts > Google Books Normalizer Contract Compliance > normalizeGoogleBooksToEdition always returns required fields 30ms
 ✓ |workers| tests/normalizers/alexandria-contract-compliance.test.ts > Alexandria to V3 Book Transformation > ISBN Extraction > returns empty string when no ISBN available 54ms
 ✓ |workers| tests/normalizers/alexandria-contract-compliance.test.ts > Alexandria to V3 Book Transformation > ISBN Extraction > prefers edition.isbn over parameter ISBN 36ms
 ✓ |workers| tests/smoke/health.test.js > Health Check Smoke Tests > should import analytics utilities 49ms
 ✓ |workers| tests/smoke/health.test.js > Health Check Smoke Tests > should validate environment structure 47ms
stderr | tests/workers/durable-objects/websocket-connection-do.test.js > WebSocketConnectionDO > Authentication > should reject second connection attempt with same token (SECURITY #212)
[test-123] [cid: 93f995a6] WebSocket authentication failed - token already used (prevents session hijacking)

 ✓ |workers| tests/smoke/validation.test.js > Validation Smoke Tests > should import response transformers 83ms
 ✓ |workers| tests/smoke/validation.test.js > Validation Smoke Tests > should import middleware modules 38ms
 ✓ |workers| tests/normalizers/alexandria.test.ts > normalizeAlexandriaToWork > should use "Unknown" when both titles are missing 51ms
 ✓ |workers| tests/normalizers/alexandria.test.ts > normalizeAlexandriaToWork > should handle missing optional fields 30ms
 ✓ |workers| tests/normalizers/alexandria.test.ts > normalizeAlexandriaToWork > should extract OpenLibrary Work ID from URL 26ms
stderr | tests/workers/durable-objects/cache-metrics-do.test.js > CacheMetricsDO > recordEvent > should throw error if timestamp is zero
[CacheMetricsDO] Failed to process cache event: Error: Invalid timestamp: must be a positive number
    at CacheMetricsDO.recordEvent (/Users/juju/dev_repos/bendv3/src/durable-objects/cache-metrics.ts:706:15)
    at /Users/juju/dev_repos/bendv3/tests/workers/durable-objects/cache-metrics-do.test.js:151:35
    at Users/juju/dev_repos/bendv3/node_modules/@vitest/runner/dist/chunk-hooks.js:155:11
    at Users/juju/dev_repos/bendv3/node_modules/@vitest/runner/dist/chunk-hooks.js:752:26
    at Users/juju/dev_repos/bendv3/node_modules/@vitest/runner/dist/chunk-hooks.js:1897:20
    at new Promise (<anonymous>)
    at runWithTimeout (Users/juju/dev_repos/bendv3/node_modules/@vitest/runner/dist/chunk-hooks.js:1863:10)
    at runTest (Users/juju/dev_repos/bendv3/node_modules/@vitest/runner/dist/chunk-hooks.js:1574:12)
    at runSuite (Users/juju/dev_repos/bendv3/node_modules/@vitest/runner/dist/chunk-hooks.js:1729:8)
    at runSuite (Users/juju/dev_repos/bendv3/node_modules/@vitest/runner/dist/chunk-hooks.js:1729:8)

 ✓ |workers| tests/utils/error-status.test.ts > Error Status Mapping > statusFromError - Provider Errors (Nuanced) > maps timeout PROVIDER_ERROR to 503 Service Unavailable 29ms
 ✓ |workers| tests/utils/error-status.test.ts > Error Status Mapping > statusFromError - Provider Errors (Nuanced) > maps unavailable PROVIDER_ERROR to 503 26ms
stdout | tests/workers/durable-objects/job-state-manager-do.test.js > JobStateManagerDO > Job Initialization > should initialize job state with all required fields
[JobStateManager] Initializing job test-job-123 for pipeline csv_import

stdout | tests/workers/durable-objects/job-state-manager-do.test.js > JobStateManagerDO > Job Initialization > should initialize job state with all required fields
[JobStateManager] Job test-job-123 initialized

 ✓ |workers| tests/normalizers/isbndb.test.ts > normalizeISBNdbToWork > should calculate quality score correctly 41ms
 ✓ |workers| tests/normalizers/isbndb.test.ts > normalizeISBNdbToEdition > should convert ISBNdb book to EditionDTO 26ms
 ✓ |workers| tests/workers/durable-objects/cache-metrics-do.test.js > CacheMetricsDO > recordEvent > should throw error if type is invalid 37ms
 ✓ |workers| tests/workers/durable-objects/cache-metrics-do.test.js > CacheMetricsDO > recordEvent > should throw error if timestamp is invalid 26ms
 ✓ |workers| tests/workers/durable-objects/cache-metrics-do.test.js > CacheMetricsDO > recordEvent > should throw error if timestamp is zero 26ms
 ✓ |workers| tests/workers/durable-objects/cache-metrics-do.test.js > CacheMetricsDO > recordEvent > should return success true for valid event data 23ms
stdout | tests/workers/durable-objects/job-state-manager-do.test.js > JobStateManagerDO > Job Initialization > should set start time on initialization
[JobStateManager] Initializing job job-123 for pipeline csv_import

stdout | tests/workers/durable-objects/job-state-manager-do.test.js > JobStateManagerDO > Job Initialization > should set start time on initialization
[JobStateManager] Job job-123 initialized

 ✓ |workers| tests/normalizers/google-books.test.ts > normalizeGoogleBooksToEdition > should convert Google Books item to EditionDTO 26ms
 ✓ |workers| tests/normalizers/google-books.test.ts > ensureWorkForEdition > should synthesize Work from Edition when Work is missing 24ms
 ✓ |workers| tests/normalizers/google-books.test.ts > ensureWorkForEdition > should handle edition without title 23ms
 ✓ |workers| tests/workers/durable-objects/rate-limiter-do.test.js > RateLimiterDO - Core Logic > should not increment counter when request is blocked 30ms
 ✓ |workers| tests/workers/durable-objects/rate-limiter-do.test.js > RateLimiterDO - Core Logic > should return correct remaining count 28ms
 ✓ |workers| tests/workers/durable-objects/rate-limiter-do.test.js > RateLimiterDO - Fetch Handler > should handle POST request and return JSON 24ms
 ✓ |workers| tests/smoke/v3-scan-jobs.test.ts > V3 Scan Jobs - Smoke Tests > should validate scan job schema types exist 400ms
stdout | tests/workers/verify_csv_flow.test.ts > CSV Import End-to-End Flow Validation > Step 1: Processing CSV should call Gemini, Save to D1, and Queue for Alex
[CSV Processor Core] Waiting for WebSocket ready signal for job test-job-id

 ✓ |workers| tests/workers/durable-objects/websocket-connection-do.test.js > WebSocketConnectionDO > Authentication > should reject second connection attempt with same token (SECURITY #212) 32ms
 ✓ |workers| tests/workers/durable-objects/websocket-connection-do.test.js > WebSocketConnectionDO > Authentication > should allow reconnection with fresh token after consumption (SECURITY #212) 24ms
stdout | tests/workers/verify_csv_flow.test.ts > CSV Import End-to-End Flow Validation > Step 1: Processing CSV should call Gemini, Save to D1, and Queue for Alex
[CSV Processor Core] ✅ WebSocket ready for job test-job-id after 1ms

 ✓ |workers| tests/utils/response-transformer.test.ts > ResponseTransformer > removeAuthorsFromWorks > should remove authors property from works 26ms
 ✓ |workers| tests/utils/response-transformer.test.ts > ResponseTransformer > removeAuthorsFromWorks > should preserve all other WorkDTO properties 21ms
 ✓ |workers| tests/utils/response-transformer.test.ts > ResponseTransformer > removeAuthorsFromWorks > should handle works without authors property 23ms
stdout | tests/workers/verify_csv_flow.test.ts > CSV Import End-to-End Flow Validation > Step 1: Processing CSV should call Gemini, Save to D1, and Queue for Alex
{"type":"CSV_CACHE_TELEMETRY","hit":false,"cacheKey":"csv-parse:9b199b0b825441...","csvSizeBytes":53,"timestamp":"2026-01-07T21:15:44.817Z"}

 ✓ |workers| tests/normalizers/alexandria-contract-compliance.test.ts > Alexandria to V3 Book Transformation > Authors Array Mapping > maps single author correctly 30ms
 ✓ |workers| tests/normalizers/alexandria-contract-compliance.test.ts > Alexandria to V3 Book Transformation > Authors Array Mapping > maps multiple authors correctly 24ms
 ✓ |workers| tests/normalizers/alexandria-contract-compliance.test.ts > Alexandria to V3 Book Transformation > Authors Array Mapping > handles empty authors array 23ms
 ✓ |workers| tests/normalizers/alexandria-contract-compliance.test.ts > Alexandria to V3 Book Transformation > Authors Array Mapping > maps authors with additional metadata (only name used) 21ms
stdout | tests/workers/durable-objects/websocket-connection-do.test.js > WebSocketConnectionDO > WebSocket Lifecycle > should handle ready message from client
[test-123] [cid: 029c4346] ✅ Client ready signal received

 ✓ |workers| tests/normalizers/contract-compliance.test.ts > OpenLibrary Normalizer Contract Compliance > normalizeOpenLibraryToWork always returns required array fields 26ms
 ✓ |workers| tests/normalizers/contract-compliance.test.ts > OpenLibrary Normalizer Contract Compliance > normalizeOpenLibraryToWork handles external IDs correctly 24ms
 ✓ |workers| tests/normalizers/contract-compliance.test.ts > OpenLibrary Normalizer Contract Compliance > normalizeOpenLibraryToAuthor always includes gender field 23ms
stdout | tests/workers/durable-objects/job-state-manager-do.test.js > JobStateManagerDO > Progress Updates > should update job progress and notify WebSocket DO
[JobStateManager] State persisted for job job-123

stdout | tests/workers/verify_csv_flow.test.ts > CSV Import End-to-End Flow Validation > Step 1: Processing CSV should call Gemini, Save to D1, and Queue for Alex
[CSV Processor Core] ✅ Persisted 1/1 books to D1+KV
[CSV Processor Core] 📤 Queueing 1 ISBNs for Alexandria enrichment

stdout | tests/workers/durable-objects/job-state-manager-do.test.js > JobStateManagerDO > Progress Updates > should update job progress and notify WebSocket DO
[JobStateManager] Broadcast progress to queue (0 SSE clients, 1 pending) for job job-123

stdout | tests/workers/verify_csv_flow.test.ts > CSV Import End-to-End Flow Validation > Step 1: Processing CSV should call Gemini, Save to D1, and Queue for Alex
[CSV Processor Core] 💾 Stored results in KV: csv-results:test-job-id (1 books, TTL: 7200s)

stdout | tests/workers/verify_csv_flow.test.ts > CSV Import End-to-End Flow Validation > Step 1: Processing CSV should call Gemini, Save to D1, and Queue for Alex
[CSV Processor Core] ✅ Queued 1 ISBNs for background enrichment

 ✓ |workers| tests/workers/durable-objects/job-state-manager-do.test.js > JobStateManagerDO > Job Initialization > should initialize job state with all required fields 28ms
 ✓ |workers| tests/workers/durable-objects/job-state-manager-do.test.js > JobStateManagerDO > Job Initialization > should set start time on initialization 23ms
stdout | tests/workers/verify_csv_flow.test.ts > CSV Import End-to-End Flow Validation > Step 1: Processing CSV should call Gemini, Save to D1, and Queue for Alex
✅ Step 1: Gemini Parsing Triggered
✅ Step 3: Alexandria Enrichment Queueing Triggered

 ✓ |workers| tests/normalizers/alexandria.test.ts > normalizeAlexandriaToWork > should extract cover URL from OpenLibrary Edition ID 31ms
 ✓ |workers| tests/normalizers/alexandria.test.ts > normalizeAlexandriaToWork > should use placeholder cover when edition ID is missing 22ms
 ✓ |workers| tests/normalizers/alexandria.test.ts > normalizeAlexandriaToWork > should parse year from various date formats 22ms
 ✓ |workers| tests/normalizers/alexandria.test.ts > normalizeAlexandriaToWork > should handle invalid OpenLibrary URLs gracefully 21ms
stderr | tests/workers/durable-objects/websocket-connection-do.test.js > WebSocketConnectionDO > WebSocket Lifecycle > should ignore invalid message format
[test-123] [cid: 666fd47d] Failed to parse message: SyntaxError: Unexpected token 'i', "invalid json" is not valid JSON
    at JSON.parse (<anonymous>)
    at WebSocketConnectionDO.handleMessage (/Users/juju/dev_repos/bendv3/src/durable-objects/websocket-connection.ts:362:24)
    at /Users/juju/dev_repos/bendv3/tests/workers/durable-objects/websocket-connection-do.test.js:230:20
    at Proxy.assertThrows (Users/juju/dev_repos/bendv3/node_modules/.vite/vitest/f74e09031a1e20d78776723906eac9ecf0b3221d/deps_ssr/vitest___@vitest_expect___chai.js:2660:5)
    at Proxy.methodWrapper (Users/juju/dev_repos/bendv3/node_modules/.vite/vitest/f74e09031a1e20d78776723906eac9ecf0b3221d/deps_ssr/vitest___@vitest_expect___chai.js:1601:25)
    at Proxy.<anonymous> (Users/juju/dev_repos/bendv3/node_modules/@vitest/expect/dist/index.js:1088:12)
    at Proxy.overwritingMethodWrapper (Users/juju/dev_repos/bendv3/node_modules/.vite/vitest/f74e09031a1e20d78776723906eac9ecf0b3221d/deps_ssr/vitest___@vitest_expect___chai.js:1646:33)
    at Proxy.<anonymous> (Users/juju/dev_repos/bendv3/node_modules/@vitest/expect/dist/index.js:1420:16)
    at Proxy.<anonymous> (Users/juju/dev_repos/bendv3/node_modules/@vitest/expect/dist/index.js:1029:14)
    at Proxy.methodWrapper (Users/juju/dev_repos/bendv3/node_modules/.vite/vitest/f74e09031a1e20d78776723906eac9ecf0b3221d/deps_ssr/vitest___@vitest_expect___chai.js:1601:25)

stderr | tests/workers/durable-objects/job-state-manager-do.test.js > JobStateManagerDO > Progress Updates > should handle missing job state gracefully
[JobStateManager] No job state found for progress update

 ✓ |workers| tests/normalizers/google-books.test.ts > ensureWorkForEdition > should copy coverImageURL from Edition to Work (Issue #346) 24ms
stdout | tests/workers/verify_csv_flow.test.ts > CSV Import End-to-End Flow Validation > Step 4: Read Flow - Should return D1 data (Gemini Masking) if present
[RequestDedup] 🆕 New request for key: isbn:9780553109535 (cache size: 0)

 ✓ |workers| tests/workers/durable-objects/cache-metrics-do.test.js > CacheMetricsDO > recordEvent > should accept valid event data with optional hotTtlExpiry field 28ms
stdout | tests/workers/verify_csv_flow.test.ts > CSV Import End-to-End Flow Validation > Step 4: Read Flow - Should return D1 data (Gemini Masking) if present
[BookService] ✅ Repository hit for ISBN 9780553109535

stdout | tests/workers/verify_csv_flow.test.ts > CSV Import End-to-End Flow Validation > Step 4: Read Flow - Should return D1 data (Gemini Masking) if present
[RequestDedup] 🗑️ Cleaned up key: isbn:9780553109535 (cache size: 0)

stderr | tests/workers/durable-objects/rate-limiter-do.test.js > Rate Limiter Middleware > should block request when limit exceeded
[Rate Limit] Blocked request from IP: 192.168.1.200 (limit exceeded, endpoint: /api/search, limit: 100)

stdout | tests/workers/verify_csv_flow.test.ts > CSV Import End-to-End Flow Validation > Step 4: Read Flow - Should return D1 data (Gemini Masking) if present
✅ Step 4: Bend served D1 data (Gemini) without checking Alex
✅ Verified: External Refresh skipped (Masking confirmed)

 ✓ |workers| tests/utils/error-status.test.ts > Error Status Mapping > statusFromError - Provider Errors (Nuanced) > maps rate limit PROVIDER_ERROR to 503 28ms
 ✓ |workers| tests/utils/error-status.test.ts > Error Status Mapping > statusFromError - Provider Errors (Nuanced) > maps "too many requests" PROVIDER_ERROR to 503 22ms
 ✓ |workers| tests/utils/error-status.test.ts > Error Status Mapping > statusFromError - Provider Errors (Nuanced) > maps generic PROVIDER_ERROR to 502 Bad Gateway 21ms
 ✓ |workers| tests/utils/error-status.test.ts > Error Status Mapping > statusFromError - Provider Errors (Nuanced) > checks details field for timeout keywords 26ms
stderr | tests/workers/durable-objects/websocket-connection-do.test.js > WebSocketConnectionDO > WebSocket Lifecycle > should ignore messages with missing type
[test-123] [cid: bf998183] Invalid message structure: missing or invalid 'type' field { data: 'test' }

 ✓ |workers| tests/normalizers/isbndb.test.ts > normalizeISBNdbToEdition > should normalize different binding formats correctly 24ms
 ✓ |workers| tests/normalizers/isbndb.test.ts > normalizeISBNdbToEdition > should handle edition with only ISBN-10 23ms
 ✓ |workers| tests/normalizers/isbndb.test.ts > normalizeISBNdbToAuthor > should convert author name to AuthorDTO 28ms
 ✓ |workers| tests/normalizers/isbndb.test.ts > normalizeISBNdbToAuthor > should handle empty author name 20ms
stdout | tests/workers/durable-objects/job-state-manager-do.test.js > JobStateManagerDO > Progress Updates > should throttle storage writes based on pipeline config
[JobStateManager] State persisted for job job-123

stdout | tests/workers/durable-objects/job-state-manager-do.test.js > JobStateManagerDO > Progress Updates > should throttle storage writes based on pipeline config
[JobStateManager] Broadcast progress to queue (0 SSE clients, 1 pending) for job job-123

stdout | tests/workers/durable-objects/job-state-manager-do.test.js > JobStateManagerDO > Progress Updates > should throttle storage writes based on pipeline config
[JobStateManager] Broadcast progress to queue (0 SSE clients, 2 pending) for job job-123

stdout | tests/workers/durable-objects/job-state-manager-do.test.js > JobStateManagerDO > Progress Updates > should throttle storage writes based on pipeline config
[JobStateManager] Broadcast progress to queue (0 SSE clients, 3 pending) for job job-123

stdout | tests/workers/durable-objects/job-state-manager-do.test.js > JobStateManagerDO > Progress Updates > should throttle storage writes based on pipeline config
[JobStateManager] Broadcast progress to queue (0 SSE clients, 4 pending) for job job-123

stderr | tests/workers/durable-objects/rate-limiter-do.test.js > Rate Limiter Middleware > should include rate limit headers in 429 response
[Rate Limit] Blocked request from IP: 192.168.1.300 (limit exceeded, endpoint: /api/search, limit: 100)

stdout | tests/workers/durable-objects/job-state-manager-do.test.js > JobStateManagerDO > Progress Updates > should throttle storage writes based on pipeline config
[JobStateManager] Flushed 5 pending updates for job job-123

stdout | tests/workers/durable-objects/job-state-manager-do.test.js > JobStateManagerDO > Progress Updates > should throttle storage writes based on pipeline config
[JobStateManager] Broadcast progress to queue (0 SSE clients, 0 pending) for job job-123

stdout | tests/workers/durable-objects/job-state-manager-do.test.js > JobStateManagerDO > Progress Updates > should throttle storage writes based on pipeline config
[JobStateManager] Broadcast progress to queue (0 SSE clients, 1 pending) for job job-123

stdout | tests/workers/durable-objects/job-state-manager-do.test.js > JobStateManagerDO > Progress Updates > should throttle storage writes based on pipeline config
[JobStateManager] Broadcast progress to queue (0 SSE clients, 2 pending) for job job-123

stdout | tests/workers/durable-objects/job-state-manager-do.test.js > JobStateManagerDO > Progress Updates > should throttle storage writes based on pipeline config
[JobStateManager] Broadcast progress to queue (0 SSE clients, 3 pending) for job job-123

stdout | tests/workers/durable-objects/job-state-manager-do.test.js > JobStateManagerDO > Progress Updates > should throttle storage writes based on pipeline config
[JobStateManager] Broadcast progress to queue (0 SSE clients, 4 pending) for job job-123

stdout | tests/workers/durable-objects/job-state-manager-do.test.js > JobStateManagerDO > Progress Updates > should throttle storage writes based on pipeline config
[JobStateManager] Flushed 5 pending updates for job job-123

stdout | tests/workers/durable-objects/job-state-manager-do.test.js > JobStateManagerDO > Progress Updates > should throttle storage writes based on pipeline config
[JobStateManager] Broadcast progress to queue (0 SSE clients, 0 pending) for job job-123

stdout | tests/workers/durable-objects/job-state-manager-do.test.js > JobStateManagerDO > Progress Updates > should throttle storage writes based on pipeline config
[JobStateManager] Broadcast progress to queue (0 SSE clients, 1 pending) for job job-123

stdout | tests/workers/durable-objects/job-state-manager-do.test.js > JobStateManagerDO > Progress Updates > should throttle storage writes based on pipeline config
[JobStateManager] Broadcast progress to queue (0 SSE clients, 2 pending) for job job-123

stdout | tests/workers/durable-objects/job-state-manager-do.test.js > JobStateManagerDO > Progress Updates > should throttle storage writes based on pipeline config
[JobStateManager] Broadcast progress to queue (0 SSE clients, 3 pending) for job job-123

stdout | tests/workers/durable-objects/job-state-manager-do.test.js > JobStateManagerDO > Progress Updates > should throttle storage writes based on pipeline config
[JobStateManager] Broadcast progress to queue (0 SSE clients, 4 pending) for job job-123

stdout | tests/workers/durable-objects/job-state-manager-do.test.js > JobStateManagerDO > Progress Updates > should throttle storage writes based on pipeline config
[JobStateManager] Flushed 5 pending updates for job job-123

stdout | tests/workers/durable-objects/job-state-manager-do.test.js > JobStateManagerDO > Progress Updates > should throttle storage writes based on pipeline config
[JobStateManager] Broadcast progress to queue (0 SSE clients, 0 pending) for job job-123

 ✓ |workers| tests/workers/durable-objects/rate-limiter-do.test.js > RateLimiterDO - Fetch Handler > should reject non-POST requests 24ms
 ✓ |workers| tests/workers/durable-objects/rate-limiter-do.test.js > Rate Limiter Middleware > should allow request when under limit 27ms
 ✓ |workers| tests/workers/durable-objects/rate-limiter-do.test.js > Rate Limiter Middleware > should block request when limit exceeded 24ms
 ✓ |workers| tests/workers/durable-objects/rate-limiter-do.test.js > Rate Limiter Middleware > should include rate limit headers in 429 response 19ms
stdout | tests/workers/durable-objects/job-state-manager-do.test.js > JobStateManagerDO > Progress Updates > should throttle storage writes based on pipeline config
[JobStateManager] Broadcast progress to queue (0 SSE clients, 1 pending) for job job-123

stdout | tests/workers/durable-objects/job-state-manager-do.test.js > JobStateManagerDO > Progress Updates > should throttle storage writes based on pipeline config
[JobStateManager] Broadcast progress to queue (0 SSE clients, 2 pending) for job job-123

stdout | tests/workers/durable-objects/job-state-manager-do.test.js > JobStateManagerDO > Progress Updates > should throttle storage writes based on pipeline config
[JobStateManager] Broadcast progress to queue (0 SSE clients, 3 pending) for job job-123

stdout | tests/workers/durable-objects/job-state-manager-do.test.js > JobStateManagerDO > Progress Updates > should throttle storage writes based on pipeline config
[JobStateManager] Broadcast progress to queue (0 SSE clients, 4 pending) for job job-123

stdout | tests/workers/durable-objects/job-state-manager-do.test.js > JobStateManagerDO > Progress Updates > should throttle storage writes based on pipeline config
[JobStateManager] Flushed 5 pending updates for job job-123

stdout | tests/workers/durable-objects/job-state-manager-do.test.js > JobStateManagerDO > Progress Updates > should throttle storage writes based on pipeline config
[JobStateManager] Broadcast progress to queue (0 SSE clients, 0 pending) for job job-123

 ✓ |workers| tests/utils/response-transformer.test.ts > ResponseTransformer > removeAuthorsFromWorks > should handle empty works array 21ms
 ✓ |workers| tests/utils/response-transformer.test.ts > ResponseTransformer > removeAuthorsFromWorks > should not mutate original works array 28ms
 ✓ |workers| tests/utils/response-transformer.test.ts > ResponseTransformer > Integration: extractUniqueAuthors + removeAuthorsFromWorks > should work together to transform v1 search response 19ms
stdout | tests/workers/durable-objects/job-state-manager-do.test.js > JobStateManagerDO > Progress Updates > should throttle storage writes based on pipeline config
[JobStateManager] State persisted for job job-123

stdout | tests/workers/durable-objects/job-state-manager-do.test.js > JobStateManagerDO > Progress Updates > should throttle storage writes based on pipeline config
[JobStateManager] Broadcast progress to queue (0 SSE clients, 1 pending) for job job-123

stdout | tests/workers/durable-objects/job-state-manager-do.test.js > JobStateManagerDO > Progress Updates > should update lastUpdateTime on each progress update
[JobStateManager] State persisted for job job-123

stdout | tests/workers/durable-objects/job-state-manager-do.test.js > JobStateManagerDO > Progress Updates > should update lastUpdateTime on each progress update
[JobStateManager] Broadcast progress to queue (0 SSE clients, 1 pending) for job job-123

 ✓ |workers| tests/workers/durable-objects/websocket-connection-do.test.js > WebSocketConnectionDO > WebSocket Lifecycle > should initialize ready promise on construction 23ms
 ✓ |workers| tests/workers/durable-objects/websocket-connection-do.test.js > WebSocketConnectionDO > WebSocket Lifecycle > should handle ready message from client 30ms
 ✓ |workers| tests/workers/durable-objects/websocket-connection-do.test.js > WebSocketConnectionDO > WebSocket Lifecycle > should ignore invalid message format 26ms
 ✓ |workers| tests/workers/durable-objects/websocket-connection-do.test.js > WebSocketConnectionDO > WebSocket Lifecycle > should ignore messages with missing type 19ms
 ✓ |workers| tests/workers/durable-objects/websocket-connection-do.test.js > WebSocketConnectionDO > WebSocket Lifecycle > should cleanup on close 16ms
stdout | tests/workers/durable-objects/job-state-manager-do.test.js > JobStateManagerDO > Progress Updates > should update lastUpdateTime on each progress update
[JobStateManager] State persisted for job job-123

stdout | tests/workers/durable-objects/job-state-manager-do.test.js > JobStateManagerDO > Progress Updates > should update lastUpdateTime on each progress update
[JobStateManager] Broadcast progress to queue (0 SSE clients, 2 pending) for job job-123

 ✓ |workers| tests/normalizers/alexandria-contract-compliance.test.ts > Alexandria to V3 Book Transformation > Categories Mapping (subjectTags) > uses subjectTags for categories 21ms
 ✓ |workers| tests/normalizers/alexandria-contract-compliance.test.ts > Alexandria to V3 Book Transformation > Categories Mapping (subjectTags) > handles empty subjectTags array 21ms
 ✓ |workers| tests/normalizers/alexandria-contract-compliance.test.ts > Alexandria to V3 Book Transformation > Categories Mapping (subjectTags) > handles undefined subjectTags 16ms
stderr | tests/workers/durable-objects/rate-limiter-do.test.js > Rate Limiter Middleware > should fail open when Durable Object throws error
[Rate Limit] Error checking rate limit: Error: DO unavailable
    at Object.<anonymous> (/Users/juju/dev_repos/bendv3/tests/workers/durable-objects/rate-limiter-do.test.js:323:19)
    at Object.mockCall (Users/juju/dev_repos/bendv3/node_modules/@vitest/spy/dist/index.js:96:15)
    at Object.spy [as fetch] (Users/juju/dev_repos/bendv3/node_modules/tinyspy/dist/index.js:47:80)
    at Module.checkRateLimit (/Users/juju/dev_repos/bendv3/src/middleware/rate-limiter.ts:92:44)
    at /Users/juju/dev_repos/bendv3/tests/workers/durable-objects/rate-limiter-do.test.js:333:26
    at Users/juju/dev_repos/bendv3/node_modules/@vitest/runner/dist/chunk-hooks.js:155:11
    at Users/juju/dev_repos/bendv3/node_modules/@vitest/runner/dist/chunk-hooks.js:752:26
    at Users/juju/dev_repos/bendv3/node_modules/@vitest/runner/dist/chunk-hooks.js:1897:20
    at new Promise (<anonymous>)
    at runWithTimeout (Users/juju/dev_repos/bendv3/node_modules/@vitest/runner/dist/chunk-hooks.js:1863:10)
[Rate Limit] Failing open - allowing request despite error

 ✓ |workers| tests/normalizers/contract-compliance.test.ts > Edge Cases - Empty/Invalid Data > handles Google Books item with no categories 30ms
 ✓ |workers| tests/normalizers/contract-compliance.test.ts > Edge Cases - Empty/Invalid Data > handles Google Books item with no ISBNs 22ms
 ✓ |workers| tests/normalizers/contract-compliance.test.ts > Edge Cases - Empty/Invalid Data > handles OpenLibrary doc with no external IDs 18ms
stdout | tests/workers/durable-objects/job-state-manager-do.test.js > JobStateManagerDO > Job Completion > should mark job as completed with result
[JobStateManager] Job job-123 completed

stdout | tests/workers/durable-objects/job-state-manager-do.test.js > JobStateManagerDO > Job Completion > should mark job as completed with result
[JobStateManager] Broadcast completed to queue (0 SSE clients, 1 pending) for job job-123

stdout | tests/workers/durable-objects/job-state-manager-do.test.js > JobStateManagerDO > Job Completion > should mark job as completed with result
[JobStateManager] Flushed 1 pending updates for job job-123

 ✓ |workers| tests/workers/durable-objects/job-state-manager-do.test.js > JobStateManagerDO > Progress Updates > should update job progress and notify WebSocket DO 27ms
 ✓ |workers| tests/workers/durable-objects/job-state-manager-do.test.js > JobStateManagerDO > Progress Updates > should handle missing job state gracefully 21ms
 ✓ |workers| tests/workers/durable-objects/job-state-manager-do.test.js > JobStateManagerDO > Progress Updates > should throttle storage writes based on pipeline config 19ms
 ✓ |workers| tests/workers/durable-objects/job-state-manager-do.test.js > JobStateManagerDO > Progress Updates > should update lastUpdateTime on each progress update 16ms
 ✓ |workers| tests/workers/durable-objects/job-state-manager-do.test.js > JobStateManagerDO > Job Completion > should mark job as completed with result 18ms
stdout | tests/workers/durable-objects/job-state-manager-do.test.js > JobStateManagerDO > Job Completion > should notify WebSocket DO on completion
[JobStateManager] Job job-123 completed

 ✓ |workers| tests/normalizers/alexandria.test.ts > normalizeAlexandriaToWork > should initialize empty arrays for external IDs 30ms
 ✓ |workers| tests/normalizers/alexandria.test.ts > normalizeAlexandriaToWork > should set provenance fields correctly 22ms
 ✓ |workers| tests/normalizers/alexandria.test.ts > normalizeAlexandriaToEdition > should convert Alexandria result to EditionDTO 15ms
 ✓ |workers| tests/normalizers/alexandria.test.ts > normalizeAlexandriaToEdition > should handle missing publishers array 14ms
 ✓ |workers| tests/normalizers/alexandria.test.ts > normalizeAlexandriaToEdition > should handle empty publishers array 16ms
stdout | tests/workers/durable-objects/job-state-manager-do.test.js > JobStateManagerDO > Job Completion > should notify WebSocket DO on completion
[JobStateManager] Broadcast completed to queue (0 SSE clients, 1 pending) for job job-123

stdout | tests/workers/durable-objects/job-state-manager-do.test.js > JobStateManagerDO > Job Completion > should notify WebSocket DO on completion
[JobStateManager] Flushed 1 pending updates for job job-123

 ✓ |workers| tests/smoke/v3-enrichment.test.ts > V3 Batch Enrichment Async Mode - Smoke Tests > Route imports > should import registerEnrichmentRoutes without errors 527ms
 ✓ |workers| tests/smoke/v3-csv-import.test.ts > V3 CSV Import Routes - Smoke Tests > Route imports > should import registerImportRoutes without errors 528ms
stdout | tests/workers/durable-objects/job-state-manager-do.test.js > JobStateManagerDO > Job Completion > should schedule cleanup alarm after 24 hours
[JobStateManager] Job job-123 completed

stdout | tests/workers/durable-objects/job-state-manager-do.test.js > JobStateManagerDO > Job Completion > should schedule cleanup alarm after 24 hours
[JobStateManager] Broadcast completed to queue (0 SSE clients, 1 pending) for job job-123

 ✓ |workers| tests/normalizers/contract-compliance.test.ts > Contract Violation Prevention > never returns null for required array fields 18ms
 ✓ |workers| tests/normalizers/contract-compliance.test.ts > Contract Violation Prevention > never returns null for required scalar fields 18ms
stdout | tests/workers/durable-objects/job-state-manager-do.test.js > JobStateManagerDO > Job Completion > should schedule cleanup alarm after 24 hours
[JobStateManager] Flushed 1 pending updates for job job-123

 ✓ |workers| tests/utils/error-status.test.ts > Error Status Mapping > statusFromError - Edge Cases > returns 500 for error without code 21ms
 ✓ |workers| tests/utils/error-status.test.ts > Error Status Mapping > statusFromError - Edge Cases > returns 500 for unknown error code 15ms
 ✓ |workers| tests/utils/error-status.test.ts > Error Status Mapping > statusFromError - Edge Cases > returns 500 for non-ErrorResponse object 18ms
 ✓ |workers| tests/utils/error-status.test.ts > Error Status Mapping > statusFromError - Edge Cases > returns 500 for null/undefined 16ms
 ✓ |workers| tests/utils/error-status.test.ts > Error Status Mapping > statusFromError - Edge Cases > uses explicit status field if present 15ms
stdout | tests/workers/durable-objects/job-state-manager-do.test.js > JobStateManagerDO > Job Completion > should close WebSocket after brief delay
[JobStateManager] Job job-123 completed

stdout | tests/workers/durable-objects/job-state-manager-do.test.js > JobStateManagerDO > Job Completion > should close WebSocket after brief delay
[JobStateManager] Broadcast completed to queue (0 SSE clients, 1 pending) for job job-123

stdout | tests/workers/durable-objects/job-state-manager-do.test.js > JobStateManagerDO > Job Completion > should close WebSocket after brief delay
[JobStateManager] Flushed 1 pending updates for job job-123

stdout | tests/workers/durable-objects/job-state-manager-do.test.js > JobStateManagerDO > Error Handling > should mark job as failed with error details
[JobStateManager] Job job-123 failed

stdout | tests/workers/durable-objects/job-state-manager-do.test.js > JobStateManagerDO > Error Handling > should mark job as failed with error details
[JobStateManager] Broadcast failed to queue (0 SSE clients, 1 pending) for job job-123

stdout | tests/workers/durable-objects/job-state-manager-do.test.js > JobStateManagerDO > Error Handling > should mark job as failed with error details
[JobStateManager] Flushed 1 pending updates for job job-123

 ✓ |workers| tests/workers/durable-objects/rate-limiter-do.test.js > Rate Limiter Middleware > should handle missing CF-Connecting-IP header 14ms
 ✓ |workers| tests/workers/durable-objects/rate-limiter-do.test.js > Rate Limiter Middleware > should fail open when Durable Object throws error 21ms
 ✓ |workers| tests/workers/durable-objects/rate-limiter-do.test.js > Per-Endpoint Rate Limits (Issue #222) > should allow 5 requests for AI batch scan endpoint 16ms
 ✓ |workers| tests/workers/durable-objects/rate-limiter-do.test.js > Per-Endpoint Rate Limits (Issue #222) > should allow 10 requests for batch enrichment endpoint 14ms
 ✓ |workers| tests/workers/durable-objects/rate-limiter-do.test.js > Per-Endpoint Rate Limits (Issue #222) > should allow 100 requests for search endpoints 12ms
 ✓ |workers| tests/workers/durable-objects/rate-limiter-do.test.js > Per-Endpoint Rate Limits (Issue #222) > should use default limit when no custom limit provided 9ms
stdout | tests/workers/durable-objects/job-state-manager-do.test.js > JobStateManagerDO > Error Handling > should notify WebSocket DO on error
[JobStateManager] Job job-123 failed

stdout | tests/workers/durable-objects/job-state-manager-do.test.js > JobStateManagerDO > Error Handling > should notify WebSocket DO on error
[JobStateManager] Broadcast failed to queue (0 SSE clients, 1 pending) for job job-123

stdout | tests/workers/durable-objects/job-state-manager-do.test.js > JobStateManagerDO > Error Handling > should notify WebSocket DO on error
[JobStateManager] Flushed 1 pending updates for job job-123

 ✓ |workers| tests/workers/durable-objects/websocket-connection-do.test.js > WebSocketConnectionDO > RPC Methods > should wait for ready signal successfully 20ms
 ✓ |workers| tests/workers/durable-objects/websocket-connection-do.test.js > WebSocketConnectionDO > RPC Methods > should return immediately if already ready 16ms
 ✓ |workers| tests/workers/durable-objects/websocket-connection-do.test.js > WebSocketConnectionDO > RPC Methods > should detect disconnected socket 16ms
 ✓ |workers| tests/normalizers/alexandria-contract-compliance.test.ts > Alexandria to V3 Book Transformation > Provider and Quality Score > always sets provider to "alexandria" 21ms
 ✓ |workers| tests/normalizers/alexandria-contract-compliance.test.ts > Alexandria to V3 Book Transformation > Provider and Quality Score > always sets quality to 95 14ms
 ✓ |workers| tests/normalizers/alexandria-contract-compliance.test.ts > Alexandria to V3 Book Transformation > Optional Field Handling > handles undefined subtitle gracefully 13ms
 ✓ |workers| tests/normalizers/alexandria-contract-compliance.test.ts > Alexandria to V3 Book Transformation > Optional Field Handling > handles undefined pageCount gracefully 11ms
 ✓ |workers| tests/normalizers/alexandria-contract-compliance.test.ts > Alexandria to V3 Book Transformation > Optional Field Handling > handles undefined coverUrl gracefully 11ms
 ✓ |workers| tests/normalizers/alexandria-contract-compliance.test.ts > Alexandria to V3 Book Transformation > Optional Field Handling > handles undefined publisher gracefully 10ms
stdout | tests/workers/durable-objects/job-state-manager-do.test.js > JobStateManagerDO > Error Handling > should schedule cleanup after error
[JobStateManager] Job job-123 failed

stdout | tests/workers/durable-objects/job-state-manager-do.test.js > JobStateManagerDO > Error Handling > should schedule cleanup after error
[JobStateManager] Broadcast failed to queue (0 SSE clients, 1 pending) for job job-123

stdout | tests/workers/durable-objects/job-state-manager-do.test.js > JobStateManagerDO > Error Handling > should schedule cleanup after error
[JobStateManager] Flushed 1 pending updates for job job-123

stdout | tests/workers/durable-objects/job-state-manager-do.test.js > JobStateManagerDO > Error Handling > should close WebSocket after error with delay
[JobStateManager] Job job-123 failed

stdout | tests/workers/durable-objects/job-state-manager-do.test.js > JobStateManagerDO > Error Handling > should close WebSocket after error with delay
[JobStateManager] Broadcast failed to queue (0 SSE clients, 1 pending) for job job-123

stdout | tests/workers/durable-objects/job-state-manager-do.test.js > JobStateManagerDO > Error Handling > should close WebSocket after error with delay
[JobStateManager] Flushed 1 pending updates for job job-123

 ✓ |workers| tests/utils/error-status.test.ts > Error Status Mapping > Type Safety - HttpStatus Union > statusFromError returns valid HttpStatus type 15ms
 ✓ |workers| tests/utils/error-status.test.ts > Error Status Mapping > Case Insensitivity > matches keywords case-insensitively in message 11ms
 ✓ |workers| tests/utils/error-status.test.ts > Error Status Mapping > Case Insensitivity > matches keywords case-insensitively in details 10ms
 ✓ |workers| tests/workers/durable-objects/job-state-manager-do.test.js > JobStateManagerDO > Job Completion > should notify WebSocket DO on completion 22ms
 ✓ |workers| tests/workers/durable-objects/job-state-manager-do.test.js > JobStateManagerDO > Job Completion > should schedule cleanup alarm after 24 hours 14ms
 ✓ |workers| tests/workers/durable-objects/job-state-manager-do.test.js > JobStateManagerDO > Job Completion > should close WebSocket after brief delay 13ms
 ✓ |workers| tests/workers/durable-objects/job-state-manager-do.test.js > JobStateManagerDO > Error Handling > should mark job as failed with error details 12ms
 ✓ |workers| tests/workers/durable-objects/job-state-manager-do.test.js > JobStateManagerDO > Error Handling > should notify WebSocket DO on error 10ms
 ✓ |workers| tests/workers/durable-objects/job-state-manager-do.test.js > JobStateManagerDO > Error Handling > should schedule cleanup after error 11ms
 ✓ |workers| tests/normalizers/alexandria.test.ts > normalizeAlexandriaToEdition > should parse page count from string 20ms
 ✓ |workers| tests/normalizers/alexandria.test.ts > normalizeAlexandriaToEdition > should handle invalid page count 12ms
 ✓ |workers| tests/normalizers/alexandria.test.ts > normalizeAlexandriaToEdition > should handle missing page count 11ms
 ✓ |workers| tests/normalizers/alexandria.test.ts > normalizeAlexandriaToEdition > should extract OpenLibrary Edition ID from URL 11ms
 ✓ |workers| tests/normalizers/alexandria.test.ts > normalizeAlexandriaToEdition > should generate cover URL from edition ID 10ms
 ✓ |workers| tests/normalizers/alexandria.test.ts > normalizeAlexandriaToEdition > should use placeholder cover when edition ID is missing 11ms
 ✓ |workers| tests/normalizers/alexandria.test.ts > normalizeAlexandriaToEdition > should handle malformed OpenLibrary edition URL 12ms
 ✓ |workers| tests/smoke/v3-enrichment.test.ts > V3 Batch Enrichment Async Mode - Smoke Tests > Route imports > should import common utilities 21ms
 ✓ |workers| tests/smoke/v3-enrichment.test.ts > V3 Batch Enrichment Async Mode - Smoke Tests > Schema imports > should import EnrichRequestSchema with async flag 13ms
 ✓ |workers| tests/smoke/v3-enrichment.test.ts > V3 Batch Enrichment Async Mode - Smoke Tests > Schema imports > should import EnrichRequestSchema with barcodes (iOS format) 13ms
 ✓ |workers| tests/smoke/v3-enrichment.test.ts > V3 Batch Enrichment Async Mode - Smoke Tests > Schema imports > should enforce sync mode limit (50 ISBNs) 14ms
 ✓ |workers| tests/smoke/v3-enrichment.test.ts > V3 Batch Enrichment Async Mode - Smoke Tests > Schema imports > should allow async mode for large batches (up to 500 ISBNs) 17ms
 ✓ |workers| tests/smoke/v3-enrichment.test.ts > V3 Batch Enrichment Async Mode - Smoke Tests > Schema imports > should reject batches exceeding 500 ISBNs 13ms
 ✓ |workers| tests/smoke/v3-csv-import.test.ts > V3 CSV Import Routes - Smoke Tests > Route imports > should import common utilities 21ms
 ✓ |workers| tests/smoke/v3-csv-import.test.ts > V3 CSV Import Routes - Smoke Tests > Schema imports > should import job schemas from @bookstrack/schemas 13ms
 ✓ |workers| tests/smoke/v3-csv-import.test.ts > V3 CSV Import Routes - Smoke Tests > Type exports > should export job types from @bookstrack/schemas 12ms
 ✓ |workers| tests/smoke/v3-csv-import.test.ts > V3 CSV Import Routes - Smoke Tests > CSV import route validation > should validate CSV file size limit constant 14ms
 ✓ |workers| tests/smoke/v3-csv-import.test.ts > V3 CSV Import Routes - Smoke Tests > CSV import route validation > should validate auth token expiry duration 11ms
stdout | tests/workers/durable-objects/job-state-manager-do.test.js > JobStateManagerDO > Job Cancellation > should mark job as canceled
[JobStateManager] Job job-123 canceled: User requested cancellation

 ✓ |workers| tests/workers/verify_csv_flow.test.ts > CSV Import End-to-End Flow Validation > Step 1: Processing CSV should call Gemini, Save to D1, and Queue for Alex 52ms
 ✓ |workers| tests/workers/verify_csv_flow.test.ts > CSV Import End-to-End Flow Validation > Step 4: Read Flow - Should return D1 data (Gemini Masking) if present 21ms
stderr | tests/workers/durable-objects/job-state-manager-do.test.js > JobStateManagerDO > Job Cancellation > should handle cancellation of non-existent job
[JobStateManager] No job state found for cancellation

stdout | tests/workers/durable-objects/job-state-manager-do.test.js > JobStateManagerDO > Job Cancellation > should check if job is canceled
[JobStateManager] Job job-123 canceled: Test

stderr | tests/workers/durable-objects/websocket-connection-do.test.js > WebSocketConnectionDO > RPC Methods > should fail to send if no websocket
[test-123] [cid: 6454a079] Send failed: WebSocket not open: null

stdout | tests/workers/verify_csv_flow.test.ts > CSV Import End-to-End Flow Validation > Step 5: Webhook Verification - Should trigger enrichment refresh
[Webhook] Received enrichment complete for edition 9780553109535

 ✓ |workers| tests/workers/durable-objects/rate-limiter-do.test.js > Rate Limiter Middleware - Per-Endpoint Limits > should return 5 req/min for AI batch scan endpoint 12ms
 ✓ |workers| tests/workers/durable-objects/rate-limiter-do.test.js > Rate Limiter Middleware - Per-Endpoint Limits > should return 5 req/min for CSV import endpoint 14ms
 ✓ |workers| tests/workers/durable-objects/rate-limiter-do.test.js > Rate Limiter Middleware - Per-Endpoint Limits > should return 5 req/min for bookshelf scan endpoint 12ms
 ✓ |workers| tests/workers/durable-objects/rate-limiter-do.test.js > Rate Limiter Middleware - Per-Endpoint Limits > should return default 100 req/min for unknown endpoints 10ms
 ✓ |workers| tests/workers/durable-objects/rate-limiter-do.test.js > Race Condition Prevention (Issue #41) > should serialize concurrent requests through single DO instance 14ms
 ✓ |workers| tests/workers/durable-objects/rate-limiter-do.test.js > Race Condition Prevention (Issue #41) > should maintain atomic counter integrity under high concurrency 10ms
stderr | tests/workers/verify_csv_flow.test.ts > CSV Import End-to-End Flow Validation > Step 5: Webhook Verification - Should trigger enrichment refresh
[Webhook] Enrichment returned no works for 9780553109535

stdout | tests/workers/verify_csv_flow.test.ts > CSV Import End-to-End Flow Validation > Step 5: Webhook Verification - Should trigger enrichment refresh
✅ Step 5: Webhook triggered async enrichment

 ✓ |workers| tests/workers/durable-objects/websocket-connection-do.test.js > WebSocketConnectionDO > RPC Methods > should timeout if ready signal not received 115ms
 ✓ |workers| tests/workers/durable-objects/websocket-connection-do.test.js > WebSocketConnectionDO > RPC Methods > should detect disconnection while waiting for ready 12ms
 ✓ |workers| tests/workers/durable-objects/websocket-connection-do.test.js > WebSocketConnectionDO > RPC Methods > should send message successfully 14ms
 ✓ |workers| tests/workers/durable-objects/websocket-connection-do.test.js > WebSocketConnectionDO > RPC Methods > should fail to send if no websocket 11ms
 ✓ |workers| tests/normalizers/alexandria-contract-compliance.test.ts > Alexandria to V3 Book Transformation > Optional Field Handling > handles undefined publishedDate gracefully 10ms
 ✓ |workers| tests/normalizers/alexandria-contract-compliance.test.ts > Alexandria to V3 Book Transformation > Optional Field Handling > handles undefined description gracefully 17ms
 ✓ |workers| tests/normalizers/alexandria-contract-compliance.test.ts > Alexandria to V3 Book Transformation > Optional Field Handling > defaults language to "en" when undefined 10ms
 ✓ |workers| tests/normalizers/alexandria-contract-compliance.test.ts > Alexandria to V3 Book Transformation > Optional Field Handling > uses edition.language when provided 14ms
 ✓ |workers| tests/normalizers/alexandria-contract-compliance.test.ts > Alexandria to V3 Book Transformation > Cover URL Priority > prefers work.coverImageURL over edition.coverImageURL 14ms
 ✓ |workers| tests/normalizers/alexandria-contract-compliance.test.ts > Alexandria to V3 Book Transformation > Cover URL Priority > falls back to edition.coverImageURL when work.coverImageURL missing 12ms
 ✓ |workers| tests/normalizers/alexandria-contract-compliance.test.ts > Alexandria to V3 Book Transformation > Cover URL Priority > returns undefined when both cover URLs missing 12ms
 ✓ |workers| tests/workers/verify_csv_flow.test.ts > CSV Import End-to-End Flow Validation > Step 5: Webhook Verification - Should trigger enrichment refresh 256ms
 ✓ |workers| tests/workers/durable-objects/job-state-manager-do.test.js > JobStateManagerDO > Error Handling > should close WebSocket after error with delay 15ms
 ✓ |workers| tests/workers/durable-objects/job-state-manager-do.test.js > JobStateManagerDO > Job Cancellation > should mark job as canceled 16ms
 ✓ |workers| tests/workers/durable-objects/job-state-manager-do.test.js > JobStateManagerDO > Job Cancellation > should handle cancellation of non-existent job 14ms
 ✓ |workers| tests/workers/durable-objects/job-state-manager-do.test.js > JobStateManagerDO > Job Cancellation > should check if job is canceled 10ms
 ✓ |workers| tests/workers/durable-objects/job-state-manager-do.test.js > JobStateManagerDO > Job Cancellation > should return false for non-canceled job 14ms
 ✓ |workers| tests/workers/durable-objects/job-state-manager-do.test.js > JobStateManagerDO > Job Cancellation > should return false when job state missing 11ms
 ✓ |workers| tests/workers/durable-objects/job-state-manager-do.test.js > JobStateManagerDO > State Queries > should return current job state 10ms
 ✓ |workers| tests/workers/durable-objects/job-state-manager-do.test.js > JobStateManagerDO > State Queries > should return null for non-existent state 8ms
 ✓ |workers| tests/normalizers/alexandria.test.ts > normalizeAlexandriaToEdition > should always use Paperback as default format 14ms
 ✓ |workers| tests/normalizers/alexandria.test.ts > normalizeAlexandriaToEdition > should initialize empty arrays for external IDs 15ms
 ✓ |workers| tests/normalizers/alexandria.test.ts > normalizeAlexandriaToEdition > should set provenance fields correctly 13ms
 ✓ |workers| tests/normalizers/alexandria.test.ts > normalizeAlexandriaToEdition > should handle all optional fields missing 14ms
 ✓ |workers| tests/normalizers/alexandria.test.ts > normalizeAlexandriaToAuthor > should convert author name to AuthorDTO 13ms
 ✓ |workers| tests/normalizers/alexandria.test.ts > normalizeAlexandriaToAuthor > should handle empty author name 13ms
 ✓ |workers| tests/normalizers/alexandria.test.ts > normalizeAlexandriaToAuthor > should handle author name with special characters 9ms
 ✓ |workers| tests/normalizers/alexandria.test.ts > normalizeAlexandriaToAuthor > should handle author name with multiple words 9ms
 ✓ |workers| tests/normalizers/alexandria.test.ts > normalizeAlexandriaToAuthor > should preserve whitespace in author name 9ms
stdout | tests/workers/durable-objects/websocket-connection-do.test.js > WebSocketConnectionDO > Message Handling > should handle ready message and send acknowledgment
[test-123] [cid: b4ebf8a2] ✅ Client ready signal received

 ✓ |workers| tests/smoke/v3-enrichment.test.ts > V3 Batch Enrichment Async Mode - Smoke Tests > Type exports > should export enrichment types from @bookstrack/schemas 18ms
 ✓ |workers| tests/smoke/v3-enrichment.test.ts > V3 Batch Enrichment Async Mode - Smoke Tests > Enrichment route validation > should validate ISBN format regex 13ms
 ✓ |workers| tests/smoke/v3-enrichment.test.ts > V3 Batch Enrichment Async Mode - Smoke Tests > Enrichment route validation > should validate batch size limits 13ms
 ✓ |workers| tests/smoke/v3-enrichment.test.ts > V3 Batch Enrichment Async Mode - Smoke Tests > Enrichment route validation > should validate auth token expiry duration 9ms
 ✓ |workers| tests/smoke/v3-enrichment.test.ts > V3 Batch Enrichment Async Mode - Smoke Tests > Enrichment route validation > should validate results cache TTL 10ms
 ✓ |workers| tests/smoke/v3-csv-import.test.ts > V3 CSV Import Routes - Smoke Tests > CSV import route validation > should validate SSE polling interval 16ms
 ✓ |workers| tests/smoke/v3-csv-import.test.ts > V3 CSV Import Routes - Smoke Tests > CSV import route validation > should validate SSE ping interval 14ms
 ✓ |workers| tests/smoke/v3-csv-import.test.ts > V3 CSV Import Routes - Smoke Tests > Job status transitions > should define valid job statuses 15ms
 ✓ |workers| tests/smoke/v3-csv-import.test.ts > V3 CSV Import Routes - Smoke Tests > Job status transitions > should define valid job types 11ms
 ✓ |workers| tests/smoke/v3-csv-import.test.ts > V3 CSV Import Routes - Smoke Tests > SSE event types > should define valid SSE event names 9ms
 ✓ |workers| tests/smoke/v3-csv-import.test.ts > V3 CSV Import Routes - Smoke Tests > SSE event types > should validate SSE Content-Type header 8ms
 ✓ |workers| tests/smoke/v3-csv-import.test.ts > V3 CSV Import Routes - Smoke Tests > SSE event types > should validate SSE cache control header 10ms
stdout | tests/workers/durable-objects/websocket-connection-do.test.js > WebSocketConnectionDO > Message Handling > should log unknown message types (debug mode)
[test-123] [cid: 60937186] Received message: {"type":"unknown"}
[test-123] [cid: 60937186] Unknown message type: unknown

stdout | tests/workers/durable-objects/job-state-manager-do.test.js > JobStateManagerDO > Alarm Handler > should cleanup old job state on alarm
[JobStateManager] Cleanup alarm triggered - removing old state

stderr | tests/workers/durable-objects/job-state-manager-do.test.js > JobStateManagerDO > Alarm Handler > should cleanup old job state on alarm
[JobStateManager] Failed to cleanup WebSocket DO storage: TypeError: wsDoStub.cleanupStorage is not a function
    at JobStateManagerDO.alarm (/Users/juju/dev_repos/bendv3/src/durable-objects/job-state-manager.ts:1235:26)
    at /Users/juju/dev_repos/bendv3/tests/workers/durable-objects/job-state-manager-do.test.js:506:7
    at Users/juju/dev_repos/bendv3/node_modules/@vitest/runner/dist/chunk-hooks.js:752:20

stdout | tests/workers/durable-objects/job-state-manager-do.test.js > JobStateManagerDO > Alarm Resilience and Continuity (Issue #246) > should delete existing alarm before setting new one on completion (Issue #108)
[JobStateManager] Job job-123 completed

stdout | tests/workers/durable-objects/job-state-manager-do.test.js > JobStateManagerDO > Alarm Resilience and Continuity (Issue #246) > should delete existing alarm before setting new one on completion (Issue #108)
[JobStateManager] Broadcast completed to queue (0 SSE clients, 1 pending) for job job-123

stdout | tests/workers/durable-objects/job-state-manager-do.test.js > JobStateManagerDO > Alarm Resilience and Continuity (Issue #246) > should delete existing alarm before setting new one on completion (Issue #108)
[JobStateManager] Flushed 1 pending updates for job job-123

 ✓ |workers| tests/workers/durable-objects/websocket-connection-do.test.js > WebSocketConnectionDO > RPC Methods > should close connection gracefully 13ms
 ✓ |workers| tests/workers/durable-objects/websocket-connection-do.test.js > WebSocketConnectionDO > RPC Methods > should handle close error gracefully 9ms
 ✓ |workers| tests/workers/durable-objects/websocket-connection-do.test.js > WebSocketConnectionDO > Message Handling > should handle ready message and send acknowledgment 9ms
 ✓ |workers| tests/workers/durable-objects/websocket-connection-do.test.js > WebSocketConnectionDO > Message Handling > should log unknown message types (debug mode) 11ms
stdout | tests/workers/durable-objects/job-state-manager-do.test.js > JobStateManagerDO > Alarm Resilience and Continuity (Issue #246) > should delete existing alarm before setting new one on failure (Issue #108)
[JobStateManager] Job job-123 failed

stdout | tests/workers/durable-objects/job-state-manager-do.test.js > JobStateManagerDO > Alarm Resilience and Continuity (Issue #246) > should delete existing alarm before setting new one on failure (Issue #108)
[JobStateManager] Broadcast failed to queue (0 SSE clients, 1 pending) for job job-123

stdout | tests/workers/durable-objects/job-state-manager-do.test.js > JobStateManagerDO > Alarm Resilience and Continuity (Issue #246) > should delete existing alarm before setting new one on failure (Issue #108)
[JobStateManager] Flushed 1 pending updates for job job-123

stdout | tests/smoke/v3-scan-jobs.test.ts > V3 Scan Jobs - Smoke Tests > should validate scan routes are registered
[V3 API] Discovery Routes: GET /v3/capabilities, GET /v3/recommendations/weekly
[V3 Jobs] CSV import routes registered
[V3 Jobs] Bookshelf scan routes registered
[V3 Jobs] Batch enrichment routes registered: GET /v3/jobs/enrichment/:jobId, GET /v3/jobs/enrichment/:jobId/stream, GET /v3/jobs/enrichment/:jobId/results, DELETE /v3/jobs/enrichment/:jobId
[V3 API] Contract-first router with shared schemas created
[V3 API] Discovery Routes: GET /v3/capabilities, GET /v3/recommendations/weekly
[V3 API] Book Routes: GET /v3/books/search, POST /v3/books/enrich, GET /v3/books/:isbn
[V3 API] Job Routes (Imports): POST /v3/jobs/imports, GET /v3/jobs/imports/:id, GET /v3/jobs/imports/:id/stream
[V3 API] Job Routes (Scans): POST /v3/jobs/scans, GET /v3/jobs/scans/:id, GET /v3/jobs/scans/:id/stream
[V3 API] Documentation: /v3/docs
[V3 API] OpenAPI JSON: /v3/openapi.json

stdout | tests/workers/durable-objects/job-state-manager-do.test.js > JobStateManagerDO > Alarm Resilience and Continuity (Issue #246) > should attempt to schedule alarm during completion
[JobStateManager] Job job-123 completed

stdout | tests/workers/durable-objects/job-state-manager-do.test.js > JobStateManagerDO > Alarm Resilience and Continuity (Issue #246) > should attempt to schedule alarm during completion
[JobStateManager] Broadcast completed to queue (0 SSE clients, 1 pending) for job job-123

stdout | tests/workers/durable-objects/job-state-manager-do.test.js > JobStateManagerDO > Alarm Resilience and Continuity (Issue #246) > should attempt to schedule alarm during completion
[JobStateManager] Flushed 1 pending updates for job job-123

 ✓ |workers| tests/smoke/v3-scan-jobs.test.ts > V3 Scan Jobs - Smoke Tests > should validate scan routes are registered 404ms
stdout | tests/workers/durable-objects/job-state-manager-do.test.js > JobStateManagerDO > Alarm Resilience and Continuity (Issue #246) > should schedule cleanup alarm with correct 24-hour delay on completion
[JobStateManager] Job job-123 completed

stdout | tests/workers/durable-objects/job-state-manager-do.test.js > JobStateManagerDO > Alarm Resilience and Continuity (Issue #246) > should schedule cleanup alarm with correct 24-hour delay on completion
[JobStateManager] Broadcast completed to queue (0 SSE clients, 1 pending) for job job-123

stdout | tests/workers/durable-objects/job-state-manager-do.test.js > JobStateManagerDO > Alarm Resilience and Continuity (Issue #246) > should schedule cleanup alarm with correct 24-hour delay on completion
[JobStateManager] Flushed 1 pending updates for job job-123

stdout | tests/workers/durable-objects/job-state-manager-do.test.js > JobStateManagerDO > Alarm Resilience and Continuity (Issue #246) > should schedule cleanup alarm with correct 24-hour delay on failure
[JobStateManager] Job job-123 failed

stdout | tests/workers/durable-objects/job-state-manager-do.test.js > JobStateManagerDO > Alarm Resilience and Continuity (Issue #246) > should schedule cleanup alarm with correct 24-hour delay on failure
[JobStateManager] Broadcast failed to queue (0 SSE clients, 1 pending) for job job-123

stdout | tests/workers/durable-objects/job-state-manager-do.test.js > JobStateManagerDO > Alarm Resilience and Continuity (Issue #246) > should schedule cleanup alarm with correct 24-hour delay on failure
[JobStateManager] Flushed 1 pending updates for job job-123

 ✓ |workers| tests/normalizers/alexandria-contract-compliance.test.ts > Alexandria to V3 Book Transformation > OpenLibrary Key Handling > uses openLibraryWorkID when available 12ms
 ✓ |workers| tests/normalizers/alexandria-contract-compliance.test.ts > Alexandria to V3 Book Transformation > OpenLibrary Key Handling > falls back to openLibraryID when openLibraryWorkID missing 8ms
 ✓ |workers| tests/normalizers/alexandria-contract-compliance.test.ts > Alexandria to V3 Book Transformation > OpenLibrary Key Handling > handles undefined OpenLibrary work keys 8ms
 ✓ |workers| tests/normalizers/alexandria-contract-compliance.test.ts > Alexandria to V3 Book Transformation > OpenLibrary Key Handling > extracts editionKey from edition.openLibraryEditionID 8ms
 ✓ |workers| tests/normalizers/alexandria-contract-compliance.test.ts > Alexandria to V3 Book Transformation > OpenLibrary Key Handling > handles undefined edition key 10ms
 ✓ |workers| tests/normalizers/alexandria-contract-compliance.test.ts > Alexandria to V3 Book Transformation > Empty/Minimal Alexandria Responses > handles minimal work with only title 9ms
 ✓ |workers| tests/normalizers/alexandria-contract-compliance.test.ts > Alexandria to V3 Book Transformation > Empty/Minimal Alexandria Responses > handles work with empty subjectTags array 7ms
 ✓ |workers| tests/normalizers/alexandria-contract-compliance.test.ts > Alexandria to V3 Book Transformation > Empty/Minimal Alexandria Responses > handles response with no edition object 9ms
 ✓ |workers| tests/normalizers/alexandria-contract-compliance.test.ts > Alexandria to V3 Book Transformation > Empty/Minimal Alexandria Responses > does not throw errors on completely empty work object 7ms
stdout | tests/workers/durable-objects/job-state-manager-do.test.js > JobStateManagerDO > Alarm Resilience and Continuity (Issue #246) > should handle alarm execution when job state is missing
[JobStateManager] Cleanup alarm triggered - removing old state

stdout | tests/workers/durable-objects/job-state-manager-do.test.js > JobStateManagerDO > Alarm Resilience and Continuity (Issue #246) > should schedule immediate alarm for CSV processing
[JobStateManager] Scheduled CSV processing for job job-456

stdout | tests/workers/durable-objects/job-state-manager-do.test.js > JobStateManagerDO > Alarm Resilience and Continuity (Issue #246) > should schedule immediate alarm for bookshelf scan
[JobStateManager] Scheduled bookshelf scan for job job-789 (2 photos in R2)

 ✓ |workers| tests/workers/durable-objects/job-state-manager-do.test.js > JobStateManagerDO > Alarm Handler > should cleanup old job state on alarm 14ms
 ✓ |workers| tests/workers/durable-objects/job-state-manager-do.test.js > JobStateManagerDO > Alarm Resilience and Continuity (Issue #246) > should delete existing alarm before setting new one on completion (Issue #108) 7ms
 ✓ |workers| tests/workers/durable-objects/job-state-manager-do.test.js > JobStateManagerDO > Alarm Resilience and Continuity (Issue #246) > should delete existing alarm before setting new one on failure (Issue #108) 8ms
 ✓ |workers| tests/workers/durable-objects/job-state-manager-do.test.js > JobStateManagerDO > Alarm Resilience and Continuity (Issue #246) > should attempt to schedule alarm during completion 8ms
 ✓ |workers| tests/workers/durable-objects/job-state-manager-do.test.js > JobStateManagerDO > Alarm Resilience and Continuity (Issue #246) > should schedule cleanup alarm with correct 24-hour delay on completion 10ms
 ✓ |workers| tests/workers/durable-objects/job-state-manager-do.test.js > JobStateManagerDO > Alarm Resilience and Continuity (Issue #246) > should schedule cleanup alarm with correct 24-hour delay on failure 7ms
 ✓ |workers| tests/workers/durable-objects/job-state-manager-do.test.js > JobStateManagerDO > Alarm Resilience and Continuity (Issue #246) > should handle alarm execution when job state is missing 10ms
 ↓ |workers| tests/workers/durable-objects/job-state-manager-do.test.js > JobStateManagerDO > Alarm Resilience and Continuity (Issue #246) > should cleanup all job-related storage keys on alarm
 ✓ |workers| tests/workers/durable-objects/job-state-manager-do.test.js > JobStateManagerDO > Alarm Resilience and Continuity (Issue #246) > should schedule immediate alarm for CSV processing 8ms
 ✓ |workers| tests/normalizers/alexandria.test.ts > OLID extraction edge cases > should extract work OLID with numeric suffix 10ms
 ✓ |workers| tests/normalizers/alexandria.test.ts > OLID extraction edge cases > should extract edition OLID with M suffix 13ms
 ✓ |workers| tests/normalizers/alexandria.test.ts > OLID extraction edge cases > should handle OLID without protocol 9ms
 ✓ |workers| tests/normalizers/alexandria.test.ts > OLID extraction edge cases > should handle OLID with trailing slash 7ms
 ✓ |workers| tests/normalizers/alexandria.test.ts > OLID extraction edge cases > should handle OLID with query parameters 8ms
 ✓ |workers| tests/normalizers/alexandria.test.ts > OLID extraction edge cases > should return undefined for null openlibrary_work 8ms
 ✓ |workers| tests/normalizers/alexandria.test.ts > OLID extraction edge cases > should return undefined for malformed URL without OLID pattern 8ms
 ✓ |workers| tests/normalizers/alexandria.test.ts > Cover URL generation > should generate large cover URL with -L suffix 9ms
 ✓ |workers| tests/normalizers/alexandria.test.ts > Cover URL generation > should use covers.openlibrary.org domain 8ms
stdout | tests/workers/durable-objects/job-state-manager-do.test.js > JobStateManagerDO > Alarm Resilience and Continuity (Issue #246) > should schedule immediate alarm for enrichment
[JobStateManager] Scheduled enrichment for job true (1 ISBNs, embeddings: job-999)

 ✓ |workers| tests/smoke/v3-csv-import.test.ts > V3 CSV Import Routes - Smoke Tests > HATEOAS link structure > should define standard link relations 12ms
 ✓ |workers| tests/smoke/v3-csv-import.test.ts > V3 CSV Import Routes - Smoke Tests > HATEOAS link structure > should define standard HTTP methods for links 10ms
 ✓ |workers| tests/smoke/v3-csv-import.test.ts > V3 CSV Import Routes - Smoke Tests > Error codes > should define standard error codes 8ms
 ✓ |workers| tests/smoke/v3-csv-import.test.ts > V3 CSV Import Routes - Smoke Tests > HTTP status codes > should use correct status codes for responses 8ms
 ✓ |workers| tests/smoke/v3-csv-import.test.ts > V3 CSV Import Routes - Smoke Tests > Job result caching > should define result cache key format 9ms
 ✓ |workers| tests/smoke/v3-csv-import.test.ts > V3 CSV Import Routes - Smoke Tests > Job result caching > should validate cache TTL duration 9ms
 ✓ |workers| tests/smoke/v3-enrichment.test.ts > V3 Batch Enrichment Async Mode - Smoke Tests > Job type validation > should define enrichment job type 12ms
 ✓ |workers| tests/smoke/v3-enrichment.test.ts > V3 Batch Enrichment Async Mode - Smoke Tests > Job type validation > should define valid job statuses 13ms
 ✓ |workers| tests/smoke/v3-enrichment.test.ts > V3 Batch Enrichment Async Mode - Smoke Tests > Processing configuration > should validate concurrency limit 8ms
 ✓ |workers| tests/smoke/v3-enrichment.test.ts > V3 Batch Enrichment Async Mode - Smoke Tests > Processing configuration > should validate progress update interval 8ms
 ✓ |workers| tests/smoke/v3-enrichment.test.ts > V3 Batch Enrichment Async Mode - Smoke Tests > Processing configuration > should calculate correct number of progress events 7ms
 ✓ |workers| tests/smoke/v3-enrichment.test.ts > V3 Batch Enrichment Async Mode - Smoke Tests > SSE event types > should define valid SSE event names 9ms
 ✓ |workers| tests/smoke/v3-enrichment.test.ts > V3 Batch Enrichment Async Mode - Smoke Tests > HATEOAS link structure > should define standard link relations for enrichment jobs 9ms
 ✓ |workers| tests/smoke/v3-enrichment.test.ts > V3 Batch Enrichment Async Mode - Smoke Tests > HATEOAS link structure > should define HTTP methods for job endpoints 10ms
stdout | tests/workers/durable-objects/job-state-manager-do.test.js > JobStateManagerDO > Alarm Resilience and Continuity (Issue #246) > should not create race condition when multiple operations schedule alarms
[JobStateManager] Job job-123 completed

stdout | tests/workers/durable-objects/job-state-manager-do.test.js > JobStateManagerDO > Alarm Resilience and Continuity (Issue #246) > should not create race condition when multiple operations schedule alarms
[JobStateManager] Broadcast completed to queue (0 SSE clients, 1 pending) for job job-123

stdout | tests/workers/durable-objects/job-state-manager-do.test.js > JobStateManagerDO > Alarm Resilience and Continuity (Issue #246) > should not create race condition when multiple operations schedule alarms
[JobStateManager] Flushed 1 pending updates for job job-123

stdout | tests/workers/durable-objects/job-state-manager-do.test.js > JobStateManagerDO > Alarm Resilience and Continuity (Issue #246) > should not create race condition when multiple operations schedule alarms
[JobStateManager] Job job-123 failed

stdout | tests/workers/durable-objects/job-state-manager-do.test.js > JobStateManagerDO > Alarm Resilience and Continuity (Issue #246) > should not create race condition when multiple operations schedule alarms
[JobStateManager] Broadcast failed to queue (0 SSE clients, 1 pending) for job job-123

stdout | tests/workers/durable-objects/job-state-manager-do.test.js > JobStateManagerDO > Alarm Resilience and Continuity (Issue #246) > should not create race condition when multiple operations schedule alarms
[JobStateManager] Flushed 1 pending updates for job job-123

 ✓ |workers| tests/normalizers/alexandria.test.ts > Cover URL generation > should use /b/olid/ path format 11ms
stdout | tests/workers/durable-objects/job-state-manager-do.test.js > JobStateManagerDO > SSE Update Batching (Issue #157) > should buffer updates in memory instead of writing immediately
[JobStateManager] Broadcast progress to queue (0 SSE clients, 1 pending) for job job-123

stdout | tests/workers/durable-objects/job-state-manager-do.test.js > JobStateManagerDO > SSE Update Batching (Issue #157) > should buffer updates in memory instead of writing immediately
[JobStateManager] Broadcast progress to queue (0 SSE clients, 2 pending) for job job-123

stdout | tests/workers/durable-objects/job-state-manager-do.test.js > JobStateManagerDO > SSE Update Batching (Issue #157) > should buffer updates in memory instead of writing immediately
[JobStateManager] Broadcast progress to queue (0 SSE clients, 3 pending) for job job-123

stdout | tests/workers/durable-objects/job-state-manager-do.test.js > JobStateManagerDO > SSE Update Batching (Issue #157) > should buffer updates in memory instead of writing immediately
[JobStateManager] Broadcast progress to queue (0 SSE clients, 4 pending) for job job-123

stdout | tests/workers/durable-objects/job-state-manager-do.test.js > JobStateManagerDO > SSE Update Batching (Issue #157) > should flush to storage after 5 updates
[JobStateManager] Broadcast progress to queue (0 SSE clients, 1 pending) for job job-123

stdout | tests/workers/durable-objects/job-state-manager-do.test.js > JobStateManagerDO > SSE Update Batching (Issue #157) > should flush to storage after 5 updates
[JobStateManager] Broadcast progress to queue (0 SSE clients, 2 pending) for job job-123

stdout | tests/workers/durable-objects/job-state-manager-do.test.js > JobStateManagerDO > SSE Update Batching (Issue #157) > should flush to storage after 5 updates
[JobStateManager] Broadcast progress to queue (0 SSE clients, 3 pending) for job job-123

stdout | tests/workers/durable-objects/job-state-manager-do.test.js > JobStateManagerDO > SSE Update Batching (Issue #157) > should flush to storage after 5 updates
[JobStateManager] Broadcast progress to queue (0 SSE clients, 4 pending) for job job-123

stdout | tests/workers/durable-objects/job-state-manager-do.test.js > JobStateManagerDO > SSE Update Batching (Issue #157) > should flush to storage after 5 updates
[JobStateManager] Flushed 5 pending updates for job job-123

stdout | tests/workers/durable-objects/job-state-manager-do.test.js > JobStateManagerDO > SSE Update Batching (Issue #157) > should flush to storage after 5 updates
[JobStateManager] Broadcast progress to queue (0 SSE clients, 0 pending) for job job-123

stdout | tests/workers/durable-objects/job-state-manager-do.test.js > JobStateManagerDO > SSE Update Batching (Issue #157) > should flush to storage after 1 second
[JobStateManager] Broadcast progress to queue (0 SSE clients, 1 pending) for job job-123

stdout | tests/workers/durable-objects/job-state-manager-do.test.js > JobStateManagerDO > SSE Update Batching (Issue #157) > should flush to storage after 1 second
[JobStateManager] Flushed 2 pending updates for job job-123

stdout | tests/workers/durable-objects/job-state-manager-do.test.js > JobStateManagerDO > SSE Update Batching (Issue #157) > should flush to storage after 1 second
[JobStateManager] Broadcast progress to queue (0 SSE clients, 0 pending) for job job-123

stdout | tests/workers/durable-objects/job-state-manager-do.test.js > JobStateManagerDO > SSE Update Batching (Issue #157) > should flush pending updates on job completion
[JobStateManager] Broadcast progress to queue (0 SSE clients, 1 pending) for job job-123

stdout | tests/workers/durable-objects/job-state-manager-do.test.js > JobStateManagerDO > SSE Update Batching (Issue #157) > should flush pending updates on job completion
[JobStateManager] Broadcast progress to queue (0 SSE clients, 2 pending) for job job-123

stdout | tests/workers/durable-objects/job-state-manager-do.test.js > JobStateManagerDO > SSE Update Batching (Issue #157) > should flush pending updates on job completion
[JobStateManager] Job job-123 completed

stdout | tests/workers/durable-objects/job-state-manager-do.test.js > JobStateManagerDO > SSE Update Batching (Issue #157) > should flush pending updates on job completion
[JobStateManager] Broadcast completed to queue (0 SSE clients, 3 pending) for job job-123

stdout | tests/workers/durable-objects/job-state-manager-do.test.js > JobStateManagerDO > SSE Update Batching (Issue #157) > should flush pending updates on job completion
[JobStateManager] Flushed 3 pending updates for job job-123

stdout | tests/workers/durable-objects/job-state-manager-do.test.js > JobStateManagerDO > SSE Update Batching (Issue #157) > should flush pending updates on job failure
[JobStateManager] Broadcast progress to queue (0 SSE clients, 1 pending) for job job-123

stdout | tests/workers/durable-objects/job-state-manager-do.test.js > JobStateManagerDO > SSE Update Batching (Issue #157) > should flush pending updates on job failure
[JobStateManager] Job job-123 failed

stdout | tests/workers/durable-objects/job-state-manager-do.test.js > JobStateManagerDO > SSE Update Batching (Issue #157) > should flush pending updates on job failure
[JobStateManager] Broadcast failed to queue (0 SSE clients, 2 pending) for job job-123

stdout | tests/workers/durable-objects/job-state-manager-do.test.js > JobStateManagerDO > SSE Update Batching (Issue #157) > should flush pending updates on job failure
[JobStateManager] Flushed 2 pending updates for job job-123

 ✓ |workers| tests/normalizers/alexandria-contract-compliance.test.ts > Alexandria to V3 Book Transformation > Edge Cases > handles work with null description 12ms
 ✓ |workers| tests/normalizers/alexandria-contract-compliance.test.ts > Alexandria to V3 Book Transformation > Edge Cases > handles edition with null publisher 9ms
 ✓ |workers| tests/normalizers/alexandria-contract-compliance.test.ts > Alexandria to V3 Book Transformation > Edge Cases > handles pageCount as 0 10ms
 ✓ |workers| tests/normalizers/alexandria-contract-compliance.test.ts > Alexandria to V3 Book Transformation > Edge Cases > handles very long author names 7ms
 ✓ |workers| tests/normalizers/alexandria-contract-compliance.test.ts > Alexandria to V3 Book Transformation > Edge Cases > handles special characters in title 7ms
 ✓ |workers| tests/normalizers/alexandria-contract-compliance.test.ts > Alexandria to V3 Book Transformation > Edge Cases > handles Unicode characters in authors 5ms
 ✓ |workers| tests/normalizers/alexandria-contract-compliance.test.ts > Alexandria to V3 Book Transformation > Contract Compliance > never returns null for required Book fields 6ms
 ✓ |workers| tests/normalizers/alexandria-contract-compliance.test.ts > Alexandria to V3 Book Transformation > Contract Compliance > produces valid V3 Book structure 5ms
 ✓ |workers| tests/smoke/v3-scan-jobs.test.ts > V3 Scan Jobs - Smoke Tests > should export registerScanRoutes function 12ms
 ✓ |workers| tests/smoke/v3-scan-jobs.test.ts > V3 Scan Jobs - Smoke Tests > should validate BoundingBox coordinate clamping function exists 11ms
 ✓ |workers| tests/smoke/v3-scan-jobs.test.ts > V3 Scan Jobs - Smoke Tests > should validate JobStateManagerDO has scheduleBookshelfScan method 57ms
 ✓ |workers| tests/smoke/v3-scan-jobs.test.ts > V3 Scan Jobs - Smoke Tests > should validate scan job constants match requirements 4ms
stdout | tests/workers/durable-objects/job-state-manager-do.test.js > JobStateManagerDO > SSE Update Batching (Issue #157) > should cap updates at 100 events when flushing
[JobStateManager] Flushed 10 pending updates for job job-123

 ✓ |workers| tests/smoke/v3-enrichment.test.ts > V3 Batch Enrichment Async Mode - Smoke Tests > Error codes > should define enrichment-specific error codes 9ms
 ✓ |workers| tests/smoke/v3-enrichment.test.ts > V3 Batch Enrichment Async Mode - Smoke Tests > HTTP status codes > should use correct status codes for enrichment responses 5ms
 ✓ |workers| tests/smoke/v3-enrichment.test.ts > V3 Batch Enrichment Async Mode - Smoke Tests > Job result caching > should define result cache key format 4ms
 ✓ |workers| tests/smoke/v3-enrichment.test.ts > V3 Batch Enrichment Async Mode - Smoke Tests > Job result caching > should validate cache TTL duration 5ms
 ✓ |workers| tests/smoke/v3-enrichment.test.ts > V3 Batch Enrichment Async Mode - Smoke Tests > Backward compatibility > should default async flag to false when not provided 4ms
 ✓ |workers| tests/smoke/v3-enrichment.test.ts > V3 Batch Enrichment Async Mode - Smoke Tests > Backward compatibility > should support both isbns and barcodes field names 3ms
 ✓ |workers| tests/smoke/v3-enrichment.test.ts > V3 Batch Enrichment Async Mode - Smoke Tests > DO interface validation > should verify JobStateManagerDO interface includes scheduleEnrichment 3ms
stdout | tests/workers/durable-objects/job-state-manager-do.test.js > JobStateManagerDO > SSE Update Batching (Issue #157) > should reduce I/O operations for high-frequency updates
[JobStateManager] Broadcast progress to queue (0 SSE clients, 1 pending) for job job-123

stdout | tests/workers/durable-objects/job-state-manager-do.test.js > JobStateManagerDO > SSE Update Batching (Issue #157) > should reduce I/O operations for high-frequency updates
[JobStateManager] Broadcast progress to queue (0 SSE clients, 2 pending) for job job-123

stdout | tests/workers/durable-objects/job-state-manager-do.test.js > JobStateManagerDO > SSE Update Batching (Issue #157) > should reduce I/O operations for high-frequency updates
[JobStateManager] Broadcast progress to queue (0 SSE clients, 3 pending) for job job-123

stdout | tests/workers/durable-objects/job-state-manager-do.test.js > JobStateManagerDO > SSE Update Batching (Issue #157) > should reduce I/O operations for high-frequency updates
[JobStateManager] Broadcast progress to queue (0 SSE clients, 4 pending) for job job-123

stdout | tests/workers/durable-objects/job-state-manager-do.test.js > JobStateManagerDO > SSE Update Batching (Issue #157) > should reduce I/O operations for high-frequency updates
[JobStateManager] Flushed 5 pending updates for job job-123

stdout | tests/workers/durable-objects/job-state-manager-do.test.js > JobStateManagerDO > SSE Update Batching (Issue #157) > should reduce I/O operations for high-frequency updates
[JobStateManager] Broadcast progress to queue (0 SSE clients, 0 pending) for job job-123

stdout | tests/workers/durable-objects/job-state-manager-do.test.js > JobStateManagerDO > SSE Update Batching (Issue #157) > should reduce I/O operations for high-frequency updates
[JobStateManager] Broadcast progress to queue (0 SSE clients, 1 pending) for job job-123

stdout | tests/workers/durable-objects/job-state-manager-do.test.js > JobStateManagerDO > SSE Update Batching (Issue #157) > should reduce I/O operations for high-frequency updates
[JobStateManager] Broadcast progress to queue (0 SSE clients, 2 pending) for job job-123

stdout | tests/workers/durable-objects/job-state-manager-do.test.js > JobStateManagerDO > SSE Update Batching (Issue #157) > should reduce I/O operations for high-frequency updates
[JobStateManager] Broadcast progress to queue (0 SSE clients, 3 pending) for job job-123

stdout | tests/workers/durable-objects/job-state-manager-do.test.js > JobStateManagerDO > SSE Update Batching (Issue #157) > should reduce I/O operations for high-frequency updates
[JobStateManager] Broadcast progress to queue (0 SSE clients, 4 pending) for job job-123

stdout | tests/workers/durable-objects/job-state-manager-do.test.js > JobStateManagerDO > SSE Update Batching (Issue #157) > should reduce I/O operations for high-frequency updates
[JobStateManager] Flushed 5 pending updates for job job-123

stdout | tests/workers/durable-objects/job-state-manager-do.test.js > JobStateManagerDO > SSE Update Batching (Issue #157) > should reduce I/O operations for high-frequency updates
[JobStateManager] Broadcast progress to queue (0 SSE clients, 0 pending) for job job-123

stdout | tests/workers/durable-objects/job-state-manager-do.test.js > JobStateManagerDO > SSE Update Batching (Issue #157) > should reduce I/O operations for high-frequency updates
[JobStateManager] Broadcast progress to queue (0 SSE clients, 1 pending) for job job-123

stdout | tests/workers/durable-objects/job-state-manager-do.test.js > JobStateManagerDO > SSE Update Batching (Issue #157) > should reduce I/O operations for high-frequency updates
[JobStateManager] Broadcast progress to queue (0 SSE clients, 2 pending) for job job-123

stdout | tests/workers/durable-objects/job-state-manager-do.test.js > JobStateManagerDO > SSE Update Batching (Issue #157) > should reduce I/O operations for high-frequency updates
[JobStateManager] Broadcast progress to queue (0 SSE clients, 3 pending) for job job-123

stdout | tests/workers/durable-objects/job-state-manager-do.test.js > JobStateManagerDO > SSE Update Batching (Issue #157) > should reduce I/O operations for high-frequency updates
[JobStateManager] Broadcast progress to queue (0 SSE clients, 4 pending) for job job-123

stdout | tests/workers/durable-objects/job-state-manager-do.test.js > JobStateManagerDO > SSE Update Batching (Issue #157) > should reduce I/O operations for high-frequency updates
[JobStateManager] Flushed 5 pending updates for job job-123

stdout | tests/workers/durable-objects/job-state-manager-do.test.js > JobStateManagerDO > SSE Update Batching (Issue #157) > should reduce I/O operations for high-frequency updates
[JobStateManager] Broadcast progress to queue (0 SSE clients, 0 pending) for job job-123

stdout | tests/workers/durable-objects/job-state-manager-do.test.js > JobStateManagerDO > SSE Update Batching (Issue #157) > should reduce I/O operations for high-frequency updates
[JobStateManager] Broadcast progress to queue (0 SSE clients, 1 pending) for job job-123

stdout | tests/workers/durable-objects/job-state-manager-do.test.js > JobStateManagerDO > SSE Update Batching (Issue #157) > should reduce I/O operations for high-frequency updates
[JobStateManager] Broadcast progress to queue (0 SSE clients, 2 pending) for job job-123

stdout | tests/workers/durable-objects/job-state-manager-do.test.js > JobStateManagerDO > SSE Update Batching (Issue #157) > should reduce I/O operations for high-frequency updates
[JobStateManager] Broadcast progress to queue (0 SSE clients, 3 pending) for job job-123

stdout | tests/workers/durable-objects/job-state-manager-do.test.js > JobStateManagerDO > SSE Update Batching (Issue #157) > should reduce I/O operations for high-frequency updates
[JobStateManager] Broadcast progress to queue (0 SSE clients, 4 pending) for job job-123

stdout | tests/workers/durable-objects/job-state-manager-do.test.js > JobStateManagerDO > SSE Update Batching (Issue #157) > should reduce I/O operations for high-frequency updates
[JobStateManager] Flushed 5 pending updates for job job-123

stdout | tests/workers/durable-objects/job-state-manager-do.test.js > JobStateManagerDO > SSE Update Batching (Issue #157) > should reduce I/O operations for high-frequency updates
[JobStateManager] Broadcast progress to queue (0 SSE clients, 0 pending) for job job-123

stdout | tests/workers/durable-objects/job-state-manager-do.test.js > JobStateManagerDO > SSE Update Batching (Issue #157) > should reduce I/O operations for high-frequency updates
[JobStateManager] Broadcast progress to queue (0 SSE clients, 1 pending) for job job-123

stdout | tests/workers/durable-objects/job-state-manager-do.test.js > JobStateManagerDO > SSE Update Batching (Issue #157) > should reduce I/O operations for high-frequency updates
[JobStateManager] Broadcast progress to queue (0 SSE clients, 2 pending) for job job-123

stdout | tests/workers/durable-objects/job-state-manager-do.test.js > JobStateManagerDO > SSE Update Batching (Issue #157) > should reduce I/O operations for high-frequency updates
[JobStateManager] Broadcast progress to queue (0 SSE clients, 3 pending) for job job-123

stdout | tests/workers/durable-objects/job-state-manager-do.test.js > JobStateManagerDO > SSE Update Batching (Issue #157) > should reduce I/O operations for high-frequency updates
[JobStateManager] Broadcast progress to queue (0 SSE clients, 4 pending) for job job-123

stdout | tests/workers/durable-objects/job-state-manager-do.test.js > JobStateManagerDO > SSE Update Batching (Issue #157) > should reduce I/O operations for high-frequency updates
[JobStateManager] Flushed 5 pending updates for job job-123

stdout | tests/workers/durable-objects/job-state-manager-do.test.js > JobStateManagerDO > SSE Update Batching (Issue #157) > should reduce I/O operations for high-frequency updates
[JobStateManager] Broadcast progress to queue (0 SSE clients, 0 pending) for job job-123

stdout | tests/workers/durable-objects/job-state-manager-do.test.js > JobStateManagerDO > SSE Update Batching (Issue #157) > should reduce I/O operations for high-frequency updates
[JobStateManager] Broadcast progress to queue (0 SSE clients, 1 pending) for job job-123

stdout | tests/workers/durable-objects/job-state-manager-do.test.js > JobStateManagerDO > SSE Update Batching (Issue #157) > should reduce I/O operations for high-frequency updates
[JobStateManager] Broadcast progress to queue (0 SSE clients, 2 pending) for job job-123

stdout | tests/workers/durable-objects/job-state-manager-do.test.js > JobStateManagerDO > SSE Update Batching (Issue #157) > should reduce I/O operations for high-frequency updates
[JobStateManager] Broadcast progress to queue (0 SSE clients, 3 pending) for job job-123

stdout | tests/workers/durable-objects/job-state-manager-do.test.js > JobStateManagerDO > SSE Update Batching (Issue #157) > should reduce I/O operations for high-frequency updates
[JobStateManager] Broadcast progress to queue (0 SSE clients, 4 pending) for job job-123

stdout | tests/workers/durable-objects/job-state-manager-do.test.js > JobStateManagerDO > SSE Update Batching (Issue #157) > should reduce I/O operations for high-frequency updates
[JobStateManager] Flushed 5 pending updates for job job-123

stdout | tests/workers/durable-objects/job-state-manager-do.test.js > JobStateManagerDO > SSE Update Batching (Issue #157) > should reduce I/O operations for high-frequency updates
[JobStateManager] Broadcast progress to queue (0 SSE clients, 0 pending) for job job-123

stdout | tests/workers/durable-objects/job-state-manager-do.test.js > JobStateManagerDO > SSE Update Batching (Issue #157) > should reduce I/O operations for high-frequency updates
[JobStateManager] Broadcast progress to queue (0 SSE clients, 1 pending) for job job-123

stdout | tests/workers/durable-objects/job-state-manager-do.test.js > JobStateManagerDO > SSE Update Batching (Issue #157) > should reduce I/O operations for high-frequency updates
[JobStateManager] Broadcast progress to queue (0 SSE clients, 2 pending) for job job-123

stdout | tests/workers/durable-objects/job-state-manager-do.test.js > JobStateManagerDO > SSE Update Batching (Issue #157) > should reduce I/O operations for high-frequency updates
[JobStateManager] Broadcast progress to queue (0 SSE clients, 3 pending) for job job-123

stdout | tests/workers/durable-objects/job-state-manager-do.test.js > JobStateManagerDO > SSE Update Batching (Issue #157) > should reduce I/O operations for high-frequency updates
[JobStateManager] Broadcast progress to queue (0 SSE clients, 4 pending) for job job-123

stdout | tests/workers/durable-objects/job-state-manager-do.test.js > JobStateManagerDO > SSE Update Batching (Issue #157) > should reduce I/O operations for high-frequency updates
[JobStateManager] Flushed 5 pending updates for job job-123

stdout | tests/workers/durable-objects/job-state-manager-do.test.js > JobStateManagerDO > SSE Update Batching (Issue #157) > should reduce I/O operations for high-frequency updates
[JobStateManager] Broadcast progress to queue (0 SSE clients, 0 pending) for job job-123

stdout | tests/workers/durable-objects/job-state-manager-do.test.js > JobStateManagerDO > SSE Update Batching (Issue #157) > should reduce I/O operations for high-frequency updates
[JobStateManager] Broadcast progress to queue (0 SSE clients, 1 pending) for job job-123

stdout | tests/workers/durable-objects/job-state-manager-do.test.js > JobStateManagerDO > SSE Update Batching (Issue #157) > should reduce I/O operations for high-frequency updates
[JobStateManager] Broadcast progress to queue (0 SSE clients, 2 pending) for job job-123

stdout | tests/workers/durable-objects/job-state-manager-do.test.js > JobStateManagerDO > SSE Update Batching (Issue #157) > should reduce I/O operations for high-frequency updates
[JobStateManager] Broadcast progress to queue (0 SSE clients, 3 pending) for job job-123

stdout | tests/workers/durable-objects/job-state-manager-do.test.js > JobStateManagerDO > SSE Update Batching (Issue #157) > should reduce I/O operations for high-frequency updates
[JobStateManager] Broadcast progress to queue (0 SSE clients, 4 pending) for job job-123

stdout | tests/workers/durable-objects/job-state-manager-do.test.js > JobStateManagerDO > SSE Update Batching (Issue #157) > should reduce I/O operations for high-frequency updates
[JobStateManager] Flushed 5 pending updates for job job-123

stdout | tests/workers/durable-objects/job-state-manager-do.test.js > JobStateManagerDO > SSE Update Batching (Issue #157) > should reduce I/O operations for high-frequency updates
[JobStateManager] Broadcast progress to queue (0 SSE clients, 0 pending) for job job-123

stdout | tests/workers/durable-objects/job-state-manager-do.test.js > JobStateManagerDO > SSE Update Batching (Issue #157) > should reduce I/O operations for high-frequency updates
[JobStateManager] Broadcast progress to queue (0 SSE clients, 1 pending) for job job-123

stdout | tests/workers/durable-objects/job-state-manager-do.test.js > JobStateManagerDO > SSE Update Batching (Issue #157) > should reduce I/O operations for high-frequency updates
[JobStateManager] Broadcast progress to queue (0 SSE clients, 2 pending) for job job-123

stdout | tests/workers/durable-objects/job-state-manager-do.test.js > JobStateManagerDO > SSE Update Batching (Issue #157) > should reduce I/O operations for high-frequency updates
[JobStateManager] Broadcast progress to queue (0 SSE clients, 3 pending) for job job-123

stdout | tests/workers/durable-objects/job-state-manager-do.test.js > JobStateManagerDO > SSE Update Batching (Issue #157) > should reduce I/O operations for high-frequency updates
[JobStateManager] Broadcast progress to queue (0 SSE clients, 4 pending) for job job-123

stdout | tests/workers/durable-objects/job-state-manager-do.test.js > JobStateManagerDO > SSE Update Batching (Issue #157) > should reduce I/O operations for high-frequency updates
[JobStateManager] Flushed 5 pending updates for job job-123

stdout | tests/workers/durable-objects/job-state-manager-do.test.js > JobStateManagerDO > SSE Update Batching (Issue #157) > should reduce I/O operations for high-frequency updates
[JobStateManager] Broadcast progress to queue (0 SSE clients, 0 pending) for job job-123

stdout | tests/workers/durable-objects/job-state-manager-do.test.js > JobStateManagerDO > SSE Update Batching (Issue #157) > should reduce I/O operations for high-frequency updates
[JobStateManager] Broadcast progress to queue (0 SSE clients, 1 pending) for job job-123

stdout | tests/workers/durable-objects/job-state-manager-do.test.js > JobStateManagerDO > SSE Update Batching (Issue #157) > should reduce I/O operations for high-frequency updates
[JobStateManager] Broadcast progress to queue (0 SSE clients, 2 pending) for job job-123

stdout | tests/workers/durable-objects/job-state-manager-do.test.js > JobStateManagerDO > SSE Update Batching (Issue #157) > should reduce I/O operations for high-frequency updates
[JobStateManager] Broadcast progress to queue (0 SSE clients, 3 pending) for job job-123

stdout | tests/workers/durable-objects/job-state-manager-do.test.js > JobStateManagerDO > SSE Update Batching (Issue #157) > should reduce I/O operations for high-frequency updates
[JobStateManager] Broadcast progress to queue (0 SSE clients, 4 pending) for job job-123

stdout | tests/workers/durable-objects/job-state-manager-do.test.js > JobStateManagerDO > SSE Update Batching (Issue #157) > should reduce I/O operations for high-frequency updates
[JobStateManager] Flushed 5 pending updates for job job-123

stdout | tests/workers/durable-objects/job-state-manager-do.test.js > JobStateManagerDO > SSE Update Batching (Issue #157) > should reduce I/O operations for high-frequency updates
[JobStateManager] Broadcast progress to queue (0 SSE clients, 0 pending) for job job-123

stdout | tests/workers/durable-objects/job-state-manager-do.test.js > JobStateManagerDO > SSE Update Batching (Issue #157) > should reduce I/O operations for high-frequency updates
[JobStateManager] Broadcast progress to queue (0 SSE clients, 1 pending) for job job-123

stdout | tests/workers/durable-objects/job-state-manager-do.test.js > JobStateManagerDO > SSE Update Batching (Issue #157) > should reduce I/O operations for high-frequency updates
[JobStateManager] Broadcast progress to queue (0 SSE clients, 2 pending) for job job-123

stdout | tests/workers/durable-objects/job-state-manager-do.test.js > JobStateManagerDO > SSE Update Batching (Issue #157) > should reduce I/O operations for high-frequency updates
[JobStateManager] Broadcast progress to queue (0 SSE clients, 3 pending) for job job-123

stdout | tests/workers/durable-objects/job-state-manager-do.test.js > JobStateManagerDO > SSE Update Batching (Issue #157) > should reduce I/O operations for high-frequency updates
[JobStateManager] Broadcast progress to queue (0 SSE clients, 4 pending) for job job-123

stdout | tests/workers/durable-objects/job-state-manager-do.test.js > JobStateManagerDO > SSE Update Batching (Issue #157) > should reduce I/O operations for high-frequency updates
[JobStateManager] Flushed 5 pending updates for job job-123

stdout | tests/workers/durable-objects/job-state-manager-do.test.js > JobStateManagerDO > SSE Update Batching (Issue #157) > should reduce I/O operations for high-frequency updates
[JobStateManager] Broadcast progress to queue (0 SSE clients, 0 pending) for job job-123

stdout | tests/workers/durable-objects/job-state-manager-do.test.js > JobStateManagerDO > SSE Update Batching (Issue #157) > should reduce I/O operations for high-frequency updates
[JobStateManager] Broadcast progress to queue (0 SSE clients, 1 pending) for job job-123

stdout | tests/workers/durable-objects/job-state-manager-do.test.js > JobStateManagerDO > SSE Update Batching (Issue #157) > should reduce I/O operations for high-frequency updates
[JobStateManager] Broadcast progress to queue (0 SSE clients, 2 pending) for job job-123

stdout | tests/workers/durable-objects/job-state-manager-do.test.js > JobStateManagerDO > SSE Update Batching (Issue #157) > should reduce I/O operations for high-frequency updates
[JobStateManager] Broadcast progress to queue (0 SSE clients, 3 pending) for job job-123

stdout | tests/workers/durable-objects/job-state-manager-do.test.js > JobStateManagerDO > SSE Update Batching (Issue #157) > should reduce I/O operations for high-frequency updates
[JobStateManager] Broadcast progress to queue (0 SSE clients, 4 pending) for job job-123

stdout | tests/workers/durable-objects/job-state-manager-do.test.js > JobStateManagerDO > SSE Update Batching (Issue #157) > should reduce I/O operations for high-frequency updates
[JobStateManager] Flushed 5 pending updates for job job-123

stdout | tests/workers/durable-objects/job-state-manager-do.test.js > JobStateManagerDO > SSE Update Batching (Issue #157) > should reduce I/O operations for high-frequency updates
[JobStateManager] Broadcast progress to queue (0 SSE clients, 0 pending) for job job-123

stdout | tests/workers/durable-objects/job-state-manager-do.test.js > JobStateManagerDO > SSE Update Batching (Issue #157) > should reduce I/O operations for high-frequency updates
[JobStateManager] Broadcast progress to queue (0 SSE clients, 1 pending) for job job-123

stdout | tests/workers/durable-objects/job-state-manager-do.test.js > JobStateManagerDO > SSE Update Batching (Issue #157) > should reduce I/O operations for high-frequency updates
[JobStateManager] Broadcast progress to queue (0 SSE clients, 2 pending) for job job-123

stdout | tests/workers/durable-objects/job-state-manager-do.test.js > JobStateManagerDO > SSE Update Batching (Issue #157) > should reduce I/O operations for high-frequency updates
[JobStateManager] Broadcast progress to queue (0 SSE clients, 3 pending) for job job-123

stdout | tests/workers/durable-objects/job-state-manager-do.test.js > JobStateManagerDO > SSE Update Batching (Issue #157) > should reduce I/O operations for high-frequency updates
[JobStateManager] Broadcast progress to queue (0 SSE clients, 4 pending) for job job-123

stdout | tests/workers/durable-objects/job-state-manager-do.test.js > JobStateManagerDO > SSE Update Batching (Issue #157) > should reduce I/O operations for high-frequency updates
[JobStateManager] Flushed 5 pending updates for job job-123

stdout | tests/workers/durable-objects/job-state-manager-do.test.js > JobStateManagerDO > SSE Update Batching (Issue #157) > should reduce I/O operations for high-frequency updates
[JobStateManager] Broadcast progress to queue (0 SSE clients, 0 pending) for job job-123

stdout | tests/workers/durable-objects/job-state-manager-do.test.js > JobStateManagerDO > SSE Update Batching (Issue #157) > should reduce I/O operations for high-frequency updates
[JobStateManager] Broadcast progress to queue (0 SSE clients, 1 pending) for job job-123

stdout | tests/workers/durable-objects/job-state-manager-do.test.js > JobStateManagerDO > SSE Update Batching (Issue #157) > should reduce I/O operations for high-frequency updates
[JobStateManager] Broadcast progress to queue (0 SSE clients, 2 pending) for job job-123

stdout | tests/workers/durable-objects/job-state-manager-do.test.js > JobStateManagerDO > SSE Update Batching (Issue #157) > should reduce I/O operations for high-frequency updates
[JobStateManager] Broadcast progress to queue (0 SSE clients, 3 pending) for job job-123

stdout | tests/workers/durable-objects/job-state-manager-do.test.js > JobStateManagerDO > SSE Update Batching (Issue #157) > should reduce I/O operations for high-frequency updates
[JobStateManager] Broadcast progress to queue (0 SSE clients, 4 pending) for job job-123

stdout | tests/workers/durable-objects/job-state-manager-do.test.js > JobStateManagerDO > SSE Update Batching (Issue #157) > should reduce I/O operations for high-frequency updates
[JobStateManager] Flushed 5 pending updates for job job-123

stdout | tests/workers/durable-objects/job-state-manager-do.test.js > JobStateManagerDO > SSE Update Batching (Issue #157) > should reduce I/O operations for high-frequency updates
[JobStateManager] Broadcast progress to queue (0 SSE clients, 0 pending) for job job-123

stdout | tests/workers/durable-objects/job-state-manager-do.test.js > JobStateManagerDO > SSE Update Batching (Issue #157) > should reduce I/O operations for high-frequency updates
[JobStateManager] Broadcast progress to queue (0 SSE clients, 1 pending) for job job-123

stdout | tests/workers/durable-objects/job-state-manager-do.test.js > JobStateManagerDO > SSE Update Batching (Issue #157) > should reduce I/O operations for high-frequency updates
[JobStateManager] Broadcast progress to queue (0 SSE clients, 2 pending) for job job-123

stdout | tests/workers/durable-objects/job-state-manager-do.test.js > JobStateManagerDO > SSE Update Batching (Issue #157) > should reduce I/O operations for high-frequency updates
[JobStateManager] Broadcast progress to queue (0 SSE clients, 3 pending) for job job-123

stdout | tests/workers/durable-objects/job-state-manager-do.test.js > JobStateManagerDO > SSE Update Batching (Issue #157) > should reduce I/O operations for high-frequency updates
[JobStateManager] Broadcast progress to queue (0 SSE clients, 4 pending) for job job-123

stdout | tests/workers/durable-objects/job-state-manager-do.test.js > JobStateManagerDO > SSE Update Batching (Issue #157) > should reduce I/O operations for high-frequency updates
[JobStateManager] Flushed 5 pending updates for job job-123

stdout | tests/workers/durable-objects/job-state-manager-do.test.js > JobStateManagerDO > SSE Update Batching (Issue #157) > should reduce I/O operations for high-frequency updates
[JobStateManager] Broadcast progress to queue (0 SSE clients, 0 pending) for job job-123

stdout | tests/workers/durable-objects/job-state-manager-do.test.js > JobStateManagerDO > SSE Update Batching (Issue #157) > should reduce I/O operations for high-frequency updates
[JobStateManager] Broadcast progress to queue (0 SSE clients, 1 pending) for job job-123

stdout | tests/workers/durable-objects/job-state-manager-do.test.js > JobStateManagerDO > SSE Update Batching (Issue #157) > should reduce I/O operations for high-frequency updates
[JobStateManager] Broadcast progress to queue (0 SSE clients, 2 pending) for job job-123

stdout | tests/workers/durable-objects/job-state-manager-do.test.js > JobStateManagerDO > SSE Update Batching (Issue #157) > should reduce I/O operations for high-frequency updates
[JobStateManager] Broadcast progress to queue (0 SSE clients, 3 pending) for job job-123

stdout | tests/workers/durable-objects/job-state-manager-do.test.js > JobStateManagerDO > SSE Update Batching (Issue #157) > should reduce I/O operations for high-frequency updates
[JobStateManager] Broadcast progress to queue (0 SSE clients, 4 pending) for job job-123

stdout | tests/workers/durable-objects/job-state-manager-do.test.js > JobStateManagerDO > SSE Update Batching (Issue #157) > should reduce I/O operations for high-frequency updates
[JobStateManager] Flushed 5 pending updates for job job-123

stdout | tests/workers/durable-objects/job-state-manager-do.test.js > JobStateManagerDO > SSE Update Batching (Issue #157) > should reduce I/O operations for high-frequency updates
[JobStateManager] Broadcast progress to queue (0 SSE clients, 0 pending) for job job-123

stdout | tests/workers/durable-objects/job-state-manager-do.test.js > JobStateManagerDO > SSE Update Batching (Issue #157) > should reduce I/O operations for high-frequency updates
[JobStateManager] Broadcast progress to queue (0 SSE clients, 1 pending) for job job-123

stdout | tests/workers/durable-objects/job-state-manager-do.test.js > JobStateManagerDO > SSE Update Batching (Issue #157) > should reduce I/O operations for high-frequency updates
[JobStateManager] Broadcast progress to queue (0 SSE clients, 2 pending) for job job-123

stdout | tests/workers/durable-objects/job-state-manager-do.test.js > JobStateManagerDO > SSE Update Batching (Issue #157) > should reduce I/O operations for high-frequency updates
[JobStateManager] Broadcast progress to queue (0 SSE clients, 3 pending) for job job-123

stdout | tests/workers/durable-objects/job-state-manager-do.test.js > JobStateManagerDO > SSE Update Batching (Issue #157) > should reduce I/O operations for high-frequency updates
[JobStateManager] Broadcast progress to queue (0 SSE clients, 4 pending) for job job-123

stdout | tests/workers/durable-objects/job-state-manager-do.test.js > JobStateManagerDO > SSE Update Batching (Issue #157) > should reduce I/O operations for high-frequency updates
[JobStateManager] Flushed 5 pending updates for job job-123

stdout | tests/workers/durable-objects/job-state-manager-do.test.js > JobStateManagerDO > SSE Update Batching (Issue #157) > should reduce I/O operations for high-frequency updates
[JobStateManager] Broadcast progress to queue (0 SSE clients, 0 pending) for job job-123

stdout | tests/workers/durable-objects/job-state-manager-do.test.js > JobStateManagerDO > SSE Update Batching (Issue #157) > should reduce I/O operations for high-frequency updates
[JobStateManager] Broadcast progress to queue (0 SSE clients, 1 pending) for job job-123

stdout | tests/workers/durable-objects/job-state-manager-do.test.js > JobStateManagerDO > SSE Update Batching (Issue #157) > should reduce I/O operations for high-frequency updates
[JobStateManager] Broadcast progress to queue (0 SSE clients, 2 pending) for job job-123

stdout | tests/workers/durable-objects/job-state-manager-do.test.js > JobStateManagerDO > SSE Update Batching (Issue #157) > should reduce I/O operations for high-frequency updates
[JobStateManager] Broadcast progress to queue (0 SSE clients, 3 pending) for job job-123

stdout | tests/workers/durable-objects/job-state-manager-do.test.js > JobStateManagerDO > SSE Update Batching (Issue #157) > should reduce I/O operations for high-frequency updates
[JobStateManager] Broadcast progress to queue (0 SSE clients, 4 pending) for job job-123

stdout | tests/workers/durable-objects/job-state-manager-do.test.js > JobStateManagerDO > SSE Update Batching (Issue #157) > should reduce I/O operations for high-frequency updates
[JobStateManager] Flushed 5 pending updates for job job-123

stdout | tests/workers/durable-objects/job-state-manager-do.test.js > JobStateManagerDO > SSE Update Batching (Issue #157) > should reduce I/O operations for high-frequency updates
[JobStateManager] Broadcast progress to queue (0 SSE clients, 0 pending) for job job-123

stdout | tests/workers/durable-objects/job-state-manager-do.test.js > JobStateManagerDO > SSE Update Batching (Issue #157) > should reduce I/O operations for high-frequency updates
[JobStateManager] Broadcast progress to queue (0 SSE clients, 1 pending) for job job-123

stdout | tests/workers/durable-objects/job-state-manager-do.test.js > JobStateManagerDO > SSE Update Batching (Issue #157) > should reduce I/O operations for high-frequency updates
[JobStateManager] Broadcast progress to queue (0 SSE clients, 2 pending) for job job-123

stdout | tests/workers/durable-objects/job-state-manager-do.test.js > JobStateManagerDO > SSE Update Batching (Issue #157) > should reduce I/O operations for high-frequency updates
[JobStateManager] Broadcast progress to queue (0 SSE clients, 3 pending) for job job-123

stdout | tests/workers/durable-objects/job-state-manager-do.test.js > JobStateManagerDO > SSE Update Batching (Issue #157) > should reduce I/O operations for high-frequency updates
[JobStateManager] Broadcast progress to queue (0 SSE clients, 4 pending) for job job-123

stdout | tests/workers/durable-objects/job-state-manager-do.test.js > JobStateManagerDO > SSE Update Batching (Issue #157) > should reduce I/O operations for high-frequency updates
[JobStateManager] Flushed 5 pending updates for job job-123

stdout | tests/workers/durable-objects/job-state-manager-do.test.js > JobStateManagerDO > SSE Update Batching (Issue #157) > should reduce I/O operations for high-frequency updates
[JobStateManager] Broadcast progress to queue (0 SSE clients, 0 pending) for job job-123

stdout | tests/workers/durable-objects/job-state-manager-do.test.js > JobStateManagerDO > SSE Update Batching (Issue #157) > should reduce I/O operations for high-frequency updates
[JobStateManager] Broadcast progress to queue (0 SSE clients, 1 pending) for job job-123

stdout | tests/workers/durable-objects/job-state-manager-do.test.js > JobStateManagerDO > SSE Update Batching (Issue #157) > should reduce I/O operations for high-frequency updates
[JobStateManager] Broadcast progress to queue (0 SSE clients, 2 pending) for job job-123

stdout | tests/workers/durable-objects/job-state-manager-do.test.js > JobStateManagerDO > SSE Update Batching (Issue #157) > should reduce I/O operations for high-frequency updates
[JobStateManager] Broadcast progress to queue (0 SSE clients, 3 pending) for job job-123

stdout | tests/workers/durable-objects/job-state-manager-do.test.js > JobStateManagerDO > SSE Update Batching (Issue #157) > should reduce I/O operations for high-frequency updates
[JobStateManager] Broadcast progress to queue (0 SSE clients, 4 pending) for job job-123

stdout | tests/workers/durable-objects/job-state-manager-do.test.js > JobStateManagerDO > SSE Update Batching (Issue #157) > should reduce I/O operations for high-frequency updates
[JobStateManager] Flushed 5 pending updates for job job-123

stdout | tests/workers/durable-objects/job-state-manager-do.test.js > JobStateManagerDO > SSE Update Batching (Issue #157) > should reduce I/O operations for high-frequency updates
[JobStateManager] Broadcast progress to queue (0 SSE clients, 0 pending) for job job-123

stdout | tests/workers/durable-objects/job-state-manager-do.test.js > JobStateManagerDO > SSE Update Batching (Issue #157) > should reduce I/O operations for high-frequency updates
[JobStateManager] Broadcast progress to queue (0 SSE clients, 1 pending) for job job-123

stdout | tests/workers/durable-objects/job-state-manager-do.test.js > JobStateManagerDO > SSE Update Batching (Issue #157) > should reduce I/O operations for high-frequency updates
[JobStateManager] Broadcast progress to queue (0 SSE clients, 2 pending) for job job-123

stdout | tests/workers/durable-objects/job-state-manager-do.test.js > JobStateManagerDO > SSE Update Batching (Issue #157) > should reduce I/O operations for high-frequency updates
[JobStateManager] Broadcast progress to queue (0 SSE clients, 3 pending) for job job-123

stdout | tests/workers/durable-objects/job-state-manager-do.test.js > JobStateManagerDO > SSE Update Batching (Issue #157) > should reduce I/O operations for high-frequency updates
[JobStateManager] Broadcast progress to queue (0 SSE clients, 4 pending) for job job-123

stdout | tests/workers/durable-objects/job-state-manager-do.test.js > JobStateManagerDO > SSE Update Batching (Issue #157) > should reduce I/O operations for high-frequency updates
[JobStateManager] Flushed 5 pending updates for job job-123

stdout | tests/workers/durable-objects/job-state-manager-do.test.js > JobStateManagerDO > SSE Update Batching (Issue #157) > should reduce I/O operations for high-frequency updates
[JobStateManager] Broadcast progress to queue (0 SSE clients, 0 pending) for job job-123

stdout | tests/workers/durable-objects/job-state-manager-do.test.js > JobStateManagerDO > SSE Update Batching (Issue #157) > should reduce I/O operations for high-frequency updates
[JobStateManager] Broadcast progress to queue (0 SSE clients, 1 pending) for job job-123

stdout | tests/workers/durable-objects/job-state-manager-do.test.js > JobStateManagerDO > SSE Update Batching (Issue #157) > should reduce I/O operations for high-frequency updates
[JobStateManager] Broadcast progress to queue (0 SSE clients, 2 pending) for job job-123

stdout | tests/workers/durable-objects/job-state-manager-do.test.js > JobStateManagerDO > SSE Update Batching (Issue #157) > should reduce I/O operations for high-frequency updates
[JobStateManager] Broadcast progress to queue (0 SSE clients, 3 pending) for job job-123

stdout | tests/workers/durable-objects/job-state-manager-do.test.js > JobStateManagerDO > SSE Update Batching (Issue #157) > should reduce I/O operations for high-frequency updates
[JobStateManager] Broadcast progress to queue (0 SSE clients, 4 pending) for job job-123

stdout | tests/workers/durable-objects/job-state-manager-do.test.js > JobStateManagerDO > SSE Update Batching (Issue #157) > should reduce I/O operations for high-frequency updates
[JobStateManager] Flushed 5 pending updates for job job-123

stdout | tests/workers/durable-objects/job-state-manager-do.test.js > JobStateManagerDO > SSE Update Batching (Issue #157) > should reduce I/O operations for high-frequency updates
[JobStateManager] Broadcast progress to queue (0 SSE clients, 0 pending) for job job-123

stdout | tests/workers/durable-objects/job-state-manager-do.test.js > JobStateManagerDO > SSE Update Batching (Issue #157) > should reduce I/O operations for high-frequency updates
[JobStateManager] Broadcast progress to queue (0 SSE clients, 1 pending) for job job-123

stdout | tests/workers/durable-objects/job-state-manager-do.test.js > JobStateManagerDO > SSE Update Batching (Issue #157) > should reduce I/O operations for high-frequency updates
[JobStateManager] Broadcast progress to queue (0 SSE clients, 2 pending) for job job-123

stdout | tests/workers/durable-objects/job-state-manager-do.test.js > JobStateManagerDO > SSE Update Batching (Issue #157) > should reduce I/O operations for high-frequency updates
[JobStateManager] Broadcast progress to queue (0 SSE clients, 3 pending) for job job-123

stdout | tests/workers/durable-objects/job-state-manager-do.test.js > JobStateManagerDO > SSE Update Batching (Issue #157) > should reduce I/O operations for high-frequency updates
[JobStateManager] Broadcast progress to queue (0 SSE clients, 4 pending) for job job-123

stdout | tests/workers/durable-objects/job-state-manager-do.test.js > JobStateManagerDO > SSE Update Batching (Issue #157) > should reduce I/O operations for high-frequency updates
[JobStateManager] Flushed 5 pending updates for job job-123

stdout | tests/workers/durable-objects/job-state-manager-do.test.js > JobStateManagerDO > SSE Update Batching (Issue #157) > should reduce I/O operations for high-frequency updates
[JobStateManager] Broadcast progress to queue (0 SSE clients, 0 pending) for job job-123

stdout | tests/workers/durable-objects/job-state-manager-do.test.js > JobStateManagerDO > SSE Update Batching (Issue #157) > should reduce I/O operations for high-frequency updates
[JobStateManager] Broadcast progress to queue (0 SSE clients, 1 pending) for job job-123

stdout | tests/workers/durable-objects/job-state-manager-do.test.js > JobStateManagerDO > SSE Update Batching (Issue #157) > should reduce I/O operations for high-frequency updates
[JobStateManager] Broadcast progress to queue (0 SSE clients, 2 pending) for job job-123

stdout | tests/workers/durable-objects/job-state-manager-do.test.js > JobStateManagerDO > SSE Update Batching (Issue #157) > should reduce I/O operations for high-frequency updates
[JobStateManager] Broadcast progress to queue (0 SSE clients, 3 pending) for job job-123

stdout | tests/workers/durable-objects/job-state-manager-do.test.js > JobStateManagerDO > SSE Update Batching (Issue #157) > should reduce I/O operations for high-frequency updates
[JobStateManager] Broadcast progress to queue (0 SSE clients, 4 pending) for job job-123

stdout | tests/workers/durable-objects/job-state-manager-do.test.js > JobStateManagerDO > SSE Update Batching (Issue #157) > should reduce I/O operations for high-frequency updates
[JobStateManager] Flushed 5 pending updates for job job-123

stdout | tests/workers/durable-objects/job-state-manager-do.test.js > JobStateManagerDO > SSE Update Batching (Issue #157) > should reduce I/O operations for high-frequency updates
[JobStateManager] Broadcast progress to queue (0 SSE clients, 0 pending) for job job-123

stdout | tests/workers/durable-objects/job-state-manager-do.test.js > JobStateManagerDO > SSE Update Batching (Issue #157) > should reduce I/O operations for high-frequency updates
[JobStateManager] Broadcast progress to queue (0 SSE clients, 1 pending) for job job-123

stdout | tests/workers/durable-objects/job-state-manager-do.test.js > JobStateManagerDO > SSE Update Batching (Issue #157) > should reduce I/O operations for high-frequency updates
[JobStateManager] Broadcast progress to queue (0 SSE clients, 2 pending) for job job-123

stdout | tests/workers/durable-objects/job-state-manager-do.test.js > JobStateManagerDO > SSE Update Batching (Issue #157) > should reduce I/O operations for high-frequency updates
[JobStateManager] Broadcast progress to queue (0 SSE clients, 3 pending) for job job-123

stdout | tests/workers/durable-objects/job-state-manager-do.test.js > JobStateManagerDO > SSE Update Batching (Issue #157) > should reduce I/O operations for high-frequency updates
[JobStateManager] Broadcast progress to queue (0 SSE clients, 4 pending) for job job-123

stdout | tests/workers/durable-objects/job-state-manager-do.test.js > JobStateManagerDO > SSE Update Batching (Issue #157) > should reduce I/O operations for high-frequency updates
[JobStateManager] Flushed 5 pending updates for job job-123

stdout | tests/workers/durable-objects/job-state-manager-do.test.js > JobStateManagerDO > SSE Update Batching (Issue #157) > should reduce I/O operations for high-frequency updates
[JobStateManager] Broadcast progress to queue (0 SSE clients, 0 pending) for job job-123

stdout | tests/workers/durable-objects/job-state-manager-do.test.js > JobStateManagerDO > SSE Update Batching (Issue #157) > should reduce I/O operations for high-frequency updates
[JobStateManager] Broadcast progress to queue (0 SSE clients, 1 pending) for job job-123

stdout | tests/workers/durable-objects/job-state-manager-do.test.js > JobStateManagerDO > SSE Update Batching (Issue #157) > should reduce I/O operations for high-frequency updates
[JobStateManager] Broadcast progress to queue (0 SSE clients, 2 pending) for job job-123

stdout | tests/workers/durable-objects/job-state-manager-do.test.js > JobStateManagerDO > SSE Update Batching (Issue #157) > should reduce I/O operations for high-frequency updates
[JobStateManager] Broadcast progress to queue (0 SSE clients, 3 pending) for job job-123

stdout | tests/workers/durable-objects/job-state-manager-do.test.js > JobStateManagerDO > SSE Update Batching (Issue #157) > should reduce I/O operations for high-frequency updates
[JobStateManager] Broadcast progress to queue (0 SSE clients, 4 pending) for job job-123

stdout | tests/workers/durable-objects/job-state-manager-do.test.js > JobStateManagerDO > SSE Update Batching (Issue #157) > should reduce I/O operations for high-frequency updates
[JobStateManager] Flushed 5 pending updates for job job-123

stdout | tests/workers/durable-objects/job-state-manager-do.test.js > JobStateManagerDO > SSE Update Batching (Issue #157) > should reduce I/O operations for high-frequency updates
[JobStateManager] Broadcast progress to queue (0 SSE clients, 0 pending) for job job-123

stdout | tests/workers/durable-objects/job-state-manager-do.test.js > JobStateManagerDO > SSE Update Batching (Issue #157) > should reduce I/O operations for high-frequency updates
[JobStateManager] Broadcast progress to queue (0 SSE clients, 1 pending) for job job-123

stdout | tests/workers/durable-objects/job-state-manager-do.test.js > JobStateManagerDO > SSE Update Batching (Issue #157) > should reduce I/O operations for high-frequency updates
[JobStateManager] Broadcast progress to queue (0 SSE clients, 2 pending) for job job-123

stdout | tests/workers/durable-objects/job-state-manager-do.test.js > JobStateManagerDO > SSE Update Batching (Issue #157) > should reduce I/O operations for high-frequency updates
[JobStateManager] Broadcast progress to queue (0 SSE clients, 3 pending) for job job-123

stdout | tests/workers/durable-objects/job-state-manager-do.test.js > JobStateManagerDO > SSE Update Batching (Issue #157) > should reduce I/O operations for high-frequency updates
[JobStateManager] Broadcast progress to queue (0 SSE clients, 4 pending) for job job-123

stdout | tests/workers/durable-objects/job-state-manager-do.test.js > JobStateManagerDO > SSE Update Batching (Issue #157) > should reduce I/O operations for high-frequency updates
[JobStateManager] Flushed 5 pending updates for job job-123

stdout | tests/workers/durable-objects/job-state-manager-do.test.js > JobStateManagerDO > SSE Update Batching (Issue #157) > should reduce I/O operations for high-frequency updates
[JobStateManager] Broadcast progress to queue (0 SSE clients, 0 pending) for job job-123

stdout | tests/workers/durable-objects/job-state-manager-do.test.js > JobStateManagerDO > SSE Update Batching (Issue #157) > should reduce I/O operations for high-frequency updates
[JobStateManager] Broadcast progress to queue (0 SSE clients, 1 pending) for job job-123

stdout | tests/workers/durable-objects/job-state-manager-do.test.js > JobStateManagerDO > SSE Update Batching (Issue #157) > should reduce I/O operations for high-frequency updates
[JobStateManager] Broadcast progress to queue (0 SSE clients, 2 pending) for job job-123

stdout | tests/workers/durable-objects/job-state-manager-do.test.js > JobStateManagerDO > SSE Update Batching (Issue #157) > should reduce I/O operations for high-frequency updates
[JobStateManager] Broadcast progress to queue (0 SSE clients, 3 pending) for job job-123

stdout | tests/workers/durable-objects/job-state-manager-do.test.js > JobStateManagerDO > SSE Update Batching (Issue #157) > should reduce I/O operations for high-frequency updates
[JobStateManager] Broadcast progress to queue (0 SSE clients, 4 pending) for job job-123

stdout | tests/workers/durable-objects/job-state-manager-do.test.js > JobStateManagerDO > SSE Update Batching (Issue #157) > should reduce I/O operations for high-frequency updates
[JobStateManager] Flushed 5 pending updates for job job-123

stdout | tests/workers/durable-objects/job-state-manager-do.test.js > JobStateManagerDO > SSE Update Batching (Issue #157) > should reduce I/O operations for high-frequency updates
[JobStateManager] Broadcast progress to queue (0 SSE clients, 0 pending) for job job-123

stdout | tests/workers/durable-objects/job-state-manager-do.test.js > JobStateManagerDO > SSE Update Batching (Issue #157) > should reduce I/O operations for high-frequency updates
[JobStateManager] Broadcast progress to queue (0 SSE clients, 1 pending) for job job-123

stdout | tests/workers/durable-objects/job-state-manager-do.test.js > JobStateManagerDO > SSE Update Batching (Issue #157) > should reduce I/O operations for high-frequency updates
[JobStateManager] Broadcast progress to queue (0 SSE clients, 2 pending) for job job-123

stdout | tests/workers/durable-objects/job-state-manager-do.test.js > JobStateManagerDO > SSE Update Batching (Issue #157) > should reduce I/O operations for high-frequency updates
[JobStateManager] Broadcast progress to queue (0 SSE clients, 3 pending) for job job-123

stdout | tests/workers/durable-objects/job-state-manager-do.test.js > JobStateManagerDO > SSE Update Batching (Issue #157) > should reduce I/O operations for high-frequency updates
[JobStateManager] Broadcast progress to queue (0 SSE clients, 4 pending) for job job-123

stdout | tests/workers/durable-objects/job-state-manager-do.test.js > JobStateManagerDO > SSE Update Batching (Issue #157) > should reduce I/O operations for high-frequency updates
[JobStateManager] Flushed 5 pending updates for job job-123

stdout | tests/workers/durable-objects/job-state-manager-do.test.js > JobStateManagerDO > SSE Update Batching (Issue #157) > should reduce I/O operations for high-frequency updates
[JobStateManager] Broadcast progress to queue (0 SSE clients, 0 pending) for job job-123

stdout | tests/workers/durable-objects/job-state-manager-do.test.js > JobStateManagerDO > SSE Update Batching (Issue #157) > should reduce I/O operations for high-frequency updates
[JobStateManager] Broadcast progress to queue (0 SSE clients, 1 pending) for job job-123

stdout | tests/workers/durable-objects/job-state-manager-do.test.js > JobStateManagerDO > SSE Update Batching (Issue #157) > should reduce I/O operations for high-frequency updates
[JobStateManager] Broadcast progress to queue (0 SSE clients, 2 pending) for job job-123

stdout | tests/workers/durable-objects/job-state-manager-do.test.js > JobStateManagerDO > SSE Update Batching (Issue #157) > should reduce I/O operations for high-frequency updates
[JobStateManager] Broadcast progress to queue (0 SSE clients, 3 pending) for job job-123

stdout | tests/workers/durable-objects/job-state-manager-do.test.js > JobStateManagerDO > SSE Update Batching (Issue #157) > should reduce I/O operations for high-frequency updates
[JobStateManager] Broadcast progress to queue (0 SSE clients, 4 pending) for job job-123

stdout | tests/workers/durable-objects/job-state-manager-do.test.js > JobStateManagerDO > SSE Update Batching (Issue #157) > should reduce I/O operations for high-frequency updates
[JobStateManager] Flushed 5 pending updates for job job-123

stdout | tests/workers/durable-objects/job-state-manager-do.test.js > JobStateManagerDO > SSE Update Batching (Issue #157) > should reduce I/O operations for high-frequency updates
[JobStateManager] Broadcast progress to queue (0 SSE clients, 0 pending) for job job-123

stdout | tests/workers/durable-objects/job-state-manager-do.test.js > JobStateManagerDO > SSE Update Batching (Issue #157) > should reduce I/O operations for high-frequency updates
[JobStateManager] Broadcast progress to queue (0 SSE clients, 1 pending) for job job-123

stdout | tests/workers/durable-objects/job-state-manager-do.test.js > JobStateManagerDO > SSE Update Batching (Issue #157) > should reduce I/O operations for high-frequency updates
[JobStateManager] Broadcast progress to queue (0 SSE clients, 2 pending) for job job-123

stdout | tests/workers/durable-objects/job-state-manager-do.test.js > JobStateManagerDO > SSE Update Batching (Issue #157) > should reduce I/O operations for high-frequency updates
[JobStateManager] Broadcast progress to queue (0 SSE clients, 3 pending) for job job-123

stdout | tests/workers/durable-objects/job-state-manager-do.test.js > JobStateManagerDO > SSE Update Batching (Issue #157) > should reduce I/O operations for high-frequency updates
[JobStateManager] Broadcast progress to queue (0 SSE clients, 4 pending) for job job-123

stdout | tests/workers/durable-objects/job-state-manager-do.test.js > JobStateManagerDO > SSE Update Batching (Issue #157) > should reduce I/O operations for high-frequency updates
[JobStateManager] Flushed 5 pending updates for job job-123

stdout | tests/workers/durable-objects/job-state-manager-do.test.js > JobStateManagerDO > SSE Update Batching (Issue #157) > should reduce I/O operations for high-frequency updates
[JobStateManager] Broadcast progress to queue (0 SSE clients, 0 pending) for job job-123

stdout | tests/workers/durable-objects/job-state-manager-do.test.js > JobStateManagerDO > SSE Update Batching (Issue #157) > should reduce I/O operations for high-frequency updates
[JobStateManager] Broadcast progress to queue (0 SSE clients, 1 pending) for job job-123

stdout | tests/workers/durable-objects/job-state-manager-do.test.js > JobStateManagerDO > SSE Update Batching (Issue #157) > should reduce I/O operations for high-frequency updates
[JobStateManager] Broadcast progress to queue (0 SSE clients, 2 pending) for job job-123

stdout | tests/workers/durable-objects/job-state-manager-do.test.js > JobStateManagerDO > SSE Update Batching (Issue #157) > should reduce I/O operations for high-frequency updates
[JobStateManager] Broadcast progress to queue (0 SSE clients, 3 pending) for job job-123

stdout | tests/workers/durable-objects/job-state-manager-do.test.js > JobStateManagerDO > SSE Update Batching (Issue #157) > should reduce I/O operations for high-frequency updates
[JobStateManager] Broadcast progress to queue (0 SSE clients, 4 pending) for job job-123

stdout | tests/workers/durable-objects/job-state-manager-do.test.js > JobStateManagerDO > SSE Update Batching (Issue #157) > should reduce I/O operations for high-frequency updates
[JobStateManager] Flushed 5 pending updates for job job-123

stdout | tests/workers/durable-objects/job-state-manager-do.test.js > JobStateManagerDO > SSE Update Batching (Issue #157) > should reduce I/O operations for high-frequency updates
[JobStateManager] Broadcast progress to queue (0 SSE clients, 0 pending) for job job-123

stdout | tests/workers/durable-objects/job-state-manager-do.test.js > JobStateManagerDO > SSE Update Batching (Issue #157) > should reduce I/O operations for high-frequency updates
[JobStateManager] Broadcast progress to queue (0 SSE clients, 1 pending) for job job-123

stdout | tests/workers/durable-objects/job-state-manager-do.test.js > JobStateManagerDO > SSE Update Batching (Issue #157) > should reduce I/O operations for high-frequency updates
[JobStateManager] Broadcast progress to queue (0 SSE clients, 2 pending) for job job-123

stdout | tests/workers/durable-objects/job-state-manager-do.test.js > JobStateManagerDO > SSE Update Batching (Issue #157) > should reduce I/O operations for high-frequency updates
[JobStateManager] Broadcast progress to queue (0 SSE clients, 3 pending) for job job-123

stdout | tests/workers/durable-objects/job-state-manager-do.test.js > JobStateManagerDO > SSE Update Batching (Issue #157) > should reduce I/O operations for high-frequency updates
[JobStateManager] Broadcast progress to queue (0 SSE clients, 4 pending) for job job-123

stdout | tests/workers/durable-objects/job-state-manager-do.test.js > JobStateManagerDO > SSE Update Batching (Issue #157) > should reduce I/O operations for high-frequency updates
[JobStateManager] Flushed 5 pending updates for job job-123

stdout | tests/workers/durable-objects/job-state-manager-do.test.js > JobStateManagerDO > SSE Update Batching (Issue #157) > should reduce I/O operations for high-frequency updates
[JobStateManager] Broadcast progress to queue (0 SSE clients, 0 pending) for job job-123

stdout | tests/workers/durable-objects/job-state-manager-do.test.js > JobStateManagerDO > SSE Update Batching (Issue #157) > should reduce I/O operations for high-frequency updates
[JobStateManager] Broadcast progress to queue (0 SSE clients, 1 pending) for job job-123

stdout | tests/workers/durable-objects/job-state-manager-do.test.js > JobStateManagerDO > SSE Update Batching (Issue #157) > should reduce I/O operations for high-frequency updates
[JobStateManager] Broadcast progress to queue (0 SSE clients, 2 pending) for job job-123

stdout | tests/workers/durable-objects/job-state-manager-do.test.js > JobStateManagerDO > SSE Update Batching (Issue #157) > should reduce I/O operations for high-frequency updates
[JobStateManager] Broadcast progress to queue (0 SSE clients, 3 pending) for job job-123

stdout | tests/workers/durable-objects/job-state-manager-do.test.js > JobStateManagerDO > SSE Update Batching (Issue #157) > should reduce I/O operations for high-frequency updates
[JobStateManager] Broadcast progress to queue (0 SSE clients, 4 pending) for job job-123

stdout | tests/workers/durable-objects/job-state-manager-do.test.js > JobStateManagerDO > SSE Update Batching (Issue #157) > should reduce I/O operations for high-frequency updates
[JobStateManager] Flushed 5 pending updates for job job-123

stdout | tests/workers/durable-objects/job-state-manager-do.test.js > JobStateManagerDO > SSE Update Batching (Issue #157) > should reduce I/O operations for high-frequency updates
[JobStateManager] Broadcast progress to queue (0 SSE clients, 0 pending) for job job-123

stdout | tests/workers/durable-objects/job-state-manager-do.test.js > JobStateManagerDO > SSE Update Batching (Issue #157) > should reduce I/O operations for high-frequency updates
[JobStateManager] Broadcast progress to queue (0 SSE clients, 1 pending) for job job-123

stdout | tests/workers/durable-objects/job-state-manager-do.test.js > JobStateManagerDO > SSE Update Batching (Issue #157) > should reduce I/O operations for high-frequency updates
[JobStateManager] Broadcast progress to queue (0 SSE clients, 2 pending) for job job-123

stdout | tests/workers/durable-objects/job-state-manager-do.test.js > JobStateManagerDO > SSE Update Batching (Issue #157) > should reduce I/O operations for high-frequency updates
[JobStateManager] Broadcast progress to queue (0 SSE clients, 3 pending) for job job-123

stdout | tests/workers/durable-objects/job-state-manager-do.test.js > JobStateManagerDO > SSE Update Batching (Issue #157) > should reduce I/O operations for high-frequency updates
[JobStateManager] Broadcast progress to queue (0 SSE clients, 4 pending) for job job-123

stdout | tests/workers/durable-objects/job-state-manager-do.test.js > JobStateManagerDO > SSE Update Batching (Issue #157) > should reduce I/O operations for high-frequency updates
[JobStateManager] Flushed 5 pending updates for job job-123

stdout | tests/workers/durable-objects/job-state-manager-do.test.js > JobStateManagerDO > SSE Update Batching (Issue #157) > should reduce I/O operations for high-frequency updates
[JobStateManager] Broadcast progress to queue (0 SSE clients, 0 pending) for job job-123

stdout | tests/workers/durable-objects/job-state-manager-do.test.js > JobStateManagerDO > SSE Update Batching (Issue #157) > should reduce I/O operations for high-frequency updates
[JobStateManager] Broadcast progress to queue (0 SSE clients, 1 pending) for job job-123

stdout | tests/workers/durable-objects/job-state-manager-do.test.js > JobStateManagerDO > SSE Update Batching (Issue #157) > should reduce I/O operations for high-frequency updates
[JobStateManager] Broadcast progress to queue (0 SSE clients, 2 pending) for job job-123

stdout | tests/workers/durable-objects/job-state-manager-do.test.js > JobStateManagerDO > SSE Update Batching (Issue #157) > should reduce I/O operations for high-frequency updates
[JobStateManager] Broadcast progress to queue (0 SSE clients, 3 pending) for job job-123

stdout | tests/workers/durable-objects/job-state-manager-do.test.js > JobStateManagerDO > SSE Update Batching (Issue #157) > should reduce I/O operations for high-frequency updates
[JobStateManager] Broadcast progress to queue (0 SSE clients, 4 pending) for job job-123

stdout | tests/workers/durable-objects/job-state-manager-do.test.js > JobStateManagerDO > SSE Update Batching (Issue #157) > should reduce I/O operations for high-frequency updates
[JobStateManager] Flushed 5 pending updates for job job-123

stdout | tests/workers/durable-objects/job-state-manager-do.test.js > JobStateManagerDO > SSE Update Batching (Issue #157) > should reduce I/O operations for high-frequency updates
[JobStateManager] Broadcast progress to queue (0 SSE clients, 0 pending) for job job-123

stdout | tests/workers/durable-objects/job-state-manager-do.test.js > JobStateManagerDO > SSE Update Batching (Issue #157) > should reduce I/O operations for high-frequency updates
[JobStateManager] Broadcast progress to queue (0 SSE clients, 1 pending) for job job-123

stdout | tests/workers/durable-objects/job-state-manager-do.test.js > JobStateManagerDO > SSE Update Batching (Issue #157) > should reduce I/O operations for high-frequency updates
[JobStateManager] Broadcast progress to queue (0 SSE clients, 2 pending) for job job-123

stdout | tests/workers/durable-objects/job-state-manager-do.test.js > JobStateManagerDO > SSE Update Batching (Issue #157) > should reduce I/O operations for high-frequency updates
[JobStateManager] Broadcast progress to queue (0 SSE clients, 3 pending) for job job-123

stdout | tests/workers/durable-objects/job-state-manager-do.test.js > JobStateManagerDO > SSE Update Batching (Issue #157) > should reduce I/O operations for high-frequency updates
[JobStateManager] Broadcast progress to queue (0 SSE clients, 4 pending) for job job-123

stdout | tests/workers/durable-objects/job-state-manager-do.test.js > JobStateManagerDO > SSE Update Batching (Issue #157) > should reduce I/O operations for high-frequency updates
[JobStateManager] Flushed 5 pending updates for job job-123

stdout | tests/workers/durable-objects/job-state-manager-do.test.js > JobStateManagerDO > SSE Update Batching (Issue #157) > should reduce I/O operations for high-frequency updates
[JobStateManager] Broadcast progress to queue (0 SSE clients, 0 pending) for job job-123

stdout | tests/workers/durable-objects/job-state-manager-do.test.js > JobStateManagerDO > SSE Update Batching (Issue #157) > should reduce I/O operations for high-frequency updates
[JobStateManager] Broadcast progress to queue (0 SSE clients, 1 pending) for job job-123

stdout | tests/workers/durable-objects/job-state-manager-do.test.js > JobStateManagerDO > SSE Update Batching (Issue #157) > should reduce I/O operations for high-frequency updates
[JobStateManager] Broadcast progress to queue (0 SSE clients, 2 pending) for job job-123

stdout | tests/workers/durable-objects/job-state-manager-do.test.js > JobStateManagerDO > SSE Update Batching (Issue #157) > should reduce I/O operations for high-frequency updates
[JobStateManager] Broadcast progress to queue (0 SSE clients, 3 pending) for job job-123

stdout | tests/workers/durable-objects/job-state-manager-do.test.js > JobStateManagerDO > SSE Update Batching (Issue #157) > should reduce I/O operations for high-frequency updates
[JobStateManager] Broadcast progress to queue (0 SSE clients, 4 pending) for job job-123

stdout | tests/workers/durable-objects/job-state-manager-do.test.js > JobStateManagerDO > SSE Update Batching (Issue #157) > should reduce I/O operations for high-frequency updates
[JobStateManager] Flushed 5 pending updates for job job-123

stdout | tests/workers/durable-objects/job-state-manager-do.test.js > JobStateManagerDO > SSE Update Batching (Issue #157) > should reduce I/O operations for high-frequency updates
[JobStateManager] Broadcast progress to queue (0 SSE clients, 0 pending) for job job-123

stdout | tests/workers/durable-objects/job-state-manager-do.test.js > JobStateManagerDO > SSE Update Batching (Issue #157) > should reduce I/O operations for high-frequency updates
[JobStateManager] Broadcast progress to queue (0 SSE clients, 1 pending) for job job-123

stdout | tests/workers/durable-objects/job-state-manager-do.test.js > JobStateManagerDO > SSE Update Batching (Issue #157) > should reduce I/O operations for high-frequency updates
[JobStateManager] Broadcast progress to queue (0 SSE clients, 2 pending) for job job-123

stdout | tests/workers/durable-objects/job-state-manager-do.test.js > JobStateManagerDO > SSE Update Batching (Issue #157) > should reduce I/O operations for high-frequency updates
[JobStateManager] Broadcast progress to queue (0 SSE clients, 3 pending) for job job-123

stdout | tests/workers/durable-objects/job-state-manager-do.test.js > JobStateManagerDO > SSE Update Batching (Issue #157) > should reduce I/O operations for high-frequency updates
[JobStateManager] Broadcast progress to queue (0 SSE clients, 4 pending) for job job-123

stdout | tests/workers/durable-objects/job-state-manager-do.test.js > JobStateManagerDO > SSE Update Batching (Issue #157) > should reduce I/O operations for high-frequency updates
[JobStateManager] Flushed 5 pending updates for job job-123

stdout | tests/workers/durable-objects/job-state-manager-do.test.js > JobStateManagerDO > SSE Update Batching (Issue #157) > should reduce I/O operations for high-frequency updates
[JobStateManager] Broadcast progress to queue (0 SSE clients, 0 pending) for job job-123

stdout | tests/workers/durable-objects/job-state-manager-do.test.js > JobStateManagerDO > SSE Update Batching (Issue #157) > should reduce I/O operations for high-frequency updates
[JobStateManager] Broadcast progress to queue (0 SSE clients, 1 pending) for job job-123

stdout | tests/workers/durable-objects/job-state-manager-do.test.js > JobStateManagerDO > SSE Update Batching (Issue #157) > should reduce I/O operations for high-frequency updates
[JobStateManager] Broadcast progress to queue (0 SSE clients, 2 pending) for job job-123

stdout | tests/workers/durable-objects/job-state-manager-do.test.js > JobStateManagerDO > SSE Update Batching (Issue #157) > should reduce I/O operations for high-frequency updates
[JobStateManager] Broadcast progress to queue (0 SSE clients, 3 pending) for job job-123

stdout | tests/workers/durable-objects/job-state-manager-do.test.js > JobStateManagerDO > SSE Update Batching (Issue #157) > should reduce I/O operations for high-frequency updates
[JobStateManager] Broadcast progress to queue (0 SSE clients, 4 pending) for job job-123

stdout | tests/workers/durable-objects/job-state-manager-do.test.js > JobStateManagerDO > SSE Update Batching (Issue #157) > should reduce I/O operations for high-frequency updates
[JobStateManager] Flushed 5 pending updates for job job-123

stdout | tests/workers/durable-objects/job-state-manager-do.test.js > JobStateManagerDO > SSE Update Batching (Issue #157) > should reduce I/O operations for high-frequency updates
[JobStateManager] Broadcast progress to queue (0 SSE clients, 0 pending) for job job-123

stdout | tests/workers/durable-objects/job-state-manager-do.test.js > JobStateManagerDO > SSE Update Batching (Issue #157) > should reduce I/O operations for high-frequency updates
[JobStateManager] Broadcast progress to queue (0 SSE clients, 1 pending) for job job-123

stdout | tests/workers/durable-objects/job-state-manager-do.test.js > JobStateManagerDO > SSE Update Batching (Issue #157) > should reduce I/O operations for high-frequency updates
[JobStateManager] Broadcast progress to queue (0 SSE clients, 2 pending) for job job-123

stdout | tests/workers/durable-objects/job-state-manager-do.test.js > JobStateManagerDO > SSE Update Batching (Issue #157) > should reduce I/O operations for high-frequency updates
[JobStateManager] Broadcast progress to queue (0 SSE clients, 3 pending) for job job-123

stdout | tests/workers/durable-objects/job-state-manager-do.test.js > JobStateManagerDO > SSE Update Batching (Issue #157) > should reduce I/O operations for high-frequency updates
[JobStateManager] Broadcast progress to queue (0 SSE clients, 4 pending) for job job-123

stdout | tests/workers/durable-objects/job-state-manager-do.test.js > JobStateManagerDO > SSE Update Batching (Issue #157) > should reduce I/O operations for high-frequency updates
[JobStateManager] Flushed 5 pending updates for job job-123

stdout | tests/workers/durable-objects/job-state-manager-do.test.js > JobStateManagerDO > SSE Update Batching (Issue #157) > should reduce I/O operations for high-frequency updates
[JobStateManager] Broadcast progress to queue (0 SSE clients, 0 pending) for job job-123

stdout | tests/workers/durable-objects/job-state-manager-do.test.js > JobStateManagerDO > SSE Update Batching (Issue #157) > should reduce I/O operations for high-frequency updates
[JobStateManager] Broadcast progress to queue (0 SSE clients, 1 pending) for job job-123

stdout | tests/workers/durable-objects/job-state-manager-do.test.js > JobStateManagerDO > SSE Update Batching (Issue #157) > should reduce I/O operations for high-frequency updates
[JobStateManager] Broadcast progress to queue (0 SSE clients, 2 pending) for job job-123

stdout | tests/workers/durable-objects/job-state-manager-do.test.js > JobStateManagerDO > SSE Update Batching (Issue #157) > should reduce I/O operations for high-frequency updates
[JobStateManager] Broadcast progress to queue (0 SSE clients, 3 pending) for job job-123

stdout | tests/workers/durable-objects/job-state-manager-do.test.js > JobStateManagerDO > SSE Update Batching (Issue #157) > should reduce I/O operations for high-frequency updates
[JobStateManager] Broadcast progress to queue (0 SSE clients, 4 pending) for job job-123

stdout | tests/workers/durable-objects/job-state-manager-do.test.js > JobStateManagerDO > SSE Update Batching (Issue #157) > should reduce I/O operations for high-frequency updates
[JobStateManager] Flushed 5 pending updates for job job-123

stdout | tests/workers/durable-objects/job-state-manager-do.test.js > JobStateManagerDO > SSE Update Batching (Issue #157) > should reduce I/O operations for high-frequency updates
[JobStateManager] Broadcast progress to queue (0 SSE clients, 0 pending) for job job-123

stdout | tests/workers/durable-objects/job-state-manager-do.test.js > JobStateManagerDO > SSE Update Batching (Issue #157) > should reduce I/O operations for high-frequency updates
[JobStateManager] Broadcast progress to queue (0 SSE clients, 1 pending) for job job-123

stdout | tests/workers/durable-objects/job-state-manager-do.test.js > JobStateManagerDO > SSE Update Batching (Issue #157) > should reduce I/O operations for high-frequency updates
[JobStateManager] Broadcast progress to queue (0 SSE clients, 2 pending) for job job-123

stdout | tests/workers/durable-objects/job-state-manager-do.test.js > JobStateManagerDO > SSE Update Batching (Issue #157) > should reduce I/O operations for high-frequency updates
[JobStateManager] Broadcast progress to queue (0 SSE clients, 3 pending) for job job-123

stdout | tests/workers/durable-objects/job-state-manager-do.test.js > JobStateManagerDO > SSE Update Batching (Issue #157) > should reduce I/O operations for high-frequency updates
[JobStateManager] Broadcast progress to queue (0 SSE clients, 4 pending) for job job-123

stdout | tests/workers/durable-objects/job-state-manager-do.test.js > JobStateManagerDO > SSE Update Batching (Issue #157) > should reduce I/O operations for high-frequency updates
[JobStateManager] Flushed 5 pending updates for job job-123

stdout | tests/workers/durable-objects/job-state-manager-do.test.js > JobStateManagerDO > SSE Update Batching (Issue #157) > should reduce I/O operations for high-frequency updates
[JobStateManager] Broadcast progress to queue (0 SSE clients, 0 pending) for job job-123

stdout | tests/workers/durable-objects/job-state-manager-do.test.js > JobStateManagerDO > SSE Update Batching (Issue #157) > should reduce I/O operations for high-frequency updates
[JobStateManager] Broadcast progress to queue (0 SSE clients, 1 pending) for job job-123

stdout | tests/workers/durable-objects/job-state-manager-do.test.js > JobStateManagerDO > SSE Update Batching (Issue #157) > should reduce I/O operations for high-frequency updates
[JobStateManager] Broadcast progress to queue (0 SSE clients, 2 pending) for job job-123

stdout | tests/workers/durable-objects/job-state-manager-do.test.js > JobStateManagerDO > SSE Update Batching (Issue #157) > should reduce I/O operations for high-frequency updates
[JobStateManager] Broadcast progress to queue (0 SSE clients, 3 pending) for job job-123

stdout | tests/workers/durable-objects/job-state-manager-do.test.js > JobStateManagerDO > SSE Update Batching (Issue #157) > should reduce I/O operations for high-frequency updates
[JobStateManager] Broadcast progress to queue (0 SSE clients, 4 pending) for job job-123

stdout | tests/workers/durable-objects/job-state-manager-do.test.js > JobStateManagerDO > SSE Update Batching (Issue #157) > should reduce I/O operations for high-frequency updates
[JobStateManager] Flushed 5 pending updates for job job-123

stdout | tests/workers/durable-objects/job-state-manager-do.test.js > JobStateManagerDO > SSE Update Batching (Issue #157) > should reduce I/O operations for high-frequency updates
[JobStateManager] Broadcast progress to queue (0 SSE clients, 0 pending) for job job-123

stdout | tests/workers/durable-objects/job-state-manager-do.test.js > JobStateManagerDO > SSE Update Batching (Issue #157) > should reduce I/O operations for high-frequency updates
[JobStateManager] Broadcast progress to queue (0 SSE clients, 1 pending) for job job-123

stdout | tests/workers/durable-objects/job-state-manager-do.test.js > JobStateManagerDO > SSE Update Batching (Issue #157) > should reduce I/O operations for high-frequency updates
[JobStateManager] Broadcast progress to queue (0 SSE clients, 2 pending) for job job-123

stdout | tests/workers/durable-objects/job-state-manager-do.test.js > JobStateManagerDO > SSE Update Batching (Issue #157) > should reduce I/O operations for high-frequency updates
[JobStateManager] Broadcast progress to queue (0 SSE clients, 3 pending) for job job-123

stdout | tests/workers/durable-objects/job-state-manager-do.test.js > JobStateManagerDO > SSE Update Batching (Issue #157) > should reduce I/O operations for high-frequency updates
[JobStateManager] Broadcast progress to queue (0 SSE clients, 4 pending) for job job-123

stdout | tests/workers/durable-objects/job-state-manager-do.test.js > JobStateManagerDO > SSE Update Batching (Issue #157) > should reduce I/O operations for high-frequency updates
[JobStateManager] Flushed 5 pending updates for job job-123

stdout | tests/workers/durable-objects/job-state-manager-do.test.js > JobStateManagerDO > SSE Update Batching (Issue #157) > should reduce I/O operations for high-frequency updates
[JobStateManager] Broadcast progress to queue (0 SSE clients, 0 pending) for job job-123

stdout | tests/workers/durable-objects/job-state-manager-do.test.js > JobStateManagerDO > SSE Update Batching (Issue #157) > should reduce I/O operations for high-frequency updates
[JobStateManager] Broadcast progress to queue (0 SSE clients, 1 pending) for job job-123

stdout | tests/workers/durable-objects/job-state-manager-do.test.js > JobStateManagerDO > SSE Update Batching (Issue #157) > should reduce I/O operations for high-frequency updates
[JobStateManager] Broadcast progress to queue (0 SSE clients, 2 pending) for job job-123

stdout | tests/workers/durable-objects/job-state-manager-do.test.js > JobStateManagerDO > SSE Update Batching (Issue #157) > should reduce I/O operations for high-frequency updates
[JobStateManager] Broadcast progress to queue (0 SSE clients, 3 pending) for job job-123

stdout | tests/workers/durable-objects/job-state-manager-do.test.js > JobStateManagerDO > SSE Update Batching (Issue #157) > should reduce I/O operations for high-frequency updates
[JobStateManager] Broadcast progress to queue (0 SSE clients, 4 pending) for job job-123

stdout | tests/workers/durable-objects/job-state-manager-do.test.js > JobStateManagerDO > SSE Update Batching (Issue #157) > should reduce I/O operations for high-frequency updates
[JobStateManager] Flushed 5 pending updates for job job-123

stdout | tests/workers/durable-objects/job-state-manager-do.test.js > JobStateManagerDO > SSE Update Batching (Issue #157) > should reduce I/O operations for high-frequency updates
[JobStateManager] Broadcast progress to queue (0 SSE clients, 0 pending) for job job-123

stdout | tests/workers/durable-objects/job-state-manager-do.test.js > JobStateManagerDO > SSE Update Batching (Issue #157) > should reduce I/O operations for high-frequency updates
[JobStateManager] Broadcast progress to queue (0 SSE clients, 1 pending) for job job-123

stdout | tests/workers/durable-objects/job-state-manager-do.test.js > JobStateManagerDO > SSE Update Batching (Issue #157) > should reduce I/O operations for high-frequency updates
[JobStateManager] Broadcast progress to queue (0 SSE clients, 2 pending) for job job-123

stdout | tests/workers/durable-objects/job-state-manager-do.test.js > JobStateManagerDO > SSE Update Batching (Issue #157) > should reduce I/O operations for high-frequency updates
[JobStateManager] Broadcast progress to queue (0 SSE clients, 3 pending) for job job-123

stdout | tests/workers/durable-objects/job-state-manager-do.test.js > JobStateManagerDO > SSE Update Batching (Issue #157) > should reduce I/O operations for high-frequency updates
[JobStateManager] Broadcast progress to queue (0 SSE clients, 4 pending) for job job-123

stdout | tests/workers/durable-objects/job-state-manager-do.test.js > JobStateManagerDO > SSE Update Batching (Issue #157) > should reduce I/O operations for high-frequency updates
[JobStateManager] Flushed 5 pending updates for job job-123

stdout | tests/workers/durable-objects/job-state-manager-do.test.js > JobStateManagerDO > SSE Update Batching (Issue #157) > should reduce I/O operations for high-frequency updates
[JobStateManager] Broadcast progress to queue (0 SSE clients, 0 pending) for job job-123

stdout | tests/workers/durable-objects/job-state-manager-do.test.js > JobStateManagerDO > SSE Update Batching (Issue #157) > should reduce I/O operations for high-frequency updates
[JobStateManager] Broadcast progress to queue (0 SSE clients, 1 pending) for job job-123

stdout | tests/workers/durable-objects/job-state-manager-do.test.js > JobStateManagerDO > SSE Update Batching (Issue #157) > should reduce I/O operations for high-frequency updates
[JobStateManager] Broadcast progress to queue (0 SSE clients, 2 pending) for job job-123

stdout | tests/workers/durable-objects/job-state-manager-do.test.js > JobStateManagerDO > SSE Update Batching (Issue #157) > should reduce I/O operations for high-frequency updates
[JobStateManager] Broadcast progress to queue (0 SSE clients, 3 pending) for job job-123

stdout | tests/workers/durable-objects/job-state-manager-do.test.js > JobStateManagerDO > SSE Update Batching (Issue #157) > should reduce I/O operations for high-frequency updates
[JobStateManager] Broadcast progress to queue (0 SSE clients, 4 pending) for job job-123

stdout | tests/workers/durable-objects/job-state-manager-do.test.js > JobStateManagerDO > SSE Update Batching (Issue #157) > should reduce I/O operations for high-frequency updates
[JobStateManager] Flushed 5 pending updates for job job-123

stdout | tests/workers/durable-objects/job-state-manager-do.test.js > JobStateManagerDO > SSE Update Batching (Issue #157) > should reduce I/O operations for high-frequency updates
[JobStateManager] Broadcast progress to queue (0 SSE clients, 0 pending) for job job-123

stdout | tests/workers/durable-objects/job-state-manager-do.test.js > JobStateManagerDO > SSE Update Batching (Issue #157) > should reduce I/O operations for high-frequency updates
[JobStateManager] Broadcast progress to queue (0 SSE clients, 1 pending) for job job-123

stdout | tests/workers/durable-objects/job-state-manager-do.test.js > JobStateManagerDO > SSE Update Batching (Issue #157) > should reduce I/O operations for high-frequency updates
[JobStateManager] Broadcast progress to queue (0 SSE clients, 2 pending) for job job-123

stdout | tests/workers/durable-objects/job-state-manager-do.test.js > JobStateManagerDO > SSE Update Batching (Issue #157) > should reduce I/O operations for high-frequency updates
[JobStateManager] Broadcast progress to queue (0 SSE clients, 3 pending) for job job-123

stdout | tests/workers/durable-objects/job-state-manager-do.test.js > JobStateManagerDO > SSE Update Batching (Issue #157) > should reduce I/O operations for high-frequency updates
[JobStateManager] Broadcast progress to queue (0 SSE clients, 4 pending) for job job-123

stdout | tests/workers/durable-objects/job-state-manager-do.test.js > JobStateManagerDO > SSE Update Batching (Issue #157) > should reduce I/O operations for high-frequency updates
[JobStateManager] Flushed 5 pending updates for job job-123

stdout | tests/workers/durable-objects/job-state-manager-do.test.js > JobStateManagerDO > SSE Update Batching (Issue #157) > should reduce I/O operations for high-frequency updates
[JobStateManager] Broadcast progress to queue (0 SSE clients, 0 pending) for job job-123

stdout | tests/workers/durable-objects/job-state-manager-do.test.js > JobStateManagerDO > SSE Update Batching (Issue #157) > should reduce I/O operations for high-frequency updates
[JobStateManager] Broadcast progress to queue (0 SSE clients, 1 pending) for job job-123

stdout | tests/workers/durable-objects/job-state-manager-do.test.js > JobStateManagerDO > SSE Update Batching (Issue #157) > should reduce I/O operations for high-frequency updates
[JobStateManager] Broadcast progress to queue (0 SSE clients, 2 pending) for job job-123

stdout | tests/workers/durable-objects/job-state-manager-do.test.js > JobStateManagerDO > SSE Update Batching (Issue #157) > should reduce I/O operations for high-frequency updates
[JobStateManager] Broadcast progress to queue (0 SSE clients, 3 pending) for job job-123

stdout | tests/workers/durable-objects/job-state-manager-do.test.js > JobStateManagerDO > SSE Update Batching (Issue #157) > should reduce I/O operations for high-frequency updates
[JobStateManager] Broadcast progress to queue (0 SSE clients, 4 pending) for job job-123

stdout | tests/workers/durable-objects/job-state-manager-do.test.js > JobStateManagerDO > SSE Update Batching (Issue #157) > should reduce I/O operations for high-frequency updates
[JobStateManager] Flushed 5 pending updates for job job-123

stdout | tests/workers/durable-objects/job-state-manager-do.test.js > JobStateManagerDO > SSE Update Batching (Issue #157) > should reduce I/O operations for high-frequency updates
[JobStateManager] Broadcast progress to queue (0 SSE clients, 0 pending) for job job-123

stdout | tests/workers/durable-objects/job-state-manager-do.test.js > JobStateManagerDO > SSE Update Batching (Issue #157) > should reduce I/O operations for high-frequency updates
[JobStateManager] Broadcast progress to queue (0 SSE clients, 1 pending) for job job-123

stdout | tests/workers/durable-objects/job-state-manager-do.test.js > JobStateManagerDO > SSE Update Batching (Issue #157) > should reduce I/O operations for high-frequency updates
[JobStateManager] Broadcast progress to queue (0 SSE clients, 2 pending) for job job-123

stdout | tests/workers/durable-objects/job-state-manager-do.test.js > JobStateManagerDO > SSE Update Batching (Issue #157) > should reduce I/O operations for high-frequency updates
[JobStateManager] Broadcast progress to queue (0 SSE clients, 3 pending) for job job-123

stdout | tests/workers/durable-objects/job-state-manager-do.test.js > JobStateManagerDO > SSE Update Batching (Issue #157) > should reduce I/O operations for high-frequency updates
[JobStateManager] Broadcast progress to queue (0 SSE clients, 4 pending) for job job-123

stdout | tests/workers/durable-objects/job-state-manager-do.test.js > JobStateManagerDO > SSE Update Batching (Issue #157) > should reduce I/O operations for high-frequency updates
[JobStateManager] Flushed 5 pending updates for job job-123

stdout | tests/workers/durable-objects/job-state-manager-do.test.js > JobStateManagerDO > SSE Update Batching (Issue #157) > should reduce I/O operations for high-frequency updates
[JobStateManager] Broadcast progress to queue (0 SSE clients, 0 pending) for job job-123

stdout | tests/workers/durable-objects/job-state-manager-do.test.js > JobStateManagerDO > SSE Update Batching (Issue #157) > should reduce I/O operations for high-frequency updates
[JobStateManager] Broadcast progress to queue (0 SSE clients, 1 pending) for job job-123

stdout | tests/workers/durable-objects/job-state-manager-do.test.js > JobStateManagerDO > SSE Update Batching (Issue #157) > should reduce I/O operations for high-frequency updates
[JobStateManager] Broadcast progress to queue (0 SSE clients, 2 pending) for job job-123

stdout | tests/workers/durable-objects/job-state-manager-do.test.js > JobStateManagerDO > SSE Update Batching (Issue #157) > should reduce I/O operations for high-frequency updates
[JobStateManager] Broadcast progress to queue (0 SSE clients, 3 pending) for job job-123

stdout | tests/workers/durable-objects/job-state-manager-do.test.js > JobStateManagerDO > SSE Update Batching (Issue #157) > should reduce I/O operations for high-frequency updates
[JobStateManager] Broadcast progress to queue (0 SSE clients, 4 pending) for job job-123

stdout | tests/workers/durable-objects/job-state-manager-do.test.js > JobStateManagerDO > SSE Update Batching (Issue #157) > should reduce I/O operations for high-frequency updates
[JobStateManager] Flushed 5 pending updates for job job-123

stdout | tests/workers/durable-objects/job-state-manager-do.test.js > JobStateManagerDO > SSE Update Batching (Issue #157) > should reduce I/O operations for high-frequency updates
[JobStateManager] Broadcast progress to queue (0 SSE clients, 0 pending) for job job-123

stdout | tests/workers/durable-objects/job-state-manager-do.test.js > JobStateManagerDO > SSE Update Batching (Issue #157) > should reduce I/O operations for high-frequency updates
[JobStateManager] Broadcast progress to queue (0 SSE clients, 1 pending) for job job-123

stdout | tests/workers/durable-objects/job-state-manager-do.test.js > JobStateManagerDO > SSE Update Batching (Issue #157) > should reduce I/O operations for high-frequency updates
[JobStateManager] Broadcast progress to queue (0 SSE clients, 2 pending) for job job-123

stdout | tests/workers/durable-objects/job-state-manager-do.test.js > JobStateManagerDO > SSE Update Batching (Issue #157) > should reduce I/O operations for high-frequency updates
[JobStateManager] Broadcast progress to queue (0 SSE clients, 3 pending) for job job-123

stdout | tests/workers/durable-objects/job-state-manager-do.test.js > JobStateManagerDO > SSE Update Batching (Issue #157) > should reduce I/O operations for high-frequency updates
[JobStateManager] Broadcast progress to queue (0 SSE clients, 4 pending) for job job-123

stdout | tests/workers/durable-objects/job-state-manager-do.test.js > JobStateManagerDO > SSE Update Batching (Issue #157) > should reduce I/O operations for high-frequency updates
[JobStateManager] Flushed 5 pending updates for job job-123

stdout | tests/workers/durable-objects/job-state-manager-do.test.js > JobStateManagerDO > SSE Update Batching (Issue #157) > should reduce I/O operations for high-frequency updates
[JobStateManager] Broadcast progress to queue (0 SSE clients, 0 pending) for job job-123

stdout | tests/workers/durable-objects/job-state-manager-do.test.js > JobStateManagerDO > SSE Update Batching (Issue #157) > should reduce I/O operations for high-frequency updates
[JobStateManager] Broadcast progress to queue (0 SSE clients, 1 pending) for job job-123

stdout | tests/workers/durable-objects/job-state-manager-do.test.js > JobStateManagerDO > SSE Update Batching (Issue #157) > should reduce I/O operations for high-frequency updates
[JobStateManager] Broadcast progress to queue (0 SSE clients, 2 pending) for job job-123

stdout | tests/workers/durable-objects/job-state-manager-do.test.js > JobStateManagerDO > SSE Update Batching (Issue #157) > should reduce I/O operations for high-frequency updates
[JobStateManager] Broadcast progress to queue (0 SSE clients, 3 pending) for job job-123

stdout | tests/workers/durable-objects/job-state-manager-do.test.js > JobStateManagerDO > SSE Update Batching (Issue #157) > should reduce I/O operations for high-frequency updates
[JobStateManager] Broadcast progress to queue (0 SSE clients, 4 pending) for job job-123

stdout | tests/workers/durable-objects/job-state-manager-do.test.js > JobStateManagerDO > SSE Update Batching (Issue #157) > should reduce I/O operations for high-frequency updates
[JobStateManager] Flushed 5 pending updates for job job-123

stdout | tests/workers/durable-objects/job-state-manager-do.test.js > JobStateManagerDO > SSE Update Batching (Issue #157) > should reduce I/O operations for high-frequency updates
[JobStateManager] Broadcast progress to queue (0 SSE clients, 0 pending) for job job-123

stdout | tests/workers/durable-objects/job-state-manager-do.test.js > JobStateManagerDO > SSE Update Batching (Issue #157) > should reduce I/O operations for high-frequency updates
[JobStateManager] Broadcast progress to queue (0 SSE clients, 1 pending) for job job-123

stdout | tests/workers/durable-objects/job-state-manager-do.test.js > JobStateManagerDO > SSE Update Batching (Issue #157) > should reduce I/O operations for high-frequency updates
[JobStateManager] Broadcast progress to queue (0 SSE clients, 2 pending) for job job-123

stdout | tests/workers/durable-objects/job-state-manager-do.test.js > JobStateManagerDO > SSE Update Batching (Issue #157) > should reduce I/O operations for high-frequency updates
[JobStateManager] Broadcast progress to queue (0 SSE clients, 3 pending) for job job-123

stdout | tests/workers/durable-objects/job-state-manager-do.test.js > JobStateManagerDO > SSE Update Batching (Issue #157) > should reduce I/O operations for high-frequency updates
[JobStateManager] Broadcast progress to queue (0 SSE clients, 4 pending) for job job-123

stdout | tests/workers/durable-objects/job-state-manager-do.test.js > JobStateManagerDO > SSE Update Batching (Issue #157) > should reduce I/O operations for high-frequency updates
[JobStateManager] Flushed 5 pending updates for job job-123

stdout | tests/workers/durable-objects/job-state-manager-do.test.js > JobStateManagerDO > SSE Update Batching (Issue #157) > should reduce I/O operations for high-frequency updates
[JobStateManager] Broadcast progress to queue (0 SSE clients, 0 pending) for job job-123

stdout | tests/workers/durable-objects/job-state-manager-do.test.js > JobStateManagerDO > SSE Update Batching (Issue #157) > should reduce I/O operations for high-frequency updates
[JobStateManager] Broadcast progress to queue (0 SSE clients, 1 pending) for job job-123

stdout | tests/workers/durable-objects/job-state-manager-do.test.js > JobStateManagerDO > SSE Update Batching (Issue #157) > should reduce I/O operations for high-frequency updates
[JobStateManager] Broadcast progress to queue (0 SSE clients, 2 pending) for job job-123

stdout | tests/workers/durable-objects/job-state-manager-do.test.js > JobStateManagerDO > SSE Update Batching (Issue #157) > should reduce I/O operations for high-frequency updates
[JobStateManager] Broadcast progress to queue (0 SSE clients, 3 pending) for job job-123

stdout | tests/workers/durable-objects/job-state-manager-do.test.js > JobStateManagerDO > SSE Update Batching (Issue #157) > should reduce I/O operations for high-frequency updates
[JobStateManager] Broadcast progress to queue (0 SSE clients, 4 pending) for job job-123

stdout | tests/workers/durable-objects/job-state-manager-do.test.js > JobStateManagerDO > SSE Update Batching (Issue #157) > should reduce I/O operations for high-frequency updates
[JobStateManager] Flushed 5 pending updates for job job-123

stdout | tests/workers/durable-objects/job-state-manager-do.test.js > JobStateManagerDO > SSE Update Batching (Issue #157) > should reduce I/O operations for high-frequency updates
[JobStateManager] Broadcast progress to queue (0 SSE clients, 0 pending) for job job-123

stdout | tests/workers/durable-objects/job-state-manager-do.test.js > JobStateManagerDO > SSE Update Batching (Issue #157) > should reduce I/O operations for high-frequency updates
[JobStateManager] Broadcast progress to queue (0 SSE clients, 1 pending) for job job-123

stdout | tests/workers/durable-objects/job-state-manager-do.test.js > JobStateManagerDO > SSE Update Batching (Issue #157) > should reduce I/O operations for high-frequency updates
[JobStateManager] Broadcast progress to queue (0 SSE clients, 2 pending) for job job-123

stdout | tests/workers/durable-objects/job-state-manager-do.test.js > JobStateManagerDO > SSE Update Batching (Issue #157) > should reduce I/O operations for high-frequency updates
[JobStateManager] Broadcast progress to queue (0 SSE clients, 3 pending) for job job-123

stdout | tests/workers/durable-objects/job-state-manager-do.test.js > JobStateManagerDO > SSE Update Batching (Issue #157) > should reduce I/O operations for high-frequency updates
[JobStateManager] Broadcast progress to queue (0 SSE clients, 4 pending) for job job-123

stdout | tests/workers/durable-objects/job-state-manager-do.test.js > JobStateManagerDO > SSE Update Batching (Issue #157) > should reduce I/O operations for high-frequency updates
[JobStateManager] Flushed 5 pending updates for job job-123

stdout | tests/workers/durable-objects/job-state-manager-do.test.js > JobStateManagerDO > SSE Update Batching (Issue #157) > should reduce I/O operations for high-frequency updates
[JobStateManager] Broadcast progress to queue (0 SSE clients, 0 pending) for job job-123

stdout | tests/workers/durable-objects/job-state-manager-do.test.js > JobStateManagerDO > SSE Update Batching (Issue #157) > should reduce I/O operations for high-frequency updates
[JobStateManager] Broadcast progress to queue (0 SSE clients, 1 pending) for job job-123

stdout | tests/workers/durable-objects/job-state-manager-do.test.js > JobStateManagerDO > SSE Update Batching (Issue #157) > should reduce I/O operations for high-frequency updates
[JobStateManager] Broadcast progress to queue (0 SSE clients, 2 pending) for job job-123

stdout | tests/workers/durable-objects/job-state-manager-do.test.js > JobStateManagerDO > SSE Update Batching (Issue #157) > should reduce I/O operations for high-frequency updates
[JobStateManager] Broadcast progress to queue (0 SSE clients, 3 pending) for job job-123

stdout | tests/workers/durable-objects/job-state-manager-do.test.js > JobStateManagerDO > SSE Update Batching (Issue #157) > should reduce I/O operations for high-frequency updates
[JobStateManager] Broadcast progress to queue (0 SSE clients, 4 pending) for job job-123

stdout | tests/workers/durable-objects/job-state-manager-do.test.js > JobStateManagerDO > SSE Update Batching (Issue #157) > should reduce I/O operations for high-frequency updates
[JobStateManager] Flushed 5 pending updates for job job-123

stdout | tests/workers/durable-objects/job-state-manager-do.test.js > JobStateManagerDO > SSE Update Batching (Issue #157) > should reduce I/O operations for high-frequency updates
[JobStateManager] Broadcast progress to queue (0 SSE clients, 0 pending) for job job-123

stdout | tests/workers/durable-objects/job-state-manager-do.test.js > JobStateManagerDO > SSE Update Batching (Issue #157) > should reduce I/O operations for high-frequency updates
[JobStateManager] Broadcast progress to queue (0 SSE clients, 1 pending) for job job-123

stdout | tests/workers/durable-objects/job-state-manager-do.test.js > JobStateManagerDO > SSE Update Batching (Issue #157) > should reduce I/O operations for high-frequency updates
[JobStateManager] Broadcast progress to queue (0 SSE clients, 2 pending) for job job-123

stdout | tests/workers/durable-objects/job-state-manager-do.test.js > JobStateManagerDO > SSE Update Batching (Issue #157) > should reduce I/O operations for high-frequency updates
[JobStateManager] Broadcast progress to queue (0 SSE clients, 3 pending) for job job-123

stdout | tests/workers/durable-objects/job-state-manager-do.test.js > JobStateManagerDO > SSE Update Batching (Issue #157) > should reduce I/O operations for high-frequency updates
[JobStateManager] Broadcast progress to queue (0 SSE clients, 4 pending) for job job-123

stdout | tests/workers/durable-objects/job-state-manager-do.test.js > JobStateManagerDO > SSE Update Batching (Issue #157) > should reduce I/O operations for high-frequency updates
[JobStateManager] Flushed 5 pending updates for job job-123

stdout | tests/workers/durable-objects/job-state-manager-do.test.js > JobStateManagerDO > SSE Update Batching (Issue #157) > should reduce I/O operations for high-frequency updates
[JobStateManager] Broadcast progress to queue (0 SSE clients, 0 pending) for job job-123

stdout | tests/workers/durable-objects/job-state-manager-do.test.js > JobStateManagerDO > SSE Update Batching (Issue #157) > should reduce I/O operations for high-frequency updates
[JobStateManager] Broadcast progress to queue (0 SSE clients, 1 pending) for job job-123

stdout | tests/workers/durable-objects/job-state-manager-do.test.js > JobStateManagerDO > SSE Update Batching (Issue #157) > should reduce I/O operations for high-frequency updates
[JobStateManager] Broadcast progress to queue (0 SSE clients, 2 pending) for job job-123

stdout | tests/workers/durable-objects/job-state-manager-do.test.js > JobStateManagerDO > SSE Update Batching (Issue #157) > should reduce I/O operations for high-frequency updates
[JobStateManager] Broadcast progress to queue (0 SSE clients, 3 pending) for job job-123

stdout | tests/workers/durable-objects/job-state-manager-do.test.js > JobStateManagerDO > SSE Update Batching (Issue #157) > should reduce I/O operations for high-frequency updates
[JobStateManager] Broadcast progress to queue (0 SSE clients, 4 pending) for job job-123

stdout | tests/workers/durable-objects/job-state-manager-do.test.js > JobStateManagerDO > SSE Update Batching (Issue #157) > should reduce I/O operations for high-frequency updates
[JobStateManager] Flushed 5 pending updates for job job-123

stdout | tests/workers/durable-objects/job-state-manager-do.test.js > JobStateManagerDO > SSE Update Batching (Issue #157) > should reduce I/O operations for high-frequency updates
[JobStateManager] Broadcast progress to queue (0 SSE clients, 0 pending) for job job-123

stdout | tests/workers/durable-objects/job-state-manager-do.test.js > JobStateManagerDO > SSE Update Batching (Issue #157) > should reduce I/O operations for high-frequency updates
[JobStateManager] Broadcast progress to queue (0 SSE clients, 1 pending) for job job-123

stdout | tests/workers/durable-objects/job-state-manager-do.test.js > JobStateManagerDO > SSE Update Batching (Issue #157) > should reduce I/O operations for high-frequency updates
[JobStateManager] Broadcast progress to queue (0 SSE clients, 2 pending) for job job-123

stdout | tests/workers/durable-objects/job-state-manager-do.test.js > JobStateManagerDO > SSE Update Batching (Issue #157) > should reduce I/O operations for high-frequency updates
[JobStateManager] Broadcast progress to queue (0 SSE clients, 3 pending) for job job-123

stdout | tests/workers/durable-objects/job-state-manager-do.test.js > JobStateManagerDO > SSE Update Batching (Issue #157) > should reduce I/O operations for high-frequency updates
[JobStateManager] Broadcast progress to queue (0 SSE clients, 4 pending) for job job-123

stdout | tests/workers/durable-objects/job-state-manager-do.test.js > JobStateManagerDO > SSE Update Batching (Issue #157) > should reduce I/O operations for high-frequency updates
[JobStateManager] Flushed 5 pending updates for job job-123

stdout | tests/workers/durable-objects/job-state-manager-do.test.js > JobStateManagerDO > SSE Update Batching (Issue #157) > should reduce I/O operations for high-frequency updates
[JobStateManager] Broadcast progress to queue (0 SSE clients, 0 pending) for job job-123

stdout | tests/workers/durable-objects/job-state-manager-do.test.js > JobStateManagerDO > SSE Update Batching (Issue #157) > should reduce I/O operations for high-frequency updates
[JobStateManager] Broadcast progress to queue (0 SSE clients, 1 pending) for job job-123

stdout | tests/workers/durable-objects/job-state-manager-do.test.js > JobStateManagerDO > SSE Update Batching (Issue #157) > should reduce I/O operations for high-frequency updates
[JobStateManager] Broadcast progress to queue (0 SSE clients, 2 pending) for job job-123

stdout | tests/workers/durable-objects/job-state-manager-do.test.js > JobStateManagerDO > SSE Update Batching (Issue #157) > should reduce I/O operations for high-frequency updates
[JobStateManager] Broadcast progress to queue (0 SSE clients, 3 pending) for job job-123

stdout | tests/workers/durable-objects/job-state-manager-do.test.js > JobStateManagerDO > SSE Update Batching (Issue #157) > should reduce I/O operations for high-frequency updates
[JobStateManager] Broadcast progress to queue (0 SSE clients, 4 pending) for job job-123

stdout | tests/workers/durable-objects/job-state-manager-do.test.js > JobStateManagerDO > SSE Update Batching (Issue #157) > should reduce I/O operations for high-frequency updates
[JobStateManager] Flushed 5 pending updates for job job-123

stdout | tests/workers/durable-objects/job-state-manager-do.test.js > JobStateManagerDO > SSE Update Batching (Issue #157) > should reduce I/O operations for high-frequency updates
[JobStateManager] Broadcast progress to queue (0 SSE clients, 0 pending) for job job-123

stdout | tests/workers/durable-objects/job-state-manager-do.test.js > JobStateManagerDO > SSE Update Batching (Issue #157) > should reduce I/O operations for high-frequency updates
[JobStateManager] Broadcast progress to queue (0 SSE clients, 1 pending) for job job-123

stdout | tests/workers/durable-objects/job-state-manager-do.test.js > JobStateManagerDO > SSE Update Batching (Issue #157) > should reduce I/O operations for high-frequency updates
[JobStateManager] Broadcast progress to queue (0 SSE clients, 2 pending) for job job-123

stdout | tests/workers/durable-objects/job-state-manager-do.test.js > JobStateManagerDO > SSE Update Batching (Issue #157) > should reduce I/O operations for high-frequency updates
[JobStateManager] Broadcast progress to queue (0 SSE clients, 3 pending) for job job-123

stdout | tests/workers/durable-objects/job-state-manager-do.test.js > JobStateManagerDO > SSE Update Batching (Issue #157) > should reduce I/O operations for high-frequency updates
[JobStateManager] Broadcast progress to queue (0 SSE clients, 4 pending) for job job-123

stdout | tests/workers/durable-objects/job-state-manager-do.test.js > JobStateManagerDO > SSE Update Batching (Issue #157) > should reduce I/O operations for high-frequency updates
[JobStateManager] Flushed 5 pending updates for job job-123

stdout | tests/workers/durable-objects/job-state-manager-do.test.js > JobStateManagerDO > SSE Update Batching (Issue #157) > should reduce I/O operations for high-frequency updates
[JobStateManager] Broadcast progress to queue (0 SSE clients, 0 pending) for job job-123

stdout | tests/workers/durable-objects/job-state-manager-do.test.js > JobStateManagerDO > SSE Update Batching (Issue #157) > should reduce I/O operations for high-frequency updates
[JobStateManager] Broadcast progress to queue (0 SSE clients, 1 pending) for job job-123

stdout | tests/workers/durable-objects/job-state-manager-do.test.js > JobStateManagerDO > SSE Update Batching (Issue #157) > should reduce I/O operations for high-frequency updates
[JobStateManager] Broadcast progress to queue (0 SSE clients, 2 pending) for job job-123

stdout | tests/workers/durable-objects/job-state-manager-do.test.js > JobStateManagerDO > SSE Update Batching (Issue #157) > should reduce I/O operations for high-frequency updates
[JobStateManager] Broadcast progress to queue (0 SSE clients, 3 pending) for job job-123

stdout | tests/workers/durable-objects/job-state-manager-do.test.js > JobStateManagerDO > SSE Update Batching (Issue #157) > should reduce I/O operations for high-frequency updates
[JobStateManager] Broadcast progress to queue (0 SSE clients, 4 pending) for job job-123

stdout | tests/workers/durable-objects/job-state-manager-do.test.js > JobStateManagerDO > SSE Update Batching (Issue #157) > should reduce I/O operations for high-frequency updates
[JobStateManager] Flushed 5 pending updates for job job-123

stdout | tests/workers/durable-objects/job-state-manager-do.test.js > JobStateManagerDO > SSE Update Batching (Issue #157) > should reduce I/O operations for high-frequency updates
[JobStateManager] Broadcast progress to queue (0 SSE clients, 0 pending) for job job-123

stdout | tests/workers/durable-objects/job-state-manager-do.test.js > JobStateManagerDO > SSE Update Batching (Issue #157) > should reduce I/O operations for high-frequency updates
[JobStateManager] Broadcast progress to queue (0 SSE clients, 1 pending) for job job-123

stdout | tests/workers/durable-objects/job-state-manager-do.test.js > JobStateManagerDO > SSE Update Batching (Issue #157) > should reduce I/O operations for high-frequency updates
[JobStateManager] Broadcast progress to queue (0 SSE clients, 2 pending) for job job-123

stdout | tests/workers/durable-objects/job-state-manager-do.test.js > JobStateManagerDO > SSE Update Batching (Issue #157) > should reduce I/O operations for high-frequency updates
[JobStateManager] Broadcast progress to queue (0 SSE clients, 3 pending) for job job-123

stdout | tests/workers/durable-objects/job-state-manager-do.test.js > JobStateManagerDO > SSE Update Batching (Issue #157) > should reduce I/O operations for high-frequency updates
[JobStateManager] Broadcast progress to queue (0 SSE clients, 4 pending) for job job-123

stdout | tests/workers/durable-objects/job-state-manager-do.test.js > JobStateManagerDO > SSE Update Batching (Issue #157) > should reduce I/O operations for high-frequency updates
[JobStateManager] Flushed 5 pending updates for job job-123

stdout | tests/workers/durable-objects/job-state-manager-do.test.js > JobStateManagerDO > SSE Update Batching (Issue #157) > should reduce I/O operations for high-frequency updates
[JobStateManager] Broadcast progress to queue (0 SSE clients, 0 pending) for job job-123

stdout | tests/workers/durable-objects/job-state-manager-do.test.js > JobStateManagerDO > SSE Update Batching (Issue #157) > should reduce I/O operations for high-frequency updates
[JobStateManager] Broadcast progress to queue (0 SSE clients, 1 pending) for job job-123

stdout | tests/workers/durable-objects/job-state-manager-do.test.js > JobStateManagerDO > SSE Update Batching (Issue #157) > should reduce I/O operations for high-frequency updates
[JobStateManager] Broadcast progress to queue (0 SSE clients, 2 pending) for job job-123

stdout | tests/workers/durable-objects/job-state-manager-do.test.js > JobStateManagerDO > SSE Update Batching (Issue #157) > should reduce I/O operations for high-frequency updates
[JobStateManager] Broadcast progress to queue (0 SSE clients, 3 pending) for job job-123

stdout | tests/workers/durable-objects/job-state-manager-do.test.js > JobStateManagerDO > SSE Update Batching (Issue #157) > should reduce I/O operations for high-frequency updates
[JobStateManager] Broadcast progress to queue (0 SSE clients, 4 pending) for job job-123

stdout | tests/workers/durable-objects/job-state-manager-do.test.js > JobStateManagerDO > SSE Update Batching (Issue #157) > should reduce I/O operations for high-frequency updates
[JobStateManager] Flushed 5 pending updates for job job-123

stdout | tests/workers/durable-objects/job-state-manager-do.test.js > JobStateManagerDO > SSE Update Batching (Issue #157) > should reduce I/O operations for high-frequency updates
[JobStateManager] Broadcast progress to queue (0 SSE clients, 0 pending) for job job-123

stdout | tests/workers/durable-objects/job-state-manager-do.test.js > JobStateManagerDO > SSE Update Batching (Issue #157) > should reduce I/O operations for high-frequency updates
[JobStateManager] Broadcast progress to queue (0 SSE clients, 1 pending) for job job-123

stdout | tests/workers/durable-objects/job-state-manager-do.test.js > JobStateManagerDO > SSE Update Batching (Issue #157) > should reduce I/O operations for high-frequency updates
[JobStateManager] Broadcast progress to queue (0 SSE clients, 2 pending) for job job-123

stdout | tests/workers/durable-objects/job-state-manager-do.test.js > JobStateManagerDO > SSE Update Batching (Issue #157) > should reduce I/O operations for high-frequency updates
[JobStateManager] Broadcast progress to queue (0 SSE clients, 3 pending) for job job-123

stdout | tests/workers/durable-objects/job-state-manager-do.test.js > JobStateManagerDO > SSE Update Batching (Issue #157) > should reduce I/O operations for high-frequency updates
[JobStateManager] Broadcast progress to queue (0 SSE clients, 4 pending) for job job-123

stdout | tests/workers/durable-objects/job-state-manager-do.test.js > JobStateManagerDO > SSE Update Batching (Issue #157) > should reduce I/O operations for high-frequency updates
[JobStateManager] Flushed 5 pending updates for job job-123

stdout | tests/workers/durable-objects/job-state-manager-do.test.js > JobStateManagerDO > SSE Update Batching (Issue #157) > should reduce I/O operations for high-frequency updates
[JobStateManager] Broadcast progress to queue (0 SSE clients, 0 pending) for job job-123

stdout | tests/workers/durable-objects/job-state-manager-do.test.js > JobStateManagerDO > SSE Update Batching (Issue #157) > should reduce I/O operations for high-frequency updates
[JobStateManager] Broadcast progress to queue (0 SSE clients, 1 pending) for job job-123

stdout | tests/workers/durable-objects/job-state-manager-do.test.js > JobStateManagerDO > SSE Update Batching (Issue #157) > should reduce I/O operations for high-frequency updates
[JobStateManager] Broadcast progress to queue (0 SSE clients, 2 pending) for job job-123

stdout | tests/workers/durable-objects/job-state-manager-do.test.js > JobStateManagerDO > SSE Update Batching (Issue #157) > should reduce I/O operations for high-frequency updates
[JobStateManager] Broadcast progress to queue (0 SSE clients, 3 pending) for job job-123

stdout | tests/workers/durable-objects/job-state-manager-do.test.js > JobStateManagerDO > SSE Update Batching (Issue #157) > should reduce I/O operations for high-frequency updates
[JobStateManager] Broadcast progress to queue (0 SSE clients, 4 pending) for job job-123

stdout | tests/workers/durable-objects/job-state-manager-do.test.js > JobStateManagerDO > SSE Update Batching (Issue #157) > should reduce I/O operations for high-frequency updates
[JobStateManager] Flushed 5 pending updates for job job-123

stdout | tests/workers/durable-objects/job-state-manager-do.test.js > JobStateManagerDO > SSE Update Batching (Issue #157) > should reduce I/O operations for high-frequency updates
[JobStateManager] Broadcast progress to queue (0 SSE clients, 0 pending) for job job-123

stdout | tests/workers/durable-objects/job-state-manager-do.test.js > JobStateManagerDO > SSE Update Batching (Issue #157) > should reduce I/O operations for high-frequency updates
[JobStateManager] Broadcast progress to queue (0 SSE clients, 1 pending) for job job-123

stdout | tests/workers/durable-objects/job-state-manager-do.test.js > JobStateManagerDO > SSE Update Batching (Issue #157) > should reduce I/O operations for high-frequency updates
[JobStateManager] Broadcast progress to queue (0 SSE clients, 2 pending) for job job-123

stdout | tests/workers/durable-objects/job-state-manager-do.test.js > JobStateManagerDO > SSE Update Batching (Issue #157) > should reduce I/O operations for high-frequency updates
[JobStateManager] Broadcast progress to queue (0 SSE clients, 3 pending) for job job-123

stdout | tests/workers/durable-objects/job-state-manager-do.test.js > JobStateManagerDO > SSE Update Batching (Issue #157) > should reduce I/O operations for high-frequency updates
[JobStateManager] Broadcast progress to queue (0 SSE clients, 4 pending) for job job-123

stdout | tests/workers/durable-objects/job-state-manager-do.test.js > JobStateManagerDO > SSE Update Batching (Issue #157) > should reduce I/O operations for high-frequency updates
[JobStateManager] Flushed 5 pending updates for job job-123

stdout | tests/workers/durable-objects/job-state-manager-do.test.js > JobStateManagerDO > SSE Update Batching (Issue #157) > should reduce I/O operations for high-frequency updates
[JobStateManager] Broadcast progress to queue (0 SSE clients, 0 pending) for job job-123

stdout | tests/workers/durable-objects/job-state-manager-do.test.js > JobStateManagerDO > SSE Update Batching (Issue #157) > should reduce I/O operations for high-frequency updates
[JobStateManager] Broadcast progress to queue (0 SSE clients, 1 pending) for job job-123

stdout | tests/workers/durable-objects/job-state-manager-do.test.js > JobStateManagerDO > SSE Update Batching (Issue #157) > should reduce I/O operations for high-frequency updates
[JobStateManager] Broadcast progress to queue (0 SSE clients, 2 pending) for job job-123

stdout | tests/workers/durable-objects/job-state-manager-do.test.js > JobStateManagerDO > SSE Update Batching (Issue #157) > should reduce I/O operations for high-frequency updates
[JobStateManager] Broadcast progress to queue (0 SSE clients, 3 pending) for job job-123

stdout | tests/workers/durable-objects/job-state-manager-do.test.js > JobStateManagerDO > SSE Update Batching (Issue #157) > should reduce I/O operations for high-frequency updates
[JobStateManager] Broadcast progress to queue (0 SSE clients, 4 pending) for job job-123

stdout | tests/workers/durable-objects/job-state-manager-do.test.js > JobStateManagerDO > SSE Update Batching (Issue #157) > should reduce I/O operations for high-frequency updates
[JobStateManager] Flushed 5 pending updates for job job-123

stdout | tests/workers/durable-objects/job-state-manager-do.test.js > JobStateManagerDO > SSE Update Batching (Issue #157) > should reduce I/O operations for high-frequency updates
[JobStateManager] Broadcast progress to queue (0 SSE clients, 0 pending) for job job-123

stdout | tests/workers/durable-objects/job-state-manager-do.test.js > JobStateManagerDO > SSE Update Batching (Issue #157) > should reduce I/O operations for high-frequency updates
[JobStateManager] Broadcast progress to queue (0 SSE clients, 1 pending) for job job-123

stdout | tests/workers/durable-objects/job-state-manager-do.test.js > JobStateManagerDO > SSE Update Batching (Issue #157) > should reduce I/O operations for high-frequency updates
[JobStateManager] Broadcast progress to queue (0 SSE clients, 2 pending) for job job-123

stdout | tests/workers/durable-objects/job-state-manager-do.test.js > JobStateManagerDO > SSE Update Batching (Issue #157) > should reduce I/O operations for high-frequency updates
[JobStateManager] Broadcast progress to queue (0 SSE clients, 3 pending) for job job-123

stdout | tests/workers/durable-objects/job-state-manager-do.test.js > JobStateManagerDO > SSE Update Batching (Issue #157) > should reduce I/O operations for high-frequency updates
[JobStateManager] Broadcast progress to queue (0 SSE clients, 4 pending) for job job-123

stdout | tests/workers/durable-objects/job-state-manager-do.test.js > JobStateManagerDO > SSE Update Batching (Issue #157) > should reduce I/O operations for high-frequency updates
[JobStateManager] Flushed 5 pending updates for job job-123

stdout | tests/workers/durable-objects/job-state-manager-do.test.js > JobStateManagerDO > SSE Update Batching (Issue #157) > should reduce I/O operations for high-frequency updates
[JobStateManager] Broadcast progress to queue (0 SSE clients, 0 pending) for job job-123

stdout | tests/workers/durable-objects/job-state-manager-do.test.js > JobStateManagerDO > SSE Update Batching (Issue #157) > should reduce I/O operations for high-frequency updates
[JobStateManager] Broadcast progress to queue (0 SSE clients, 1 pending) for job job-123

stdout | tests/workers/durable-objects/job-state-manager-do.test.js > JobStateManagerDO > SSE Update Batching (Issue #157) > should reduce I/O operations for high-frequency updates
[JobStateManager] Broadcast progress to queue (0 SSE clients, 2 pending) for job job-123

stdout | tests/workers/durable-objects/job-state-manager-do.test.js > JobStateManagerDO > SSE Update Batching (Issue #157) > should reduce I/O operations for high-frequency updates
[JobStateManager] Broadcast progress to queue (0 SSE clients, 3 pending) for job job-123

stdout | tests/workers/durable-objects/job-state-manager-do.test.js > JobStateManagerDO > SSE Update Batching (Issue #157) > should reduce I/O operations for high-frequency updates
[JobStateManager] Broadcast progress to queue (0 SSE clients, 4 pending) for job job-123

stdout | tests/workers/durable-objects/job-state-manager-do.test.js > JobStateManagerDO > SSE Update Batching (Issue #157) > should reduce I/O operations for high-frequency updates
[JobStateManager] Flushed 5 pending updates for job job-123

stdout | tests/workers/durable-objects/job-state-manager-do.test.js > JobStateManagerDO > SSE Update Batching (Issue #157) > should reduce I/O operations for high-frequency updates
[JobStateManager] Broadcast progress to queue (0 SSE clients, 0 pending) for job job-123

stdout | tests/workers/durable-objects/job-state-manager-do.test.js > JobStateManagerDO > SSE Update Batching (Issue #157) > should reduce I/O operations for high-frequency updates
[JobStateManager] Broadcast progress to queue (0 SSE clients, 1 pending) for job job-123

stdout | tests/workers/durable-objects/job-state-manager-do.test.js > JobStateManagerDO > SSE Update Batching (Issue #157) > should reduce I/O operations for high-frequency updates
[JobStateManager] Broadcast progress to queue (0 SSE clients, 2 pending) for job job-123

stdout | tests/workers/durable-objects/job-state-manager-do.test.js > JobStateManagerDO > SSE Update Batching (Issue #157) > should reduce I/O operations for high-frequency updates
[JobStateManager] Broadcast progress to queue (0 SSE clients, 3 pending) for job job-123

stdout | tests/workers/durable-objects/job-state-manager-do.test.js > JobStateManagerDO > SSE Update Batching (Issue #157) > should reduce I/O operations for high-frequency updates
[JobStateManager] Broadcast progress to queue (0 SSE clients, 4 pending) for job job-123

stdout | tests/workers/durable-objects/job-state-manager-do.test.js > JobStateManagerDO > SSE Update Batching (Issue #157) > should reduce I/O operations for high-frequency updates
[JobStateManager] Flushed 5 pending updates for job job-123

stdout | tests/workers/durable-objects/job-state-manager-do.test.js > JobStateManagerDO > SSE Update Batching (Issue #157) > should reduce I/O operations for high-frequency updates
[JobStateManager] Broadcast progress to queue (0 SSE clients, 0 pending) for job job-123

stdout | tests/workers/durable-objects/job-state-manager-do.test.js > JobStateManagerDO > SSE Update Batching (Issue #157) > should reduce I/O operations for high-frequency updates
[JobStateManager] Broadcast progress to queue (0 SSE clients, 1 pending) for job job-123

stdout | tests/workers/durable-objects/job-state-manager-do.test.js > JobStateManagerDO > SSE Update Batching (Issue #157) > should reduce I/O operations for high-frequency updates
[JobStateManager] Broadcast progress to queue (0 SSE clients, 2 pending) for job job-123

stdout | tests/workers/durable-objects/job-state-manager-do.test.js > JobStateManagerDO > SSE Update Batching (Issue #157) > should reduce I/O operations for high-frequency updates
[JobStateManager] Broadcast progress to queue (0 SSE clients, 3 pending) for job job-123

stdout | tests/workers/durable-objects/job-state-manager-do.test.js > JobStateManagerDO > SSE Update Batching (Issue #157) > should reduce I/O operations for high-frequency updates
[JobStateManager] Broadcast progress to queue (0 SSE clients, 4 pending) for job job-123

stdout | tests/workers/durable-objects/job-state-manager-do.test.js > JobStateManagerDO > SSE Update Batching (Issue #157) > should reduce I/O operations for high-frequency updates
[JobStateManager] Flushed 5 pending updates for job job-123

stdout | tests/workers/durable-objects/job-state-manager-do.test.js > JobStateManagerDO > SSE Update Batching (Issue #157) > should reduce I/O operations for high-frequency updates
[JobStateManager] Broadcast progress to queue (0 SSE clients, 0 pending) for job job-123

stdout | tests/workers/durable-objects/job-state-manager-do.test.js > JobStateManagerDO > SSE Update Batching (Issue #157) > should reduce I/O operations for high-frequency updates
[JobStateManager] Broadcast progress to queue (0 SSE clients, 1 pending) for job job-123

stdout | tests/workers/durable-objects/job-state-manager-do.test.js > JobStateManagerDO > SSE Update Batching (Issue #157) > should reduce I/O operations for high-frequency updates
[JobStateManager] Broadcast progress to queue (0 SSE clients, 2 pending) for job job-123

stdout | tests/workers/durable-objects/job-state-manager-do.test.js > JobStateManagerDO > SSE Update Batching (Issue #157) > should reduce I/O operations for high-frequency updates
[JobStateManager] Broadcast progress to queue (0 SSE clients, 3 pending) for job job-123

stdout | tests/workers/durable-objects/job-state-manager-do.test.js > JobStateManagerDO > SSE Update Batching (Issue #157) > should reduce I/O operations for high-frequency updates
[JobStateManager] Broadcast progress to queue (0 SSE clients, 4 pending) for job job-123

stdout | tests/workers/durable-objects/job-state-manager-do.test.js > JobStateManagerDO > SSE Update Batching (Issue #157) > should reduce I/O operations for high-frequency updates
[JobStateManager] Flushed 5 pending updates for job job-123

stdout | tests/workers/durable-objects/job-state-manager-do.test.js > JobStateManagerDO > SSE Update Batching (Issue #157) > should reduce I/O operations for high-frequency updates
[JobStateManager] Broadcast progress to queue (0 SSE clients, 0 pending) for job job-123

stdout | tests/workers/durable-objects/job-state-manager-do.test.js > JobStateManagerDO > SSE Update Batching (Issue #157) > should reduce I/O operations for high-frequency updates
[JobStateManager] Broadcast progress to queue (0 SSE clients, 1 pending) for job job-123

stdout | tests/workers/durable-objects/job-state-manager-do.test.js > JobStateManagerDO > SSE Update Batching (Issue #157) > should reduce I/O operations for high-frequency updates
[JobStateManager] Broadcast progress to queue (0 SSE clients, 2 pending) for job job-123

stdout | tests/workers/durable-objects/job-state-manager-do.test.js > JobStateManagerDO > SSE Update Batching (Issue #157) > should reduce I/O operations for high-frequency updates
[JobStateManager] Broadcast progress to queue (0 SSE clients, 3 pending) for job job-123

stdout | tests/workers/durable-objects/job-state-manager-do.test.js > JobStateManagerDO > SSE Update Batching (Issue #157) > should reduce I/O operations for high-frequency updates
[JobStateManager] Broadcast progress to queue (0 SSE clients, 4 pending) for job job-123

stdout | tests/workers/durable-objects/job-state-manager-do.test.js > JobStateManagerDO > SSE Update Batching (Issue #157) > should reduce I/O operations for high-frequency updates
[JobStateManager] Flushed 5 pending updates for job job-123

stdout | tests/workers/durable-objects/job-state-manager-do.test.js > JobStateManagerDO > SSE Update Batching (Issue #157) > should reduce I/O operations for high-frequency updates
[JobStateManager] Broadcast progress to queue (0 SSE clients, 0 pending) for job job-123

stdout | tests/workers/durable-objects/job-state-manager-do.test.js > JobStateManagerDO > SSE Update Batching (Issue #157) > should reduce I/O operations for high-frequency updates
[JobStateManager] Broadcast progress to queue (0 SSE clients, 1 pending) for job job-123

stdout | tests/workers/durable-objects/job-state-manager-do.test.js > JobStateManagerDO > SSE Update Batching (Issue #157) > should reduce I/O operations for high-frequency updates
[JobStateManager] Broadcast progress to queue (0 SSE clients, 2 pending) for job job-123

stdout | tests/workers/durable-objects/job-state-manager-do.test.js > JobStateManagerDO > SSE Update Batching (Issue #157) > should reduce I/O operations for high-frequency updates
[JobStateManager] Broadcast progress to queue (0 SSE clients, 3 pending) for job job-123

stdout | tests/workers/durable-objects/job-state-manager-do.test.js > JobStateManagerDO > SSE Update Batching (Issue #157) > should reduce I/O operations for high-frequency updates
[JobStateManager] Broadcast progress to queue (0 SSE clients, 4 pending) for job job-123

stdout | tests/workers/durable-objects/job-state-manager-do.test.js > JobStateManagerDO > SSE Update Batching (Issue #157) > should reduce I/O operations for high-frequency updates
[JobStateManager] Flushed 5 pending updates for job job-123

stdout | tests/workers/durable-objects/job-state-manager-do.test.js > JobStateManagerDO > SSE Update Batching (Issue #157) > should reduce I/O operations for high-frequency updates
[JobStateManager] Broadcast progress to queue (0 SSE clients, 0 pending) for job job-123

stdout | tests/workers/durable-objects/job-state-manager-do.test.js > JobStateManagerDO > SSE Update Batching (Issue #157) > should reduce I/O operations for high-frequency updates
[JobStateManager] Broadcast progress to queue (0 SSE clients, 1 pending) for job job-123

stdout | tests/workers/durable-objects/job-state-manager-do.test.js > JobStateManagerDO > SSE Update Batching (Issue #157) > should reduce I/O operations for high-frequency updates
[JobStateManager] Broadcast progress to queue (0 SSE clients, 2 pending) for job job-123

stdout | tests/workers/durable-objects/job-state-manager-do.test.js > JobStateManagerDO > SSE Update Batching (Issue #157) > should reduce I/O operations for high-frequency updates
[JobStateManager] Broadcast progress to queue (0 SSE clients, 3 pending) for job job-123

stdout | tests/workers/durable-objects/job-state-manager-do.test.js > JobStateManagerDO > SSE Update Batching (Issue #157) > should reduce I/O operations for high-frequency updates
[JobStateManager] Broadcast progress to queue (0 SSE clients, 4 pending) for job job-123

stdout | tests/workers/durable-objects/job-state-manager-do.test.js > JobStateManagerDO > SSE Update Batching (Issue #157) > should reduce I/O operations for high-frequency updates
[JobStateManager] Flushed 5 pending updates for job job-123

stdout | tests/workers/durable-objects/job-state-manager-do.test.js > JobStateManagerDO > SSE Update Batching (Issue #157) > should reduce I/O operations for high-frequency updates
[JobStateManager] Broadcast progress to queue (0 SSE clients, 0 pending) for job job-123

stdout | tests/workers/durable-objects/job-state-manager-do.test.js > JobStateManagerDO > SSE Update Batching (Issue #157) > should reduce I/O operations for high-frequency updates
[JobStateManager] Broadcast progress to queue (0 SSE clients, 1 pending) for job job-123

stdout | tests/workers/durable-objects/job-state-manager-do.test.js > JobStateManagerDO > SSE Update Batching (Issue #157) > should reduce I/O operations for high-frequency updates
[JobStateManager] Broadcast progress to queue (0 SSE clients, 2 pending) for job job-123

stdout | tests/workers/durable-objects/job-state-manager-do.test.js > JobStateManagerDO > SSE Update Batching (Issue #157) > should reduce I/O operations for high-frequency updates
[JobStateManager] Broadcast progress to queue (0 SSE clients, 3 pending) for job job-123

stdout | tests/workers/durable-objects/job-state-manager-do.test.js > JobStateManagerDO > SSE Update Batching (Issue #157) > should reduce I/O operations for high-frequency updates
[JobStateManager] Broadcast progress to queue (0 SSE clients, 4 pending) for job job-123

stdout | tests/workers/durable-objects/job-state-manager-do.test.js > JobStateManagerDO > SSE Update Batching (Issue #157) > should reduce I/O operations for high-frequency updates
[JobStateManager] Flushed 5 pending updates for job job-123

stdout | tests/workers/durable-objects/job-state-manager-do.test.js > JobStateManagerDO > SSE Update Batching (Issue #157) > should reduce I/O operations for high-frequency updates
[JobStateManager] Broadcast progress to queue (0 SSE clients, 0 pending) for job job-123

stdout | tests/workers/durable-objects/job-state-manager-do.test.js > JobStateManagerDO > SSE Update Batching (Issue #157) > should reduce I/O operations for high-frequency updates
[JobStateManager] Broadcast progress to queue (0 SSE clients, 1 pending) for job job-123

stdout | tests/workers/durable-objects/job-state-manager-do.test.js > JobStateManagerDO > SSE Update Batching (Issue #157) > should reduce I/O operations for high-frequency updates
[JobStateManager] Broadcast progress to queue (0 SSE clients, 2 pending) for job job-123

stdout | tests/workers/durable-objects/job-state-manager-do.test.js > JobStateManagerDO > SSE Update Batching (Issue #157) > should reduce I/O operations for high-frequency updates
[JobStateManager] Broadcast progress to queue (0 SSE clients, 3 pending) for job job-123

stdout | tests/workers/durable-objects/job-state-manager-do.test.js > JobStateManagerDO > SSE Update Batching (Issue #157) > should reduce I/O operations for high-frequency updates
[JobStateManager] Broadcast progress to queue (0 SSE clients, 4 pending) for job job-123

stdout | tests/workers/durable-objects/job-state-manager-do.test.js > JobStateManagerDO > SSE Update Batching (Issue #157) > should reduce I/O operations for high-frequency updates
[JobStateManager] Flushed 5 pending updates for job job-123

stdout | tests/workers/durable-objects/job-state-manager-do.test.js > JobStateManagerDO > SSE Update Batching (Issue #157) > should reduce I/O operations for high-frequency updates
[JobStateManager] Broadcast progress to queue (0 SSE clients, 0 pending) for job job-123

stdout | tests/workers/durable-objects/job-state-manager-do.test.js > JobStateManagerDO > SSE Update Batching (Issue #157) > should reduce I/O operations for high-frequency updates
[JobStateManager] Broadcast progress to queue (0 SSE clients, 1 pending) for job job-123

stdout | tests/workers/durable-objects/job-state-manager-do.test.js > JobStateManagerDO > SSE Update Batching (Issue #157) > should reduce I/O operations for high-frequency updates
[JobStateManager] Broadcast progress to queue (0 SSE clients, 2 pending) for job job-123

stdout | tests/workers/durable-objects/job-state-manager-do.test.js > JobStateManagerDO > SSE Update Batching (Issue #157) > should reduce I/O operations for high-frequency updates
[JobStateManager] Broadcast progress to queue (0 SSE clients, 3 pending) for job job-123

stdout | tests/workers/durable-objects/job-state-manager-do.test.js > JobStateManagerDO > SSE Update Batching (Issue #157) > should reduce I/O operations for high-frequency updates
[JobStateManager] Broadcast progress to queue (0 SSE clients, 4 pending) for job job-123

stdout | tests/workers/durable-objects/job-state-manager-do.test.js > JobStateManagerDO > SSE Update Batching (Issue #157) > should reduce I/O operations for high-frequency updates
[JobStateManager] Flushed 5 pending updates for job job-123

stdout | tests/workers/durable-objects/job-state-manager-do.test.js > JobStateManagerDO > SSE Update Batching (Issue #157) > should reduce I/O operations for high-frequency updates
[JobStateManager] Broadcast progress to queue (0 SSE clients, 0 pending) for job job-123

stdout | tests/workers/durable-objects/job-state-manager-do.test.js > JobStateManagerDO > SSE Update Batching (Issue #157) > should reduce I/O operations for high-frequency updates
[JobStateManager] Broadcast progress to queue (0 SSE clients, 1 pending) for job job-123

stdout | tests/workers/durable-objects/job-state-manager-do.test.js > JobStateManagerDO > SSE Update Batching (Issue #157) > should reduce I/O operations for high-frequency updates
[JobStateManager] Broadcast progress to queue (0 SSE clients, 2 pending) for job job-123

stdout | tests/workers/durable-objects/job-state-manager-do.test.js > JobStateManagerDO > SSE Update Batching (Issue #157) > should reduce I/O operations for high-frequency updates
[JobStateManager] Broadcast progress to queue (0 SSE clients, 3 pending) for job job-123

stdout | tests/workers/durable-objects/job-state-manager-do.test.js > JobStateManagerDO > SSE Update Batching (Issue #157) > should reduce I/O operations for high-frequency updates
[JobStateManager] Broadcast progress to queue (0 SSE clients, 4 pending) for job job-123

stdout | tests/workers/durable-objects/job-state-manager-do.test.js > JobStateManagerDO > SSE Update Batching (Issue #157) > should reduce I/O operations for high-frequency updates
[JobStateManager] Flushed 5 pending updates for job job-123

stdout | tests/workers/durable-objects/job-state-manager-do.test.js > JobStateManagerDO > SSE Update Batching (Issue #157) > should reduce I/O operations for high-frequency updates
[JobStateManager] Broadcast progress to queue (0 SSE clients, 0 pending) for job job-123

stdout | tests/workers/durable-objects/job-state-manager-do.test.js > JobStateManagerDO > SSE Update Batching (Issue #157) > should reduce I/O operations for high-frequency updates
[JobStateManager] Broadcast progress to queue (0 SSE clients, 1 pending) for job job-123

stdout | tests/workers/durable-objects/job-state-manager-do.test.js > JobStateManagerDO > SSE Update Batching (Issue #157) > should reduce I/O operations for high-frequency updates
[JobStateManager] Broadcast progress to queue (0 SSE clients, 2 pending) for job job-123

stdout | tests/workers/durable-objects/job-state-manager-do.test.js > JobStateManagerDO > SSE Update Batching (Issue #157) > should reduce I/O operations for high-frequency updates
[JobStateManager] Broadcast progress to queue (0 SSE clients, 3 pending) for job job-123

stdout | tests/workers/durable-objects/job-state-manager-do.test.js > JobStateManagerDO > SSE Update Batching (Issue #157) > should reduce I/O operations for high-frequency updates
[JobStateManager] Broadcast progress to queue (0 SSE clients, 4 pending) for job job-123

stdout | tests/workers/durable-objects/job-state-manager-do.test.js > JobStateManagerDO > SSE Update Batching (Issue #157) > should reduce I/O operations for high-frequency updates
[JobStateManager] Flushed 5 pending updates for job job-123

stdout | tests/workers/durable-objects/job-state-manager-do.test.js > JobStateManagerDO > SSE Update Batching (Issue #157) > should reduce I/O operations for high-frequency updates
[JobStateManager] Broadcast progress to queue (0 SSE clients, 0 pending) for job job-123

stdout | tests/workers/durable-objects/job-state-manager-do.test.js > JobStateManagerDO > SSE Update Batching (Issue #157) > should reduce I/O operations for high-frequency updates
[JobStateManager] Broadcast progress to queue (0 SSE clients, 1 pending) for job job-123

stdout | tests/workers/durable-objects/job-state-manager-do.test.js > JobStateManagerDO > SSE Update Batching (Issue #157) > should reduce I/O operations for high-frequency updates
[JobStateManager] Broadcast progress to queue (0 SSE clients, 2 pending) for job job-123

stdout | tests/workers/durable-objects/job-state-manager-do.test.js > JobStateManagerDO > SSE Update Batching (Issue #157) > should reduce I/O operations for high-frequency updates
[JobStateManager] Broadcast progress to queue (0 SSE clients, 3 pending) for job job-123

stdout | tests/workers/durable-objects/job-state-manager-do.test.js > JobStateManagerDO > SSE Update Batching (Issue #157) > should reduce I/O operations for high-frequency updates
[JobStateManager] Broadcast progress to queue (0 SSE clients, 4 pending) for job job-123

stdout | tests/workers/durable-objects/job-state-manager-do.test.js > JobStateManagerDO > SSE Update Batching (Issue #157) > should reduce I/O operations for high-frequency updates
[JobStateManager] Flushed 5 pending updates for job job-123

stdout | tests/workers/durable-objects/job-state-manager-do.test.js > JobStateManagerDO > SSE Update Batching (Issue #157) > should reduce I/O operations for high-frequency updates
[JobStateManager] Broadcast progress to queue (0 SSE clients, 0 pending) for job job-123

stdout | tests/workers/durable-objects/job-state-manager-do.test.js > JobStateManagerDO > SSE Update Batching (Issue #157) > should reduce I/O operations for high-frequency updates
[JobStateManager] Broadcast progress to queue (0 SSE clients, 1 pending) for job job-123

stdout | tests/workers/durable-objects/job-state-manager-do.test.js > JobStateManagerDO > SSE Update Batching (Issue #157) > should reduce I/O operations for high-frequency updates
[JobStateManager] Broadcast progress to queue (0 SSE clients, 2 pending) for job job-123

stdout | tests/workers/durable-objects/job-state-manager-do.test.js > JobStateManagerDO > SSE Update Batching (Issue #157) > should reduce I/O operations for high-frequency updates
[JobStateManager] Broadcast progress to queue (0 SSE clients, 3 pending) for job job-123

stdout | tests/workers/durable-objects/job-state-manager-do.test.js > JobStateManagerDO > SSE Update Batching (Issue #157) > should reduce I/O operations for high-frequency updates
[JobStateManager] Broadcast progress to queue (0 SSE clients, 4 pending) for job job-123

stdout | tests/workers/durable-objects/job-state-manager-do.test.js > JobStateManagerDO > SSE Update Batching (Issue #157) > should reduce I/O operations for high-frequency updates
[JobStateManager] Flushed 5 pending updates for job job-123

stdout | tests/workers/durable-objects/job-state-manager-do.test.js > JobStateManagerDO > SSE Update Batching (Issue #157) > should reduce I/O operations for high-frequency updates
[JobStateManager] Broadcast progress to queue (0 SSE clients, 0 pending) for job job-123

stdout | tests/workers/durable-objects/job-state-manager-do.test.js > JobStateManagerDO > SSE Update Batching (Issue #157) > should reduce I/O operations for high-frequency updates
[JobStateManager] Broadcast progress to queue (0 SSE clients, 1 pending) for job job-123

stdout | tests/workers/durable-objects/job-state-manager-do.test.js > JobStateManagerDO > SSE Update Batching (Issue #157) > should reduce I/O operations for high-frequency updates
[JobStateManager] Broadcast progress to queue (0 SSE clients, 2 pending) for job job-123

stdout | tests/workers/durable-objects/job-state-manager-do.test.js > JobStateManagerDO > SSE Update Batching (Issue #157) > should reduce I/O operations for high-frequency updates
[JobStateManager] Broadcast progress to queue (0 SSE clients, 3 pending) for job job-123

stdout | tests/workers/durable-objects/job-state-manager-do.test.js > JobStateManagerDO > SSE Update Batching (Issue #157) > should reduce I/O operations for high-frequency updates
[JobStateManager] Broadcast progress to queue (0 SSE clients, 4 pending) for job job-123

stdout | tests/workers/durable-objects/job-state-manager-do.test.js > JobStateManagerDO > SSE Update Batching (Issue #157) > should reduce I/O operations for high-frequency updates
[JobStateManager] Flushed 5 pending updates for job job-123

stdout | tests/workers/durable-objects/job-state-manager-do.test.js > JobStateManagerDO > SSE Update Batching (Issue #157) > should reduce I/O operations for high-frequency updates
[JobStateManager] Broadcast progress to queue (0 SSE clients, 0 pending) for job job-123

stdout | tests/workers/durable-objects/job-state-manager-do.test.js > JobStateManagerDO > SSE Update Batching (Issue #157) > should reduce I/O operations for high-frequency updates
[JobStateManager] Broadcast progress to queue (0 SSE clients, 1 pending) for job job-123

stdout | tests/workers/durable-objects/job-state-manager-do.test.js > JobStateManagerDO > SSE Update Batching (Issue #157) > should reduce I/O operations for high-frequency updates
[JobStateManager] Broadcast progress to queue (0 SSE clients, 2 pending) for job job-123

stdout | tests/workers/durable-objects/job-state-manager-do.test.js > JobStateManagerDO > SSE Update Batching (Issue #157) > should reduce I/O operations for high-frequency updates
[JobStateManager] Broadcast progress to queue (0 SSE clients, 3 pending) for job job-123

stdout | tests/workers/durable-objects/job-state-manager-do.test.js > JobStateManagerDO > SSE Update Batching (Issue #157) > should reduce I/O operations for high-frequency updates
[JobStateManager] Broadcast progress to queue (0 SSE clients, 4 pending) for job job-123

stdout | tests/workers/durable-objects/job-state-manager-do.test.js > JobStateManagerDO > SSE Update Batching (Issue #157) > should reduce I/O operations for high-frequency updates
[JobStateManager] Flushed 5 pending updates for job job-123

stdout | tests/workers/durable-objects/job-state-manager-do.test.js > JobStateManagerDO > SSE Update Batching (Issue #157) > should reduce I/O operations for high-frequency updates
[JobStateManager] Broadcast progress to queue (0 SSE clients, 0 pending) for job job-123

stdout | tests/workers/durable-objects/job-state-manager-do.test.js > JobStateManagerDO > SSE Update Batching (Issue #157) > should reduce I/O operations for high-frequency updates
[JobStateManager] Broadcast progress to queue (0 SSE clients, 1 pending) for job job-123

stdout | tests/workers/durable-objects/job-state-manager-do.test.js > JobStateManagerDO > SSE Update Batching (Issue #157) > should reduce I/O operations for high-frequency updates
[JobStateManager] Broadcast progress to queue (0 SSE clients, 2 pending) for job job-123

stdout | tests/workers/durable-objects/job-state-manager-do.test.js > JobStateManagerDO > SSE Update Batching (Issue #157) > should reduce I/O operations for high-frequency updates
[JobStateManager] Broadcast progress to queue (0 SSE clients, 3 pending) for job job-123

stdout | tests/workers/durable-objects/job-state-manager-do.test.js > JobStateManagerDO > SSE Update Batching (Issue #157) > should reduce I/O operations for high-frequency updates
[JobStateManager] Broadcast progress to queue (0 SSE clients, 4 pending) for job job-123

stdout | tests/workers/durable-objects/job-state-manager-do.test.js > JobStateManagerDO > SSE Update Batching (Issue #157) > should reduce I/O operations for high-frequency updates
[JobStateManager] Flushed 5 pending updates for job job-123

stdout | tests/workers/durable-objects/job-state-manager-do.test.js > JobStateManagerDO > SSE Update Batching (Issue #157) > should reduce I/O operations for high-frequency updates
[JobStateManager] Broadcast progress to queue (0 SSE clients, 0 pending) for job job-123

stdout | tests/workers/durable-objects/job-state-manager-do.test.js > JobStateManagerDO > SSE Update Batching (Issue #157) > should reduce I/O operations for high-frequency updates
[JobStateManager] Broadcast progress to queue (0 SSE clients, 1 pending) for job job-123

stdout | tests/workers/durable-objects/job-state-manager-do.test.js > JobStateManagerDO > SSE Update Batching (Issue #157) > should reduce I/O operations for high-frequency updates
[JobStateManager] Broadcast progress to queue (0 SSE clients, 2 pending) for job job-123

stdout | tests/workers/durable-objects/job-state-manager-do.test.js > JobStateManagerDO > SSE Update Batching (Issue #157) > should reduce I/O operations for high-frequency updates
[JobStateManager] Broadcast progress to queue (0 SSE clients, 3 pending) for job job-123

stdout | tests/workers/durable-objects/job-state-manager-do.test.js > JobStateManagerDO > SSE Update Batching (Issue #157) > should reduce I/O operations for high-frequency updates
[JobStateManager] Broadcast progress to queue (0 SSE clients, 4 pending) for job job-123

stdout | tests/workers/durable-objects/job-state-manager-do.test.js > JobStateManagerDO > SSE Update Batching (Issue #157) > should reduce I/O operations for high-frequency updates
[JobStateManager] Flushed 5 pending updates for job job-123

stdout | tests/workers/durable-objects/job-state-manager-do.test.js > JobStateManagerDO > SSE Update Batching (Issue #157) > should reduce I/O operations for high-frequency updates
[JobStateManager] Broadcast progress to queue (0 SSE clients, 0 pending) for job job-123

stdout | tests/workers/durable-objects/job-state-manager-do.test.js > JobStateManagerDO > SSE Update Batching (Issue #157) > should reduce I/O operations for high-frequency updates
[JobStateManager] Broadcast progress to queue (0 SSE clients, 1 pending) for job job-123

stdout | tests/workers/durable-objects/job-state-manager-do.test.js > JobStateManagerDO > SSE Update Batching (Issue #157) > should reduce I/O operations for high-frequency updates
[JobStateManager] Broadcast progress to queue (0 SSE clients, 2 pending) for job job-123

stdout | tests/workers/durable-objects/job-state-manager-do.test.js > JobStateManagerDO > SSE Update Batching (Issue #157) > should reduce I/O operations for high-frequency updates
[JobStateManager] Broadcast progress to queue (0 SSE clients, 3 pending) for job job-123

stdout | tests/workers/durable-objects/job-state-manager-do.test.js > JobStateManagerDO > SSE Update Batching (Issue #157) > should reduce I/O operations for high-frequency updates
[JobStateManager] Broadcast progress to queue (0 SSE clients, 4 pending) for job job-123

stdout | tests/workers/durable-objects/job-state-manager-do.test.js > JobStateManagerDO > SSE Update Batching (Issue #157) > should reduce I/O operations for high-frequency updates
[JobStateManager] Flushed 5 pending updates for job job-123

stdout | tests/workers/durable-objects/job-state-manager-do.test.js > JobStateManagerDO > SSE Update Batching (Issue #157) > should reduce I/O operations for high-frequency updates
[JobStateManager] Broadcast progress to queue (0 SSE clients, 0 pending) for job job-123

stdout | tests/workers/durable-objects/job-state-manager-do.test.js > JobStateManagerDO > SSE Update Batching (Issue #157) > should reduce I/O operations for high-frequency updates
[JobStateManager] Broadcast progress to queue (0 SSE clients, 1 pending) for job job-123

stdout | tests/workers/durable-objects/job-state-manager-do.test.js > JobStateManagerDO > SSE Update Batching (Issue #157) > should reduce I/O operations for high-frequency updates
[JobStateManager] Broadcast progress to queue (0 SSE clients, 2 pending) for job job-123

stdout | tests/workers/durable-objects/job-state-manager-do.test.js > JobStateManagerDO > SSE Update Batching (Issue #157) > should reduce I/O operations for high-frequency updates
[JobStateManager] Broadcast progress to queue (0 SSE clients, 3 pending) for job job-123

stdout | tests/workers/durable-objects/job-state-manager-do.test.js > JobStateManagerDO > SSE Update Batching (Issue #157) > should reduce I/O operations for high-frequency updates
[JobStateManager] Broadcast progress to queue (0 SSE clients, 4 pending) for job job-123

stdout | tests/workers/durable-objects/job-state-manager-do.test.js > JobStateManagerDO > SSE Update Batching (Issue #157) > should reduce I/O operations for high-frequency updates
[JobStateManager] Flushed 5 pending updates for job job-123

stdout | tests/workers/durable-objects/job-state-manager-do.test.js > JobStateManagerDO > SSE Update Batching (Issue #157) > should reduce I/O operations for high-frequency updates
[JobStateManager] Broadcast progress to queue (0 SSE clients, 0 pending) for job job-123

stdout | tests/workers/durable-objects/job-state-manager-do.test.js > JobStateManagerDO > SSE Update Batching (Issue #157) > should reduce I/O operations for high-frequency updates
[JobStateManager] Broadcast progress to queue (0 SSE clients, 1 pending) for job job-123

stdout | tests/workers/durable-objects/job-state-manager-do.test.js > JobStateManagerDO > SSE Update Batching (Issue #157) > should reduce I/O operations for high-frequency updates
[JobStateManager] Broadcast progress to queue (0 SSE clients, 2 pending) for job job-123

stdout | tests/workers/durable-objects/job-state-manager-do.test.js > JobStateManagerDO > SSE Update Batching (Issue #157) > should reduce I/O operations for high-frequency updates
[JobStateManager] Broadcast progress to queue (0 SSE clients, 3 pending) for job job-123

stdout | tests/workers/durable-objects/job-state-manager-do.test.js > JobStateManagerDO > SSE Update Batching (Issue #157) > should reduce I/O operations for high-frequency updates
[JobStateManager] Broadcast progress to queue (0 SSE clients, 4 pending) for job job-123

stdout | tests/workers/durable-objects/job-state-manager-do.test.js > JobStateManagerDO > SSE Update Batching (Issue #157) > should reduce I/O operations for high-frequency updates
[JobStateManager] Flushed 5 pending updates for job job-123

stdout | tests/workers/durable-objects/job-state-manager-do.test.js > JobStateManagerDO > SSE Update Batching (Issue #157) > should reduce I/O operations for high-frequency updates
[JobStateManager] Broadcast progress to queue (0 SSE clients, 0 pending) for job job-123

stdout | tests/workers/durable-objects/job-state-manager-do.test.js > JobStateManagerDO > SSE Update Batching (Issue #157) > should reduce I/O operations for high-frequency updates
[JobStateManager] Broadcast progress to queue (0 SSE clients, 1 pending) for job job-123

stdout | tests/workers/durable-objects/job-state-manager-do.test.js > JobStateManagerDO > SSE Update Batching (Issue #157) > should reduce I/O operations for high-frequency updates
[JobStateManager] Broadcast progress to queue (0 SSE clients, 2 pending) for job job-123

stdout | tests/workers/durable-objects/job-state-manager-do.test.js > JobStateManagerDO > SSE Update Batching (Issue #157) > should reduce I/O operations for high-frequency updates
[JobStateManager] Broadcast progress to queue (0 SSE clients, 3 pending) for job job-123

stdout | tests/workers/durable-objects/job-state-manager-do.test.js > JobStateManagerDO > SSE Update Batching (Issue #157) > should reduce I/O operations for high-frequency updates
[JobStateManager] Broadcast progress to queue (0 SSE clients, 4 pending) for job job-123

stdout | tests/workers/durable-objects/job-state-manager-do.test.js > JobStateManagerDO > SSE Update Batching (Issue #157) > should reduce I/O operations for high-frequency updates
[JobStateManager] Flushed 5 pending updates for job job-123

stdout | tests/workers/durable-objects/job-state-manager-do.test.js > JobStateManagerDO > SSE Update Batching (Issue #157) > should reduce I/O operations for high-frequency updates
[JobStateManager] Broadcast progress to queue (0 SSE clients, 0 pending) for job job-123

stdout | tests/workers/durable-objects/job-state-manager-do.test.js > JobStateManagerDO > SSE Update Batching (Issue #157) > should reduce I/O operations for high-frequency updates
[JobStateManager] Broadcast progress to queue (0 SSE clients, 1 pending) for job job-123

stdout | tests/workers/durable-objects/job-state-manager-do.test.js > JobStateManagerDO > SSE Update Batching (Issue #157) > should reduce I/O operations for high-frequency updates
[JobStateManager] Broadcast progress to queue (0 SSE clients, 2 pending) for job job-123

stdout | tests/workers/durable-objects/job-state-manager-do.test.js > JobStateManagerDO > SSE Update Batching (Issue #157) > should reduce I/O operations for high-frequency updates
[JobStateManager] Broadcast progress to queue (0 SSE clients, 3 pending) for job job-123

stdout | tests/workers/durable-objects/job-state-manager-do.test.js > JobStateManagerDO > SSE Update Batching (Issue #157) > should reduce I/O operations for high-frequency updates
[JobStateManager] Broadcast progress to queue (0 SSE clients, 4 pending) for job job-123

stdout | tests/workers/durable-objects/job-state-manager-do.test.js > JobStateManagerDO > SSE Update Batching (Issue #157) > should reduce I/O operations for high-frequency updates
[JobStateManager] Flushed 5 pending updates for job job-123

stdout | tests/workers/durable-objects/job-state-manager-do.test.js > JobStateManagerDO > SSE Update Batching (Issue #157) > should reduce I/O operations for high-frequency updates
[JobStateManager] Broadcast progress to queue (0 SSE clients, 0 pending) for job job-123

stdout | tests/workers/durable-objects/job-state-manager-do.test.js > JobStateManagerDO > SSE Update Batching (Issue #157) > should reduce I/O operations for high-frequency updates
[JobStateManager] Broadcast progress to queue (0 SSE clients, 1 pending) for job job-123

stdout | tests/workers/durable-objects/job-state-manager-do.test.js > JobStateManagerDO > SSE Update Batching (Issue #157) > should reduce I/O operations for high-frequency updates
[JobStateManager] Broadcast progress to queue (0 SSE clients, 2 pending) for job job-123

stdout | tests/workers/durable-objects/job-state-manager-do.test.js > JobStateManagerDO > SSE Update Batching (Issue #157) > should reduce I/O operations for high-frequency updates
[JobStateManager] Broadcast progress to queue (0 SSE clients, 3 pending) for job job-123

stdout | tests/workers/durable-objects/job-state-manager-do.test.js > JobStateManagerDO > SSE Update Batching (Issue #157) > should reduce I/O operations for high-frequency updates
[JobStateManager] Broadcast progress to queue (0 SSE clients, 4 pending) for job job-123

stdout | tests/workers/durable-objects/job-state-manager-do.test.js > JobStateManagerDO > SSE Update Batching (Issue #157) > should reduce I/O operations for high-frequency updates
[JobStateManager] Flushed 5 pending updates for job job-123

stdout | tests/workers/durable-objects/job-state-manager-do.test.js > JobStateManagerDO > SSE Update Batching (Issue #157) > should reduce I/O operations for high-frequency updates
[JobStateManager] Broadcast progress to queue (0 SSE clients, 0 pending) for job job-123

stdout | tests/workers/durable-objects/job-state-manager-do.test.js > JobStateManagerDO > SSE Update Batching (Issue #157) > should reduce I/O operations for high-frequency updates
[JobStateManager] Broadcast progress to queue (0 SSE clients, 1 pending) for job job-123

stdout | tests/workers/durable-objects/job-state-manager-do.test.js > JobStateManagerDO > SSE Update Batching (Issue #157) > should reduce I/O operations for high-frequency updates
[JobStateManager] Broadcast progress to queue (0 SSE clients, 2 pending) for job job-123

stdout | tests/workers/durable-objects/job-state-manager-do.test.js > JobStateManagerDO > SSE Update Batching (Issue #157) > should reduce I/O operations for high-frequency updates
[JobStateManager] Broadcast progress to queue (0 SSE clients, 3 pending) for job job-123

stdout | tests/workers/durable-objects/job-state-manager-do.test.js > JobStateManagerDO > SSE Update Batching (Issue #157) > should reduce I/O operations for high-frequency updates
[JobStateManager] Broadcast progress to queue (0 SSE clients, 4 pending) for job job-123

stdout | tests/workers/durable-objects/job-state-manager-do.test.js > JobStateManagerDO > SSE Update Batching (Issue #157) > should reduce I/O operations for high-frequency updates
[JobStateManager] Flushed 5 pending updates for job job-123

stdout | tests/workers/durable-objects/job-state-manager-do.test.js > JobStateManagerDO > SSE Update Batching (Issue #157) > should reduce I/O operations for high-frequency updates
[JobStateManager] Broadcast progress to queue (0 SSE clients, 0 pending) for job job-123

stdout | tests/workers/durable-objects/job-state-manager-do.test.js > JobStateManagerDO > SSE Update Batching (Issue #157) > should reduce I/O operations for high-frequency updates
[JobStateManager] Broadcast progress to queue (0 SSE clients, 1 pending) for job job-123

stdout | tests/workers/durable-objects/job-state-manager-do.test.js > JobStateManagerDO > SSE Update Batching (Issue #157) > should reduce I/O operations for high-frequency updates
[JobStateManager] Broadcast progress to queue (0 SSE clients, 2 pending) for job job-123

stdout | tests/workers/durable-objects/job-state-manager-do.test.js > JobStateManagerDO > SSE Update Batching (Issue #157) > should reduce I/O operations for high-frequency updates
[JobStateManager] Broadcast progress to queue (0 SSE clients, 3 pending) for job job-123

stdout | tests/workers/durable-objects/job-state-manager-do.test.js > JobStateManagerDO > SSE Update Batching (Issue #157) > should reduce I/O operations for high-frequency updates
[JobStateManager] Broadcast progress to queue (0 SSE clients, 4 pending) for job job-123

stdout | tests/workers/durable-objects/job-state-manager-do.test.js > JobStateManagerDO > SSE Update Batching (Issue #157) > should reduce I/O operations for high-frequency updates
[JobStateManager] Flushed 5 pending updates for job job-123

stdout | tests/workers/durable-objects/job-state-manager-do.test.js > JobStateManagerDO > SSE Update Batching (Issue #157) > should reduce I/O operations for high-frequency updates
[JobStateManager] Broadcast progress to queue (0 SSE clients, 0 pending) for job job-123

stdout | tests/workers/durable-objects/job-state-manager-do.test.js > JobStateManagerDO > SSE Update Batching (Issue #157) > should reduce I/O operations for high-frequency updates
[JobStateManager] Broadcast progress to queue (0 SSE clients, 1 pending) for job job-123

stdout | tests/workers/durable-objects/job-state-manager-do.test.js > JobStateManagerDO > SSE Update Batching (Issue #157) > should reduce I/O operations for high-frequency updates
[JobStateManager] Broadcast progress to queue (0 SSE clients, 2 pending) for job job-123

stdout | tests/workers/durable-objects/job-state-manager-do.test.js > JobStateManagerDO > SSE Update Batching (Issue #157) > should reduce I/O operations for high-frequency updates
[JobStateManager] Broadcast progress to queue (0 SSE clients, 3 pending) for job job-123

stdout | tests/workers/durable-objects/job-state-manager-do.test.js > JobStateManagerDO > SSE Update Batching (Issue #157) > should reduce I/O operations for high-frequency updates
[JobStateManager] Broadcast progress to queue (0 SSE clients, 4 pending) for job job-123

stdout | tests/workers/durable-objects/job-state-manager-do.test.js > JobStateManagerDO > SSE Update Batching (Issue #157) > should reduce I/O operations for high-frequency updates
[JobStateManager] Flushed 5 pending updates for job job-123

stdout | tests/workers/durable-objects/job-state-manager-do.test.js > JobStateManagerDO > SSE Update Batching (Issue #157) > should reduce I/O operations for high-frequency updates
[JobStateManager] Broadcast progress to queue (0 SSE clients, 0 pending) for job job-123

stdout | tests/workers/durable-objects/job-state-manager-do.test.js > JobStateManagerDO > SSE Update Batching (Issue #157) > should reduce I/O operations for high-frequency updates
[JobStateManager] Broadcast progress to queue (0 SSE clients, 1 pending) for job job-123

stdout | tests/workers/durable-objects/job-state-manager-do.test.js > JobStateManagerDO > SSE Update Batching (Issue #157) > should reduce I/O operations for high-frequency updates
[JobStateManager] Broadcast progress to queue (0 SSE clients, 2 pending) for job job-123

stdout | tests/workers/durable-objects/job-state-manager-do.test.js > JobStateManagerDO > SSE Update Batching (Issue #157) > should reduce I/O operations for high-frequency updates
[JobStateManager] Broadcast progress to queue (0 SSE clients, 3 pending) for job job-123

stdout | tests/workers/durable-objects/job-state-manager-do.test.js > JobStateManagerDO > SSE Update Batching (Issue #157) > should reduce I/O operations for high-frequency updates
[JobStateManager] Broadcast progress to queue (0 SSE clients, 4 pending) for job job-123

stdout | tests/workers/durable-objects/job-state-manager-do.test.js > JobStateManagerDO > SSE Update Batching (Issue #157) > should reduce I/O operations for high-frequency updates
[JobStateManager] Flushed 5 pending updates for job job-123

stdout | tests/workers/durable-objects/job-state-manager-do.test.js > JobStateManagerDO > SSE Update Batching (Issue #157) > should reduce I/O operations for high-frequency updates
[JobStateManager] Broadcast progress to queue (0 SSE clients, 0 pending) for job job-123

stdout | tests/workers/durable-objects/job-state-manager-do.test.js > JobStateManagerDO > SSE Update Batching (Issue #157) > should reduce I/O operations for high-frequency updates
[JobStateManager] Broadcast progress to queue (0 SSE clients, 1 pending) for job job-123

stdout | tests/workers/durable-objects/job-state-manager-do.test.js > JobStateManagerDO > SSE Update Batching (Issue #157) > should reduce I/O operations for high-frequency updates
[JobStateManager] Broadcast progress to queue (0 SSE clients, 2 pending) for job job-123

stdout | tests/workers/durable-objects/job-state-manager-do.test.js > JobStateManagerDO > SSE Update Batching (Issue #157) > should reduce I/O operations for high-frequency updates
[JobStateManager] Broadcast progress to queue (0 SSE clients, 3 pending) for job job-123

stdout | tests/workers/durable-objects/job-state-manager-do.test.js > JobStateManagerDO > SSE Update Batching (Issue #157) > should reduce I/O operations for high-frequency updates
[JobStateManager] Broadcast progress to queue (0 SSE clients, 4 pending) for job job-123

stdout | tests/workers/durable-objects/job-state-manager-do.test.js > JobStateManagerDO > SSE Update Batching (Issue #157) > should reduce I/O operations for high-frequency updates
[JobStateManager] Flushed 5 pending updates for job job-123

stdout | tests/workers/durable-objects/job-state-manager-do.test.js > JobStateManagerDO > SSE Update Batching (Issue #157) > should reduce I/O operations for high-frequency updates
[JobStateManager] Broadcast progress to queue (0 SSE clients, 0 pending) for job job-123

stdout | tests/workers/durable-objects/job-state-manager-do.test.js > JobStateManagerDO > SSE Update Batching (Issue #157) > should reduce I/O operations for high-frequency updates
[JobStateManager] Broadcast progress to queue (0 SSE clients, 1 pending) for job job-123

stdout | tests/workers/durable-objects/job-state-manager-do.test.js > JobStateManagerDO > SSE Update Batching (Issue #157) > should reduce I/O operations for high-frequency updates
[JobStateManager] Broadcast progress to queue (0 SSE clients, 2 pending) for job job-123

stdout | tests/workers/durable-objects/job-state-manager-do.test.js > JobStateManagerDO > SSE Update Batching (Issue #157) > should reduce I/O operations for high-frequency updates
[JobStateManager] Broadcast progress to queue (0 SSE clients, 3 pending) for job job-123

stdout | tests/workers/durable-objects/job-state-manager-do.test.js > JobStateManagerDO > SSE Update Batching (Issue #157) > should reduce I/O operations for high-frequency updates
[JobStateManager] Broadcast progress to queue (0 SSE clients, 4 pending) for job job-123

stdout | tests/workers/durable-objects/job-state-manager-do.test.js > JobStateManagerDO > SSE Update Batching (Issue #157) > should reduce I/O operations for high-frequency updates
[JobStateManager] Flushed 5 pending updates for job job-123

stdout | tests/workers/durable-objects/job-state-manager-do.test.js > JobStateManagerDO > SSE Update Batching (Issue #157) > should reduce I/O operations for high-frequency updates
[JobStateManager] Broadcast progress to queue (0 SSE clients, 0 pending) for job job-123

stdout | tests/workers/durable-objects/job-state-manager-do.test.js > JobStateManagerDO > SSE Update Batching (Issue #157) > should reduce I/O operations for high-frequency updates
[JobStateManager] Broadcast progress to queue (0 SSE clients, 1 pending) for job job-123

stdout | tests/workers/durable-objects/job-state-manager-do.test.js > JobStateManagerDO > SSE Update Batching (Issue #157) > should reduce I/O operations for high-frequency updates
[JobStateManager] Broadcast progress to queue (0 SSE clients, 2 pending) for job job-123

stdout | tests/workers/durable-objects/job-state-manager-do.test.js > JobStateManagerDO > SSE Update Batching (Issue #157) > should reduce I/O operations for high-frequency updates
[JobStateManager] Broadcast progress to queue (0 SSE clients, 3 pending) for job job-123

stdout | tests/workers/durable-objects/job-state-manager-do.test.js > JobStateManagerDO > SSE Update Batching (Issue #157) > should reduce I/O operations for high-frequency updates
[JobStateManager] Broadcast progress to queue (0 SSE clients, 4 pending) for job job-123

stdout | tests/workers/durable-objects/job-state-manager-do.test.js > JobStateManagerDO > SSE Update Batching (Issue #157) > should reduce I/O operations for high-frequency updates
[JobStateManager] Flushed 5 pending updates for job job-123

stdout | tests/workers/durable-objects/job-state-manager-do.test.js > JobStateManagerDO > SSE Update Batching (Issue #157) > should reduce I/O operations for high-frequency updates
[JobStateManager] Broadcast progress to queue (0 SSE clients, 0 pending) for job job-123

stdout | tests/workers/durable-objects/job-state-manager-do.test.js > JobStateManagerDO > SSE Update Batching (Issue #157) > should reduce I/O operations for high-frequency updates
[JobStateManager] Broadcast progress to queue (0 SSE clients, 1 pending) for job job-123

stdout | tests/workers/durable-objects/job-state-manager-do.test.js > JobStateManagerDO > SSE Update Batching (Issue #157) > should reduce I/O operations for high-frequency updates
[JobStateManager] Broadcast progress to queue (0 SSE clients, 2 pending) for job job-123

stdout | tests/workers/durable-objects/job-state-manager-do.test.js > JobStateManagerDO > SSE Update Batching (Issue #157) > should reduce I/O operations for high-frequency updates
[JobStateManager] Broadcast progress to queue (0 SSE clients, 3 pending) for job job-123

stdout | tests/workers/durable-objects/job-state-manager-do.test.js > JobStateManagerDO > SSE Update Batching (Issue #157) > should reduce I/O operations for high-frequency updates
[JobStateManager] Broadcast progress to queue (0 SSE clients, 4 pending) for job job-123

stdout | tests/workers/durable-objects/job-state-manager-do.test.js > JobStateManagerDO > SSE Update Batching (Issue #157) > should reduce I/O operations for high-frequency updates
[JobStateManager] Flushed 5 pending updates for job job-123

stdout | tests/workers/durable-objects/job-state-manager-do.test.js > JobStateManagerDO > SSE Update Batching (Issue #157) > should reduce I/O operations for high-frequency updates
[JobStateManager] Broadcast progress to queue (0 SSE clients, 0 pending) for job job-123

stdout | tests/workers/durable-objects/job-state-manager-do.test.js > JobStateManagerDO > SSE Update Batching (Issue #157) > should reduce I/O operations for high-frequency updates
[JobStateManager] Broadcast progress to queue (0 SSE clients, 1 pending) for job job-123

stdout | tests/workers/durable-objects/job-state-manager-do.test.js > JobStateManagerDO > SSE Update Batching (Issue #157) > should reduce I/O operations for high-frequency updates
[JobStateManager] Broadcast progress to queue (0 SSE clients, 2 pending) for job job-123

stdout | tests/workers/durable-objects/job-state-manager-do.test.js > JobStateManagerDO > SSE Update Batching (Issue #157) > should reduce I/O operations for high-frequency updates
[JobStateManager] Broadcast progress to queue (0 SSE clients, 3 pending) for job job-123

stdout | tests/workers/durable-objects/job-state-manager-do.test.js > JobStateManagerDO > SSE Update Batching (Issue #157) > should reduce I/O operations for high-frequency updates
[JobStateManager] Broadcast progress to queue (0 SSE clients, 4 pending) for job job-123

stdout | tests/workers/durable-objects/job-state-manager-do.test.js > JobStateManagerDO > SSE Update Batching (Issue #157) > should reduce I/O operations for high-frequency updates
[JobStateManager] Flushed 5 pending updates for job job-123

stdout | tests/workers/durable-objects/job-state-manager-do.test.js > JobStateManagerDO > SSE Update Batching (Issue #157) > should reduce I/O operations for high-frequency updates
[JobStateManager] Broadcast progress to queue (0 SSE clients, 0 pending) for job job-123

stdout | tests/workers/durable-objects/job-state-manager-do.test.js > JobStateManagerDO > SSE Update Batching (Issue #157) > should reduce I/O operations for high-frequency updates
[JobStateManager] Broadcast progress to queue (0 SSE clients, 1 pending) for job job-123

stdout | tests/workers/durable-objects/job-state-manager-do.test.js > JobStateManagerDO > SSE Update Batching (Issue #157) > should reduce I/O operations for high-frequency updates
[JobStateManager] Broadcast progress to queue (0 SSE clients, 2 pending) for job job-123

stdout | tests/workers/durable-objects/job-state-manager-do.test.js > JobStateManagerDO > SSE Update Batching (Issue #157) > should reduce I/O operations for high-frequency updates
[JobStateManager] Broadcast progress to queue (0 SSE clients, 3 pending) for job job-123

stdout | tests/workers/durable-objects/job-state-manager-do.test.js > JobStateManagerDO > SSE Update Batching (Issue #157) > should reduce I/O operations for high-frequency updates
[JobStateManager] Broadcast progress to queue (0 SSE clients, 4 pending) for job job-123

stdout | tests/workers/durable-objects/job-state-manager-do.test.js > JobStateManagerDO > SSE Update Batching (Issue #157) > should reduce I/O operations for high-frequency updates
[JobStateManager] Flushed 5 pending updates for job job-123

stdout | tests/workers/durable-objects/job-state-manager-do.test.js > JobStateManagerDO > SSE Update Batching (Issue #157) > should reduce I/O operations for high-frequency updates
[JobStateManager] Broadcast progress to queue (0 SSE clients, 0 pending) for job job-123

stdout | tests/workers/durable-objects/job-state-manager-do.test.js > JobStateManagerDO > SSE Update Batching (Issue #157) > should reduce I/O operations for high-frequency updates
[JobStateManager] Broadcast progress to queue (0 SSE clients, 1 pending) for job job-123

stdout | tests/workers/durable-objects/job-state-manager-do.test.js > JobStateManagerDO > SSE Update Batching (Issue #157) > should reduce I/O operations for high-frequency updates
[JobStateManager] Broadcast progress to queue (0 SSE clients, 2 pending) for job job-123

stdout | tests/workers/durable-objects/job-state-manager-do.test.js > JobStateManagerDO > SSE Update Batching (Issue #157) > should reduce I/O operations for high-frequency updates
[JobStateManager] Broadcast progress to queue (0 SSE clients, 3 pending) for job job-123

stdout | tests/workers/durable-objects/job-state-manager-do.test.js > JobStateManagerDO > SSE Update Batching (Issue #157) > should reduce I/O operations for high-frequency updates
[JobStateManager] Broadcast progress to queue (0 SSE clients, 4 pending) for job job-123

stdout | tests/workers/durable-objects/job-state-manager-do.test.js > JobStateManagerDO > SSE Update Batching (Issue #157) > should reduce I/O operations for high-frequency updates
[JobStateManager] Flushed 5 pending updates for job job-123

stdout | tests/workers/durable-objects/job-state-manager-do.test.js > JobStateManagerDO > SSE Update Batching (Issue #157) > should reduce I/O operations for high-frequency updates
[JobStateManager] Broadcast progress to queue (0 SSE clients, 0 pending) for job job-123

stdout | tests/workers/durable-objects/job-state-manager-do.test.js > JobStateManagerDO > SSE Update Batching (Issue #157) > should reduce I/O operations for high-frequency updates
[JobStateManager] Broadcast progress to queue (0 SSE clients, 1 pending) for job job-123

stdout | tests/workers/durable-objects/job-state-manager-do.test.js > JobStateManagerDO > SSE Update Batching (Issue #157) > should reduce I/O operations for high-frequency updates
[JobStateManager] Broadcast progress to queue (0 SSE clients, 2 pending) for job job-123

stdout | tests/workers/durable-objects/job-state-manager-do.test.js > JobStateManagerDO > SSE Update Batching (Issue #157) > should reduce I/O operations for high-frequency updates
[JobStateManager] Broadcast progress to queue (0 SSE clients, 3 pending) for job job-123

stdout | tests/workers/durable-objects/job-state-manager-do.test.js > JobStateManagerDO > SSE Update Batching (Issue #157) > should reduce I/O operations for high-frequency updates
[JobStateManager] Broadcast progress to queue (0 SSE clients, 4 pending) for job job-123

stdout | tests/workers/durable-objects/job-state-manager-do.test.js > JobStateManagerDO > SSE Update Batching (Issue #157) > should reduce I/O operations for high-frequency updates
[JobStateManager] Flushed 5 pending updates for job job-123

stdout | tests/workers/durable-objects/job-state-manager-do.test.js > JobStateManagerDO > SSE Update Batching (Issue #157) > should reduce I/O operations for high-frequency updates
[JobStateManager] Broadcast progress to queue (0 SSE clients, 0 pending) for job job-123

stdout | tests/workers/durable-objects/job-state-manager-do.test.js > JobStateManagerDO > SSE Update Batching (Issue #157) > should reduce I/O operations for high-frequency updates
[JobStateManager] Broadcast progress to queue (0 SSE clients, 1 pending) for job job-123

stdout | tests/workers/durable-objects/job-state-manager-do.test.js > JobStateManagerDO > SSE Update Batching (Issue #157) > should reduce I/O operations for high-frequency updates
[JobStateManager] Broadcast progress to queue (0 SSE clients, 2 pending) for job job-123

stdout | tests/workers/durable-objects/job-state-manager-do.test.js > JobStateManagerDO > SSE Update Batching (Issue #157) > should reduce I/O operations for high-frequency updates
[JobStateManager] Broadcast progress to queue (0 SSE clients, 3 pending) for job job-123

stdout | tests/workers/durable-objects/job-state-manager-do.test.js > JobStateManagerDO > SSE Update Batching (Issue #157) > should reduce I/O operations for high-frequency updates
[JobStateManager] Broadcast progress to queue (0 SSE clients, 4 pending) for job job-123

stdout | tests/workers/durable-objects/job-state-manager-do.test.js > JobStateManagerDO > SSE Update Batching (Issue #157) > should reduce I/O operations for high-frequency updates
[JobStateManager] Flushed 5 pending updates for job job-123

stdout | tests/workers/durable-objects/job-state-manager-do.test.js > JobStateManagerDO > SSE Update Batching (Issue #157) > should reduce I/O operations for high-frequency updates
[JobStateManager] Broadcast progress to queue (0 SSE clients, 0 pending) for job job-123

stdout | tests/workers/durable-objects/job-state-manager-do.test.js > JobStateManagerDO > SSE Update Batching (Issue #157) > should reduce I/O operations for high-frequency updates
[JobStateManager] Broadcast progress to queue (0 SSE clients, 1 pending) for job job-123

stdout | tests/workers/durable-objects/job-state-manager-do.test.js > JobStateManagerDO > SSE Update Batching (Issue #157) > should reduce I/O operations for high-frequency updates
[JobStateManager] Broadcast progress to queue (0 SSE clients, 2 pending) for job job-123

stdout | tests/workers/durable-objects/job-state-manager-do.test.js > JobStateManagerDO > SSE Update Batching (Issue #157) > should reduce I/O operations for high-frequency updates
[JobStateManager] Broadcast progress to queue (0 SSE clients, 3 pending) for job job-123

stdout | tests/workers/durable-objects/job-state-manager-do.test.js > JobStateManagerDO > SSE Update Batching (Issue #157) > should reduce I/O operations for high-frequency updates
[JobStateManager] Broadcast progress to queue (0 SSE clients, 4 pending) for job job-123

stdout | tests/workers/durable-objects/job-state-manager-do.test.js > JobStateManagerDO > SSE Update Batching (Issue #157) > should reduce I/O operations for high-frequency updates
[JobStateManager] Flushed 5 pending updates for job job-123

stdout | tests/workers/durable-objects/job-state-manager-do.test.js > JobStateManagerDO > SSE Update Batching (Issue #157) > should reduce I/O operations for high-frequency updates
[JobStateManager] Broadcast progress to queue (0 SSE clients, 0 pending) for job job-123

stdout | tests/workers/durable-objects/job-state-manager-do.test.js > JobStateManagerDO > SSE Update Batching (Issue #157) > should reduce I/O operations for high-frequency updates
[JobStateManager] Broadcast progress to queue (0 SSE clients, 1 pending) for job job-123

stdout | tests/workers/durable-objects/job-state-manager-do.test.js > JobStateManagerDO > SSE Update Batching (Issue #157) > should reduce I/O operations for high-frequency updates
[JobStateManager] Broadcast progress to queue (0 SSE clients, 2 pending) for job job-123

stdout | tests/workers/durable-objects/job-state-manager-do.test.js > JobStateManagerDO > SSE Update Batching (Issue #157) > should reduce I/O operations for high-frequency updates
[JobStateManager] Broadcast progress to queue (0 SSE clients, 3 pending) for job job-123

stdout | tests/workers/durable-objects/job-state-manager-do.test.js > JobStateManagerDO > SSE Update Batching (Issue #157) > should reduce I/O operations for high-frequency updates
[JobStateManager] Broadcast progress to queue (0 SSE clients, 4 pending) for job job-123

stdout | tests/workers/durable-objects/job-state-manager-do.test.js > JobStateManagerDO > SSE Update Batching (Issue #157) > should reduce I/O operations for high-frequency updates
[JobStateManager] Flushed 5 pending updates for job job-123

stdout | tests/workers/durable-objects/job-state-manager-do.test.js > JobStateManagerDO > SSE Update Batching (Issue #157) > should reduce I/O operations for high-frequency updates
[JobStateManager] Broadcast progress to queue (0 SSE clients, 0 pending) for job job-123

stdout | tests/workers/durable-objects/job-state-manager-do.test.js > JobStateManagerDO > SSE Update Batching (Issue #157) > should reduce I/O operations for high-frequency updates
[JobStateManager] Broadcast progress to queue (0 SSE clients, 1 pending) for job job-123

stdout | tests/workers/durable-objects/job-state-manager-do.test.js > JobStateManagerDO > SSE Update Batching (Issue #157) > should reduce I/O operations for high-frequency updates
[JobStateManager] Broadcast progress to queue (0 SSE clients, 2 pending) for job job-123

stdout | tests/workers/durable-objects/job-state-manager-do.test.js > JobStateManagerDO > SSE Update Batching (Issue #157) > should reduce I/O operations for high-frequency updates
[JobStateManager] Broadcast progress to queue (0 SSE clients, 3 pending) for job job-123

stdout | tests/workers/durable-objects/job-state-manager-do.test.js > JobStateManagerDO > SSE Update Batching (Issue #157) > should reduce I/O operations for high-frequency updates
[JobStateManager] Broadcast progress to queue (0 SSE clients, 4 pending) for job job-123

stdout | tests/workers/durable-objects/job-state-manager-do.test.js > JobStateManagerDO > SSE Update Batching (Issue #157) > should reduce I/O operations for high-frequency updates
[JobStateManager] Flushed 5 pending updates for job job-123

stdout | tests/workers/durable-objects/job-state-manager-do.test.js > JobStateManagerDO > SSE Update Batching (Issue #157) > should reduce I/O operations for high-frequency updates
[JobStateManager] Broadcast progress to queue (0 SSE clients, 0 pending) for job job-123

stdout | tests/workers/durable-objects/job-state-manager-do.test.js > JobStateManagerDO > SSE Update Batching (Issue #157) > should reduce I/O operations for high-frequency updates
[JobStateManager] Broadcast progress to queue (0 SSE clients, 1 pending) for job job-123

stdout | tests/workers/durable-objects/job-state-manager-do.test.js > JobStateManagerDO > SSE Update Batching (Issue #157) > should reduce I/O operations for high-frequency updates
[JobStateManager] Broadcast progress to queue (0 SSE clients, 2 pending) for job job-123

stdout | tests/workers/durable-objects/job-state-manager-do.test.js > JobStateManagerDO > SSE Update Batching (Issue #157) > should reduce I/O operations for high-frequency updates
[JobStateManager] Broadcast progress to queue (0 SSE clients, 3 pending) for job job-123

stdout | tests/workers/durable-objects/job-state-manager-do.test.js > JobStateManagerDO > SSE Update Batching (Issue #157) > should reduce I/O operations for high-frequency updates
[JobStateManager] Broadcast progress to queue (0 SSE clients, 4 pending) for job job-123

stdout | tests/workers/durable-objects/job-state-manager-do.test.js > JobStateManagerDO > SSE Update Batching (Issue #157) > should reduce I/O operations for high-frequency updates
[JobStateManager] Flushed 5 pending updates for job job-123

stdout | tests/workers/durable-objects/job-state-manager-do.test.js > JobStateManagerDO > SSE Update Batching (Issue #157) > should reduce I/O operations for high-frequency updates
[JobStateManager] Broadcast progress to queue (0 SSE clients, 0 pending) for job job-123

stdout | tests/workers/durable-objects/job-state-manager-do.test.js > JobStateManagerDO > SSE Update Batching (Issue #157) > should reduce I/O operations for high-frequency updates
[JobStateManager] Broadcast progress to queue (0 SSE clients, 1 pending) for job job-123

stdout | tests/workers/durable-objects/job-state-manager-do.test.js > JobStateManagerDO > SSE Update Batching (Issue #157) > should reduce I/O operations for high-frequency updates
[JobStateManager] Broadcast progress to queue (0 SSE clients, 2 pending) for job job-123

stdout | tests/workers/durable-objects/job-state-manager-do.test.js > JobStateManagerDO > SSE Update Batching (Issue #157) > should reduce I/O operations for high-frequency updates
[JobStateManager] Broadcast progress to queue (0 SSE clients, 3 pending) for job job-123

stdout | tests/workers/durable-objects/job-state-manager-do.test.js > JobStateManagerDO > SSE Update Batching (Issue #157) > should reduce I/O operations for high-frequency updates
[JobStateManager] Broadcast progress to queue (0 SSE clients, 4 pending) for job job-123

stdout | tests/workers/durable-objects/job-state-manager-do.test.js > JobStateManagerDO > SSE Update Batching (Issue #157) > should reduce I/O operations for high-frequency updates
[JobStateManager] Flushed 5 pending updates for job job-123

stdout | tests/workers/durable-objects/job-state-manager-do.test.js > JobStateManagerDO > SSE Update Batching (Issue #157) > should reduce I/O operations for high-frequency updates
[JobStateManager] Broadcast progress to queue (0 SSE clients, 0 pending) for job job-123

stdout | tests/workers/durable-objects/job-state-manager-do.test.js > JobStateManagerDO > SSE Update Batching (Issue #157) > should reduce I/O operations for high-frequency updates
[JobStateManager] Broadcast progress to queue (0 SSE clients, 1 pending) for job job-123

stdout | tests/workers/durable-objects/job-state-manager-do.test.js > JobStateManagerDO > SSE Update Batching (Issue #157) > should reduce I/O operations for high-frequency updates
[JobStateManager] Broadcast progress to queue (0 SSE clients, 2 pending) for job job-123

stdout | tests/workers/durable-objects/job-state-manager-do.test.js > JobStateManagerDO > SSE Update Batching (Issue #157) > should reduce I/O operations for high-frequency updates
[JobStateManager] Broadcast progress to queue (0 SSE clients, 3 pending) for job job-123

stdout | tests/workers/durable-objects/job-state-manager-do.test.js > JobStateManagerDO > SSE Update Batching (Issue #157) > should reduce I/O operations for high-frequency updates
[JobStateManager] Broadcast progress to queue (0 SSE clients, 4 pending) for job job-123

stdout | tests/workers/durable-objects/job-state-manager-do.test.js > JobStateManagerDO > SSE Update Batching (Issue #157) > should reduce I/O operations for high-frequency updates
[JobStateManager] Flushed 5 pending updates for job job-123

stdout | tests/workers/durable-objects/job-state-manager-do.test.js > JobStateManagerDO > SSE Update Batching (Issue #157) > should reduce I/O operations for high-frequency updates
[JobStateManager] Broadcast progress to queue (0 SSE clients, 0 pending) for job job-123

stdout | tests/workers/durable-objects/job-state-manager-do.test.js > JobStateManagerDO > SSE Update Batching (Issue #157) > should reduce I/O operations for high-frequency updates
[JobStateManager] Broadcast progress to queue (0 SSE clients, 1 pending) for job job-123

stdout | tests/workers/durable-objects/job-state-manager-do.test.js > JobStateManagerDO > SSE Update Batching (Issue #157) > should reduce I/O operations for high-frequency updates
[JobStateManager] Broadcast progress to queue (0 SSE clients, 2 pending) for job job-123

stdout | tests/workers/durable-objects/job-state-manager-do.test.js > JobStateManagerDO > SSE Update Batching (Issue #157) > should reduce I/O operations for high-frequency updates
[JobStateManager] Broadcast progress to queue (0 SSE clients, 3 pending) for job job-123

stdout | tests/workers/durable-objects/job-state-manager-do.test.js > JobStateManagerDO > SSE Update Batching (Issue #157) > should reduce I/O operations for high-frequency updates
[JobStateManager] Broadcast progress to queue (0 SSE clients, 4 pending) for job job-123

stdout | tests/workers/durable-objects/job-state-manager-do.test.js > JobStateManagerDO > SSE Update Batching (Issue #157) > should reduce I/O operations for high-frequency updates
[JobStateManager] Flushed 5 pending updates for job job-123

stdout | tests/workers/durable-objects/job-state-manager-do.test.js > JobStateManagerDO > SSE Update Batching (Issue #157) > should reduce I/O operations for high-frequency updates
[JobStateManager] Broadcast progress to queue (0 SSE clients, 0 pending) for job job-123

stdout | tests/workers/durable-objects/job-state-manager-do.test.js > JobStateManagerDO > SSE Update Batching (Issue #157) > should reduce I/O operations for high-frequency updates
[JobStateManager] Broadcast progress to queue (0 SSE clients, 1 pending) for job job-123

stdout | tests/workers/durable-objects/job-state-manager-do.test.js > JobStateManagerDO > SSE Update Batching (Issue #157) > should reduce I/O operations for high-frequency updates
[JobStateManager] Broadcast progress to queue (0 SSE clients, 2 pending) for job job-123

stdout | tests/workers/durable-objects/job-state-manager-do.test.js > JobStateManagerDO > SSE Update Batching (Issue #157) > should reduce I/O operations for high-frequency updates
[JobStateManager] Broadcast progress to queue (0 SSE clients, 3 pending) for job job-123

stdout | tests/workers/durable-objects/job-state-manager-do.test.js > JobStateManagerDO > SSE Update Batching (Issue #157) > should reduce I/O operations for high-frequency updates
[JobStateManager] Broadcast progress to queue (0 SSE clients, 4 pending) for job job-123

stdout | tests/workers/durable-objects/job-state-manager-do.test.js > JobStateManagerDO > SSE Update Batching (Issue #157) > should reduce I/O operations for high-frequency updates
[JobStateManager] Flushed 5 pending updates for job job-123

stdout | tests/workers/durable-objects/job-state-manager-do.test.js > JobStateManagerDO > SSE Update Batching (Issue #157) > should reduce I/O operations for high-frequency updates
[JobStateManager] Broadcast progress to queue (0 SSE clients, 0 pending) for job job-123

stdout | tests/workers/durable-objects/job-state-manager-do.test.js > JobStateManagerDO > SSE Update Batching (Issue #157) > should reduce I/O operations for high-frequency updates
[JobStateManager] Broadcast progress to queue (0 SSE clients, 1 pending) for job job-123

stdout | tests/workers/durable-objects/job-state-manager-do.test.js > JobStateManagerDO > SSE Update Batching (Issue #157) > should reduce I/O operations for high-frequency updates
[JobStateManager] Broadcast progress to queue (0 SSE clients, 2 pending) for job job-123

stdout | tests/workers/durable-objects/job-state-manager-do.test.js > JobStateManagerDO > SSE Update Batching (Issue #157) > should reduce I/O operations for high-frequency updates
[JobStateManager] Broadcast progress to queue (0 SSE clients, 3 pending) for job job-123

stdout | tests/workers/durable-objects/job-state-manager-do.test.js > JobStateManagerDO > SSE Update Batching (Issue #157) > should reduce I/O operations for high-frequency updates
[JobStateManager] Broadcast progress to queue (0 SSE clients, 4 pending) for job job-123

stdout | tests/workers/durable-objects/job-state-manager-do.test.js > JobStateManagerDO > SSE Update Batching (Issue #157) > should reduce I/O operations for high-frequency updates
[JobStateManager] Flushed 5 pending updates for job job-123

stdout | tests/workers/durable-objects/job-state-manager-do.test.js > JobStateManagerDO > SSE Update Batching (Issue #157) > should reduce I/O operations for high-frequency updates
[JobStateManager] Broadcast progress to queue (0 SSE clients, 0 pending) for job job-123

stdout | tests/workers/durable-objects/job-state-manager-do.test.js > JobStateManagerDO > SSE Update Batching (Issue #157) > should reduce I/O operations for high-frequency updates
[JobStateManager] Broadcast progress to queue (0 SSE clients, 1 pending) for job job-123

stdout | tests/workers/durable-objects/job-state-manager-do.test.js > JobStateManagerDO > SSE Update Batching (Issue #157) > should reduce I/O operations for high-frequency updates
[JobStateManager] Broadcast progress to queue (0 SSE clients, 2 pending) for job job-123

stdout | tests/workers/durable-objects/job-state-manager-do.test.js > JobStateManagerDO > SSE Update Batching (Issue #157) > should reduce I/O operations for high-frequency updates
[JobStateManager] Broadcast progress to queue (0 SSE clients, 3 pending) for job job-123

stdout | tests/workers/durable-objects/job-state-manager-do.test.js > JobStateManagerDO > SSE Update Batching (Issue #157) > should reduce I/O operations for high-frequency updates
[JobStateManager] Broadcast progress to queue (0 SSE clients, 4 pending) for job job-123

stdout | tests/workers/durable-objects/job-state-manager-do.test.js > JobStateManagerDO > SSE Update Batching (Issue #157) > should reduce I/O operations for high-frequency updates
[JobStateManager] Flushed 5 pending updates for job job-123

stdout | tests/workers/durable-objects/job-state-manager-do.test.js > JobStateManagerDO > SSE Update Batching (Issue #157) > should reduce I/O operations for high-frequency updates
[JobStateManager] Broadcast progress to queue (0 SSE clients, 0 pending) for job job-123

stdout | tests/workers/durable-objects/job-state-manager-do.test.js > JobStateManagerDO > SSE Update Batching (Issue #157) > should reduce I/O operations for high-frequency updates
[JobStateManager] Broadcast progress to queue (0 SSE clients, 1 pending) for job job-123

stdout | tests/workers/durable-objects/job-state-manager-do.test.js > JobStateManagerDO > SSE Update Batching (Issue #157) > should reduce I/O operations for high-frequency updates
[JobStateManager] Broadcast progress to queue (0 SSE clients, 2 pending) for job job-123

stdout | tests/workers/durable-objects/job-state-manager-do.test.js > JobStateManagerDO > SSE Update Batching (Issue #157) > should reduce I/O operations for high-frequency updates
[JobStateManager] Broadcast progress to queue (0 SSE clients, 3 pending) for job job-123

stdout | tests/workers/durable-objects/job-state-manager-do.test.js > JobStateManagerDO > SSE Update Batching (Issue #157) > should reduce I/O operations for high-frequency updates
[JobStateManager] Broadcast progress to queue (0 SSE clients, 4 pending) for job job-123

stdout | tests/workers/durable-objects/job-state-manager-do.test.js > JobStateManagerDO > SSE Update Batching (Issue #157) > should reduce I/O operations for high-frequency updates
[JobStateManager] Flushed 5 pending updates for job job-123

stdout | tests/workers/durable-objects/job-state-manager-do.test.js > JobStateManagerDO > SSE Update Batching (Issue #157) > should reduce I/O operations for high-frequency updates
[JobStateManager] Broadcast progress to queue (0 SSE clients, 0 pending) for job job-123

stdout | tests/workers/durable-objects/job-state-manager-do.test.js > JobStateManagerDO > SSE Update Batching (Issue #157) > should reduce I/O operations for high-frequency updates
[JobStateManager] Broadcast progress to queue (0 SSE clients, 1 pending) for job job-123

stdout | tests/workers/durable-objects/job-state-manager-do.test.js > JobStateManagerDO > SSE Update Batching (Issue #157) > should reduce I/O operations for high-frequency updates
[JobStateManager] Broadcast progress to queue (0 SSE clients, 2 pending) for job job-123

stdout | tests/workers/durable-objects/job-state-manager-do.test.js > JobStateManagerDO > SSE Update Batching (Issue #157) > should reduce I/O operations for high-frequency updates
[JobStateManager] Broadcast progress to queue (0 SSE clients, 3 pending) for job job-123

stdout | tests/workers/durable-objects/job-state-manager-do.test.js > JobStateManagerDO > SSE Update Batching (Issue #157) > should reduce I/O operations for high-frequency updates
[JobStateManager] Broadcast progress to queue (0 SSE clients, 4 pending) for job job-123

stdout | tests/workers/durable-objects/job-state-manager-do.test.js > JobStateManagerDO > SSE Update Batching (Issue #157) > should reduce I/O operations for high-frequency updates
[JobStateManager] Flushed 5 pending updates for job job-123

stdout | tests/workers/durable-objects/job-state-manager-do.test.js > JobStateManagerDO > SSE Update Batching (Issue #157) > should reduce I/O operations for high-frequency updates
[JobStateManager] Broadcast progress to queue (0 SSE clients, 0 pending) for job job-123

stdout | tests/workers/durable-objects/job-state-manager-do.test.js > JobStateManagerDO > SSE Update Batching (Issue #157) > should reduce I/O operations for high-frequency updates
[JobStateManager] Broadcast progress to queue (0 SSE clients, 1 pending) for job job-123

stdout | tests/workers/durable-objects/job-state-manager-do.test.js > JobStateManagerDO > SSE Update Batching (Issue #157) > should reduce I/O operations for high-frequency updates
[JobStateManager] Broadcast progress to queue (0 SSE clients, 2 pending) for job job-123

stdout | tests/workers/durable-objects/job-state-manager-do.test.js > JobStateManagerDO > SSE Update Batching (Issue #157) > should reduce I/O operations for high-frequency updates
[JobStateManager] Broadcast progress to queue (0 SSE clients, 3 pending) for job job-123

stdout | tests/workers/durable-objects/job-state-manager-do.test.js > JobStateManagerDO > SSE Update Batching (Issue #157) > should reduce I/O operations for high-frequency updates
[JobStateManager] Broadcast progress to queue (0 SSE clients, 4 pending) for job job-123

stdout | tests/workers/durable-objects/job-state-manager-do.test.js > JobStateManagerDO > SSE Update Batching (Issue #157) > should reduce I/O operations for high-frequency updates
[JobStateManager] Flushed 5 pending updates for job job-123

stdout | tests/workers/durable-objects/job-state-manager-do.test.js > JobStateManagerDO > SSE Update Batching (Issue #157) > should reduce I/O operations for high-frequency updates
[JobStateManager] Broadcast progress to queue (0 SSE clients, 0 pending) for job job-123

stdout | tests/workers/durable-objects/job-state-manager-do.test.js > JobStateManagerDO > SSE Update Batching (Issue #157) > should reduce I/O operations for high-frequency updates
[JobStateManager] Broadcast progress to queue (0 SSE clients, 1 pending) for job job-123

stdout | tests/workers/durable-objects/job-state-manager-do.test.js > JobStateManagerDO > SSE Update Batching (Issue #157) > should reduce I/O operations for high-frequency updates
[JobStateManager] Broadcast progress to queue (0 SSE clients, 2 pending) for job job-123

stdout | tests/workers/durable-objects/job-state-manager-do.test.js > JobStateManagerDO > SSE Update Batching (Issue #157) > should reduce I/O operations for high-frequency updates
[JobStateManager] Broadcast progress to queue (0 SSE clients, 3 pending) for job job-123

stdout | tests/workers/durable-objects/job-state-manager-do.test.js > JobStateManagerDO > SSE Update Batching (Issue #157) > should reduce I/O operations for high-frequency updates
[JobStateManager] Broadcast progress to queue (0 SSE clients, 4 pending) for job job-123

stdout | tests/workers/durable-objects/job-state-manager-do.test.js > JobStateManagerDO > SSE Update Batching (Issue #157) > should reduce I/O operations for high-frequency updates
[JobStateManager] Flushed 5 pending updates for job job-123

stdout | tests/workers/durable-objects/job-state-manager-do.test.js > JobStateManagerDO > SSE Update Batching (Issue #157) > should reduce I/O operations for high-frequency updates
[JobStateManager] Broadcast progress to queue (0 SSE clients, 0 pending) for job job-123

stdout | tests/workers/durable-objects/job-state-manager-do.test.js > JobStateManagerDO > SSE Update Batching (Issue #157) > should reduce I/O operations for high-frequency updates
[JobStateManager] Broadcast progress to queue (0 SSE clients, 1 pending) for job job-123

stdout | tests/workers/durable-objects/job-state-manager-do.test.js > JobStateManagerDO > SSE Update Batching (Issue #157) > should reduce I/O operations for high-frequency updates
[JobStateManager] Broadcast progress to queue (0 SSE clients, 2 pending) for job job-123

stdout | tests/workers/durable-objects/job-state-manager-do.test.js > JobStateManagerDO > SSE Update Batching (Issue #157) > should reduce I/O operations for high-frequency updates
[JobStateManager] Broadcast progress to queue (0 SSE clients, 3 pending) for job job-123

stdout | tests/workers/durable-objects/job-state-manager-do.test.js > JobStateManagerDO > SSE Update Batching (Issue #157) > should reduce I/O operations for high-frequency updates
[JobStateManager] Broadcast progress to queue (0 SSE clients, 4 pending) for job job-123

stdout | tests/workers/durable-objects/job-state-manager-do.test.js > JobStateManagerDO > SSE Update Batching (Issue #157) > should reduce I/O operations for high-frequency updates
[JobStateManager] Flushed 5 pending updates for job job-123

stdout | tests/workers/durable-objects/job-state-manager-do.test.js > JobStateManagerDO > SSE Update Batching (Issue #157) > should reduce I/O operations for high-frequency updates
[JobStateManager] Broadcast progress to queue (0 SSE clients, 0 pending) for job job-123

stdout | tests/workers/durable-objects/job-state-manager-do.test.js > JobStateManagerDO > SSE Update Batching (Issue #157) > should reduce I/O operations for high-frequency updates
[JobStateManager] Broadcast progress to queue (0 SSE clients, 1 pending) for job job-123

stdout | tests/workers/durable-objects/job-state-manager-do.test.js > JobStateManagerDO > SSE Update Batching (Issue #157) > should reduce I/O operations for high-frequency updates
[JobStateManager] Broadcast progress to queue (0 SSE clients, 2 pending) for job job-123

stdout | tests/workers/durable-objects/job-state-manager-do.test.js > JobStateManagerDO > SSE Update Batching (Issue #157) > should reduce I/O operations for high-frequency updates
[JobStateManager] Broadcast progress to queue (0 SSE clients, 3 pending) for job job-123

stdout | tests/workers/durable-objects/job-state-manager-do.test.js > JobStateManagerDO > SSE Update Batching (Issue #157) > should reduce I/O operations for high-frequency updates
[JobStateManager] Broadcast progress to queue (0 SSE clients, 4 pending) for job job-123

stdout | tests/workers/durable-objects/job-state-manager-do.test.js > JobStateManagerDO > SSE Update Batching (Issue #157) > should reduce I/O operations for high-frequency updates
[JobStateManager] Flushed 5 pending updates for job job-123

stdout | tests/workers/durable-objects/job-state-manager-do.test.js > JobStateManagerDO > SSE Update Batching (Issue #157) > should reduce I/O operations for high-frequency updates
[JobStateManager] Broadcast progress to queue (0 SSE clients, 0 pending) for job job-123

stdout | tests/workers/durable-objects/job-state-manager-do.test.js > JobStateManagerDO > SSE Update Batching (Issue #157) > should reduce I/O operations for high-frequency updates
[JobStateManager] Broadcast progress to queue (0 SSE clients, 1 pending) for job job-123

stdout | tests/workers/durable-objects/job-state-manager-do.test.js > JobStateManagerDO > SSE Update Batching (Issue #157) > should reduce I/O operations for high-frequency updates
[JobStateManager] Broadcast progress to queue (0 SSE clients, 2 pending) for job job-123

stdout | tests/workers/durable-objects/job-state-manager-do.test.js > JobStateManagerDO > SSE Update Batching (Issue #157) > should reduce I/O operations for high-frequency updates
[JobStateManager] Broadcast progress to queue (0 SSE clients, 3 pending) for job job-123

stdout | tests/workers/durable-objects/job-state-manager-do.test.js > JobStateManagerDO > SSE Update Batching (Issue #157) > should reduce I/O operations for high-frequency updates
[JobStateManager] Broadcast progress to queue (0 SSE clients, 4 pending) for job job-123

stdout | tests/workers/durable-objects/job-state-manager-do.test.js > JobStateManagerDO > SSE Update Batching (Issue #157) > should reduce I/O operations for high-frequency updates
[JobStateManager] Flushed 5 pending updates for job job-123

stdout | tests/workers/durable-objects/job-state-manager-do.test.js > JobStateManagerDO > SSE Update Batching (Issue #157) > should reduce I/O operations for high-frequency updates
[JobStateManager] Broadcast progress to queue (0 SSE clients, 0 pending) for job job-123

stdout | tests/workers/durable-objects/job-state-manager-do.test.js > JobStateManagerDO > SSE Update Batching (Issue #157) > should reduce I/O operations for high-frequency updates
[JobStateManager] Broadcast progress to queue (0 SSE clients, 1 pending) for job job-123

stdout | tests/workers/durable-objects/job-state-manager-do.test.js > JobStateManagerDO > SSE Update Batching (Issue #157) > should reduce I/O operations for high-frequency updates
[JobStateManager] Broadcast progress to queue (0 SSE clients, 2 pending) for job job-123

stdout | tests/workers/durable-objects/job-state-manager-do.test.js > JobStateManagerDO > SSE Update Batching (Issue #157) > should reduce I/O operations for high-frequency updates
[JobStateManager] Broadcast progress to queue (0 SSE clients, 3 pending) for job job-123

stdout | tests/workers/durable-objects/job-state-manager-do.test.js > JobStateManagerDO > SSE Update Batching (Issue #157) > should reduce I/O operations for high-frequency updates
[JobStateManager] Broadcast progress to queue (0 SSE clients, 4 pending) for job job-123

stdout | tests/workers/durable-objects/job-state-manager-do.test.js > JobStateManagerDO > SSE Update Batching (Issue #157) > should reduce I/O operations for high-frequency updates
[JobStateManager] Flushed 5 pending updates for job job-123

stdout | tests/workers/durable-objects/job-state-manager-do.test.js > JobStateManagerDO > SSE Update Batching (Issue #157) > should reduce I/O operations for high-frequency updates
[JobStateManager] Broadcast progress to queue (0 SSE clients, 0 pending) for job job-123

stdout | tests/workers/durable-objects/job-state-manager-do.test.js > JobStateManagerDO > SSE Update Batching (Issue #157) > should reduce I/O operations for high-frequency updates
[JobStateManager] Broadcast progress to queue (0 SSE clients, 1 pending) for job job-123

stdout | tests/workers/durable-objects/job-state-manager-do.test.js > JobStateManagerDO > SSE Update Batching (Issue #157) > should reduce I/O operations for high-frequency updates
[JobStateManager] Broadcast progress to queue (0 SSE clients, 2 pending) for job job-123

stdout | tests/workers/durable-objects/job-state-manager-do.test.js > JobStateManagerDO > SSE Update Batching (Issue #157) > should reduce I/O operations for high-frequency updates
[JobStateManager] Broadcast progress to queue (0 SSE clients, 3 pending) for job job-123

stdout | tests/workers/durable-objects/job-state-manager-do.test.js > JobStateManagerDO > SSE Update Batching (Issue #157) > should reduce I/O operations for high-frequency updates
[JobStateManager] Broadcast progress to queue (0 SSE clients, 4 pending) for job job-123

stdout | tests/workers/durable-objects/job-state-manager-do.test.js > JobStateManagerDO > SSE Update Batching (Issue #157) > should reduce I/O operations for high-frequency updates
[JobStateManager] Flushed 5 pending updates for job job-123

stdout | tests/workers/durable-objects/job-state-manager-do.test.js > JobStateManagerDO > SSE Update Batching (Issue #157) > should reduce I/O operations for high-frequency updates
[JobStateManager] Broadcast progress to queue (0 SSE clients, 0 pending) for job job-123

stdout | tests/workers/durable-objects/job-state-manager-do.test.js > JobStateManagerDO > SSE Update Batching (Issue #157) > should reduce I/O operations for high-frequency updates
[JobStateManager] Broadcast progress to queue (0 SSE clients, 1 pending) for job job-123

stdout | tests/workers/durable-objects/job-state-manager-do.test.js > JobStateManagerDO > SSE Update Batching (Issue #157) > should reduce I/O operations for high-frequency updates
[JobStateManager] Broadcast progress to queue (0 SSE clients, 2 pending) for job job-123

stdout | tests/workers/durable-objects/job-state-manager-do.test.js > JobStateManagerDO > SSE Update Batching (Issue #157) > should reduce I/O operations for high-frequency updates
[JobStateManager] Broadcast progress to queue (0 SSE clients, 3 pending) for job job-123

stdout | tests/workers/durable-objects/job-state-manager-do.test.js > JobStateManagerDO > SSE Update Batching (Issue #157) > should reduce I/O operations for high-frequency updates
[JobStateManager] Broadcast progress to queue (0 SSE clients, 4 pending) for job job-123

stdout | tests/workers/durable-objects/job-state-manager-do.test.js > JobStateManagerDO > SSE Update Batching (Issue #157) > should reduce I/O operations for high-frequency updates
[JobStateManager] Flushed 5 pending updates for job job-123

stdout | tests/workers/durable-objects/job-state-manager-do.test.js > JobStateManagerDO > SSE Update Batching (Issue #157) > should reduce I/O operations for high-frequency updates
[JobStateManager] Broadcast progress to queue (0 SSE clients, 0 pending) for job job-123

stdout | tests/workers/durable-objects/job-state-manager-do.test.js > JobStateManagerDO > SSE Update Batching (Issue #157) > should reduce I/O operations for high-frequency updates
[JobStateManager] Broadcast progress to queue (0 SSE clients, 1 pending) for job job-123

stdout | tests/workers/durable-objects/job-state-manager-do.test.js > JobStateManagerDO > SSE Update Batching (Issue #157) > should reduce I/O operations for high-frequency updates
[JobStateManager] Broadcast progress to queue (0 SSE clients, 2 pending) for job job-123

stdout | tests/workers/durable-objects/job-state-manager-do.test.js > JobStateManagerDO > SSE Update Batching (Issue #157) > should reduce I/O operations for high-frequency updates
[JobStateManager] Broadcast progress to queue (0 SSE clients, 3 pending) for job job-123

stdout | tests/workers/durable-objects/job-state-manager-do.test.js > JobStateManagerDO > SSE Update Batching (Issue #157) > should reduce I/O operations for high-frequency updates
[JobStateManager] Broadcast progress to queue (0 SSE clients, 4 pending) for job job-123

stdout | tests/workers/durable-objects/job-state-manager-do.test.js > JobStateManagerDO > SSE Update Batching (Issue #157) > should reduce I/O operations for high-frequency updates
[JobStateManager] Flushed 5 pending updates for job job-123

stdout | tests/workers/durable-objects/job-state-manager-do.test.js > JobStateManagerDO > SSE Update Batching (Issue #157) > should reduce I/O operations for high-frequency updates
[JobStateManager] Broadcast progress to queue (0 SSE clients, 0 pending) for job job-123

stdout | tests/workers/durable-objects/job-state-manager-do.test.js > JobStateManagerDO > SSE Update Batching (Issue #157) > should reduce I/O operations for high-frequency updates
[JobStateManager] Broadcast progress to queue (0 SSE clients, 1 pending) for job job-123

stdout | tests/workers/durable-objects/job-state-manager-do.test.js > JobStateManagerDO > SSE Update Batching (Issue #157) > should reduce I/O operations for high-frequency updates
[JobStateManager] Broadcast progress to queue (0 SSE clients, 2 pending) for job job-123

stdout | tests/workers/durable-objects/job-state-manager-do.test.js > JobStateManagerDO > SSE Update Batching (Issue #157) > should reduce I/O operations for high-frequency updates
[JobStateManager] Broadcast progress to queue (0 SSE clients, 3 pending) for job job-123

stdout | tests/workers/durable-objects/job-state-manager-do.test.js > JobStateManagerDO > SSE Update Batching (Issue #157) > should reduce I/O operations for high-frequency updates
[JobStateManager] Broadcast progress to queue (0 SSE clients, 4 pending) for job job-123

stdout | tests/workers/durable-objects/job-state-manager-do.test.js > JobStateManagerDO > SSE Update Batching (Issue #157) > should reduce I/O operations for high-frequency updates
[JobStateManager] Flushed 5 pending updates for job job-123

stdout | tests/workers/durable-objects/job-state-manager-do.test.js > JobStateManagerDO > SSE Update Batching (Issue #157) > should reduce I/O operations for high-frequency updates
[JobStateManager] Broadcast progress to queue (0 SSE clients, 0 pending) for job job-123

stdout | tests/workers/durable-objects/job-state-manager-do.test.js > JobStateManagerDO > SSE Update Batching (Issue #157) > should reduce I/O operations for high-frequency updates
[JobStateManager] Broadcast progress to queue (0 SSE clients, 1 pending) for job job-123

stdout | tests/workers/durable-objects/job-state-manager-do.test.js > JobStateManagerDO > SSE Update Batching (Issue #157) > should reduce I/O operations for high-frequency updates
[JobStateManager] Broadcast progress to queue (0 SSE clients, 2 pending) for job job-123

stdout | tests/workers/durable-objects/job-state-manager-do.test.js > JobStateManagerDO > SSE Update Batching (Issue #157) > should reduce I/O operations for high-frequency updates
[JobStateManager] Broadcast progress to queue (0 SSE clients, 3 pending) for job job-123

stdout | tests/workers/durable-objects/job-state-manager-do.test.js > JobStateManagerDO > SSE Update Batching (Issue #157) > should reduce I/O operations for high-frequency updates
[JobStateManager] Broadcast progress to queue (0 SSE clients, 4 pending) for job job-123

stdout | tests/workers/durable-objects/job-state-manager-do.test.js > JobStateManagerDO > SSE Update Batching (Issue #157) > should reduce I/O operations for high-frequency updates
[JobStateManager] Flushed 5 pending updates for job job-123

stdout | tests/workers/durable-objects/job-state-manager-do.test.js > JobStateManagerDO > SSE Update Batching (Issue #157) > should reduce I/O operations for high-frequency updates
[JobStateManager] Broadcast progress to queue (0 SSE clients, 0 pending) for job job-123

stdout | tests/workers/durable-objects/job-state-manager-do.test.js > JobStateManagerDO > SSE Update Batching (Issue #157) > should reduce I/O operations for high-frequency updates
[JobStateManager] Broadcast progress to queue (0 SSE clients, 1 pending) for job job-123

stdout | tests/workers/durable-objects/job-state-manager-do.test.js > JobStateManagerDO > SSE Update Batching (Issue #157) > should reduce I/O operations for high-frequency updates
[JobStateManager] Broadcast progress to queue (0 SSE clients, 2 pending) for job job-123

stdout | tests/workers/durable-objects/job-state-manager-do.test.js > JobStateManagerDO > SSE Update Batching (Issue #157) > should reduce I/O operations for high-frequency updates
[JobStateManager] Broadcast progress to queue (0 SSE clients, 3 pending) for job job-123

stdout | tests/workers/durable-objects/job-state-manager-do.test.js > JobStateManagerDO > SSE Update Batching (Issue #157) > should reduce I/O operations for high-frequency updates
[JobStateManager] Broadcast progress to queue (0 SSE clients, 4 pending) for job job-123

stdout | tests/workers/durable-objects/job-state-manager-do.test.js > JobStateManagerDO > SSE Update Batching (Issue #157) > should reduce I/O operations for high-frequency updates
[JobStateManager] Flushed 5 pending updates for job job-123

stdout | tests/workers/durable-objects/job-state-manager-do.test.js > JobStateManagerDO > SSE Update Batching (Issue #157) > should reduce I/O operations for high-frequency updates
[JobStateManager] Broadcast progress to queue (0 SSE clients, 0 pending) for job job-123

stdout | tests/workers/durable-objects/job-state-manager-do.test.js > JobStateManagerDO > SSE Update Batching (Issue #157) > should reduce I/O operations for high-frequency updates
[JobStateManager] Broadcast progress to queue (0 SSE clients, 1 pending) for job job-123

stdout | tests/workers/durable-objects/job-state-manager-do.test.js > JobStateManagerDO > SSE Update Batching (Issue #157) > should reduce I/O operations for high-frequency updates
[JobStateManager] Broadcast progress to queue (0 SSE clients, 2 pending) for job job-123

stdout | tests/workers/durable-objects/job-state-manager-do.test.js > JobStateManagerDO > SSE Update Batching (Issue #157) > should reduce I/O operations for high-frequency updates
[JobStateManager] Broadcast progress to queue (0 SSE clients, 3 pending) for job job-123

stdout | tests/workers/durable-objects/job-state-manager-do.test.js > JobStateManagerDO > SSE Update Batching (Issue #157) > should reduce I/O operations for high-frequency updates
[JobStateManager] Broadcast progress to queue (0 SSE clients, 4 pending) for job job-123

stdout | tests/workers/durable-objects/job-state-manager-do.test.js > JobStateManagerDO > SSE Update Batching (Issue #157) > should reduce I/O operations for high-frequency updates
[JobStateManager] Flushed 5 pending updates for job job-123

stdout | tests/workers/durable-objects/job-state-manager-do.test.js > JobStateManagerDO > SSE Update Batching (Issue #157) > should reduce I/O operations for high-frequency updates
[JobStateManager] Broadcast progress to queue (0 SSE clients, 0 pending) for job job-123

stdout | tests/workers/durable-objects/job-state-manager-do.test.js > JobStateManagerDO > SSE Update Batching (Issue #157) > should reduce I/O operations for high-frequency updates
[JobStateManager] Broadcast progress to queue (0 SSE clients, 1 pending) for job job-123

stdout | tests/workers/durable-objects/job-state-manager-do.test.js > JobStateManagerDO > SSE Update Batching (Issue #157) > should reduce I/O operations for high-frequency updates
[JobStateManager] Broadcast progress to queue (0 SSE clients, 2 pending) for job job-123

stdout | tests/workers/durable-objects/job-state-manager-do.test.js > JobStateManagerDO > SSE Update Batching (Issue #157) > should reduce I/O operations for high-frequency updates
[JobStateManager] Broadcast progress to queue (0 SSE clients, 3 pending) for job job-123

stdout | tests/workers/durable-objects/job-state-manager-do.test.js > JobStateManagerDO > SSE Update Batching (Issue #157) > should reduce I/O operations for high-frequency updates
[JobStateManager] Broadcast progress to queue (0 SSE clients, 4 pending) for job job-123

stdout | tests/workers/durable-objects/job-state-manager-do.test.js > JobStateManagerDO > SSE Update Batching (Issue #157) > should reduce I/O operations for high-frequency updates
[JobStateManager] Flushed 5 pending updates for job job-123

stdout | tests/workers/durable-objects/job-state-manager-do.test.js > JobStateManagerDO > SSE Update Batching (Issue #157) > should reduce I/O operations for high-frequency updates
[JobStateManager] Broadcast progress to queue (0 SSE clients, 0 pending) for job job-123

stdout | tests/workers/durable-objects/job-state-manager-do.test.js > JobStateManagerDO > SSE Update Batching (Issue #157) > should reduce I/O operations for high-frequency updates
[JobStateManager] Broadcast progress to queue (0 SSE clients, 1 pending) for job job-123

stdout | tests/workers/durable-objects/job-state-manager-do.test.js > JobStateManagerDO > SSE Update Batching (Issue #157) > should reduce I/O operations for high-frequency updates
[JobStateManager] Broadcast progress to queue (0 SSE clients, 2 pending) for job job-123

stdout | tests/workers/durable-objects/job-state-manager-do.test.js > JobStateManagerDO > SSE Update Batching (Issue #157) > should reduce I/O operations for high-frequency updates
[JobStateManager] Broadcast progress to queue (0 SSE clients, 3 pending) for job job-123

stdout | tests/workers/durable-objects/job-state-manager-do.test.js > JobStateManagerDO > SSE Update Batching (Issue #157) > should reduce I/O operations for high-frequency updates
[JobStateManager] Broadcast progress to queue (0 SSE clients, 4 pending) for job job-123

stdout | tests/workers/durable-objects/job-state-manager-do.test.js > JobStateManagerDO > SSE Update Batching (Issue #157) > should reduce I/O operations for high-frequency updates
[JobStateManager] Flushed 5 pending updates for job job-123

stdout | tests/workers/durable-objects/job-state-manager-do.test.js > JobStateManagerDO > SSE Update Batching (Issue #157) > should reduce I/O operations for high-frequency updates
[JobStateManager] Broadcast progress to queue (0 SSE clients, 0 pending) for job job-123

stdout | tests/workers/durable-objects/job-state-manager-do.test.js > JobStateManagerDO > SSE Update Batching (Issue #157) > should reduce I/O operations for high-frequency updates
[JobStateManager] Broadcast progress to queue (0 SSE clients, 1 pending) for job job-123

stdout | tests/workers/durable-objects/job-state-manager-do.test.js > JobStateManagerDO > SSE Update Batching (Issue #157) > should reduce I/O operations for high-frequency updates
[JobStateManager] Broadcast progress to queue (0 SSE clients, 2 pending) for job job-123

stdout | tests/workers/durable-objects/job-state-manager-do.test.js > JobStateManagerDO > SSE Update Batching (Issue #157) > should reduce I/O operations for high-frequency updates
[JobStateManager] Broadcast progress to queue (0 SSE clients, 3 pending) for job job-123

stdout | tests/workers/durable-objects/job-state-manager-do.test.js > JobStateManagerDO > SSE Update Batching (Issue #157) > should reduce I/O operations for high-frequency updates
[JobStateManager] Broadcast progress to queue (0 SSE clients, 4 pending) for job job-123

stdout | tests/workers/durable-objects/job-state-manager-do.test.js > JobStateManagerDO > SSE Update Batching (Issue #157) > should reduce I/O operations for high-frequency updates
[JobStateManager] Flushed 5 pending updates for job job-123

stdout | tests/workers/durable-objects/job-state-manager-do.test.js > JobStateManagerDO > SSE Update Batching (Issue #157) > should reduce I/O operations for high-frequency updates
[JobStateManager] Broadcast progress to queue (0 SSE clients, 0 pending) for job job-123

stdout | tests/workers/durable-objects/job-state-manager-do.test.js > JobStateManagerDO > SSE Update Batching (Issue #157) > should reduce I/O operations for high-frequency updates
[JobStateManager] Broadcast progress to queue (0 SSE clients, 1 pending) for job job-123

stdout | tests/workers/durable-objects/job-state-manager-do.test.js > JobStateManagerDO > SSE Update Batching (Issue #157) > should reduce I/O operations for high-frequency updates
[JobStateManager] Broadcast progress to queue (0 SSE clients, 2 pending) for job job-123

stdout | tests/workers/durable-objects/job-state-manager-do.test.js > JobStateManagerDO > SSE Update Batching (Issue #157) > should reduce I/O operations for high-frequency updates
[JobStateManager] Broadcast progress to queue (0 SSE clients, 3 pending) for job job-123

stdout | tests/workers/durable-objects/job-state-manager-do.test.js > JobStateManagerDO > SSE Update Batching (Issue #157) > should reduce I/O operations for high-frequency updates
[JobStateManager] Broadcast progress to queue (0 SSE clients, 4 pending) for job job-123

stdout | tests/workers/durable-objects/job-state-manager-do.test.js > JobStateManagerDO > SSE Update Batching (Issue #157) > should reduce I/O operations for high-frequency updates
[JobStateManager] Flushed 5 pending updates for job job-123

stdout | tests/workers/durable-objects/job-state-manager-do.test.js > JobStateManagerDO > SSE Update Batching (Issue #157) > should reduce I/O operations for high-frequency updates
[JobStateManager] Broadcast progress to queue (0 SSE clients, 0 pending) for job job-123

stdout | tests/workers/durable-objects/job-state-manager-do.test.js > JobStateManagerDO > SSE Update Batching (Issue #157) > should reduce I/O operations for high-frequency updates
[JobStateManager] Broadcast progress to queue (0 SSE clients, 1 pending) for job job-123

stdout | tests/workers/durable-objects/job-state-manager-do.test.js > JobStateManagerDO > SSE Update Batching (Issue #157) > should reduce I/O operations for high-frequency updates
[JobStateManager] Broadcast progress to queue (0 SSE clients, 2 pending) for job job-123

stdout | tests/workers/durable-objects/job-state-manager-do.test.js > JobStateManagerDO > SSE Update Batching (Issue #157) > should reduce I/O operations for high-frequency updates
[JobStateManager] Broadcast progress to queue (0 SSE clients, 3 pending) for job job-123

stdout | tests/workers/durable-objects/job-state-manager-do.test.js > JobStateManagerDO > SSE Update Batching (Issue #157) > should reduce I/O operations for high-frequency updates
[JobStateManager] Broadcast progress to queue (0 SSE clients, 4 pending) for job job-123

stdout | tests/workers/durable-objects/job-state-manager-do.test.js > JobStateManagerDO > SSE Update Batching (Issue #157) > should reduce I/O operations for high-frequency updates
[JobStateManager] Flushed 5 pending updates for job job-123

stdout | tests/workers/durable-objects/job-state-manager-do.test.js > JobStateManagerDO > SSE Update Batching (Issue #157) > should reduce I/O operations for high-frequency updates
[JobStateManager] Broadcast progress to queue (0 SSE clients, 0 pending) for job job-123

stdout | tests/workers/durable-objects/job-state-manager-do.test.js > JobStateManagerDO > SSE Update Batching (Issue #157) > should reduce I/O operations for high-frequency updates
[JobStateManager] Broadcast progress to queue (0 SSE clients, 1 pending) for job job-123

stdout | tests/workers/durable-objects/job-state-manager-do.test.js > JobStateManagerDO > SSE Update Batching (Issue #157) > should reduce I/O operations for high-frequency updates
[JobStateManager] Broadcast progress to queue (0 SSE clients, 2 pending) for job job-123

stdout | tests/workers/durable-objects/job-state-manager-do.test.js > JobStateManagerDO > SSE Update Batching (Issue #157) > should reduce I/O operations for high-frequency updates
[JobStateManager] Broadcast progress to queue (0 SSE clients, 3 pending) for job job-123

stdout | tests/workers/durable-objects/job-state-manager-do.test.js > JobStateManagerDO > SSE Update Batching (Issue #157) > should reduce I/O operations for high-frequency updates
[JobStateManager] Broadcast progress to queue (0 SSE clients, 4 pending) for job job-123

stdout | tests/workers/durable-objects/job-state-manager-do.test.js > JobStateManagerDO > SSE Update Batching (Issue #157) > should reduce I/O operations for high-frequency updates
[JobStateManager] Flushed 5 pending updates for job job-123

stdout | tests/workers/durable-objects/job-state-manager-do.test.js > JobStateManagerDO > SSE Update Batching (Issue #157) > should reduce I/O operations for high-frequency updates
[JobStateManager] Broadcast progress to queue (0 SSE clients, 0 pending) for job job-123

stdout | tests/workers/durable-objects/job-state-manager-do.test.js > JobStateManagerDO > SSE Update Batching (Issue #157) > should reduce I/O operations for high-frequency updates
[JobStateManager] Broadcast progress to queue (0 SSE clients, 1 pending) for job job-123

stdout | tests/workers/durable-objects/job-state-manager-do.test.js > JobStateManagerDO > SSE Update Batching (Issue #157) > should reduce I/O operations for high-frequency updates
[JobStateManager] Broadcast progress to queue (0 SSE clients, 2 pending) for job job-123

stdout | tests/workers/durable-objects/job-state-manager-do.test.js > JobStateManagerDO > SSE Update Batching (Issue #157) > should reduce I/O operations for high-frequency updates
[JobStateManager] Broadcast progress to queue (0 SSE clients, 3 pending) for job job-123

stdout | tests/workers/durable-objects/job-state-manager-do.test.js > JobStateManagerDO > SSE Update Batching (Issue #157) > should reduce I/O operations for high-frequency updates
[JobStateManager] Broadcast progress to queue (0 SSE clients, 4 pending) for job job-123

stdout | tests/workers/durable-objects/job-state-manager-do.test.js > JobStateManagerDO > SSE Update Batching (Issue #157) > should reduce I/O operations for high-frequency updates
[JobStateManager] Flushed 5 pending updates for job job-123

stdout | tests/workers/durable-objects/job-state-manager-do.test.js > JobStateManagerDO > SSE Update Batching (Issue #157) > should reduce I/O operations for high-frequency updates
[JobStateManager] Broadcast progress to queue (0 SSE clients, 0 pending) for job job-123

stdout | tests/workers/durable-objects/job-state-manager-do.test.js > JobStateManagerDO > SSE Update Batching (Issue #157) > should reduce I/O operations for high-frequency updates
[JobStateManager] Broadcast progress to queue (0 SSE clients, 1 pending) for job job-123

stdout | tests/workers/durable-objects/job-state-manager-do.test.js > JobStateManagerDO > SSE Update Batching (Issue #157) > should reduce I/O operations for high-frequency updates
[JobStateManager] Broadcast progress to queue (0 SSE clients, 2 pending) for job job-123

stdout | tests/workers/durable-objects/job-state-manager-do.test.js > JobStateManagerDO > SSE Update Batching (Issue #157) > should reduce I/O operations for high-frequency updates
[JobStateManager] Broadcast progress to queue (0 SSE clients, 3 pending) for job job-123

stdout | tests/workers/durable-objects/job-state-manager-do.test.js > JobStateManagerDO > SSE Update Batching (Issue #157) > should reduce I/O operations for high-frequency updates
[JobStateManager] Broadcast progress to queue (0 SSE clients, 4 pending) for job job-123

stdout | tests/workers/durable-objects/job-state-manager-do.test.js > JobStateManagerDO > SSE Update Batching (Issue #157) > should reduce I/O operations for high-frequency updates
[JobStateManager] Flushed 5 pending updates for job job-123

stdout | tests/workers/durable-objects/job-state-manager-do.test.js > JobStateManagerDO > SSE Update Batching (Issue #157) > should reduce I/O operations for high-frequency updates
[JobStateManager] Broadcast progress to queue (0 SSE clients, 0 pending) for job job-123

stdout | tests/workers/durable-objects/job-state-manager-do.test.js > JobStateManagerDO > SSE Update Batching (Issue #157) > should reduce I/O operations for high-frequency updates
[JobStateManager] Broadcast progress to queue (0 SSE clients, 1 pending) for job job-123

stdout | tests/workers/durable-objects/job-state-manager-do.test.js > JobStateManagerDO > SSE Update Batching (Issue #157) > should reduce I/O operations for high-frequency updates
[JobStateManager] Broadcast progress to queue (0 SSE clients, 2 pending) for job job-123

stdout | tests/workers/durable-objects/job-state-manager-do.test.js > JobStateManagerDO > SSE Update Batching (Issue #157) > should reduce I/O operations for high-frequency updates
[JobStateManager] Broadcast progress to queue (0 SSE clients, 3 pending) for job job-123

stdout | tests/workers/durable-objects/job-state-manager-do.test.js > JobStateManagerDO > SSE Update Batching (Issue #157) > should reduce I/O operations for high-frequency updates
[JobStateManager] Broadcast progress to queue (0 SSE clients, 4 pending) for job job-123

stdout | tests/workers/durable-objects/job-state-manager-do.test.js > JobStateManagerDO > SSE Update Batching (Issue #157) > should reduce I/O operations for high-frequency updates
[JobStateManager] Flushed 5 pending updates for job job-123

stdout | tests/workers/durable-objects/job-state-manager-do.test.js > JobStateManagerDO > SSE Update Batching (Issue #157) > should reduce I/O operations for high-frequency updates
[JobStateManager] Broadcast progress to queue (0 SSE clients, 0 pending) for job job-123

stdout | tests/workers/durable-objects/job-state-manager-do.test.js > JobStateManagerDO > SSE Update Batching (Issue #157) > should reduce I/O operations for high-frequency updates
[JobStateManager] Broadcast progress to queue (0 SSE clients, 1 pending) for job job-123

stdout | tests/workers/durable-objects/job-state-manager-do.test.js > JobStateManagerDO > SSE Update Batching (Issue #157) > should reduce I/O operations for high-frequency updates
[JobStateManager] Broadcast progress to queue (0 SSE clients, 2 pending) for job job-123

stdout | tests/workers/durable-objects/job-state-manager-do.test.js > JobStateManagerDO > SSE Update Batching (Issue #157) > should reduce I/O operations for high-frequency updates
[JobStateManager] Broadcast progress to queue (0 SSE clients, 3 pending) for job job-123

stdout | tests/workers/durable-objects/job-state-manager-do.test.js > JobStateManagerDO > SSE Update Batching (Issue #157) > should reduce I/O operations for high-frequency updates
[JobStateManager] Broadcast progress to queue (0 SSE clients, 4 pending) for job job-123

stdout | tests/workers/durable-objects/job-state-manager-do.test.js > JobStateManagerDO > SSE Update Batching (Issue #157) > should reduce I/O operations for high-frequency updates
[JobStateManager] Flushed 5 pending updates for job job-123

stdout | tests/workers/durable-objects/job-state-manager-do.test.js > JobStateManagerDO > SSE Update Batching (Issue #157) > should reduce I/O operations for high-frequency updates
[JobStateManager] Broadcast progress to queue (0 SSE clients, 0 pending) for job job-123

stdout | tests/workers/durable-objects/job-state-manager-do.test.js > JobStateManagerDO > SSE Update Batching (Issue #157) > should reduce I/O operations for high-frequency updates
[JobStateManager] Broadcast progress to queue (0 SSE clients, 1 pending) for job job-123

stdout | tests/workers/durable-objects/job-state-manager-do.test.js > JobStateManagerDO > SSE Update Batching (Issue #157) > should reduce I/O operations for high-frequency updates
[JobStateManager] Broadcast progress to queue (0 SSE clients, 2 pending) for job job-123

stdout | tests/workers/durable-objects/job-state-manager-do.test.js > JobStateManagerDO > SSE Update Batching (Issue #157) > should reduce I/O operations for high-frequency updates
[JobStateManager] Broadcast progress to queue (0 SSE clients, 3 pending) for job job-123

stdout | tests/workers/durable-objects/job-state-manager-do.test.js > JobStateManagerDO > SSE Update Batching (Issue #157) > should reduce I/O operations for high-frequency updates
[JobStateManager] Broadcast progress to queue (0 SSE clients, 4 pending) for job job-123

stdout | tests/workers/durable-objects/job-state-manager-do.test.js > JobStateManagerDO > SSE Update Batching (Issue #157) > should reduce I/O operations for high-frequency updates
[JobStateManager] Flushed 5 pending updates for job job-123

stdout | tests/workers/durable-objects/job-state-manager-do.test.js > JobStateManagerDO > SSE Update Batching (Issue #157) > should reduce I/O operations for high-frequency updates
[JobStateManager] Broadcast progress to queue (0 SSE clients, 0 pending) for job job-123

stdout | tests/workers/durable-objects/job-state-manager-do.test.js > JobStateManagerDO > SSE Update Batching (Issue #157) > should reduce I/O operations for high-frequency updates
[JobStateManager] Broadcast progress to queue (0 SSE clients, 1 pending) for job job-123

stdout | tests/workers/durable-objects/job-state-manager-do.test.js > JobStateManagerDO > SSE Update Batching (Issue #157) > should reduce I/O operations for high-frequency updates
[JobStateManager] Broadcast progress to queue (0 SSE clients, 2 pending) for job job-123

stdout | tests/workers/durable-objects/job-state-manager-do.test.js > JobStateManagerDO > SSE Update Batching (Issue #157) > should reduce I/O operations for high-frequency updates
[JobStateManager] Broadcast progress to queue (0 SSE clients, 3 pending) for job job-123

stdout | tests/workers/durable-objects/job-state-manager-do.test.js > JobStateManagerDO > SSE Update Batching (Issue #157) > should reduce I/O operations for high-frequency updates
[JobStateManager] Broadcast progress to queue (0 SSE clients, 4 pending) for job job-123

stdout | tests/workers/durable-objects/job-state-manager-do.test.js > JobStateManagerDO > SSE Update Batching (Issue #157) > should reduce I/O operations for high-frequency updates
[JobStateManager] Flushed 5 pending updates for job job-123

stdout | tests/workers/durable-objects/job-state-manager-do.test.js > JobStateManagerDO > SSE Update Batching (Issue #157) > should reduce I/O operations for high-frequency updates
[JobStateManager] Broadcast progress to queue (0 SSE clients, 0 pending) for job job-123

stdout | tests/workers/durable-objects/job-state-manager-do.test.js > JobStateManagerDO > SSE Update Batching (Issue #157) > should reduce I/O operations for high-frequency updates
[JobStateManager] Broadcast progress to queue (0 SSE clients, 1 pending) for job job-123

stdout | tests/workers/durable-objects/job-state-manager-do.test.js > JobStateManagerDO > SSE Update Batching (Issue #157) > should reduce I/O operations for high-frequency updates
[JobStateManager] Broadcast progress to queue (0 SSE clients, 2 pending) for job job-123

stdout | tests/workers/durable-objects/job-state-manager-do.test.js > JobStateManagerDO > SSE Update Batching (Issue #157) > should reduce I/O operations for high-frequency updates
[JobStateManager] Broadcast progress to queue (0 SSE clients, 3 pending) for job job-123

stdout | tests/workers/durable-objects/job-state-manager-do.test.js > JobStateManagerDO > SSE Update Batching (Issue #157) > should reduce I/O operations for high-frequency updates
[JobStateManager] Broadcast progress to queue (0 SSE clients, 4 pending) for job job-123

stdout | tests/workers/durable-objects/job-state-manager-do.test.js > JobStateManagerDO > SSE Update Batching (Issue #157) > should reduce I/O operations for high-frequency updates
[JobStateManager] Flushed 5 pending updates for job job-123

stdout | tests/workers/durable-objects/job-state-manager-do.test.js > JobStateManagerDO > SSE Update Batching (Issue #157) > should reduce I/O operations for high-frequency updates
[JobStateManager] Broadcast progress to queue (0 SSE clients, 0 pending) for job job-123

stdout | tests/workers/durable-objects/job-state-manager-do.test.js > JobStateManagerDO > SSE Update Batching (Issue #157) > should reduce I/O operations for high-frequency updates
[JobStateManager] Broadcast progress to queue (0 SSE clients, 1 pending) for job job-123

stdout | tests/workers/durable-objects/job-state-manager-do.test.js > JobStateManagerDO > SSE Update Batching (Issue #157) > should reduce I/O operations for high-frequency updates
[JobStateManager] Broadcast progress to queue (0 SSE clients, 2 pending) for job job-123

stdout | tests/workers/durable-objects/job-state-manager-do.test.js > JobStateManagerDO > SSE Update Batching (Issue #157) > should reduce I/O operations for high-frequency updates
[JobStateManager] Broadcast progress to queue (0 SSE clients, 3 pending) for job job-123

stdout | tests/workers/durable-objects/job-state-manager-do.test.js > JobStateManagerDO > SSE Update Batching (Issue #157) > should reduce I/O operations for high-frequency updates
[JobStateManager] Broadcast progress to queue (0 SSE clients, 4 pending) for job job-123

stdout | tests/workers/durable-objects/job-state-manager-do.test.js > JobStateManagerDO > SSE Update Batching (Issue #157) > should reduce I/O operations for high-frequency updates
[JobStateManager] Flushed 5 pending updates for job job-123

stdout | tests/workers/durable-objects/job-state-manager-do.test.js > JobStateManagerDO > SSE Update Batching (Issue #157) > should reduce I/O operations for high-frequency updates
[JobStateManager] Broadcast progress to queue (0 SSE clients, 0 pending) for job job-123

stdout | tests/workers/durable-objects/job-state-manager-do.test.js > JobStateManagerDO > SSE Update Batching (Issue #157) > should reduce I/O operations for high-frequency updates
[JobStateManager] Broadcast progress to queue (0 SSE clients, 1 pending) for job job-123

stdout | tests/workers/durable-objects/job-state-manager-do.test.js > JobStateManagerDO > SSE Update Batching (Issue #157) > should reduce I/O operations for high-frequency updates
[JobStateManager] Broadcast progress to queue (0 SSE clients, 2 pending) for job job-123

stdout | tests/workers/durable-objects/job-state-manager-do.test.js > JobStateManagerDO > SSE Update Batching (Issue #157) > should reduce I/O operations for high-frequency updates
[JobStateManager] Broadcast progress to queue (0 SSE clients, 3 pending) for job job-123

stdout | tests/workers/durable-objects/job-state-manager-do.test.js > JobStateManagerDO > SSE Update Batching (Issue #157) > should reduce I/O operations for high-frequency updates
[JobStateManager] Broadcast progress to queue (0 SSE clients, 4 pending) for job job-123

stdout | tests/workers/durable-objects/job-state-manager-do.test.js > JobStateManagerDO > SSE Update Batching (Issue #157) > should reduce I/O operations for high-frequency updates
[JobStateManager] Flushed 5 pending updates for job job-123

stdout | tests/workers/durable-objects/job-state-manager-do.test.js > JobStateManagerDO > SSE Update Batching (Issue #157) > should reduce I/O operations for high-frequency updates
[JobStateManager] Broadcast progress to queue (0 SSE clients, 0 pending) for job job-123

stdout | tests/workers/durable-objects/job-state-manager-do.test.js > JobStateManagerDO > SSE Update Batching (Issue #157) > should reduce I/O operations for high-frequency updates
[JobStateManager] Broadcast progress to queue (0 SSE clients, 1 pending) for job job-123

stdout | tests/workers/durable-objects/job-state-manager-do.test.js > JobStateManagerDO > SSE Update Batching (Issue #157) > should reduce I/O operations for high-frequency updates
[JobStateManager] Broadcast progress to queue (0 SSE clients, 2 pending) for job job-123

stdout | tests/workers/durable-objects/job-state-manager-do.test.js > JobStateManagerDO > SSE Update Batching (Issue #157) > should reduce I/O operations for high-frequency updates
[JobStateManager] Broadcast progress to queue (0 SSE clients, 3 pending) for job job-123

stdout | tests/workers/durable-objects/job-state-manager-do.test.js > JobStateManagerDO > SSE Update Batching (Issue #157) > should reduce I/O operations for high-frequency updates
[JobStateManager] Broadcast progress to queue (0 SSE clients, 4 pending) for job job-123

stdout | tests/workers/durable-objects/job-state-manager-do.test.js > JobStateManagerDO > SSE Update Batching (Issue #157) > should reduce I/O operations for high-frequency updates
[JobStateManager] Flushed 5 pending updates for job job-123

stdout | tests/workers/durable-objects/job-state-manager-do.test.js > JobStateManagerDO > SSE Update Batching (Issue #157) > should reduce I/O operations for high-frequency updates
[JobStateManager] Broadcast progress to queue (0 SSE clients, 0 pending) for job job-123

stdout | tests/workers/durable-objects/job-state-manager-do.test.js > JobStateManagerDO > SSE Update Batching (Issue #157) > should reduce I/O operations for high-frequency updates
[JobStateManager] Broadcast progress to queue (0 SSE clients, 1 pending) for job job-123

stdout | tests/workers/durable-objects/job-state-manager-do.test.js > JobStateManagerDO > SSE Update Batching (Issue #157) > should reduce I/O operations for high-frequency updates
[JobStateManager] Broadcast progress to queue (0 SSE clients, 2 pending) for job job-123

stdout | tests/workers/durable-objects/job-state-manager-do.test.js > JobStateManagerDO > SSE Update Batching (Issue #157) > should reduce I/O operations for high-frequency updates
[JobStateManager] Broadcast progress to queue (0 SSE clients, 3 pending) for job job-123

stdout | tests/workers/durable-objects/job-state-manager-do.test.js > JobStateManagerDO > SSE Update Batching (Issue #157) > should reduce I/O operations for high-frequency updates
[JobStateManager] Broadcast progress to queue (0 SSE clients, 4 pending) for job job-123

stdout | tests/workers/durable-objects/job-state-manager-do.test.js > JobStateManagerDO > SSE Update Batching (Issue #157) > should reduce I/O operations for high-frequency updates
[JobStateManager] Flushed 5 pending updates for job job-123

stdout | tests/workers/durable-objects/job-state-manager-do.test.js > JobStateManagerDO > SSE Update Batching (Issue #157) > should reduce I/O operations for high-frequency updates
[JobStateManager] Broadcast progress to queue (0 SSE clients, 0 pending) for job job-123

stdout | tests/workers/durable-objects/job-state-manager-do.test.js > JobStateManagerDO > SSE Update Batching (Issue #157) > should reduce I/O operations for high-frequency updates
[JobStateManager] Broadcast progress to queue (0 SSE clients, 1 pending) for job job-123

stdout | tests/workers/durable-objects/job-state-manager-do.test.js > JobStateManagerDO > SSE Update Batching (Issue #157) > should reduce I/O operations for high-frequency updates
[JobStateManager] Broadcast progress to queue (0 SSE clients, 2 pending) for job job-123

stdout | tests/workers/durable-objects/job-state-manager-do.test.js > JobStateManagerDO > SSE Update Batching (Issue #157) > should reduce I/O operations for high-frequency updates
[JobStateManager] Broadcast progress to queue (0 SSE clients, 3 pending) for job job-123

stdout | tests/workers/durable-objects/job-state-manager-do.test.js > JobStateManagerDO > SSE Update Batching (Issue #157) > should reduce I/O operations for high-frequency updates
[JobStateManager] Broadcast progress to queue (0 SSE clients, 4 pending) for job job-123

stdout | tests/workers/durable-objects/job-state-manager-do.test.js > JobStateManagerDO > SSE Update Batching (Issue #157) > should reduce I/O operations for high-frequency updates
[JobStateManager] Flushed 5 pending updates for job job-123

stdout | tests/workers/durable-objects/job-state-manager-do.test.js > JobStateManagerDO > SSE Update Batching (Issue #157) > should reduce I/O operations for high-frequency updates
[JobStateManager] Broadcast progress to queue (0 SSE clients, 0 pending) for job job-123

stdout | tests/workers/durable-objects/job-state-manager-do.test.js > JobStateManagerDO > SSE Update Batching (Issue #157) > should reduce I/O operations for high-frequency updates
[JobStateManager] Broadcast progress to queue (0 SSE clients, 1 pending) for job job-123

stdout | tests/workers/durable-objects/job-state-manager-do.test.js > JobStateManagerDO > SSE Update Batching (Issue #157) > should reduce I/O operations for high-frequency updates
[JobStateManager] Broadcast progress to queue (0 SSE clients, 2 pending) for job job-123

stdout | tests/workers/durable-objects/job-state-manager-do.test.js > JobStateManagerDO > SSE Update Batching (Issue #157) > should reduce I/O operations for high-frequency updates
[JobStateManager] Broadcast progress to queue (0 SSE clients, 3 pending) for job job-123

stdout | tests/workers/durable-objects/job-state-manager-do.test.js > JobStateManagerDO > SSE Update Batching (Issue #157) > should reduce I/O operations for high-frequency updates
[JobStateManager] Broadcast progress to queue (0 SSE clients, 4 pending) for job job-123

stdout | tests/workers/durable-objects/job-state-manager-do.test.js > JobStateManagerDO > SSE Update Batching (Issue #157) > should reduce I/O operations for high-frequency updates
[JobStateManager] Flushed 5 pending updates for job job-123

stdout | tests/workers/durable-objects/job-state-manager-do.test.js > JobStateManagerDO > SSE Update Batching (Issue #157) > should reduce I/O operations for high-frequency updates
[JobStateManager] Broadcast progress to queue (0 SSE clients, 0 pending) for job job-123

stdout | tests/workers/durable-objects/job-state-manager-do.test.js > JobStateManagerDO > SSE Update Batching (Issue #157) > should reduce I/O operations for high-frequency updates
[JobStateManager] Broadcast progress to queue (0 SSE clients, 1 pending) for job job-123

stdout | tests/workers/durable-objects/job-state-manager-do.test.js > JobStateManagerDO > SSE Update Batching (Issue #157) > should reduce I/O operations for high-frequency updates
[JobStateManager] Broadcast progress to queue (0 SSE clients, 2 pending) for job job-123

stdout | tests/workers/durable-objects/job-state-manager-do.test.js > JobStateManagerDO > SSE Update Batching (Issue #157) > should reduce I/O operations for high-frequency updates
[JobStateManager] Broadcast progress to queue (0 SSE clients, 3 pending) for job job-123

stdout | tests/workers/durable-objects/job-state-manager-do.test.js > JobStateManagerDO > SSE Update Batching (Issue #157) > should reduce I/O operations for high-frequency updates
[JobStateManager] Broadcast progress to queue (0 SSE clients, 4 pending) for job job-123

stdout | tests/workers/durable-objects/job-state-manager-do.test.js > JobStateManagerDO > SSE Update Batching (Issue #157) > should reduce I/O operations for high-frequency updates
[JobStateManager] Flushed 5 pending updates for job job-123

stdout | tests/workers/durable-objects/job-state-manager-do.test.js > JobStateManagerDO > SSE Update Batching (Issue #157) > should reduce I/O operations for high-frequency updates
[JobStateManager] Broadcast progress to queue (0 SSE clients, 0 pending) for job job-123

stdout | tests/workers/durable-objects/job-state-manager-do.test.js > JobStateManagerDO > SSE Update Batching (Issue #157) > should reduce I/O operations for high-frequency updates
[JobStateManager] Broadcast progress to queue (0 SSE clients, 1 pending) for job job-123

stdout | tests/workers/durable-objects/job-state-manager-do.test.js > JobStateManagerDO > SSE Update Batching (Issue #157) > should reduce I/O operations for high-frequency updates
[JobStateManager] Broadcast progress to queue (0 SSE clients, 2 pending) for job job-123

stdout | tests/workers/durable-objects/job-state-manager-do.test.js > JobStateManagerDO > SSE Update Batching (Issue #157) > should reduce I/O operations for high-frequency updates
[JobStateManager] Broadcast progress to queue (0 SSE clients, 3 pending) for job job-123

stdout | tests/workers/durable-objects/job-state-manager-do.test.js > JobStateManagerDO > SSE Update Batching (Issue #157) > should reduce I/O operations for high-frequency updates
[JobStateManager] Broadcast progress to queue (0 SSE clients, 4 pending) for job job-123

stdout | tests/workers/durable-objects/job-state-manager-do.test.js > JobStateManagerDO > SSE Update Batching (Issue #157) > should reduce I/O operations for high-frequency updates
[JobStateManager] Flushed 5 pending updates for job job-123

stdout | tests/workers/durable-objects/job-state-manager-do.test.js > JobStateManagerDO > SSE Update Batching (Issue #157) > should reduce I/O operations for high-frequency updates
[JobStateManager] Broadcast progress to queue (0 SSE clients, 0 pending) for job job-123

stdout | tests/workers/durable-objects/job-state-manager-do.test.js > JobStateManagerDO > SSE Update Batching (Issue #157) > should reduce I/O operations for high-frequency updates
[JobStateManager] Broadcast progress to queue (0 SSE clients, 1 pending) for job job-123

stdout | tests/workers/durable-objects/job-state-manager-do.test.js > JobStateManagerDO > SSE Update Batching (Issue #157) > should reduce I/O operations for high-frequency updates
[JobStateManager] Broadcast progress to queue (0 SSE clients, 2 pending) for job job-123

stdout | tests/workers/durable-objects/job-state-manager-do.test.js > JobStateManagerDO > SSE Update Batching (Issue #157) > should reduce I/O operations for high-frequency updates
[JobStateManager] Broadcast progress to queue (0 SSE clients, 3 pending) for job job-123

stdout | tests/workers/durable-objects/job-state-manager-do.test.js > JobStateManagerDO > SSE Update Batching (Issue #157) > should reduce I/O operations for high-frequency updates
[JobStateManager] Broadcast progress to queue (0 SSE clients, 4 pending) for job job-123

stdout | tests/workers/durable-objects/job-state-manager-do.test.js > JobStateManagerDO > SSE Update Batching (Issue #157) > should reduce I/O operations for high-frequency updates
[JobStateManager] Flushed 5 pending updates for job job-123

stdout | tests/workers/durable-objects/job-state-manager-do.test.js > JobStateManagerDO > SSE Update Batching (Issue #157) > should reduce I/O operations for high-frequency updates
[JobStateManager] Broadcast progress to queue (0 SSE clients, 0 pending) for job job-123

stdout | tests/workers/durable-objects/job-state-manager-do.test.js > JobStateManagerDO > SSE Update Batching (Issue #157) > should reduce I/O operations for high-frequency updates
[JobStateManager] Broadcast progress to queue (0 SSE clients, 1 pending) for job job-123

stdout | tests/workers/durable-objects/job-state-manager-do.test.js > JobStateManagerDO > SSE Update Batching (Issue #157) > should reduce I/O operations for high-frequency updates
[JobStateManager] Broadcast progress to queue (0 SSE clients, 2 pending) for job job-123

stdout | tests/workers/durable-objects/job-state-manager-do.test.js > JobStateManagerDO > SSE Update Batching (Issue #157) > should reduce I/O operations for high-frequency updates
[JobStateManager] Broadcast progress to queue (0 SSE clients, 3 pending) for job job-123

stdout | tests/workers/durable-objects/job-state-manager-do.test.js > JobStateManagerDO > SSE Update Batching (Issue #157) > should reduce I/O operations for high-frequency updates
[JobStateManager] Broadcast progress to queue (0 SSE clients, 4 pending) for job job-123

stdout | tests/workers/durable-objects/job-state-manager-do.test.js > JobStateManagerDO > SSE Update Batching (Issue #157) > should reduce I/O operations for high-frequency updates
[JobStateManager] Flushed 5 pending updates for job job-123

stdout | tests/workers/durable-objects/job-state-manager-do.test.js > JobStateManagerDO > SSE Update Batching (Issue #157) > should reduce I/O operations for high-frequency updates
[JobStateManager] Broadcast progress to queue (0 SSE clients, 0 pending) for job job-123

stdout | tests/workers/durable-objects/job-state-manager-do.test.js > JobStateManagerDO > SSE Update Batching (Issue #157) > should reduce I/O operations for high-frequency updates
[JobStateManager] Broadcast progress to queue (0 SSE clients, 1 pending) for job job-123

stdout | tests/workers/durable-objects/job-state-manager-do.test.js > JobStateManagerDO > SSE Update Batching (Issue #157) > should reduce I/O operations for high-frequency updates
[JobStateManager] Broadcast progress to queue (0 SSE clients, 2 pending) for job job-123

stdout | tests/workers/durable-objects/job-state-manager-do.test.js > JobStateManagerDO > SSE Update Batching (Issue #157) > should reduce I/O operations for high-frequency updates
[JobStateManager] Broadcast progress to queue (0 SSE clients, 3 pending) for job job-123

stdout | tests/workers/durable-objects/job-state-manager-do.test.js > JobStateManagerDO > SSE Update Batching (Issue #157) > should reduce I/O operations for high-frequency updates
[JobStateManager] Broadcast progress to queue (0 SSE clients, 4 pending) for job job-123

stdout | tests/workers/durable-objects/job-state-manager-do.test.js > JobStateManagerDO > SSE Update Batching (Issue #157) > should reduce I/O operations for high-frequency updates
[JobStateManager] Flushed 5 pending updates for job job-123

stdout | tests/workers/durable-objects/job-state-manager-do.test.js > JobStateManagerDO > SSE Update Batching (Issue #157) > should reduce I/O operations for high-frequency updates
[JobStateManager] Broadcast progress to queue (0 SSE clients, 0 pending) for job job-123

stdout | tests/workers/durable-objects/job-state-manager-do.test.js > JobStateManagerDO > SSE Update Batching (Issue #157) > should reduce I/O operations for high-frequency updates
[JobStateManager] Broadcast progress to queue (0 SSE clients, 1 pending) for job job-123

stdout | tests/workers/durable-objects/job-state-manager-do.test.js > JobStateManagerDO > SSE Update Batching (Issue #157) > should reduce I/O operations for high-frequency updates
[JobStateManager] Broadcast progress to queue (0 SSE clients, 2 pending) for job job-123

stdout | tests/workers/durable-objects/job-state-manager-do.test.js > JobStateManagerDO > SSE Update Batching (Issue #157) > should reduce I/O operations for high-frequency updates
[JobStateManager] Broadcast progress to queue (0 SSE clients, 3 pending) for job job-123

stdout | tests/workers/durable-objects/job-state-manager-do.test.js > JobStateManagerDO > SSE Update Batching (Issue #157) > should reduce I/O operations for high-frequency updates
[JobStateManager] Broadcast progress to queue (0 SSE clients, 4 pending) for job job-123

stdout | tests/workers/durable-objects/job-state-manager-do.test.js > JobStateManagerDO > SSE Update Batching (Issue #157) > should reduce I/O operations for high-frequency updates
[JobStateManager] Flushed 5 pending updates for job job-123

stdout | tests/workers/durable-objects/job-state-manager-do.test.js > JobStateManagerDO > SSE Update Batching (Issue #157) > should reduce I/O operations for high-frequency updates
[JobStateManager] Broadcast progress to queue (0 SSE clients, 0 pending) for job job-123

stdout | tests/workers/durable-objects/job-state-manager-do.test.js > JobStateManagerDO > SSE Update Batching (Issue #157) > should reduce I/O operations for high-frequency updates
[JobStateManager] Broadcast progress to queue (0 SSE clients, 1 pending) for job job-123

stdout | tests/workers/durable-objects/job-state-manager-do.test.js > JobStateManagerDO > SSE Update Batching (Issue #157) > should reduce I/O operations for high-frequency updates
[JobStateManager] Broadcast progress to queue (0 SSE clients, 2 pending) for job job-123

stdout | tests/workers/durable-objects/job-state-manager-do.test.js > JobStateManagerDO > SSE Update Batching (Issue #157) > should reduce I/O operations for high-frequency updates
[JobStateManager] Broadcast progress to queue (0 SSE clients, 3 pending) for job job-123

stdout | tests/workers/durable-objects/job-state-manager-do.test.js > JobStateManagerDO > SSE Update Batching (Issue #157) > should reduce I/O operations for high-frequency updates
[JobStateManager] Broadcast progress to queue (0 SSE clients, 4 pending) for job job-123

stdout | tests/workers/durable-objects/job-state-manager-do.test.js > JobStateManagerDO > SSE Update Batching (Issue #157) > should reduce I/O operations for high-frequency updates
[JobStateManager] Flushed 5 pending updates for job job-123

stdout | tests/workers/durable-objects/job-state-manager-do.test.js > JobStateManagerDO > SSE Update Batching (Issue #157) > should reduce I/O operations for high-frequency updates
[JobStateManager] Broadcast progress to queue (0 SSE clients, 0 pending) for job job-123

stdout | tests/workers/durable-objects/job-state-manager-do.test.js > JobStateManagerDO > SSE Update Batching (Issue #157) > should reduce I/O operations for high-frequency updates
[JobStateManager] Broadcast progress to queue (0 SSE clients, 1 pending) for job job-123

stdout | tests/workers/durable-objects/job-state-manager-do.test.js > JobStateManagerDO > SSE Update Batching (Issue #157) > should reduce I/O operations for high-frequency updates
[JobStateManager] Broadcast progress to queue (0 SSE clients, 2 pending) for job job-123

stdout | tests/workers/durable-objects/job-state-manager-do.test.js > JobStateManagerDO > SSE Update Batching (Issue #157) > should reduce I/O operations for high-frequency updates
[JobStateManager] Broadcast progress to queue (0 SSE clients, 3 pending) for job job-123

stdout | tests/workers/durable-objects/job-state-manager-do.test.js > JobStateManagerDO > SSE Update Batching (Issue #157) > should reduce I/O operations for high-frequency updates
[JobStateManager] Broadcast progress to queue (0 SSE clients, 4 pending) for job job-123

stdout | tests/workers/durable-objects/job-state-manager-do.test.js > JobStateManagerDO > SSE Update Batching (Issue #157) > should reduce I/O operations for high-frequency updates
[JobStateManager] Flushed 5 pending updates for job job-123

stdout | tests/workers/durable-objects/job-state-manager-do.test.js > JobStateManagerDO > SSE Update Batching (Issue #157) > should reduce I/O operations for high-frequency updates
[JobStateManager] Broadcast progress to queue (0 SSE clients, 0 pending) for job job-123

stdout | tests/workers/durable-objects/job-state-manager-do.test.js > JobStateManagerDO > SSE Update Batching (Issue #157) > should reduce I/O operations for high-frequency updates
[JobStateManager] Broadcast progress to queue (0 SSE clients, 1 pending) for job job-123

stdout | tests/workers/durable-objects/job-state-manager-do.test.js > JobStateManagerDO > SSE Update Batching (Issue #157) > should reduce I/O operations for high-frequency updates
[JobStateManager] Broadcast progress to queue (0 SSE clients, 2 pending) for job job-123

stdout | tests/workers/durable-objects/job-state-manager-do.test.js > JobStateManagerDO > SSE Update Batching (Issue #157) > should reduce I/O operations for high-frequency updates
[JobStateManager] Broadcast progress to queue (0 SSE clients, 3 pending) for job job-123

stdout | tests/workers/durable-objects/job-state-manager-do.test.js > JobStateManagerDO > SSE Update Batching (Issue #157) > should reduce I/O operations for high-frequency updates
[JobStateManager] Broadcast progress to queue (0 SSE clients, 4 pending) for job job-123

stdout | tests/workers/durable-objects/job-state-manager-do.test.js > JobStateManagerDO > SSE Update Batching (Issue #157) > should reduce I/O operations for high-frequency updates
[JobStateManager] Flushed 5 pending updates for job job-123

stdout | tests/workers/durable-objects/job-state-manager-do.test.js > JobStateManagerDO > SSE Update Batching (Issue #157) > should reduce I/O operations for high-frequency updates
[JobStateManager] Broadcast progress to queue (0 SSE clients, 0 pending) for job job-123

stdout | tests/workers/durable-objects/job-state-manager-do.test.js > JobStateManagerDO > SSE Update Batching (Issue #157) > should reduce I/O operations for high-frequency updates
[JobStateManager] Broadcast progress to queue (0 SSE clients, 1 pending) for job job-123

stdout | tests/workers/durable-objects/job-state-manager-do.test.js > JobStateManagerDO > SSE Update Batching (Issue #157) > should reduce I/O operations for high-frequency updates
[JobStateManager] Broadcast progress to queue (0 SSE clients, 2 pending) for job job-123

stdout | tests/workers/durable-objects/job-state-manager-do.test.js > JobStateManagerDO > SSE Update Batching (Issue #157) > should reduce I/O operations for high-frequency updates
[JobStateManager] Broadcast progress to queue (0 SSE clients, 3 pending) for job job-123

stdout | tests/workers/durable-objects/job-state-manager-do.test.js > JobStateManagerDO > SSE Update Batching (Issue #157) > should reduce I/O operations for high-frequency updates
[JobStateManager] Broadcast progress to queue (0 SSE clients, 4 pending) for job job-123

stdout | tests/workers/durable-objects/job-state-manager-do.test.js > JobStateManagerDO > SSE Update Batching (Issue #157) > should reduce I/O operations for high-frequency updates
[JobStateManager] Flushed 5 pending updates for job job-123

stdout | tests/workers/durable-objects/job-state-manager-do.test.js > JobStateManagerDO > SSE Update Batching (Issue #157) > should reduce I/O operations for high-frequency updates
[JobStateManager] Broadcast progress to queue (0 SSE clients, 0 pending) for job job-123

stdout | tests/workers/durable-objects/job-state-manager-do.test.js > JobStateManagerDO > SSE Update Batching (Issue #157) > should reduce I/O operations for high-frequency updates
[JobStateManager] Broadcast progress to queue (0 SSE clients, 1 pending) for job job-123

stdout | tests/workers/durable-objects/job-state-manager-do.test.js > JobStateManagerDO > SSE Update Batching (Issue #157) > should reduce I/O operations for high-frequency updates
[JobStateManager] Broadcast progress to queue (0 SSE clients, 2 pending) for job job-123

stdout | tests/workers/durable-objects/job-state-manager-do.test.js > JobStateManagerDO > SSE Update Batching (Issue #157) > should reduce I/O operations for high-frequency updates
[JobStateManager] Broadcast progress to queue (0 SSE clients, 3 pending) for job job-123

stdout | tests/workers/durable-objects/job-state-manager-do.test.js > JobStateManagerDO > SSE Update Batching (Issue #157) > should reduce I/O operations for high-frequency updates
[JobStateManager] Broadcast progress to queue (0 SSE clients, 4 pending) for job job-123

stdout | tests/workers/durable-objects/job-state-manager-do.test.js > JobStateManagerDO > SSE Update Batching (Issue #157) > should reduce I/O operations for high-frequency updates
[JobStateManager] Flushed 5 pending updates for job job-123

stdout | tests/workers/durable-objects/job-state-manager-do.test.js > JobStateManagerDO > SSE Update Batching (Issue #157) > should reduce I/O operations for high-frequency updates
[JobStateManager] Broadcast progress to queue (0 SSE clients, 0 pending) for job job-123

stdout | tests/workers/durable-objects/job-state-manager-do.test.js > JobStateManagerDO > SSE Update Batching (Issue #157) > should reduce I/O operations for high-frequency updates
[JobStateManager] Broadcast progress to queue (0 SSE clients, 1 pending) for job job-123

stdout | tests/workers/durable-objects/job-state-manager-do.test.js > JobStateManagerDO > SSE Update Batching (Issue #157) > should reduce I/O operations for high-frequency updates
[JobStateManager] Broadcast progress to queue (0 SSE clients, 2 pending) for job job-123

stdout | tests/workers/durable-objects/job-state-manager-do.test.js > JobStateManagerDO > SSE Update Batching (Issue #157) > should reduce I/O operations for high-frequency updates
[JobStateManager] Broadcast progress to queue (0 SSE clients, 3 pending) for job job-123

stdout | tests/workers/durable-objects/job-state-manager-do.test.js > JobStateManagerDO > SSE Update Batching (Issue #157) > should reduce I/O operations for high-frequency updates
[JobStateManager] Broadcast progress to queue (0 SSE clients, 4 pending) for job job-123

stdout | tests/workers/durable-objects/job-state-manager-do.test.js > JobStateManagerDO > SSE Update Batching (Issue #157) > should reduce I/O operations for high-frequency updates
[JobStateManager] Flushed 5 pending updates for job job-123

stdout | tests/workers/durable-objects/job-state-manager-do.test.js > JobStateManagerDO > SSE Update Batching (Issue #157) > should reduce I/O operations for high-frequency updates
[JobStateManager] Broadcast progress to queue (0 SSE clients, 0 pending) for job job-123

stdout | tests/workers/durable-objects/job-state-manager-do.test.js > JobStateManagerDO > SSE Update Batching (Issue #157) > should reduce I/O operations for high-frequency updates
[JobStateManager] Broadcast progress to queue (0 SSE clients, 1 pending) for job job-123

stdout | tests/workers/durable-objects/job-state-manager-do.test.js > JobStateManagerDO > SSE Update Batching (Issue #157) > should reduce I/O operations for high-frequency updates
[JobStateManager] Broadcast progress to queue (0 SSE clients, 2 pending) for job job-123

stdout | tests/workers/durable-objects/job-state-manager-do.test.js > JobStateManagerDO > SSE Update Batching (Issue #157) > should reduce I/O operations for high-frequency updates
[JobStateManager] Broadcast progress to queue (0 SSE clients, 3 pending) for job job-123

stdout | tests/workers/durable-objects/job-state-manager-do.test.js > JobStateManagerDO > SSE Update Batching (Issue #157) > should reduce I/O operations for high-frequency updates
[JobStateManager] Broadcast progress to queue (0 SSE clients, 4 pending) for job job-123

stdout | tests/workers/durable-objects/job-state-manager-do.test.js > JobStateManagerDO > SSE Update Batching (Issue #157) > should reduce I/O operations for high-frequency updates
[JobStateManager] Flushed 5 pending updates for job job-123

stdout | tests/workers/durable-objects/job-state-manager-do.test.js > JobStateManagerDO > SSE Update Batching (Issue #157) > should reduce I/O operations for high-frequency updates
[JobStateManager] Broadcast progress to queue (0 SSE clients, 0 pending) for job job-123

stdout | tests/workers/durable-objects/job-state-manager-do.test.js > JobStateManagerDO > SSE Update Batching (Issue #157) > should reduce I/O operations for high-frequency updates
[JobStateManager] Broadcast progress to queue (0 SSE clients, 1 pending) for job job-123

stdout | tests/workers/durable-objects/job-state-manager-do.test.js > JobStateManagerDO > SSE Update Batching (Issue #157) > should reduce I/O operations for high-frequency updates
[JobStateManager] Broadcast progress to queue (0 SSE clients, 2 pending) for job job-123

stdout | tests/workers/durable-objects/job-state-manager-do.test.js > JobStateManagerDO > SSE Update Batching (Issue #157) > should reduce I/O operations for high-frequency updates
[JobStateManager] Broadcast progress to queue (0 SSE clients, 3 pending) for job job-123

stdout | tests/workers/durable-objects/job-state-manager-do.test.js > JobStateManagerDO > SSE Update Batching (Issue #157) > should reduce I/O operations for high-frequency updates
[JobStateManager] Broadcast progress to queue (0 SSE clients, 4 pending) for job job-123

stdout | tests/workers/durable-objects/job-state-manager-do.test.js > JobStateManagerDO > SSE Update Batching (Issue #157) > should reduce I/O operations for high-frequency updates
[JobStateManager] Flushed 5 pending updates for job job-123

stdout | tests/workers/durable-objects/job-state-manager-do.test.js > JobStateManagerDO > SSE Update Batching (Issue #157) > should reduce I/O operations for high-frequency updates
[JobStateManager] Broadcast progress to queue (0 SSE clients, 0 pending) for job job-123

stdout | tests/workers/durable-objects/job-state-manager-do.test.js > JobStateManagerDO > SSE Update Batching (Issue #157) > should reduce I/O operations for high-frequency updates
[JobStateManager] Broadcast progress to queue (0 SSE clients, 1 pending) for job job-123

stdout | tests/workers/durable-objects/job-state-manager-do.test.js > JobStateManagerDO > SSE Update Batching (Issue #157) > should reduce I/O operations for high-frequency updates
[JobStateManager] Broadcast progress to queue (0 SSE clients, 2 pending) for job job-123

stdout | tests/workers/durable-objects/job-state-manager-do.test.js > JobStateManagerDO > SSE Update Batching (Issue #157) > should reduce I/O operations for high-frequency updates
[JobStateManager] Broadcast progress to queue (0 SSE clients, 3 pending) for job job-123

stdout | tests/workers/durable-objects/job-state-manager-do.test.js > JobStateManagerDO > SSE Update Batching (Issue #157) > should reduce I/O operations for high-frequency updates
[JobStateManager] Broadcast progress to queue (0 SSE clients, 4 pending) for job job-123

stdout | tests/workers/durable-objects/job-state-manager-do.test.js > JobStateManagerDO > SSE Update Batching (Issue #157) > should reduce I/O operations for high-frequency updates
[JobStateManager] Flushed 5 pending updates for job job-123

stdout | tests/workers/durable-objects/job-state-manager-do.test.js > JobStateManagerDO > SSE Update Batching (Issue #157) > should reduce I/O operations for high-frequency updates
[JobStateManager] Broadcast progress to queue (0 SSE clients, 0 pending) for job job-123

stdout | tests/workers/durable-objects/job-state-manager-do.test.js > JobStateManagerDO > SSE Update Batching (Issue #157) > should reduce I/O operations for high-frequency updates
[JobStateManager] Broadcast progress to queue (0 SSE clients, 1 pending) for job job-123

stdout | tests/workers/durable-objects/job-state-manager-do.test.js > JobStateManagerDO > SSE Update Batching (Issue #157) > should reduce I/O operations for high-frequency updates
[JobStateManager] Broadcast progress to queue (0 SSE clients, 2 pending) for job job-123

stdout | tests/workers/durable-objects/job-state-manager-do.test.js > JobStateManagerDO > SSE Update Batching (Issue #157) > should reduce I/O operations for high-frequency updates
[JobStateManager] Broadcast progress to queue (0 SSE clients, 3 pending) for job job-123

stdout | tests/workers/durable-objects/job-state-manager-do.test.js > JobStateManagerDO > SSE Update Batching (Issue #157) > should reduce I/O operations for high-frequency updates
[JobStateManager] Broadcast progress to queue (0 SSE clients, 4 pending) for job job-123

stdout | tests/workers/durable-objects/job-state-manager-do.test.js > JobStateManagerDO > SSE Update Batching (Issue #157) > should reduce I/O operations for high-frequency updates
[JobStateManager] Flushed 5 pending updates for job job-123

stdout | tests/workers/durable-objects/job-state-manager-do.test.js > JobStateManagerDO > SSE Update Batching (Issue #157) > should reduce I/O operations for high-frequency updates
[JobStateManager] Broadcast progress to queue (0 SSE clients, 0 pending) for job job-123

stdout | tests/workers/durable-objects/job-state-manager-do.test.js > JobStateManagerDO > SSE Update Batching (Issue #157) > should reduce I/O operations for high-frequency updates
[JobStateManager] Broadcast progress to queue (0 SSE clients, 1 pending) for job job-123

stdout | tests/workers/durable-objects/job-state-manager-do.test.js > JobStateManagerDO > SSE Update Batching (Issue #157) > should reduce I/O operations for high-frequency updates
[JobStateManager] Broadcast progress to queue (0 SSE clients, 2 pending) for job job-123

stdout | tests/workers/durable-objects/job-state-manager-do.test.js > JobStateManagerDO > SSE Update Batching (Issue #157) > should reduce I/O operations for high-frequency updates
[JobStateManager] Broadcast progress to queue (0 SSE clients, 3 pending) for job job-123

stdout | tests/workers/durable-objects/job-state-manager-do.test.js > JobStateManagerDO > SSE Update Batching (Issue #157) > should reduce I/O operations for high-frequency updates
[JobStateManager] Broadcast progress to queue (0 SSE clients, 4 pending) for job job-123

stdout | tests/workers/durable-objects/job-state-manager-do.test.js > JobStateManagerDO > SSE Update Batching (Issue #157) > should reduce I/O operations for high-frequency updates
[JobStateManager] Flushed 5 pending updates for job job-123

stdout | tests/workers/durable-objects/job-state-manager-do.test.js > JobStateManagerDO > SSE Update Batching (Issue #157) > should reduce I/O operations for high-frequency updates
[JobStateManager] Broadcast progress to queue (0 SSE clients, 0 pending) for job job-123

stdout | tests/workers/durable-objects/job-state-manager-do.test.js > JobStateManagerDO > SSE Update Batching (Issue #157) > should reduce I/O operations for high-frequency updates
[JobStateManager] Broadcast progress to queue (0 SSE clients, 1 pending) for job job-123

stdout | tests/workers/durable-objects/job-state-manager-do.test.js > JobStateManagerDO > SSE Update Batching (Issue #157) > should reduce I/O operations for high-frequency updates
[JobStateManager] Broadcast progress to queue (0 SSE clients, 2 pending) for job job-123

stdout | tests/workers/durable-objects/job-state-manager-do.test.js > JobStateManagerDO > SSE Update Batching (Issue #157) > should reduce I/O operations for high-frequency updates
[JobStateManager] Broadcast progress to queue (0 SSE clients, 3 pending) for job job-123

stdout | tests/workers/durable-objects/job-state-manager-do.test.js > JobStateManagerDO > SSE Update Batching (Issue #157) > should reduce I/O operations for high-frequency updates
[JobStateManager] Broadcast progress to queue (0 SSE clients, 4 pending) for job job-123

stdout | tests/workers/durable-objects/job-state-manager-do.test.js > JobStateManagerDO > SSE Update Batching (Issue #157) > should reduce I/O operations for high-frequency updates
[JobStateManager] Flushed 5 pending updates for job job-123

stdout | tests/workers/durable-objects/job-state-manager-do.test.js > JobStateManagerDO > SSE Update Batching (Issue #157) > should reduce I/O operations for high-frequency updates
[JobStateManager] Broadcast progress to queue (0 SSE clients, 0 pending) for job job-123

stdout | tests/workers/durable-objects/job-state-manager-do.test.js > JobStateManagerDO > SSE Update Batching (Issue #157) > should reduce I/O operations for high-frequency updates
[JobStateManager] Broadcast progress to queue (0 SSE clients, 1 pending) for job job-123

stdout | tests/workers/durable-objects/job-state-manager-do.test.js > JobStateManagerDO > SSE Update Batching (Issue #157) > should reduce I/O operations for high-frequency updates
[JobStateManager] Broadcast progress to queue (0 SSE clients, 2 pending) for job job-123

stdout | tests/workers/durable-objects/job-state-manager-do.test.js > JobStateManagerDO > SSE Update Batching (Issue #157) > should reduce I/O operations for high-frequency updates
[JobStateManager] Broadcast progress to queue (0 SSE clients, 3 pending) for job job-123

stdout | tests/workers/durable-objects/job-state-manager-do.test.js > JobStateManagerDO > SSE Update Batching (Issue #157) > should reduce I/O operations for high-frequency updates
[JobStateManager] Broadcast progress to queue (0 SSE clients, 4 pending) for job job-123

stdout | tests/workers/durable-objects/job-state-manager-do.test.js > JobStateManagerDO > SSE Update Batching (Issue #157) > should reduce I/O operations for high-frequency updates
[JobStateManager] Flushed 5 pending updates for job job-123

stdout | tests/workers/durable-objects/job-state-manager-do.test.js > JobStateManagerDO > SSE Update Batching (Issue #157) > should reduce I/O operations for high-frequency updates
[JobStateManager] Broadcast progress to queue (0 SSE clients, 0 pending) for job job-123

stdout | tests/workers/durable-objects/job-state-manager-do.test.js > JobStateManagerDO > SSE Update Batching (Issue #157) > should reduce I/O operations for high-frequency updates
[JobStateManager] Broadcast progress to queue (0 SSE clients, 1 pending) for job job-123

stdout | tests/workers/durable-objects/job-state-manager-do.test.js > JobStateManagerDO > SSE Update Batching (Issue #157) > should reduce I/O operations for high-frequency updates
[JobStateManager] Broadcast progress to queue (0 SSE clients, 2 pending) for job job-123

stdout | tests/workers/durable-objects/job-state-manager-do.test.js > JobStateManagerDO > SSE Update Batching (Issue #157) > should reduce I/O operations for high-frequency updates
[JobStateManager] Broadcast progress to queue (0 SSE clients, 3 pending) for job job-123

stdout | tests/workers/durable-objects/job-state-manager-do.test.js > JobStateManagerDO > SSE Update Batching (Issue #157) > should reduce I/O operations for high-frequency updates
[JobStateManager] Broadcast progress to queue (0 SSE clients, 4 pending) for job job-123

stdout | tests/workers/durable-objects/job-state-manager-do.test.js > JobStateManagerDO > SSE Update Batching (Issue #157) > should reduce I/O operations for high-frequency updates
[JobStateManager] Flushed 5 pending updates for job job-123

stdout | tests/workers/durable-objects/job-state-manager-do.test.js > JobStateManagerDO > SSE Update Batching (Issue #157) > should reduce I/O operations for high-frequency updates
[JobStateManager] Broadcast progress to queue (0 SSE clients, 0 pending) for job job-123

stdout | tests/workers/durable-objects/job-state-manager-do.test.js > JobStateManagerDO > SSE Update Batching (Issue #157) > should reduce I/O operations for high-frequency updates
[JobStateManager] Broadcast progress to queue (0 SSE clients, 1 pending) for job job-123

stdout | tests/workers/durable-objects/job-state-manager-do.test.js > JobStateManagerDO > SSE Update Batching (Issue #157) > should reduce I/O operations for high-frequency updates
[JobStateManager] Broadcast progress to queue (0 SSE clients, 2 pending) for job job-123

stdout | tests/workers/durable-objects/job-state-manager-do.test.js > JobStateManagerDO > SSE Update Batching (Issue #157) > should reduce I/O operations for high-frequency updates
[JobStateManager] Broadcast progress to queue (0 SSE clients, 3 pending) for job job-123

stdout | tests/workers/durable-objects/job-state-manager-do.test.js > JobStateManagerDO > SSE Update Batching (Issue #157) > should reduce I/O operations for high-frequency updates
[JobStateManager] Broadcast progress to queue (0 SSE clients, 4 pending) for job job-123

stdout | tests/workers/durable-objects/job-state-manager-do.test.js > JobStateManagerDO > SSE Update Batching (Issue #157) > should reduce I/O operations for high-frequency updates
[JobStateManager] Flushed 5 pending updates for job job-123

stdout | tests/workers/durable-objects/job-state-manager-do.test.js > JobStateManagerDO > SSE Update Batching (Issue #157) > should reduce I/O operations for high-frequency updates
[JobStateManager] Broadcast progress to queue (0 SSE clients, 0 pending) for job job-123

stdout | tests/workers/durable-objects/job-state-manager-do.test.js > JobStateManagerDO > SSE Update Batching (Issue #157) > should reduce I/O operations for high-frequency updates
[JobStateManager] Broadcast progress to queue (0 SSE clients, 1 pending) for job job-123

stdout | tests/workers/durable-objects/job-state-manager-do.test.js > JobStateManagerDO > SSE Update Batching (Issue #157) > should reduce I/O operations for high-frequency updates
[JobStateManager] Broadcast progress to queue (0 SSE clients, 2 pending) for job job-123

stdout | tests/workers/durable-objects/job-state-manager-do.test.js > JobStateManagerDO > SSE Update Batching (Issue #157) > should reduce I/O operations for high-frequency updates
[JobStateManager] Broadcast progress to queue (0 SSE clients, 3 pending) for job job-123

stdout | tests/workers/durable-objects/job-state-manager-do.test.js > JobStateManagerDO > SSE Update Batching (Issue #157) > should reduce I/O operations for high-frequency updates
[JobStateManager] Broadcast progress to queue (0 SSE clients, 4 pending) for job job-123

stdout | tests/workers/durable-objects/job-state-manager-do.test.js > JobStateManagerDO > SSE Update Batching (Issue #157) > should reduce I/O operations for high-frequency updates
[JobStateManager] Flushed 5 pending updates for job job-123

stdout | tests/workers/durable-objects/job-state-manager-do.test.js > JobStateManagerDO > SSE Update Batching (Issue #157) > should reduce I/O operations for high-frequency updates
[JobStateManager] Broadcast progress to queue (0 SSE clients, 0 pending) for job job-123

stdout | tests/workers/durable-objects/job-state-manager-do.test.js > JobStateManagerDO > SSE Update Batching (Issue #157) > should reduce I/O operations for high-frequency updates
[JobStateManager] Broadcast progress to queue (0 SSE clients, 1 pending) for job job-123

stdout | tests/workers/durable-objects/job-state-manager-do.test.js > JobStateManagerDO > SSE Update Batching (Issue #157) > should reduce I/O operations for high-frequency updates
[JobStateManager] Broadcast progress to queue (0 SSE clients, 2 pending) for job job-123

stdout | tests/workers/durable-objects/job-state-manager-do.test.js > JobStateManagerDO > SSE Update Batching (Issue #157) > should reduce I/O operations for high-frequency updates
[JobStateManager] Broadcast progress to queue (0 SSE clients, 3 pending) for job job-123

stdout | tests/workers/durable-objects/job-state-manager-do.test.js > JobStateManagerDO > SSE Update Batching (Issue #157) > should reduce I/O operations for high-frequency updates
[JobStateManager] Broadcast progress to queue (0 SSE clients, 4 pending) for job job-123

stdout | tests/workers/durable-objects/job-state-manager-do.test.js > JobStateManagerDO > SSE Update Batching (Issue #157) > should reduce I/O operations for high-frequency updates
[JobStateManager] Flushed 5 pending updates for job job-123

stdout | tests/workers/durable-objects/job-state-manager-do.test.js > JobStateManagerDO > SSE Update Batching (Issue #157) > should reduce I/O operations for high-frequency updates
[JobStateManager] Broadcast progress to queue (0 SSE clients, 0 pending) for job job-123

stdout | tests/workers/durable-objects/job-state-manager-do.test.js > JobStateManagerDO > SSE Update Batching (Issue #157) > should reduce I/O operations for high-frequency updates
[JobStateManager] Broadcast progress to queue (0 SSE clients, 1 pending) for job job-123

stdout | tests/workers/durable-objects/job-state-manager-do.test.js > JobStateManagerDO > SSE Update Batching (Issue #157) > should reduce I/O operations for high-frequency updates
[JobStateManager] Broadcast progress to queue (0 SSE clients, 2 pending) for job job-123

stdout | tests/workers/durable-objects/job-state-manager-do.test.js > JobStateManagerDO > SSE Update Batching (Issue #157) > should reduce I/O operations for high-frequency updates
[JobStateManager] Broadcast progress to queue (0 SSE clients, 3 pending) for job job-123

stdout | tests/workers/durable-objects/job-state-manager-do.test.js > JobStateManagerDO > SSE Update Batching (Issue #157) > should reduce I/O operations for high-frequency updates
[JobStateManager] Broadcast progress to queue (0 SSE clients, 4 pending) for job job-123

stdout | tests/workers/durable-objects/job-state-manager-do.test.js > JobStateManagerDO > SSE Update Batching (Issue #157) > should reduce I/O operations for high-frequency updates
[JobStateManager] Flushed 5 pending updates for job job-123

stdout | tests/workers/durable-objects/job-state-manager-do.test.js > JobStateManagerDO > SSE Update Batching (Issue #157) > should reduce I/O operations for high-frequency updates
[JobStateManager] Broadcast progress to queue (0 SSE clients, 0 pending) for job job-123

stdout | tests/workers/durable-objects/job-state-manager-do.test.js > JobStateManagerDO > SSE Update Batching (Issue #157) > should reduce I/O operations for high-frequency updates
[JobStateManager] Broadcast progress to queue (0 SSE clients, 1 pending) for job job-123

stdout | tests/workers/durable-objects/job-state-manager-do.test.js > JobStateManagerDO > SSE Update Batching (Issue #157) > should reduce I/O operations for high-frequency updates
[JobStateManager] Broadcast progress to queue (0 SSE clients, 2 pending) for job job-123

stdout | tests/workers/durable-objects/job-state-manager-do.test.js > JobStateManagerDO > SSE Update Batching (Issue #157) > should reduce I/O operations for high-frequency updates
[JobStateManager] Broadcast progress to queue (0 SSE clients, 3 pending) for job job-123

stdout | tests/workers/durable-objects/job-state-manager-do.test.js > JobStateManagerDO > SSE Update Batching (Issue #157) > should reduce I/O operations for high-frequency updates
[JobStateManager] Broadcast progress to queue (0 SSE clients, 4 pending) for job job-123

stdout | tests/workers/durable-objects/job-state-manager-do.test.js > JobStateManagerDO > SSE Update Batching (Issue #157) > should reduce I/O operations for high-frequency updates
[JobStateManager] Flushed 5 pending updates for job job-123

stdout | tests/workers/durable-objects/job-state-manager-do.test.js > JobStateManagerDO > SSE Update Batching (Issue #157) > should reduce I/O operations for high-frequency updates
[JobStateManager] Broadcast progress to queue (0 SSE clients, 0 pending) for job job-123

stdout | tests/workers/durable-objects/job-state-manager-do.test.js > JobStateManagerDO > SSE Update Batching (Issue #157) > should reduce I/O operations for high-frequency updates
[JobStateManager] Broadcast progress to queue (0 SSE clients, 1 pending) for job job-123

stdout | tests/workers/durable-objects/job-state-manager-do.test.js > JobStateManagerDO > SSE Update Batching (Issue #157) > should reduce I/O operations for high-frequency updates
[JobStateManager] Broadcast progress to queue (0 SSE clients, 2 pending) for job job-123

stdout | tests/workers/durable-objects/job-state-manager-do.test.js > JobStateManagerDO > SSE Update Batching (Issue #157) > should reduce I/O operations for high-frequency updates
[JobStateManager] Broadcast progress to queue (0 SSE clients, 3 pending) for job job-123

stdout | tests/workers/durable-objects/job-state-manager-do.test.js > JobStateManagerDO > SSE Update Batching (Issue #157) > should reduce I/O operations for high-frequency updates
[JobStateManager] Broadcast progress to queue (0 SSE clients, 4 pending) for job job-123

stdout | tests/workers/durable-objects/job-state-manager-do.test.js > JobStateManagerDO > SSE Update Batching (Issue #157) > should reduce I/O operations for high-frequency updates
[JobStateManager] Flushed 5 pending updates for job job-123

stdout | tests/workers/durable-objects/job-state-manager-do.test.js > JobStateManagerDO > SSE Update Batching (Issue #157) > should reduce I/O operations for high-frequency updates
[JobStateManager] Broadcast progress to queue (0 SSE clients, 0 pending) for job job-123

stdout | tests/workers/durable-objects/job-state-manager-do.test.js > JobStateManagerDO > SSE Update Batching (Issue #157) > should reduce I/O operations for high-frequency updates
[JobStateManager] Broadcast progress to queue (0 SSE clients, 1 pending) for job job-123

stdout | tests/workers/durable-objects/job-state-manager-do.test.js > JobStateManagerDO > SSE Update Batching (Issue #157) > should reduce I/O operations for high-frequency updates
[JobStateManager] Broadcast progress to queue (0 SSE clients, 2 pending) for job job-123

stdout | tests/workers/durable-objects/job-state-manager-do.test.js > JobStateManagerDO > SSE Update Batching (Issue #157) > should reduce I/O operations for high-frequency updates
[JobStateManager] Broadcast progress to queue (0 SSE clients, 3 pending) for job job-123

stdout | tests/workers/durable-objects/job-state-manager-do.test.js > JobStateManagerDO > SSE Update Batching (Issue #157) > should reduce I/O operations for high-frequency updates
[JobStateManager] Broadcast progress to queue (0 SSE clients, 4 pending) for job job-123

stdout | tests/workers/durable-objects/job-state-manager-do.test.js > JobStateManagerDO > SSE Update Batching (Issue #157) > should reduce I/O operations for high-frequency updates
[JobStateManager] Flushed 5 pending updates for job job-123

stdout | tests/workers/durable-objects/job-state-manager-do.test.js > JobStateManagerDO > SSE Update Batching (Issue #157) > should reduce I/O operations for high-frequency updates
[JobStateManager] Broadcast progress to queue (0 SSE clients, 0 pending) for job job-123

stdout | tests/workers/durable-objects/job-state-manager-do.test.js > JobStateManagerDO > SSE Update Batching (Issue #157) > should reduce I/O operations for high-frequency updates
[JobStateManager] Broadcast progress to queue (0 SSE clients, 1 pending) for job job-123

stdout | tests/workers/durable-objects/job-state-manager-do.test.js > JobStateManagerDO > SSE Update Batching (Issue #157) > should reduce I/O operations for high-frequency updates
[JobStateManager] Broadcast progress to queue (0 SSE clients, 2 pending) for job job-123

stdout | tests/workers/durable-objects/job-state-manager-do.test.js > JobStateManagerDO > SSE Update Batching (Issue #157) > should reduce I/O operations for high-frequency updates
[JobStateManager] Broadcast progress to queue (0 SSE clients, 3 pending) for job job-123

stdout | tests/workers/durable-objects/job-state-manager-do.test.js > JobStateManagerDO > SSE Update Batching (Issue #157) > should reduce I/O operations for high-frequency updates
[JobStateManager] Broadcast progress to queue (0 SSE clients, 4 pending) for job job-123

stdout | tests/workers/durable-objects/job-state-manager-do.test.js > JobStateManagerDO > SSE Update Batching (Issue #157) > should reduce I/O operations for high-frequency updates
[JobStateManager] Flushed 5 pending updates for job job-123

stdout | tests/workers/durable-objects/job-state-manager-do.test.js > JobStateManagerDO > SSE Update Batching (Issue #157) > should reduce I/O operations for high-frequency updates
[JobStateManager] Broadcast progress to queue (0 SSE clients, 0 pending) for job job-123

stdout | tests/workers/durable-objects/job-state-manager-do.test.js > JobStateManagerDO > SSE Update Batching (Issue #157) > should reduce I/O operations for high-frequency updates
[JobStateManager] Broadcast progress to queue (0 SSE clients, 1 pending) for job job-123

stdout | tests/workers/durable-objects/job-state-manager-do.test.js > JobStateManagerDO > SSE Update Batching (Issue #157) > should reduce I/O operations for high-frequency updates
[JobStateManager] Broadcast progress to queue (0 SSE clients, 2 pending) for job job-123

stdout | tests/workers/durable-objects/job-state-manager-do.test.js > JobStateManagerDO > SSE Update Batching (Issue #157) > should reduce I/O operations for high-frequency updates
[JobStateManager] Broadcast progress to queue (0 SSE clients, 3 pending) for job job-123

stdout | tests/workers/durable-objects/job-state-manager-do.test.js > JobStateManagerDO > SSE Update Batching (Issue #157) > should reduce I/O operations for high-frequency updates
[JobStateManager] Broadcast progress to queue (0 SSE clients, 4 pending) for job job-123

stdout | tests/workers/durable-objects/job-state-manager-do.test.js > JobStateManagerDO > SSE Update Batching (Issue #157) > should reduce I/O operations for high-frequency updates
[JobStateManager] Flushed 5 pending updates for job job-123

stdout | tests/workers/durable-objects/job-state-manager-do.test.js > JobStateManagerDO > SSE Update Batching (Issue #157) > should reduce I/O operations for high-frequency updates
[JobStateManager] Broadcast progress to queue (0 SSE clients, 0 pending) for job job-123

stdout | tests/workers/durable-objects/job-state-manager-do.test.js > JobStateManagerDO > SSE Update Batching (Issue #157) > should reduce I/O operations for high-frequency updates
[JobStateManager] Broadcast progress to queue (0 SSE clients, 1 pending) for job job-123

stdout | tests/workers/durable-objects/job-state-manager-do.test.js > JobStateManagerDO > SSE Update Batching (Issue #157) > should reduce I/O operations for high-frequency updates
[JobStateManager] Broadcast progress to queue (0 SSE clients, 2 pending) for job job-123

stdout | tests/workers/durable-objects/job-state-manager-do.test.js > JobStateManagerDO > SSE Update Batching (Issue #157) > should reduce I/O operations for high-frequency updates
[JobStateManager] Broadcast progress to queue (0 SSE clients, 3 pending) for job job-123

stdout | tests/workers/durable-objects/job-state-manager-do.test.js > JobStateManagerDO > SSE Update Batching (Issue #157) > should reduce I/O operations for high-frequency updates
[JobStateManager] Broadcast progress to queue (0 SSE clients, 4 pending) for job job-123

stdout | tests/workers/durable-objects/job-state-manager-do.test.js > JobStateManagerDO > SSE Update Batching (Issue #157) > should reduce I/O operations for high-frequency updates
[JobStateManager] Flushed 5 pending updates for job job-123

stdout | tests/workers/durable-objects/job-state-manager-do.test.js > JobStateManagerDO > SSE Update Batching (Issue #157) > should reduce I/O operations for high-frequency updates
[JobStateManager] Broadcast progress to queue (0 SSE clients, 0 pending) for job job-123

stdout | tests/workers/durable-objects/job-state-manager-do.test.js > JobStateManagerDO > SSE Update Batching (Issue #157) > should reduce I/O operations for high-frequency updates
[JobStateManager] Broadcast progress to queue (0 SSE clients, 1 pending) for job job-123

stdout | tests/workers/durable-objects/job-state-manager-do.test.js > JobStateManagerDO > SSE Update Batching (Issue #157) > should reduce I/O operations for high-frequency updates
[JobStateManager] Broadcast progress to queue (0 SSE clients, 2 pending) for job job-123

stdout | tests/workers/durable-objects/job-state-manager-do.test.js > JobStateManagerDO > SSE Update Batching (Issue #157) > should reduce I/O operations for high-frequency updates
[JobStateManager] Broadcast progress to queue (0 SSE clients, 3 pending) for job job-123

stdout | tests/workers/durable-objects/job-state-manager-do.test.js > JobStateManagerDO > SSE Update Batching (Issue #157) > should reduce I/O operations for high-frequency updates
[JobStateManager] Broadcast progress to queue (0 SSE clients, 4 pending) for job job-123

stdout | tests/workers/durable-objects/job-state-manager-do.test.js > JobStateManagerDO > SSE Update Batching (Issue #157) > should reduce I/O operations for high-frequency updates
[JobStateManager] Flushed 5 pending updates for job job-123

stdout | tests/workers/durable-objects/job-state-manager-do.test.js > JobStateManagerDO > SSE Update Batching (Issue #157) > should reduce I/O operations for high-frequency updates
[JobStateManager] Broadcast progress to queue (0 SSE clients, 0 pending) for job job-123

stdout | tests/workers/durable-objects/job-state-manager-do.test.js > JobStateManagerDO > SSE Update Batching (Issue #157) > should reduce I/O operations for high-frequency updates
[JobStateManager] Broadcast progress to queue (0 SSE clients, 1 pending) for job job-123

stdout | tests/workers/durable-objects/job-state-manager-do.test.js > JobStateManagerDO > SSE Update Batching (Issue #157) > should reduce I/O operations for high-frequency updates
[JobStateManager] Broadcast progress to queue (0 SSE clients, 2 pending) for job job-123

stdout | tests/workers/durable-objects/job-state-manager-do.test.js > JobStateManagerDO > SSE Update Batching (Issue #157) > should reduce I/O operations for high-frequency updates
[JobStateManager] Broadcast progress to queue (0 SSE clients, 3 pending) for job job-123

stdout | tests/workers/durable-objects/job-state-manager-do.test.js > JobStateManagerDO > SSE Update Batching (Issue #157) > should reduce I/O operations for high-frequency updates
[JobStateManager] Broadcast progress to queue (0 SSE clients, 4 pending) for job job-123

stdout | tests/workers/durable-objects/job-state-manager-do.test.js > JobStateManagerDO > SSE Update Batching (Issue #157) > should reduce I/O operations for high-frequency updates
[JobStateManager] Flushed 5 pending updates for job job-123

stdout | tests/workers/durable-objects/job-state-manager-do.test.js > JobStateManagerDO > SSE Update Batching (Issue #157) > should reduce I/O operations for high-frequency updates
[JobStateManager] Broadcast progress to queue (0 SSE clients, 0 pending) for job job-123

stdout | tests/workers/durable-objects/job-state-manager-do.test.js > JobStateManagerDO > SSE Update Batching (Issue #157) > should reduce I/O operations for high-frequency updates
[JobStateManager] Broadcast progress to queue (0 SSE clients, 1 pending) for job job-123

stdout | tests/workers/durable-objects/job-state-manager-do.test.js > JobStateManagerDO > SSE Update Batching (Issue #157) > should reduce I/O operations for high-frequency updates
[JobStateManager] Broadcast progress to queue (0 SSE clients, 2 pending) for job job-123

stdout | tests/workers/durable-objects/job-state-manager-do.test.js > JobStateManagerDO > SSE Update Batching (Issue #157) > should reduce I/O operations for high-frequency updates
[JobStateManager] Broadcast progress to queue (0 SSE clients, 3 pending) for job job-123

stdout | tests/workers/durable-objects/job-state-manager-do.test.js > JobStateManagerDO > SSE Update Batching (Issue #157) > should reduce I/O operations for high-frequency updates
[JobStateManager] Broadcast progress to queue (0 SSE clients, 4 pending) for job job-123

stdout | tests/workers/durable-objects/job-state-manager-do.test.js > JobStateManagerDO > SSE Update Batching (Issue #157) > should reduce I/O operations for high-frequency updates
[JobStateManager] Flushed 5 pending updates for job job-123

stdout | tests/workers/durable-objects/job-state-manager-do.test.js > JobStateManagerDO > SSE Update Batching (Issue #157) > should reduce I/O operations for high-frequency updates
[JobStateManager] Broadcast progress to queue (0 SSE clients, 0 pending) for job job-123

stdout | tests/workers/durable-objects/job-state-manager-do.test.js > JobStateManagerDO > SSE Update Batching (Issue #157) > should reduce I/O operations for high-frequency updates
[JobStateManager] Broadcast progress to queue (0 SSE clients, 1 pending) for job job-123

stdout | tests/workers/durable-objects/job-state-manager-do.test.js > JobStateManagerDO > SSE Update Batching (Issue #157) > should reduce I/O operations for high-frequency updates
[JobStateManager] Broadcast progress to queue (0 SSE clients, 2 pending) for job job-123

stdout | tests/workers/durable-objects/job-state-manager-do.test.js > JobStateManagerDO > SSE Update Batching (Issue #157) > should reduce I/O operations for high-frequency updates
[JobStateManager] Broadcast progress to queue (0 SSE clients, 3 pending) for job job-123

stdout | tests/workers/durable-objects/job-state-manager-do.test.js > JobStateManagerDO > SSE Update Batching (Issue #157) > should reduce I/O operations for high-frequency updates
[JobStateManager] Broadcast progress to queue (0 SSE clients, 4 pending) for job job-123

stdout | tests/workers/durable-objects/job-state-manager-do.test.js > JobStateManagerDO > SSE Update Batching (Issue #157) > should reduce I/O operations for high-frequency updates
[JobStateManager] Flushed 5 pending updates for job job-123

stdout | tests/workers/durable-objects/job-state-manager-do.test.js > JobStateManagerDO > SSE Update Batching (Issue #157) > should reduce I/O operations for high-frequency updates
[JobStateManager] Broadcast progress to queue (0 SSE clients, 0 pending) for job job-123

stdout | tests/workers/durable-objects/job-state-manager-do.test.js > JobStateManagerDO > SSE Update Batching (Issue #157) > should reduce I/O operations for high-frequency updates
[JobStateManager] Broadcast progress to queue (0 SSE clients, 1 pending) for job job-123

stdout | tests/workers/durable-objects/job-state-manager-do.test.js > JobStateManagerDO > SSE Update Batching (Issue #157) > should reduce I/O operations for high-frequency updates
[JobStateManager] Broadcast progress to queue (0 SSE clients, 2 pending) for job job-123

stdout | tests/workers/durable-objects/job-state-manager-do.test.js > JobStateManagerDO > SSE Update Batching (Issue #157) > should reduce I/O operations for high-frequency updates
[JobStateManager] Broadcast progress to queue (0 SSE clients, 3 pending) for job job-123

stdout | tests/workers/durable-objects/job-state-manager-do.test.js > JobStateManagerDO > SSE Update Batching (Issue #157) > should reduce I/O operations for high-frequency updates
[JobStateManager] Broadcast progress to queue (0 SSE clients, 4 pending) for job job-123

stdout | tests/workers/durable-objects/job-state-manager-do.test.js > JobStateManagerDO > SSE Update Batching (Issue #157) > should reduce I/O operations for high-frequency updates
[JobStateManager] Flushed 5 pending updates for job job-123

stdout | tests/workers/durable-objects/job-state-manager-do.test.js > JobStateManagerDO > SSE Update Batching (Issue #157) > should reduce I/O operations for high-frequency updates
[JobStateManager] Broadcast progress to queue (0 SSE clients, 0 pending) for job job-123

stdout | tests/workers/durable-objects/job-state-manager-do.test.js > JobStateManagerDO > SSE Update Batching (Issue #157) > should reduce I/O operations for high-frequency updates
[JobStateManager] Broadcast progress to queue (0 SSE clients, 1 pending) for job job-123

stdout | tests/workers/durable-objects/job-state-manager-do.test.js > JobStateManagerDO > SSE Update Batching (Issue #157) > should reduce I/O operations for high-frequency updates
[JobStateManager] Broadcast progress to queue (0 SSE clients, 2 pending) for job job-123

stdout | tests/workers/durable-objects/job-state-manager-do.test.js > JobStateManagerDO > SSE Update Batching (Issue #157) > should reduce I/O operations for high-frequency updates
[JobStateManager] Broadcast progress to queue (0 SSE clients, 3 pending) for job job-123

stdout | tests/workers/durable-objects/job-state-manager-do.test.js > JobStateManagerDO > SSE Update Batching (Issue #157) > should reduce I/O operations for high-frequency updates
[JobStateManager] Broadcast progress to queue (0 SSE clients, 4 pending) for job job-123

stdout | tests/workers/durable-objects/job-state-manager-do.test.js > JobStateManagerDO > SSE Update Batching (Issue #157) > should reduce I/O operations for high-frequency updates
[JobStateManager] Flushed 5 pending updates for job job-123

stdout | tests/workers/durable-objects/job-state-manager-do.test.js > JobStateManagerDO > SSE Update Batching (Issue #157) > should reduce I/O operations for high-frequency updates
[JobStateManager] Broadcast progress to queue (0 SSE clients, 0 pending) for job job-123

stdout | tests/workers/durable-objects/job-state-manager-do.test.js > JobStateManagerDO > SSE Update Batching (Issue #157) > should reduce I/O operations for high-frequency updates
[JobStateManager] Broadcast progress to queue (0 SSE clients, 1 pending) for job job-123

stdout | tests/workers/durable-objects/job-state-manager-do.test.js > JobStateManagerDO > SSE Update Batching (Issue #157) > should reduce I/O operations for high-frequency updates
[JobStateManager] Broadcast progress to queue (0 SSE clients, 2 pending) for job job-123

stdout | tests/workers/durable-objects/job-state-manager-do.test.js > JobStateManagerDO > SSE Update Batching (Issue #157) > should reduce I/O operations for high-frequency updates
[JobStateManager] Broadcast progress to queue (0 SSE clients, 3 pending) for job job-123

stdout | tests/workers/durable-objects/job-state-manager-do.test.js > JobStateManagerDO > SSE Update Batching (Issue #157) > should reduce I/O operations for high-frequency updates
[JobStateManager] Broadcast progress to queue (0 SSE clients, 4 pending) for job job-123

stdout | tests/workers/durable-objects/job-state-manager-do.test.js > JobStateManagerDO > SSE Update Batching (Issue #157) > should reduce I/O operations for high-frequency updates
[JobStateManager] Flushed 5 pending updates for job job-123

stdout | tests/workers/durable-objects/job-state-manager-do.test.js > JobStateManagerDO > SSE Update Batching (Issue #157) > should reduce I/O operations for high-frequency updates
[JobStateManager] Broadcast progress to queue (0 SSE clients, 0 pending) for job job-123

stdout | tests/workers/durable-objects/job-state-manager-do.test.js > JobStateManagerDO > SSE Update Batching (Issue #157) > should reduce I/O operations for high-frequency updates
[JobStateManager] Broadcast progress to queue (0 SSE clients, 1 pending) for job job-123

stdout | tests/workers/durable-objects/job-state-manager-do.test.js > JobStateManagerDO > SSE Update Batching (Issue #157) > should reduce I/O operations for high-frequency updates
[JobStateManager] Broadcast progress to queue (0 SSE clients, 2 pending) for job job-123

stdout | tests/workers/durable-objects/job-state-manager-do.test.js > JobStateManagerDO > SSE Update Batching (Issue #157) > should reduce I/O operations for high-frequency updates
[JobStateManager] Broadcast progress to queue (0 SSE clients, 3 pending) for job job-123

stdout | tests/workers/durable-objects/job-state-manager-do.test.js > JobStateManagerDO > SSE Update Batching (Issue #157) > should reduce I/O operations for high-frequency updates
[JobStateManager] Broadcast progress to queue (0 SSE clients, 4 pending) for job job-123

stdout | tests/workers/durable-objects/job-state-manager-do.test.js > JobStateManagerDO > SSE Update Batching (Issue #157) > should reduce I/O operations for high-frequency updates
[JobStateManager] Flushed 5 pending updates for job job-123

stdout | tests/workers/durable-objects/job-state-manager-do.test.js > JobStateManagerDO > SSE Update Batching (Issue #157) > should reduce I/O operations for high-frequency updates
[JobStateManager] Broadcast progress to queue (0 SSE clients, 0 pending) for job job-123

stdout | tests/workers/durable-objects/job-state-manager-do.test.js > JobStateManagerDO > SSE Update Batching (Issue #157) > should reduce I/O operations for high-frequency updates
[JobStateManager] Broadcast progress to queue (0 SSE clients, 1 pending) for job job-123

stdout | tests/workers/durable-objects/job-state-manager-do.test.js > JobStateManagerDO > SSE Update Batching (Issue #157) > should reduce I/O operations for high-frequency updates
[JobStateManager] Broadcast progress to queue (0 SSE clients, 2 pending) for job job-123

stdout | tests/workers/durable-objects/job-state-manager-do.test.js > JobStateManagerDO > SSE Update Batching (Issue #157) > should reduce I/O operations for high-frequency updates
[JobStateManager] Broadcast progress to queue (0 SSE clients, 3 pending) for job job-123

stdout | tests/workers/durable-objects/job-state-manager-do.test.js > JobStateManagerDO > SSE Update Batching (Issue #157) > should reduce I/O operations for high-frequency updates
[JobStateManager] Broadcast progress to queue (0 SSE clients, 4 pending) for job job-123

stdout | tests/workers/durable-objects/job-state-manager-do.test.js > JobStateManagerDO > SSE Update Batching (Issue #157) > should reduce I/O operations for high-frequency updates
[JobStateManager] Flushed 5 pending updates for job job-123

stdout | tests/workers/durable-objects/job-state-manager-do.test.js > JobStateManagerDO > SSE Update Batching (Issue #157) > should reduce I/O operations for high-frequency updates
[JobStateManager] Broadcast progress to queue (0 SSE clients, 0 pending) for job job-123

stdout | tests/workers/durable-objects/job-state-manager-do.test.js > JobStateManagerDO > SSE Update Batching (Issue #157) > should reduce I/O operations for high-frequency updates
[JobStateManager] Broadcast progress to queue (0 SSE clients, 1 pending) for job job-123

stdout | tests/workers/durable-objects/job-state-manager-do.test.js > JobStateManagerDO > SSE Update Batching (Issue #157) > should reduce I/O operations for high-frequency updates
[JobStateManager] Broadcast progress to queue (0 SSE clients, 2 pending) for job job-123

stdout | tests/workers/durable-objects/job-state-manager-do.test.js > JobStateManagerDO > SSE Update Batching (Issue #157) > should reduce I/O operations for high-frequency updates
[JobStateManager] Broadcast progress to queue (0 SSE clients, 3 pending) for job job-123

stdout | tests/workers/durable-objects/job-state-manager-do.test.js > JobStateManagerDO > SSE Update Batching (Issue #157) > should reduce I/O operations for high-frequency updates
[JobStateManager] Broadcast progress to queue (0 SSE clients, 4 pending) for job job-123

stdout | tests/workers/durable-objects/job-state-manager-do.test.js > JobStateManagerDO > SSE Update Batching (Issue #157) > should reduce I/O operations for high-frequency updates
[JobStateManager] Flushed 5 pending updates for job job-123

stdout | tests/workers/durable-objects/job-state-manager-do.test.js > JobStateManagerDO > SSE Update Batching (Issue #157) > should reduce I/O operations for high-frequency updates
[JobStateManager] Broadcast progress to queue (0 SSE clients, 0 pending) for job job-123

stdout | tests/workers/durable-objects/job-state-manager-do.test.js > JobStateManagerDO > SSE Update Batching (Issue #157) > should reduce I/O operations for high-frequency updates
[JobStateManager] Broadcast progress to queue (0 SSE clients, 1 pending) for job job-123

stdout | tests/workers/durable-objects/job-state-manager-do.test.js > JobStateManagerDO > SSE Update Batching (Issue #157) > should reduce I/O operations for high-frequency updates
[JobStateManager] Broadcast progress to queue (0 SSE clients, 2 pending) for job job-123

stdout | tests/workers/durable-objects/job-state-manager-do.test.js > JobStateManagerDO > SSE Update Batching (Issue #157) > should reduce I/O operations for high-frequency updates
[JobStateManager] Broadcast progress to queue (0 SSE clients, 3 pending) for job job-123

stdout | tests/workers/durable-objects/job-state-manager-do.test.js > JobStateManagerDO > SSE Update Batching (Issue #157) > should reduce I/O operations for high-frequency updates
[JobStateManager] Broadcast progress to queue (0 SSE clients, 4 pending) for job job-123

stdout | tests/workers/durable-objects/job-state-manager-do.test.js > JobStateManagerDO > SSE Update Batching (Issue #157) > should reduce I/O operations for high-frequency updates
[JobStateManager] Flushed 5 pending updates for job job-123

stdout | tests/workers/durable-objects/job-state-manager-do.test.js > JobStateManagerDO > SSE Update Batching (Issue #157) > should reduce I/O operations for high-frequency updates
[JobStateManager] Broadcast progress to queue (0 SSE clients, 0 pending) for job job-123

stdout | tests/workers/durable-objects/job-state-manager-do.test.js > JobStateManagerDO > SSE Update Batching (Issue #157) > should reduce I/O operations for high-frequency updates
[JobStateManager] Broadcast progress to queue (0 SSE clients, 1 pending) for job job-123

stdout | tests/workers/durable-objects/job-state-manager-do.test.js > JobStateManagerDO > SSE Update Batching (Issue #157) > should reduce I/O operations for high-frequency updates
[JobStateManager] Broadcast progress to queue (0 SSE clients, 2 pending) for job job-123

stdout | tests/workers/durable-objects/job-state-manager-do.test.js > JobStateManagerDO > SSE Update Batching (Issue #157) > should reduce I/O operations for high-frequency updates
[JobStateManager] Broadcast progress to queue (0 SSE clients, 3 pending) for job job-123

stdout | tests/workers/durable-objects/job-state-manager-do.test.js > JobStateManagerDO > SSE Update Batching (Issue #157) > should reduce I/O operations for high-frequency updates
[JobStateManager] Broadcast progress to queue (0 SSE clients, 4 pending) for job job-123

stdout | tests/workers/durable-objects/job-state-manager-do.test.js > JobStateManagerDO > SSE Update Batching (Issue #157) > should reduce I/O operations for high-frequency updates
[JobStateManager] Flushed 5 pending updates for job job-123

stdout | tests/workers/durable-objects/job-state-manager-do.test.js > JobStateManagerDO > SSE Update Batching (Issue #157) > should reduce I/O operations for high-frequency updates
[JobStateManager] Broadcast progress to queue (0 SSE clients, 0 pending) for job job-123

stdout | tests/workers/durable-objects/job-state-manager-do.test.js > JobStateManagerDO > SSE Update Batching (Issue #157) > should reduce I/O operations for high-frequency updates
[JobStateManager] Broadcast progress to queue (0 SSE clients, 1 pending) for job job-123

stdout | tests/workers/durable-objects/job-state-manager-do.test.js > JobStateManagerDO > SSE Update Batching (Issue #157) > should reduce I/O operations for high-frequency updates
[JobStateManager] Broadcast progress to queue (0 SSE clients, 2 pending) for job job-123

stdout | tests/workers/durable-objects/job-state-manager-do.test.js > JobStateManagerDO > SSE Update Batching (Issue #157) > should reduce I/O operations for high-frequency updates
[JobStateManager] Broadcast progress to queue (0 SSE clients, 3 pending) for job job-123

stdout | tests/workers/durable-objects/job-state-manager-do.test.js > JobStateManagerDO > SSE Update Batching (Issue #157) > should reduce I/O operations for high-frequency updates
[JobStateManager] Broadcast progress to queue (0 SSE clients, 4 pending) for job job-123

stdout | tests/workers/durable-objects/job-state-manager-do.test.js > JobStateManagerDO > SSE Update Batching (Issue #157) > should reduce I/O operations for high-frequency updates
[JobStateManager] Flushed 5 pending updates for job job-123

stdout | tests/workers/durable-objects/job-state-manager-do.test.js > JobStateManagerDO > SSE Update Batching (Issue #157) > should reduce I/O operations for high-frequency updates
[JobStateManager] Broadcast progress to queue (0 SSE clients, 0 pending) for job job-123

stdout | tests/workers/durable-objects/job-state-manager-do.test.js > JobStateManagerDO > SSE Update Batching (Issue #157) > should reduce I/O operations for high-frequency updates
[JobStateManager] Broadcast progress to queue (0 SSE clients, 1 pending) for job job-123

stdout | tests/workers/durable-objects/job-state-manager-do.test.js > JobStateManagerDO > SSE Update Batching (Issue #157) > should reduce I/O operations for high-frequency updates
[JobStateManager] Broadcast progress to queue (0 SSE clients, 2 pending) for job job-123

stdout | tests/workers/durable-objects/job-state-manager-do.test.js > JobStateManagerDO > SSE Update Batching (Issue #157) > should reduce I/O operations for high-frequency updates
[JobStateManager] Broadcast progress to queue (0 SSE clients, 3 pending) for job job-123

stdout | tests/workers/durable-objects/job-state-manager-do.test.js > JobStateManagerDO > SSE Update Batching (Issue #157) > should reduce I/O operations for high-frequency updates
[JobStateManager] Broadcast progress to queue (0 SSE clients, 4 pending) for job job-123

stdout | tests/workers/durable-objects/job-state-manager-do.test.js > JobStateManagerDO > SSE Update Batching (Issue #157) > should reduce I/O operations for high-frequency updates
[JobStateManager] Flushed 5 pending updates for job job-123

stdout | tests/workers/durable-objects/job-state-manager-do.test.js > JobStateManagerDO > SSE Update Batching (Issue #157) > should reduce I/O operations for high-frequency updates
[JobStateManager] Broadcast progress to queue (0 SSE clients, 0 pending) for job job-123

stdout | tests/workers/durable-objects/job-state-manager-do.test.js > JobStateManagerDO > SSE Update Batching (Issue #157) > should reduce I/O operations for high-frequency updates
[JobStateManager] Broadcast progress to queue (0 SSE clients, 1 pending) for job job-123

stdout | tests/workers/durable-objects/job-state-manager-do.test.js > JobStateManagerDO > SSE Update Batching (Issue #157) > should reduce I/O operations for high-frequency updates
[JobStateManager] Broadcast progress to queue (0 SSE clients, 2 pending) for job job-123

stdout | tests/workers/durable-objects/job-state-manager-do.test.js > JobStateManagerDO > SSE Update Batching (Issue #157) > should reduce I/O operations for high-frequency updates
[JobStateManager] Broadcast progress to queue (0 SSE clients, 3 pending) for job job-123

stdout | tests/workers/durable-objects/job-state-manager-do.test.js > JobStateManagerDO > SSE Update Batching (Issue #157) > should reduce I/O operations for high-frequency updates
[JobStateManager] Broadcast progress to queue (0 SSE clients, 4 pending) for job job-123

stdout | tests/workers/durable-objects/job-state-manager-do.test.js > JobStateManagerDO > SSE Update Batching (Issue #157) > should reduce I/O operations for high-frequency updates
[JobStateManager] Flushed 5 pending updates for job job-123

stdout | tests/workers/durable-objects/job-state-manager-do.test.js > JobStateManagerDO > SSE Update Batching (Issue #157) > should reduce I/O operations for high-frequency updates
[JobStateManager] Broadcast progress to queue (0 SSE clients, 0 pending) for job job-123

stdout | tests/workers/durable-objects/job-state-manager-do.test.js > JobStateManagerDO > SSE Update Batching (Issue #157) > should reduce I/O operations for high-frequency updates
[JobStateManager] Broadcast progress to queue (0 SSE clients, 1 pending) for job job-123

stdout | tests/workers/durable-objects/job-state-manager-do.test.js > JobStateManagerDO > SSE Update Batching (Issue #157) > should reduce I/O operations for high-frequency updates
[JobStateManager] Broadcast progress to queue (0 SSE clients, 2 pending) for job job-123

stdout | tests/workers/durable-objects/job-state-manager-do.test.js > JobStateManagerDO > SSE Update Batching (Issue #157) > should reduce I/O operations for high-frequency updates
[JobStateManager] Broadcast progress to queue (0 SSE clients, 3 pending) for job job-123

stdout | tests/workers/durable-objects/job-state-manager-do.test.js > JobStateManagerDO > SSE Update Batching (Issue #157) > should reduce I/O operations for high-frequency updates
[JobStateManager] Broadcast progress to queue (0 SSE clients, 4 pending) for job job-123

stdout | tests/workers/durable-objects/job-state-manager-do.test.js > JobStateManagerDO > SSE Update Batching (Issue #157) > should reduce I/O operations for high-frequency updates
[JobStateManager] Flushed 5 pending updates for job job-123

stdout | tests/workers/durable-objects/job-state-manager-do.test.js > JobStateManagerDO > SSE Update Batching (Issue #157) > should reduce I/O operations for high-frequency updates
[JobStateManager] Broadcast progress to queue (0 SSE clients, 0 pending) for job job-123

stdout | tests/workers/durable-objects/job-state-manager-do.test.js > JobStateManagerDO > SSE Update Batching (Issue #157) > should reduce I/O operations for high-frequency updates
[JobStateManager] Broadcast progress to queue (0 SSE clients, 1 pending) for job job-123

stdout | tests/workers/durable-objects/job-state-manager-do.test.js > JobStateManagerDO > SSE Update Batching (Issue #157) > should reduce I/O operations for high-frequency updates
[JobStateManager] Broadcast progress to queue (0 SSE clients, 2 pending) for job job-123

stdout | tests/workers/durable-objects/job-state-manager-do.test.js > JobStateManagerDO > SSE Update Batching (Issue #157) > should reduce I/O operations for high-frequency updates
[JobStateManager] Broadcast progress to queue (0 SSE clients, 3 pending) for job job-123

stdout | tests/workers/durable-objects/job-state-manager-do.test.js > JobStateManagerDO > SSE Update Batching (Issue #157) > should reduce I/O operations for high-frequency updates
[JobStateManager] Broadcast progress to queue (0 SSE clients, 4 pending) for job job-123

stdout | tests/workers/durable-objects/job-state-manager-do.test.js > JobStateManagerDO > SSE Update Batching (Issue #157) > should reduce I/O operations for high-frequency updates
[JobStateManager] Flushed 5 pending updates for job job-123

stdout | tests/workers/durable-objects/job-state-manager-do.test.js > JobStateManagerDO > SSE Update Batching (Issue #157) > should reduce I/O operations for high-frequency updates
[JobStateManager] Broadcast progress to queue (0 SSE clients, 0 pending) for job job-123

stdout | tests/workers/durable-objects/job-state-manager-do.test.js > JobStateManagerDO > SSE Update Batching (Issue #157) > should reduce I/O operations for high-frequency updates
[JobStateManager] Broadcast progress to queue (0 SSE clients, 1 pending) for job job-123

stdout | tests/workers/durable-objects/job-state-manager-do.test.js > JobStateManagerDO > SSE Update Batching (Issue #157) > should reduce I/O operations for high-frequency updates
[JobStateManager] Broadcast progress to queue (0 SSE clients, 2 pending) for job job-123

stdout | tests/workers/durable-objects/job-state-manager-do.test.js > JobStateManagerDO > SSE Update Batching (Issue #157) > should reduce I/O operations for high-frequency updates
[JobStateManager] Broadcast progress to queue (0 SSE clients, 3 pending) for job job-123

stdout | tests/workers/durable-objects/job-state-manager-do.test.js > JobStateManagerDO > SSE Update Batching (Issue #157) > should reduce I/O operations for high-frequency updates
[JobStateManager] Broadcast progress to queue (0 SSE clients, 4 pending) for job job-123

stdout | tests/workers/durable-objects/job-state-manager-do.test.js > JobStateManagerDO > SSE Update Batching (Issue #157) > should reduce I/O operations for high-frequency updates
[JobStateManager] Flushed 5 pending updates for job job-123

stdout | tests/workers/durable-objects/job-state-manager-do.test.js > JobStateManagerDO > SSE Update Batching (Issue #157) > should reduce I/O operations for high-frequency updates
[JobStateManager] Broadcast progress to queue (0 SSE clients, 0 pending) for job job-123

 ✓ |workers| tests/workers/durable-objects/job-state-manager-do.test.js > JobStateManagerDO > Alarm Resilience and Continuity (Issue #246) > should schedule immediate alarm for bookshelf scan 10ms
 ✓ |workers| tests/workers/durable-objects/job-state-manager-do.test.js > JobStateManagerDO > Alarm Resilience and Continuity (Issue #246) > should schedule immediate alarm for enrichment 7ms
 ✓ |workers| tests/workers/durable-objects/job-state-manager-do.test.js > JobStateManagerDO > Alarm Resilience and Continuity (Issue #246) > should not create race condition when multiple operations schedule alarms 7ms
 ✓ |workers| tests/workers/durable-objects/job-state-manager-do.test.js > JobStateManagerDO > SSE Update Batching (Issue #157) > should buffer updates in memory instead of writing immediately 6ms
 ✓ |workers| tests/workers/durable-objects/job-state-manager-do.test.js > JobStateManagerDO > SSE Update Batching (Issue #157) > should flush to storage after 5 updates 5ms
 ✓ |workers| tests/workers/durable-objects/job-state-manager-do.test.js > JobStateManagerDO > SSE Update Batching (Issue #157) > should flush to storage after 1 second 5ms
 ↓ |workers| tests/workers/durable-objects/job-state-manager-do.test.js > JobStateManagerDO > SSE Update Batching (Issue #157) > should include pending updates in getUpdates
 ✓ |workers| tests/workers/durable-objects/job-state-manager-do.test.js > JobStateManagerDO > SSE Update Batching (Issue #157) > should flush pending updates on job completion 6ms
 ✓ |workers| tests/workers/durable-objects/job-state-manager-do.test.js > JobStateManagerDO > SSE Update Batching (Issue #157) > should flush pending updates on job failure 5ms
 ✓ |workers| tests/workers/durable-objects/job-state-manager-do.test.js > JobStateManagerDO > SSE Update Batching (Issue #157) > should cap updates at 100 events when flushing 4ms
 ✓ |workers| tests/workers/durable-objects/job-state-manager-do.test.js > JobStateManagerDO > SSE Update Batching (Issue #157) > should reduce I/O operations for high-frequency updates 24ms

 Test Files  17 passed (17)
      Tests  293 passed | 2 skipped (295)
   Start at  15:15:41
   Duration  3.73s (transform 1.65s, setup 649ms, collect 4.49s, tests 9.86s, environment 2ms, prepare 7.74s)

[vpw:debug] Shutting down runtimes...

> api-worker@3.4.0 test:node
> vitest run --config vitest.node.config.ts


 RUN  v3.2.4 /Users/juju/dev_repos/bendv3

stdout | tests/error-scenarios/network-failures.test.js > Error Scenarios: Network Failures > Provider Timeouts > should handle provider timeouts (>5000ms)
[Retry] Attempt 1/4 failed (HTTP 504). Retrying in 1147ms...

stdout | tests/error-scenarios/network-failures.test.js > Error Scenarios: Network Failures > Provider Timeouts > should handle provider timeouts (>5000ms)
[Retry] Attempt 2/4 failed (HTTP 504). Retrying in 2187ms...

stdout | tests/error-scenarios/network-failures.test.js > Error Scenarios: Network Failures > Provider Timeouts > should handle provider timeouts (>5000ms)
[Retry] Attempt 3/4 failed (HTTP 504). Retrying in 4012ms...

stderr | tests/error-scenarios/network-failures.test.js > Error Scenarios: Network Failures > Provider Timeouts > should handle provider timeouts (>5000ms)
[Retry] Max retries (3) reached for status 504

 ✓ |node| tests/error-scenarios/network-failures.test.js > Error Scenarios: Network Failures > Provider Timeouts > should handle provider timeouts (>5000ms) 7756ms
stdout | tests/error-scenarios/network-failures.test.js > Error Scenarios: Network Failures > Rate Limit Recovery > should handle 429 rate limit with Retry-After header
[Retry] Attempt 1/4 failed (HTTP 429). Retrying in 1010ms...

 ✓ |node| tests/error-scenarios/network-failures.test.js > Error Scenarios: Network Failures > Provider Timeouts > should handle AbortController timeout for long requests 102ms
 ✓ |node| tests/error-scenarios/network-failures.test.js > Error Scenarios: Network Failures > Connection Refused > should handle connection refused errors 0ms
 ✓ |node| tests/error-scenarios/network-failures.test.js > Error Scenarios: Network Failures > Connection Refused > should handle DNS resolution failures 0ms
stdout | tests/error-scenarios/network-failures.test.js > Error Scenarios: Network Failures > Rate Limit Recovery > should handle 429 rate limit with Retry-After header
[Retry] Attempt 2/4 failed (HTTP 429). Retrying in 2032ms...

stdout | tests/error-scenarios/network-failures.test.js > Error Scenarios: Network Failures > Rate Limit Recovery > should handle 429 rate limit with Retry-After header
[Retry] Attempt 3/4 failed (HTTP 429). Retrying in 4450ms...

stderr | tests/error-scenarios/network-failures.test.js > Error Scenarios: Network Failures > Rate Limit Recovery > should handle 429 rate limit with Retry-After header
[Retry] Max retries (3) reached for status 429

stdout | tests/error-scenarios/network-failures.test.js > Error Scenarios: Network Failures > Rate Limit Recovery > should use negative caching to avoid repeated 429 errors
[AdvancedSearch] Searching for "Nonexistent Book" by "Unknown Author"

stdout | tests/error-scenarios/network-failures.test.js > Error Scenarios: Network Failures > Rate Limit Recovery > should use negative caching to avoid repeated 429 errors
🌐 Cache MISS: Searching Google Books for "Nonexistent Book Unknown Author" (fetching 40 results for cache)
🌐 Cache MISS: Search "Nonexistent Book Unknown Author" (40 works)

stdout | tests/error-scenarios/network-failures.test.js > Error Scenarios: Network Failures > Rate Limit Recovery > should use negative caching to avoid repeated 429 errors
GoogleBooks search for "Nonexistent Book Unknown Author"

stderr | tests/error-scenarios/network-failures.test.js > Error Scenarios: Network Failures > Rate Limit Recovery > should use negative caching to avoid repeated 429 errors
[AdvancedSearch] Error searching for "Nonexistent Book": Error: Google Books API error: 429 undefined
    at query.query [90m(/Users/juju/dev_repos/bendv3/[39msrc/services/external-apis.ts:379:15[90m)[39m
    at logExternalApiCall [90m(/Users/juju/dev_repos/bendv3/[39msrc/utils/analytics/analytics-logger.ts:59:20[90m)[39m

stdout | tests/error-scenarios/network-failures.test.js > Error Scenarios: Network Failures > Rate Limit Recovery > should use negative caching to avoid repeated 429 errors
📝 Stored negative cache: search:nonexistent book:unknown author (type: error)

stderr | tests/error-scenarios/network-failures.test.js > Error Scenarios: Network Failures > Rate Limit Recovery > should use negative caching to avoid repeated 429 errors
Error [INTERNAL_ERROR]: Google Books API error: 429 undefined

stdout | tests/error-scenarios/network-failures.test.js > Error Scenarios: Network Failures > Partial/Truncated Responses > should handle partial or truncated JSON responses
[GeminiCSVProvider] Token usage - Prompt: 0, Output: 0, Total: 0

stdout | tests/error-scenarios/network-failures.test.js > Error Scenarios: Network Failures > Partial/Truncated Responses > should handle malformed API response structure
[GeminiCSVProvider] Token usage - Prompt: 0, Output: 0, Total: 0

stdout | tests/error-scenarios/network-failures.test.js > Error Scenarios: Network Failures > Upstream 5xx Errors > should handle 500, 502, 503, and 504 errors from upstream
[Retry] Attempt 1/4 failed (HTTP 500). Retrying in 1261ms...

 × |node| tests/error-scenarios/network-failures.test.js > Error Scenarios: Network Failures > Rate Limit Recovery > should handle 429 rate limit with Retry-After header 7495ms
   → expected "spy" to be called 1 times, but got 4 times
 × |node| tests/error-scenarios/network-failures.test.js > Error Scenarios: Network Failures > Rate Limit Recovery > should use negative caching to avoid repeated 429 errors 4ms
   → expected undefined to be false // Object.is equality
 ✓ |node| tests/error-scenarios/network-failures.test.js > Error Scenarios: Network Failures > Partial/Truncated Responses > should handle partial or truncated JSON responses 0ms
 ✓ |node| tests/error-scenarios/network-failures.test.js > Error Scenarios: Network Failures > Partial/Truncated Responses > should handle malformed API response structure 0ms
 ✓ |node| tests/error-scenarios/network-failures.test.js > Error Scenarios: Network Failures > SSL/DNS Failures > should handle SSL certificate errors 0ms
stdout | tests/error-scenarios/network-failures.test.js > Error Scenarios: Network Failures > Upstream 5xx Errors > should store 5xx errors in negative cache to prevent cascades
[AdvancedSearch] Searching for "Test Book" by "Test Author"

stdout | tests/error-scenarios/network-failures.test.js > Error Scenarios: Network Failures > Upstream 5xx Errors > should store 5xx errors in negative cache to prevent cascades
🌐 Cache MISS: Searching Google Books for "Test Book Test Author" (fetching 40 results for cache)
🌐 Cache MISS: Search "Test Book Test Author" (40 works)

stdout | tests/error-scenarios/network-failures.test.js > Error Scenarios: Network Failures > Upstream 5xx Errors > should store 5xx errors in negative cache to prevent cascades
GoogleBooks search for "Test Book Test Author"

stderr | tests/error-scenarios/network-failures.test.js > Error Scenarios: Network Failures > Upstream 5xx Errors > should store 5xx errors in negative cache to prevent cascades
[AdvancedSearch] Error searching for "Test Book": Error: Google Books API error: 503 undefined
    at query.query [90m(/Users/juju/dev_repos/bendv3/[39msrc/services/external-apis.ts:379:15[90m)[39m
    at logExternalApiCall [90m(/Users/juju/dev_repos/bendv3/[39msrc/utils/analytics/analytics-logger.ts:59:20[90m)[39m

stdout | tests/error-scenarios/network-failures.test.js > Error Scenarios: Network Failures > Upstream 5xx Errors > should store 5xx errors in negative cache to prevent cascades
📝 Stored negative cache: search:test book:test author (type: error)

stderr | tests/error-scenarios/network-failures.test.js > Error Scenarios: Network Failures > Upstream 5xx Errors > should store 5xx errors in negative cache to prevent cascades
Error [INTERNAL_ERROR]: Google Books API error: 503 undefined

stdout | tests/error-scenarios/network-failures.test.js > Error Scenarios: Network Failures > Unreliable Network Conditions > should handle high latency without hanging
[GeminiCSVProvider] Token usage - Prompt: 100, Output: 50, Total: 150
[GeminiCSVProvider] parseCSVWithGemini parsed 1 valid books, 0 validation errors, token usage: {
  "promptTokenCount": 100,
  "candidatesTokenCount": 50,
  "totalTokenCount": 150
}

stdout | tests/error-scenarios/network-failures.test.js > Error Scenarios: Network Failures > Unreliable Network Conditions > should handle intermittent packet loss gracefully
[AdvancedSearch] Searching for "Test Book" by "Test Author"

stdout | tests/error-scenarios/network-failures.test.js > Error Scenarios: Network Failures > Unreliable Network Conditions > should handle intermittent packet loss gracefully
🌐 Cache MISS: Searching Google Books for "Test Book Test Author" (fetching 40 results for cache)
🌐 Cache MISS: Search "Test Book Test Author" (40 works)

stdout | tests/error-scenarios/network-failures.test.js > Error Scenarios: Network Failures > Unreliable Network Conditions > should handle intermittent packet loss gracefully
GoogleBooks search for "Test Book Test Author"

stderr | tests/error-scenarios/network-failures.test.js > Error Scenarios: Network Failures > Unreliable Network Conditions > should handle intermittent packet loss gracefully
[AdvancedSearch] Error searching for "Test Book": Error: ETIMEDOUT
    at [90m/Users/juju/dev_repos/bendv3/[39mtests/error-scenarios/network-failures.test.js:390:38
    at [90mfile:///Users/juju/dev_repos/bendv3/[39mnode_modules/[4m@vitest/runner[24m/dist/chunk-hooks.js:155:11
    at [90mfile:///Users/juju/dev_repos/bendv3/[39mnode_modules/[4m@vitest/runner[24m/dist/chunk-hooks.js:752:26
    at [90mfile:///Users/juju/dev_repos/bendv3/[39mnode_modules/[4m@vitest/runner[24m/dist/chunk-hooks.js:1897:20
    at new Promise (<anonymous>)
    at runWithTimeout [90m(file:///Users/juju/dev_repos/bendv3/[39mnode_modules/[4m@vitest/runner[24m/dist/chunk-hooks.js:1863:10[90m)[39m
    at runTest [90m(file:///Users/juju/dev_repos/bendv3/[39mnode_modules/[4m@vitest/runner[24m/dist/chunk-hooks.js:1574:12[90m)[39m
    at runSuite [90m(file:///Users/juju/dev_repos/bendv3/[39mnode_modules/[4m@vitest/runner[24m/dist/chunk-hooks.js:1729:8[90m)[39m
    at runSuite [90m(file:///Users/juju/dev_repos/bendv3/[39mnode_modules/[4m@vitest/runner[24m/dist/chunk-hooks.js:1729:8[90m)[39m
    at runSuite [90m(file:///Users/juju/dev_repos/bendv3/[39mnode_modules/[4m@vitest/runner[24m/dist/chunk-hooks.js:1729:8[90m)[39m

stdout | tests/error-scenarios/network-failures.test.js > Error Scenarios: Network Failures > Unreliable Network Conditions > should handle intermittent packet loss gracefully
📝 Stored negative cache: search:test book:test author (type: error)

stderr | tests/error-scenarios/network-failures.test.js > Error Scenarios: Network Failures > Unreliable Network Conditions > should handle intermittent packet loss gracefully
Error [INTERNAL_ERROR]: ETIMEDOUT

 × |node| tests/error-scenarios/network-failures.test.js > Error Scenarios: Network Failures > Upstream 5xx Errors > should handle 500, 502, 503, and 504 errors from upstream 1264ms
   → expected [Function] to throw error including 'Gemini API error' but got 'SSL certificate problem: unable to ve…'
 × |node| tests/error-scenarios/network-failures.test.js > Error Scenarios: Network Failures > Upstream 5xx Errors > should store 5xx errors in negative cache to prevent cascades 1ms
   → expected undefined to be false // Object.is equality
 ✓ |node| tests/error-scenarios/network-failures.test.js > Error Scenarios: Network Failures > Network Partition > should behave predictably during a network partition 0ms
 ✓ |node| tests/error-scenarios/network-failures.test.js > Error Scenarios: Network Failures > Unreliable Network Conditions > should handle high latency without hanging 52ms
 × |node| tests/error-scenarios/network-failures.test.js > Error Scenarios: Network Failures > Unreliable Network Conditions > should handle intermittent packet loss gracefully 1ms
   → expected undefined to be false // Object.is equality
stdout | tests/services/book-service.test.ts > BookService > findBookByISBN > Repository Hit Scenarios > should fall through to enrichment when cached data has no works
[RequestDedup] 🆕 New request for key: isbn:9780439708180 (cache size: 0)

stdout | tests/services/book-service.test.ts > BookService > findBookByISBN > Repository Hit Scenarios > should fall through to enrichment when cached data has no works
[BookService] ✅ Repository hit for ISBN 9780439708180
[BookService] D1 cache has no works metadata, falling through to enrichment
[BookService] Repository miss for ISBN 9780439708180, fetching from external APIs

stdout | tests/services/book-service.test.ts > BookService > findBookByISBN > Repository Hit Scenarios > should fall through to enrichment when cached data has no works
[BookService] ✅ Cover processed immediately via Alexandria for 9780439708180

stdout | tests/services/book-service.test.ts > BookService > findBookByISBN > Repository Hit Scenarios > should fall through to enrichment when cached data has no works
[BookService] ✅ Saved to repository: 9780439708180

stdout | tests/services/book-service.test.ts > BookService > findBookByISBN > Repository Hit Scenarios > should fall through to enrichment when cached data has no works
[RequestDedup] 🗑️ Cleaned up key: isbn:9780439708180 (cache size: 0)

stdout | tests/services/book-service.test.ts > BookService > findBookByISBN > Repository Miss Scenarios > should enrich from external APIs and save to repository with Alexandria cover processing
[RequestDedup] 🆕 New request for key: isbn:9780439708180 (cache size: 0)

stdout | tests/services/book-service.test.ts > BookService > findBookByISBN > Repository Miss Scenarios > should enrich from external APIs and save to repository with Alexandria cover processing
[BookService] Repository miss for ISBN 9780439708180, fetching from external APIs

stdout | tests/services/book-service.test.ts > BookService > findBookByISBN > Repository Miss Scenarios > should enrich from external APIs and save to repository with Alexandria cover processing
[BookService] ✅ Cover processed immediately via Alexandria for 9780439708180

stdout | tests/services/book-service.test.ts > BookService > findBookByISBN > Repository Miss Scenarios > should enrich from external APIs and save to repository with Alexandria cover processing
[BookService] ✅ Saved to repository: 9780439708180

stdout | tests/services/book-service.test.ts > BookService > findBookByISBN > Repository Miss Scenarios > should enrich from external APIs and save to repository with Alexandria cover processing
[RequestDedup] 🗑️ Cleaned up key: isbn:9780439708180 (cache size: 0)

stdout | tests/services/book-service.test.ts > BookService > findBookByISBN > Repository Miss Scenarios > should handle cover processing failure and queue for background processing
[RequestDedup] 🆕 New request for key: isbn:9780439708180 (cache size: 0)

stdout | tests/services/book-service.test.ts > BookService > findBookByISBN > Repository Miss Scenarios > should handle cover processing failure and queue for background processing
[BookService] Repository miss for ISBN 9780439708180, fetching from external APIs

stderr | tests/services/book-service.test.ts > BookService > findBookByISBN > Repository Miss Scenarios > should handle cover processing failure and queue for background processing
[BookService] ⚠️ Immediate cover processing failed, queuing for background processing

stdout | tests/services/book-service.test.ts > BookService > findBookByISBN > Repository Miss Scenarios > should handle cover processing failure and queue for background processing
[BookService] 📬 Cover queued for background processing: 9780439708180

stdout | tests/services/book-service.test.ts > BookService > findBookByISBN > Repository Miss Scenarios > should handle cover processing failure and queue for background processing
[BookService] ✅ Saved to repository: 9780439708180

stdout | tests/services/book-service.test.ts > BookService > findBookByISBN > Repository Miss Scenarios > should handle cover processing failure and queue for background processing
[RequestDedup] 🗑️ Cleaned up key: isbn:9780439708180 (cache size: 0)

stdout | tests/services/book-service.test.ts > BookService > findBookByISBN > Repository Miss Scenarios > should handle cover processing exception and queue as fallback
[RequestDedup] 🆕 New request for key: isbn:9780439708180 (cache size: 0)

stdout | tests/services/book-service.test.ts > BookService > findBookByISBN > Repository Miss Scenarios > should handle cover processing exception and queue as fallback
[BookService] Repository miss for ISBN 9780439708180, fetching from external APIs

stderr | tests/services/book-service.test.ts > BookService > findBookByISBN > Repository Miss Scenarios > should handle cover processing exception and queue as fallback
[BookService] Error processing cover via Alexandria: Error: Network timeout
    at [90m/Users/juju/dev_repos/bendv3/[39mtests/services/book-service.test.ts:269:68
    at [90mfile:///Users/juju/dev_repos/bendv3/[39mnode_modules/[4m@vitest/runner[24m/dist/chunk-hooks.js:155:11
    at [90mfile:///Users/juju/dev_repos/bendv3/[39mnode_modules/[4m@vitest/runner[24m/dist/chunk-hooks.js:752:26
    at [90mfile:///Users/juju/dev_repos/bendv3/[39mnode_modules/[4m@vitest/runner[24m/dist/chunk-hooks.js:1897:20
    at new Promise (<anonymous>)
    at runWithTimeout [90m(file:///Users/juju/dev_repos/bendv3/[39mnode_modules/[4m@vitest/runner[24m/dist/chunk-hooks.js:1863:10[90m)[39m
    at runTest [90m(file:///Users/juju/dev_repos/bendv3/[39mnode_modules/[4m@vitest/runner[24m/dist/chunk-hooks.js:1574:12[90m)[39m
[90m    at processTicksAndRejections (node:internal/process/task_queues:103:5)[39m
    at runSuite [90m(file:///Users/juju/dev_repos/bendv3/[39mnode_modules/[4m@vitest/runner[24m/dist/chunk-hooks.js:1729:8[90m)[39m
    at runSuite [90m(file:///Users/juju/dev_repos/bendv3/[39mnode_modules/[4m@vitest/runner[24m/dist/chunk-hooks.js:1729:8[90m)[39m

stdout | tests/services/book-service.test.ts > BookService > findBookByISBN > Repository Miss Scenarios > should handle cover processing exception and queue as fallback
[BookService] 📬 Cover queued after error: 9780439708180

stdout | tests/services/book-service.test.ts > BookService > findBookByISBN > Repository Miss Scenarios > should handle cover processing exception and queue as fallback
[BookService] ✅ Saved to repository: 9780439708180

stdout | tests/services/book-service.test.ts > BookService > findBookByISBN > Repository Miss Scenarios > should handle cover processing exception and queue as fallback
[RequestDedup] 🗑️ Cleaned up key: isbn:9780439708180 (cache size: 0)

stdout | tests/services/book-service.test.ts > BookService > findBookByISBN > Repository Miss Scenarios > should handle both cover processing and queueing failures gracefully
[RequestDedup] 🆕 New request for key: isbn:9780439708180 (cache size: 0)

stdout | tests/services/book-service.test.ts > BookService > findBookByISBN > Repository Miss Scenarios > should handle both cover processing and queueing failures gracefully
[BookService] Repository miss for ISBN 9780439708180, fetching from external APIs

stderr | tests/services/book-service.test.ts > BookService > findBookByISBN > Repository Miss Scenarios > should handle both cover processing and queueing failures gracefully
[BookService] Error processing cover via Alexandria: Error: Network timeout
    at [90m/Users/juju/dev_repos/bendv3/[39mtests/services/book-service.test.ts:289:68
    at [90mfile:///Users/juju/dev_repos/bendv3/[39mnode_modules/[4m@vitest/runner[24m/dist/chunk-hooks.js:155:11
    at [90mfile:///Users/juju/dev_repos/bendv3/[39mnode_modules/[4m@vitest/runner[24m/dist/chunk-hooks.js:752:26
    at [90mfile:///Users/juju/dev_repos/bendv3/[39mnode_modules/[4m@vitest/runner[24m/dist/chunk-hooks.js:1897:20
    at new Promise (<anonymous>)
    at runWithTimeout [90m(file:///Users/juju/dev_repos/bendv3/[39mnode_modules/[4m@vitest/runner[24m/dist/chunk-hooks.js:1863:10[90m)[39m
    at runTest [90m(file:///Users/juju/dev_repos/bendv3/[39mnode_modules/[4m@vitest/runner[24m/dist/chunk-hooks.js:1574:12[90m)[39m
[90m    at processTicksAndRejections (node:internal/process/task_queues:103:5)[39m
    at runSuite [90m(file:///Users/juju/dev_repos/bendv3/[39mnode_modules/[4m@vitest/runner[24m/dist/chunk-hooks.js:1729:8[90m)[39m
    at runSuite [90m(file:///Users/juju/dev_repos/bendv3/[39mnode_modules/[4m@vitest/runner[24m/dist/chunk-hooks.js:1729:8[90m)[39m

stderr | tests/services/book-service.test.ts > BookService > findBookByISBN > Repository Miss Scenarios > should handle both cover processing and queueing failures gracefully
[BookService] Failed to queue cover: Error: Queue full
    at [90m/Users/juju/dev_repos/bendv3/[39mtests/services/book-service.test.ts:291:72
    at [90mfile:///Users/juju/dev_repos/bendv3/[39mnode_modules/[4m@vitest/runner[24m/dist/chunk-hooks.js:155:11
    at [90mfile:///Users/juju/dev_repos/bendv3/[39mnode_modules/[4m@vitest/runner[24m/dist/chunk-hooks.js:752:26
    at [90mfile:///Users/juju/dev_repos/bendv3/[39mnode_modules/[4m@vitest/runner[24m/dist/chunk-hooks.js:1897:20
    at new Promise (<anonymous>)
    at runWithTimeout [90m(file:///Users/juju/dev_repos/bendv3/[39mnode_modules/[4m@vitest/runner[24m/dist/chunk-hooks.js:1863:10[90m)[39m
    at runTest [90m(file:///Users/juju/dev_repos/bendv3/[39mnode_modules/[4m@vitest/runner[24m/dist/chunk-hooks.js:1574:12[90m)[39m
[90m    at processTicksAndRejections (node:internal/process/task_queues:103:5)[39m
    at runSuite [90m(file:///Users/juju/dev_repos/bendv3/[39mnode_modules/[4m@vitest/runner[24m/dist/chunk-hooks.js:1729:8[90m)[39m
    at runSuite [90m(file:///Users/juju/dev_repos/bendv3/[39mnode_modules/[4m@vitest/runner[24m/dist/chunk-hooks.js:1729:8[90m)[39m

stdout | tests/services/book-service.test.ts > BookService > findBookByISBN > Repository Miss Scenarios > should handle both cover processing and queueing failures gracefully
[BookService] ✅ Saved to repository: 9780439708180

stdout | tests/services/book-service.test.ts > BookService > findBookByISBN > Repository Miss Scenarios > should handle both cover processing and queueing failures gracefully
[RequestDedup] 🗑️ Cleaned up key: isbn:9780439708180 (cache size: 0)

stdout | tests/services/book-service.test.ts > BookService > findBookByISBN > Repository Miss Scenarios > should handle repository save failure gracefully without failing the request
[RequestDedup] 🆕 New request for key: isbn:9780439708180 (cache size: 0)

stdout | tests/services/book-service.test.ts > BookService > findBookByISBN > Repository Miss Scenarios > should handle repository save failure gracefully without failing the request
[BookService] Repository miss for ISBN 9780439708180, fetching from external APIs

stderr | tests/services/book-service.test.ts > BookService > findBookByISBN > Repository Miss Scenarios > should handle repository save failure gracefully without failing the request
[BookService] ⚠️ Immediate cover processing failed, queuing for background processing
[CoverQueue] ALEXANDRIA_COVER_QUEUE binding not found, using HTTP fallback
[CoverQueue] Missing ALEXANDRIA_CLIENT_ID or CLIENT_SECRET

 ✓ |node| tests/services/book-service.test.ts > BookService > findBookByISBN > Repository Hit Scenarios > should return cached data when repository hit has valid works 2ms
 × |node| tests/services/book-service.test.ts > BookService > findBookByISBN > Repository Hit Scenarios > should fall through to enrichment when cached data has no works 4ms
   → expected "warn" to be called with arguments: [ Array(1) ][90m

Number of calls: [1m0[22m
[39m
 ✓ |node| tests/services/book-service.test.ts > BookService > findBookByISBN > Repository Miss Scenarios > should enrich from external APIs and save to repository with Alexandria cover processing 1ms
 × |node| tests/services/book-service.test.ts > BookService > findBookByISBN > Repository Miss Scenarios > should handle cover processing failure and queue for background processing 1ms
   → expected "warn" to be called with arguments: [ Array(1) ][90m

Number of calls: [1m0[22m
[39m
 × |node| tests/services/book-service.test.ts > BookService > findBookByISBN > Repository Miss Scenarios > should handle cover processing exception and queue as fallback 1ms
   → expected "error" to be called with arguments: [ …(2) ][90m

Number of calls: [1m0[22m
[39m
 × |node| tests/services/book-service.test.ts > BookService > findBookByISBN > Repository Miss Scenarios > should handle both cover processing and queueing failures gracefully 1ms
   → expected "error" to be called with arguments: [ …(2) ][90m

Number of calls: [1m0[22m
[39m
stderr | tests/services/book-service.test.ts > BookService > findBookByISBN > Repository Miss Scenarios > should handle repository save failure gracefully without failing the request
[CoverQueue] Failed to queue: HTTP 400: {"success":false,"error":{"name":"ZodError","message":"[\n  {\n    \"expected\": \"array\",\n    \"code\": \"invalid_type\",\n    \"path\": [\n      \"books\"\n    ],\n    \"message\": \"Invalid input: expected array, received undefined\"\n  }\n]"}}

stdout | tests/services/book-service.test.ts > BookService > findBookByISBN > Repository Miss Scenarios > should handle repository save failure gracefully without failing the request
[BookService] 📬 Cover queued for background processing: 9780439708180

stderr | tests/services/book-service.test.ts > BookService > findBookByISBN > Repository Miss Scenarios > should handle repository save failure gracefully without failing the request
[BookService] Failed to save to repository: Error: D1 write failed
    at [90m/Users/juju/dev_repos/bendv3/[39mtests/services/book-service.test.ts:312:68
    at [90mfile:///Users/juju/dev_repos/bendv3/[39mnode_modules/[4m@vitest/runner[24m/dist/chunk-hooks.js:155:11
    at [90mfile:///Users/juju/dev_repos/bendv3/[39mnode_modules/[4m@vitest/runner[24m/dist/chunk-hooks.js:752:26
    at [90mfile:///Users/juju/dev_repos/bendv3/[39mnode_modules/[4m@vitest/runner[24m/dist/chunk-hooks.js:1897:20
    at new Promise (<anonymous>)
    at runWithTimeout [90m(file:///Users/juju/dev_repos/bendv3/[39mnode_modules/[4m@vitest/runner[24m/dist/chunk-hooks.js:1863:10[90m)[39m
    at runTest [90m(file:///Users/juju/dev_repos/bendv3/[39mnode_modules/[4m@vitest/runner[24m/dist/chunk-hooks.js:1574:12[90m)[39m
[90m    at processTicksAndRejections (node:internal/process/task_queues:103:5)[39m
    at runSuite [90m(file:///Users/juju/dev_repos/bendv3/[39mnode_modules/[4m@vitest/runner[24m/dist/chunk-hooks.js:1729:8[90m)[39m
    at runSuite [90m(file:///Users/juju/dev_repos/bendv3/[39mnode_modules/[4m@vitest/runner[24m/dist/chunk-hooks.js:1729:8[90m)[39m

stdout | tests/services/book-service.test.ts > BookService > findBookByISBN > Repository Miss Scenarios > should handle repository save failure gracefully without failing the request
[RequestDedup] 🗑️ Cleaned up key: isbn:9780439708180 (cache size: 0)

stdout | tests/services/book-service.test.ts > BookService > findBookByISBN > Repository Miss Scenarios > should skip cover processing when no work key or cover URL available
[RequestDedup] 🆕 New request for key: isbn:9780439708180 (cache size: 0)

stdout | tests/services/book-service.test.ts > BookService > findBookByISBN > Repository Miss Scenarios > should skip cover processing when no work key or cover URL available
[BookService] Repository miss for ISBN 9780439708180, fetching from external APIs

stdout | tests/services/book-service.test.ts > BookService > findBookByISBN > Repository Miss Scenarios > should skip cover processing when no work key or cover URL available
[BookService] ✅ Saved to repository: 9780439708180

stdout | tests/services/book-service.test.ts > BookService > findBookByISBN > Repository Miss Scenarios > should skip cover processing when no work key or cover URL available
[RequestDedup] 🗑️ Cleaned up key: isbn:9780439708180 (cache size: 0)

stdout | tests/services/book-service.test.ts > BookService > findBookByISBN > Error Scenarios > should handle enrichment service failure
[RequestDedup] 🆕 New request for key: isbn:9780439708180 (cache size: 0)

stdout | tests/services/book-service.test.ts > BookService > findBookByISBN > Error Scenarios > should handle enrichment service failure
[BookService] Repository miss for ISBN 9780439708180, fetching from external APIs

stdout | tests/services/book-service.test.ts > BookService > findBookByISBN > Error Scenarios > should handle enrichment service failure
[RequestDedup] 🗑️ Cleaned up key: isbn:9780439708180 (cache size: 0)

stdout | tests/services/book-service.test.ts > BookService > findBookByISBN > Error Scenarios > should handle enrichment returning no works
[RequestDedup] 🆕 New request for key: isbn:9780439708180 (cache size: 0)

stdout | tests/services/book-service.test.ts > BookService > findBookByISBN > Error Scenarios > should handle enrichment returning no works
[BookService] Repository miss for ISBN 9780439708180, fetching from external APIs

stdout | tests/services/book-service.test.ts > BookService > findBookByISBN > Error Scenarios > should handle enrichment returning no works
[RequestDedup] 🗑️ Cleaned up key: isbn:9780439708180 (cache size: 0)

stdout | tests/services/book-service.test.ts > BookService > findBooksByTitle > should search by title directly from external APIs without caching
[RequestDedup] 🆕 New request for key: title:Harry Potter:author:J.K. Rowling (cache size: 0)
[BookService] Title search for "Harry Potter" (no cache, direct external API call)

stdout | tests/services/book-service.test.ts > BookService > findBooksByTitle > should search by title directly from external APIs without caching
[RequestDedup] 🗑️ Cleaned up key: title:Harry Potter:author:J.K. Rowling (cache size: 0)

stdout | tests/services/book-service.test.ts > BookService > findBooksByTitle > should use default maxResults when not provided
[RequestDedup] 🆕 New request for key: title:Harry Potter (cache size: 0)
[BookService] Title search for "Harry Potter" (no cache, direct external API call)

stdout | tests/services/book-service.test.ts > BookService > findBooksByTitle > should use default maxResults when not provided
[RequestDedup] 🗑️ Cleaned up key: title:Harry Potter (cache size: 0)

stdout | tests/services/book-service.test.ts > BookService > findBooksByTitle > should handle enrichment service failure
[RequestDedup] 🆕 New request for key: title:Harry Potter:author:J.K. Rowling (cache size: 0)
[BookService] Title search for "Harry Potter" (no cache, direct external API call)

stdout | tests/services/book-service.test.ts > BookService > findBooksByTitle > should handle enrichment service failure
[RequestDedup] 🗑️ Cleaned up key: title:Harry Potter:author:J.K. Rowling (cache size: 0)

stdout | tests/services/book-service.test.ts > BookService > batchEnrichBooks > Cache Hit/Miss Scenarios > should handle mixed cache hits and misses in batch operations
[BookService] Batch enrichment: 1 cached, 2 to fetch

stdout | tests/services/book-service.test.ts > BookService > batchEnrichBooks > Cache Hit/Miss Scenarios > should handle mixed cache hits and misses in batch operations
[BookService] Processing 2 covers with optimized concurrency control

stdout | tests/services/book-service.test.ts > BookService > batchEnrichBooks > Cache Hit/Miss Scenarios > should handle mixed cache hits and misses in batch operations
[CoverProcessor] Progress: 2/2 covers processed

stdout | tests/services/book-service.test.ts > BookService > batchEnrichBooks > Cache Hit/Miss Scenarios > should handle all cache hits in batch operations
[BookService] Batch enrichment: 3 cached, 0 to fetch

stdout | tests/services/book-service.test.ts > BookService > batchEnrichBooks > Cache Hit/Miss Scenarios > should handle all cache hits in batch operations
[BookService] Processing 0 covers with optimized concurrency control

stdout | tests/services/book-service.test.ts > BookService > batchEnrichBooks > Cache Hit/Miss Scenarios > should handle all cache misses in batch operations
[BookService] Batch enrichment: 0 cached, 3 to fetch

stdout | tests/services/book-service.test.ts > BookService > batchEnrichBooks > Cache Hit/Miss Scenarios > should handle all cache misses in batch operations
[BookService] Processing 3 covers with optimized concurrency control

stdout | tests/services/book-service.test.ts > BookService > batchEnrichBooks > Cache Hit/Miss Scenarios > should handle all cache misses in batch operations
[CoverProcessor] Progress: 3/3 covers processed

stdout | tests/services/book-service.test.ts > BookService > batchEnrichBooks > Parallel Cover Processing > should process covers in batches with correct concurrency control
[BookService] Batch enrichment: 0 cached, 25 to fetch

stdout | tests/services/book-service.test.ts > BookService > batchEnrichBooks > Parallel Cover Processing > should process covers in batches with correct concurrency control
[BookService] Processing 25 covers with optimized concurrency control

stdout | tests/services/book-service.test.ts > BookService > batchEnrichBooks > Parallel Cover Processing > should process covers in batches with correct concurrency control
[CoverProcessor] Progress: 25/25 covers processed

stdout | tests/services/book-service.test.ts > BookService > batchEnrichBooks > Parallel Cover Processing > should handle cover processing failures gracefully in batch operations
[BookService] Batch enrichment: 0 cached, 3 to fetch

stdout | tests/services/book-service.test.ts > BookService > batchEnrichBooks > Parallel Cover Processing > should handle cover processing failures gracefully in batch operations
[BookService] Processing 3 covers with optimized concurrency control

stdout | tests/services/book-service.test.ts > BookService > batchEnrichBooks > Parallel Cover Processing > should handle cover processing failures gracefully in batch operations
[CoverProcessor] Progress: 3/3 covers processed

stdout | tests/services/book-service.test.ts > BookService > batchEnrichBooks > Parallel Cover Processing > should skip cover processing for books without work keys or cover URLs
[BookService] Batch enrichment: 0 cached, 1 to fetch

stdout | tests/services/book-service.test.ts > BookService > batchEnrichBooks > Parallel Cover Processing > should skip cover processing for books without work keys or cover URLs
[BookService] Processing 0 covers with optimized concurrency control

stdout | tests/services/book-service.test.ts > BookService > batchEnrichBooks > Error Handling in Batch Operations > should handle some ISBNs failing enrichment while others succeed
[BookService] Batch enrichment: 0 cached, 3 to fetch

stdout | tests/services/book-service.test.ts > BookService > batchEnrichBooks > Error Handling in Batch Operations > should handle some ISBNs failing enrichment while others succeed
[BookService] Processing 2 covers with optimized concurrency control

stdout | tests/services/book-service.test.ts > BookService > batchEnrichBooks > Error Handling in Batch Operations > should handle some ISBNs failing enrichment while others succeed
[AlexandriaCover] Processing cover for work_key: OL82563W
[AlexandriaCover] Processing cover for work_key: OL82563W

stderr | tests/services/book-service.test.ts > BookService > batchEnrichBooks > Error Handling in Batch Operations > should handle some ISBNs failing enrichment while others succeed
[AlexandriaCover] Missing ALEXANDRIA_CLIENT_ID or CLIENT_SECRET
[AlexandriaCover] Missing ALEXANDRIA_CLIENT_ID or CLIENT_SECRET

 × |node| tests/services/book-service.test.ts > BookService > findBookByISBN > Repository Miss Scenarios > should handle repository save failure gracefully without failing the request 721ms
   → expected "error" to be called with arguments: [ …(2) ][90m

Number of calls: [1m0[22m
[39m
 × |node| tests/services/book-service.test.ts > BookService > findBookByISBN > Repository Miss Scenarios > should skip cover processing when no work key or cover URL available 1ms
   → [AsyncFunction processBookCover] is not a spy or a call to a spy!
 ✓ |node| tests/services/book-service.test.ts > BookService > findBookByISBN > Error Scenarios > should handle enrichment service failure 1ms
 ✓ |node| tests/services/book-service.test.ts > BookService > findBookByISBN > Error Scenarios > should handle enrichment returning no works 0ms
 × |node| tests/services/book-service.test.ts > BookService > findBooksByTitle > should search by title directly from external APIs without caching 0ms
   → expected "log" to be called with arguments: [ Array(1) ][90m

Number of calls: [1m0[22m
[39m
 ✓ |node| tests/services/book-service.test.ts > BookService > findBooksByTitle > should use default maxResults when not provided 0ms
 ✓ |node| tests/services/book-service.test.ts > BookService > findBooksByTitle > should handle enrichment service failure 0ms
 × |node| tests/services/book-service.test.ts > BookService > batchEnrichBooks > Cache Hit/Miss Scenarios > should handle mixed cache hits and misses in batch operations 1ms
   → expected "log" to be called with arguments: [ Array(1) ][90m

Number of calls: [1m0[22m
[39m
 × |node| tests/services/book-service.test.ts > BookService > batchEnrichBooks > Cache Hit/Miss Scenarios > should handle all cache hits in batch operations 0ms
   → expected "log" to be called with arguments: [ Array(1) ][90m

Number of calls: [1m0[22m
[39m
 × |node| tests/services/book-service.test.ts > BookService > batchEnrichBooks > Cache Hit/Miss Scenarios > should handle all cache misses in batch operations 1ms
   → expected "log" to be called with arguments: [ Array(1) ][90m

Number of calls: [1m0[22m
[39m
 × |node| tests/services/book-service.test.ts > BookService > batchEnrichBooks > Parallel Cover Processing > should process covers in batches with correct concurrency control 0ms
   → expected "log" to be called with arguments: [ Array(1) ][90m

Number of calls: [1m0[22m
[39m
 × |node| tests/services/book-service.test.ts > BookService > batchEnrichBooks > Parallel Cover Processing > should handle cover processing failures gracefully in batch operations 1ms
   → expected 'success2.jpg' to be 'success.jpg' // Object.is equality
 × |node| tests/services/book-service.test.ts > BookService > batchEnrichBooks > Parallel Cover Processing > should skip cover processing for books without work keys or cover URLs 0ms
   → expected "log" to be called with arguments: [ Array(1) ][90m

Number of calls: [1m0[22m
[39m
stderr | tests/services/book-service.test.ts > BookService > batchEnrichBooks > Error Handling in Batch Operations > should handle some ISBNs failing enrichment while others succeed
[AlexandriaCover] API error: 400 Bad Request {"success":false,"error":{"name":"ZodError","message":"[\n  {\n    \"code\": \"invalid_format\",\n    \"format\": \"url\",\n    \"path\": [\n      \"provider_url\"\n    ],\n    \"message\": \"Invalid URL\"\n  }\n]"}}

stdout | tests/services/book-service.test.ts > BookService > batchEnrichBooks > Error Handling in Batch Operations > should handle some ISBNs failing enrichment while others succeed
[AlexandriaCover] Retrying in 100ms...

stderr | tests/services/book-service.test.ts > BookService > batchEnrichBooks > Error Handling in Batch Operations > should handle some ISBNs failing enrichment while others succeed
[AlexandriaCover] API error: 400 Bad Request {"success":false,"error":{"name":"ZodError","message":"[\n  {\n    \"code\": \"invalid_format\",\n    \"format\": \"url\",\n    \"path\": [\n      \"provider_url\"\n    ],\n    \"message\": \"Invalid URL\"\n  }\n]"}}

stdout | tests/services/book-service.test.ts > BookService > batchEnrichBooks > Error Handling in Batch Operations > should handle some ISBNs failing enrichment while others succeed
[AlexandriaCover] Retrying in 100ms...

stdout | tests/services/book-service.test.ts > BookService > batchEnrichBooks > Error Handling in Batch Operations > should handle some ISBNs failing enrichment while others succeed
[AlexandriaCover] Processing cover for work_key: OL82563W

stderr | tests/services/book-service.test.ts > BookService > batchEnrichBooks > Error Handling in Batch Operations > should handle some ISBNs failing enrichment while others succeed
[AlexandriaCover] Missing ALEXANDRIA_CLIENT_ID or CLIENT_SECRET

stdout | tests/services/book-service.test.ts > BookService > batchEnrichBooks > Error Handling in Batch Operations > should handle some ISBNs failing enrichment while others succeed
[AlexandriaCover] Processing cover for work_key: OL82563W

stderr | tests/services/book-service.test.ts > BookService > batchEnrichBooks > Error Handling in Batch Operations > should handle some ISBNs failing enrichment while others succeed
[AlexandriaCover] Missing ALEXANDRIA_CLIENT_ID or CLIENT_SECRET

stderr | tests/services/book-service.test.ts > BookService > batchEnrichBooks > Error Handling in Batch Operations > should handle some ISBNs failing enrichment while others succeed
[AlexandriaCover] API error: 400 Bad Request {"success":false,"error":{"name":"ZodError","message":"[\n  {\n    \"code\": \"invalid_format\",\n    \"format\": \"url\",\n    \"path\": [\n      \"provider_url\"\n    ],\n    \"message\": \"Invalid URL\"\n  }\n]"}}

stdout | tests/services/book-service.test.ts > BookService > batchEnrichBooks > Error Handling in Batch Operations > should handle some ISBNs failing enrichment while others succeed
[AlexandriaCover] Retrying in 200ms...

stderr | tests/services/book-service.test.ts > BookService > batchEnrichBooks > Error Handling in Batch Operations > should handle some ISBNs failing enrichment while others succeed
[AlexandriaCover] API error: 400 Bad Request {"success":false,"error":{"name":"ZodError","message":"[\n  {\n    \"code\": \"invalid_format\",\n    \"format\": \"url\",\n    \"path\": [\n      \"provider_url\"\n    ],\n    \"message\": \"Invalid URL\"\n  }\n]"}}

stdout | tests/services/book-service.test.ts > BookService > batchEnrichBooks > Error Handling in Batch Operations > should handle some ISBNs failing enrichment while others succeed
[AlexandriaCover] Retrying in 200ms...

stdout | tests/services/book-service.test.ts > BookService > batchEnrichBooks > Error Handling in Batch Operations > should handle some ISBNs failing enrichment while others succeed
[AlexandriaCover] Processing cover for work_key: OL82563W

stderr | tests/services/book-service.test.ts > BookService > batchEnrichBooks > Error Handling in Batch Operations > should handle some ISBNs failing enrichment while others succeed
[AlexandriaCover] Missing ALEXANDRIA_CLIENT_ID or CLIENT_SECRET

stdout | tests/services/book-service.test.ts > BookService > batchEnrichBooks > Error Handling in Batch Operations > should handle some ISBNs failing enrichment while others succeed
[AlexandriaCover] Processing cover for work_key: OL82563W

stderr | tests/services/book-service.test.ts > BookService > batchEnrichBooks > Error Handling in Batch Operations > should handle some ISBNs failing enrichment while others succeed
[AlexandriaCover] Missing ALEXANDRIA_CLIENT_ID or CLIENT_SECRET

stderr | tests/services/book-service.test.ts > BookService > batchEnrichBooks > Error Handling in Batch Operations > should handle some ISBNs failing enrichment while others succeed
[AlexandriaCover] API error: 400 Bad Request {"success":false,"error":{"name":"ZodError","message":"[\n  {\n    \"code\": \"invalid_format\",\n    \"format\": \"url\",\n    \"path\": [\n      \"provider_url\"\n    ],\n    \"message\": \"Invalid URL\"\n  }\n]"}}

stderr | tests/services/book-service.test.ts > BookService > batchEnrichBooks > Error Handling in Batch Operations > should handle some ISBNs failing enrichment while others succeed
[AlexandriaCover] All retries exhausted for OL82563W

stderr | tests/services/book-service.test.ts > BookService > batchEnrichBooks > Error Handling in Batch Operations > should handle some ISBNs failing enrichment while others succeed
[AlexandriaCover] API error: 400 Bad Request {"success":false,"error":{"name":"ZodError","message":"[\n  {\n    \"code\": \"invalid_format\",\n    \"format\": \"url\",\n    \"path\": [\n      \"provider_url\"\n    ],\n    \"message\": \"Invalid URL\"\n  }\n]"}}

stderr | tests/services/book-service.test.ts > BookService > batchEnrichBooks > Error Handling in Batch Operations > should handle some ISBNs failing enrichment while others succeed
[AlexandriaCover] All retries exhausted for OL82563W

stdout | tests/services/book-service.test.ts > BookService > batchEnrichBooks > Error Handling in Batch Operations > should handle some ISBNs failing enrichment while others succeed
[CoverProcessor] Progress: 2/2 covers processed

stdout | tests/services/book-service.test.ts > BookService > batchEnrichBooks > Error Handling in Batch Operations > should handle repository save failures gracefully without affecting other ISBNs
[BookService] Batch enrichment: 0 cached, 3 to fetch

stdout | tests/services/book-service.test.ts > BookService > batchEnrichBooks > Error Handling in Batch Operations > should handle repository save failures gracefully without affecting other ISBNs
[BookService] Processing 3 covers with optimized concurrency control

stdout | tests/services/book-service.test.ts > BookService > batchEnrichBooks > Error Handling in Batch Operations > should handle repository save failures gracefully without affecting other ISBNs
[AlexandriaCover] Processing cover for work_key: OL82563W
[AlexandriaCover] Processing cover for work_key: OL82563W
[AlexandriaCover] Processing cover for work_key: OL82563W

stderr | tests/services/book-service.test.ts > BookService > batchEnrichBooks > Error Handling in Batch Operations > should handle repository save failures gracefully without affecting other ISBNs
[AlexandriaCover] Missing ALEXANDRIA_CLIENT_ID or CLIENT_SECRET
[AlexandriaCover] Missing ALEXANDRIA_CLIENT_ID or CLIENT_SECRET
[AlexandriaCover] Missing ALEXANDRIA_CLIENT_ID or CLIENT_SECRET

 ✓ |node| tests/services/book-service.test.ts > BookService > batchEnrichBooks > Error Handling in Batch Operations > should handle some ISBNs failing enrichment while others succeed 1638ms
stderr | tests/services/book-service.test.ts > BookService > batchEnrichBooks > Error Handling in Batch Operations > should handle repository save failures gracefully without affecting other ISBNs
[AlexandriaCover] API error: 400 Bad Request {"success":false,"error":{"name":"ZodError","message":"[\n  {\n    \"code\": \"invalid_format\",\n    \"format\": \"url\",\n    \"path\": [\n      \"provider_url\"\n    ],\n    \"message\": \"Invalid URL\"\n  }\n]"}}

stdout | tests/services/book-service.test.ts > BookService > batchEnrichBooks > Error Handling in Batch Operations > should handle repository save failures gracefully without affecting other ISBNs
[AlexandriaCover] Retrying in 100ms...

stderr | tests/services/book-service.test.ts > BookService > batchEnrichBooks > Error Handling in Batch Operations > should handle repository save failures gracefully without affecting other ISBNs
[AlexandriaCover] API error: 400 Bad Request {"success":false,"error":{"name":"ZodError","message":"[\n  {\n    \"code\": \"invalid_format\",\n    \"format\": \"url\",\n    \"path\": [\n      \"provider_url\"\n    ],\n    \"message\": \"Invalid URL\"\n  }\n]"}}

stdout | tests/services/book-service.test.ts > BookService > batchEnrichBooks > Error Handling in Batch Operations > should handle repository save failures gracefully without affecting other ISBNs
[AlexandriaCover] Retrying in 100ms...

stdout | tests/services/book-service.test.ts > BookService > batchEnrichBooks > Error Handling in Batch Operations > should handle repository save failures gracefully without affecting other ISBNs
[AlexandriaCover] Processing cover for work_key: OL82563W

stderr | tests/services/book-service.test.ts > BookService > batchEnrichBooks > Error Handling in Batch Operations > should handle repository save failures gracefully without affecting other ISBNs
[AlexandriaCover] Missing ALEXANDRIA_CLIENT_ID or CLIENT_SECRET

stderr | tests/services/book-service.test.ts > BookService > batchEnrichBooks > Error Handling in Batch Operations > should handle repository save failures gracefully without affecting other ISBNs
[AlexandriaCover] API error: 400 Bad Request {"success":false,"error":{"name":"ZodError","message":"[\n  {\n    \"code\": \"invalid_format\",\n    \"format\": \"url\",\n    \"path\": [\n      \"provider_url\"\n    ],\n    \"message\": \"Invalid URL\"\n  }\n]"}}

stdout | tests/services/book-service.test.ts > BookService > batchEnrichBooks > Error Handling in Batch Operations > should handle repository save failures gracefully without affecting other ISBNs
[AlexandriaCover] Retrying in 100ms...

stdout | tests/services/book-service.test.ts > BookService > batchEnrichBooks > Error Handling in Batch Operations > should handle repository save failures gracefully without affecting other ISBNs
[AlexandriaCover] Processing cover for work_key: OL82563W

stderr | tests/services/book-service.test.ts > BookService > batchEnrichBooks > Error Handling in Batch Operations > should handle repository save failures gracefully without affecting other ISBNs
[AlexandriaCover] Missing ALEXANDRIA_CLIENT_ID or CLIENT_SECRET

stdout | tests/services/book-service.test.ts > BookService > batchEnrichBooks > Error Handling in Batch Operations > should handle repository save failures gracefully without affecting other ISBNs
[AlexandriaCover] Processing cover for work_key: OL82563W

stderr | tests/services/book-service.test.ts > BookService > batchEnrichBooks > Error Handling in Batch Operations > should handle repository save failures gracefully without affecting other ISBNs
[AlexandriaCover] Missing ALEXANDRIA_CLIENT_ID or CLIENT_SECRET

stderr | tests/services/book-service.test.ts > BookService > batchEnrichBooks > Error Handling in Batch Operations > should handle repository save failures gracefully without affecting other ISBNs
[AlexandriaCover] API error: 400 Bad Request {"success":false,"error":{"name":"ZodError","message":"[\n  {\n    \"code\": \"invalid_format\",\n    \"format\": \"url\",\n    \"path\": [\n      \"provider_url\"\n    ],\n    \"message\": \"Invalid URL\"\n  }\n]"}}

stdout | tests/services/book-service.test.ts > BookService > batchEnrichBooks > Error Handling in Batch Operations > should handle repository save failures gracefully without affecting other ISBNs
[AlexandriaCover] Retrying in 200ms...

stderr | tests/services/book-service.test.ts > BookService > batchEnrichBooks > Error Handling in Batch Operations > should handle repository save failures gracefully without affecting other ISBNs
[AlexandriaCover] API error: 400 Bad Request {"success":false,"error":{"name":"ZodError","message":"[\n  {\n    \"code\": \"invalid_format\",\n    \"format\": \"url\",\n    \"path\": [\n      \"provider_url\"\n    ],\n    \"message\": \"Invalid URL\"\n  }\n]"}}

stdout | tests/services/book-service.test.ts > BookService > batchEnrichBooks > Error Handling in Batch Operations > should handle repository save failures gracefully without affecting other ISBNs
[AlexandriaCover] Retrying in 200ms...

stderr | tests/services/book-service.test.ts > BookService > batchEnrichBooks > Error Handling in Batch Operations > should handle repository save failures gracefully without affecting other ISBNs
[AlexandriaCover] API error: 400 Bad Request {"success":false,"error":{"name":"ZodError","message":"[\n  {\n    \"code\": \"invalid_format\",\n    \"format\": \"url\",\n    \"path\": [\n      \"provider_url\"\n    ],\n    \"message\": \"Invalid URL\"\n  }\n]"}}

stdout | tests/services/book-service.test.ts > BookService > batchEnrichBooks > Error Handling in Batch Operations > should handle repository save failures gracefully without affecting other ISBNs
[AlexandriaCover] Retrying in 200ms...

stdout | tests/services/book-service.test.ts > BookService > batchEnrichBooks > Error Handling in Batch Operations > should handle repository save failures gracefully without affecting other ISBNs
[AlexandriaCover] Processing cover for work_key: OL82563W

stderr | tests/services/book-service.test.ts > BookService > batchEnrichBooks > Error Handling in Batch Operations > should handle repository save failures gracefully without affecting other ISBNs
[AlexandriaCover] Missing ALEXANDRIA_CLIENT_ID or CLIENT_SECRET

stdout | tests/services/book-service.test.ts > BookService > batchEnrichBooks > Error Handling in Batch Operations > should handle repository save failures gracefully without affecting other ISBNs
[AlexandriaCover] Processing cover for work_key: OL82563W

stderr | tests/services/book-service.test.ts > BookService > batchEnrichBooks > Error Handling in Batch Operations > should handle repository save failures gracefully without affecting other ISBNs
[AlexandriaCover] Missing ALEXANDRIA_CLIENT_ID or CLIENT_SECRET

stdout | tests/services/book-service.test.ts > BookService > batchEnrichBooks > Error Handling in Batch Operations > should handle repository save failures gracefully without affecting other ISBNs
[AlexandriaCover] Processing cover for work_key: OL82563W

stderr | tests/services/book-service.test.ts > BookService > batchEnrichBooks > Error Handling in Batch Operations > should handle repository save failures gracefully without affecting other ISBNs
[AlexandriaCover] Missing ALEXANDRIA_CLIENT_ID or CLIENT_SECRET

stderr | tests/services/book-service.test.ts > BookService > batchEnrichBooks > Error Handling in Batch Operations > should handle repository save failures gracefully without affecting other ISBNs
[AlexandriaCover] API error: 400 Bad Request {"success":false,"error":{"name":"ZodError","message":"[\n  {\n    \"code\": \"invalid_format\",\n    \"format\": \"url\",\n    \"path\": [\n      \"provider_url\"\n    ],\n    \"message\": \"Invalid URL\"\n  }\n]"}}

stderr | tests/services/book-service.test.ts > BookService > batchEnrichBooks > Error Handling in Batch Operations > should handle repository save failures gracefully without affecting other ISBNs
[AlexandriaCover] All retries exhausted for OL82563W

stderr | tests/services/book-service.test.ts > BookService > batchEnrichBooks > Error Handling in Batch Operations > should handle repository save failures gracefully without affecting other ISBNs
[AlexandriaCover] API error: 400 Bad Request {"success":false,"error":{"name":"ZodError","message":"[\n  {\n    \"code\": \"invalid_format\",\n    \"format\": \"url\",\n    \"path\": [\n      \"provider_url\"\n    ],\n    \"message\": \"Invalid URL\"\n  }\n]"}}

stderr | tests/services/book-service.test.ts > BookService > batchEnrichBooks > Error Handling in Batch Operations > should handle repository save failures gracefully without affecting other ISBNs
[AlexandriaCover] All retries exhausted for OL82563W

stderr | tests/services/book-service.test.ts > BookService > batchEnrichBooks > Error Handling in Batch Operations > should handle repository save failures gracefully without affecting other ISBNs
[AlexandriaCover] API error: 400 Bad Request {"success":false,"error":{"name":"ZodError","message":"[\n  {\n    \"code\": \"invalid_format\",\n    \"format\": \"url\",\n    \"path\": [\n      \"provider_url\"\n    ],\n    \"message\": \"Invalid URL\"\n  }\n]"}}

stderr | tests/services/book-service.test.ts > BookService > batchEnrichBooks > Error Handling in Batch Operations > should handle repository save failures gracefully without affecting other ISBNs
[AlexandriaCover] All retries exhausted for OL82563W

stdout | tests/services/book-service.test.ts > BookService > batchEnrichBooks > Error Handling in Batch Operations > should handle repository save failures gracefully without affecting other ISBNs
[CoverProcessor] Progress: 3/3 covers processed

stderr | tests/services/book-service.test.ts > BookService > batchEnrichBooks > Error Handling in Batch Operations > should handle repository save failures gracefully without affecting other ISBNs
[BookService] Failed to save 9780439064873 to repository: Error: D1 write failed
    at [90m/Users/juju/dev_repos/bendv3/[39mtests/services/book-service.test.ts:673:34
    at [90mfile:///Users/juju/dev_repos/bendv3/[39mnode_modules/[4m@vitest/runner[24m/dist/chunk-hooks.js:155:11
    at [90mfile:///Users/juju/dev_repos/bendv3/[39mnode_modules/[4m@vitest/runner[24m/dist/chunk-hooks.js:752:26
    at [90mfile:///Users/juju/dev_repos/bendv3/[39mnode_modules/[4m@vitest/runner[24m/dist/chunk-hooks.js:1897:20
    at new Promise (<anonymous>)
    at runWithTimeout [90m(file:///Users/juju/dev_repos/bendv3/[39mnode_modules/[4m@vitest/runner[24m/dist/chunk-hooks.js:1863:10[90m)[39m
    at runTest [90m(file:///Users/juju/dev_repos/bendv3/[39mnode_modules/[4m@vitest/runner[24m/dist/chunk-hooks.js:1574:12[90m)[39m
[90m    at processTicksAndRejections (node:internal/process/task_queues:103:5)[39m
    at runSuite [90m(file:///Users/juju/dev_repos/bendv3/[39mnode_modules/[4m@vitest/runner[24m/dist/chunk-hooks.js:1729:8[90m)[39m
    at runSuite [90m(file:///Users/juju/dev_repos/bendv3/[39mnode_modules/[4m@vitest/runner[24m/dist/chunk-hooks.js:1729:8[90m)[39m

stdout | tests/services/book-service.test.ts > BookService > batchEnrichBooks > Error Handling in Batch Operations > should handle cache lookup failures gracefully
[BookService] Batch enrichment: 1 cached, 2 to fetch

stdout | tests/services/book-service.test.ts > BookService > batchEnrichBooks > Error Handling in Batch Operations > should handle cache lookup failures gracefully
[BookService] Processing 2 covers with optimized concurrency control

stdout | tests/services/book-service.test.ts > BookService > batchEnrichBooks > Error Handling in Batch Operations > should handle cache lookup failures gracefully
[AlexandriaCover] Processing cover for work_key: OL82563W
[AlexandriaCover] Processing cover for work_key: OL82563W

stderr | tests/services/book-service.test.ts > BookService > batchEnrichBooks > Error Handling in Batch Operations > should handle cache lookup failures gracefully
[AlexandriaCover] Missing ALEXANDRIA_CLIENT_ID or CLIENT_SECRET
[AlexandriaCover] Missing ALEXANDRIA_CLIENT_ID or CLIENT_SECRET

 × |node| tests/services/book-service.test.ts > BookService > batchEnrichBooks > Error Handling in Batch Operations > should handle repository save failures gracefully without affecting other ISBNs 1618ms
   → expected "error" to be called with arguments: [ …(2) ][90m

Number of calls: [1m0[22m
[39m
stderr | tests/services/book-service.test.ts > BookService > batchEnrichBooks > Error Handling in Batch Operations > should handle cache lookup failures gracefully
[AlexandriaCover] API error: 400 Bad Request {"success":false,"error":{"name":"ZodError","message":"[\n  {\n    \"code\": \"invalid_format\",\n    \"format\": \"url\",\n    \"path\": [\n      \"provider_url\"\n    ],\n    \"message\": \"Invalid URL\"\n  }\n]"}}

stdout | tests/services/book-service.test.ts > BookService > batchEnrichBooks > Error Handling in Batch Operations > should handle cache lookup failures gracefully
[AlexandriaCover] Retrying in 100ms...

stdout | tests/services/book-service.test.ts > BookService > batchEnrichBooks > Error Handling in Batch Operations > should handle cache lookup failures gracefully
[AlexandriaCover] Processing cover for work_key: OL82563W

stderr | tests/services/book-service.test.ts > BookService > batchEnrichBooks > Error Handling in Batch Operations > should handle cache lookup failures gracefully
[AlexandriaCover] Missing ALEXANDRIA_CLIENT_ID or CLIENT_SECRET

stderr | tests/services/book-service.test.ts > BookService > batchEnrichBooks > Error Handling in Batch Operations > should handle cache lookup failures gracefully
[AlexandriaCover] API error: 400 Bad Request {"success":false,"error":{"name":"ZodError","message":"[\n  {\n    \"code\": \"invalid_format\",\n    \"format\": \"url\",\n    \"path\": [\n      \"provider_url\"\n    ],\n    \"message\": \"Invalid URL\"\n  }\n]"}}

stdout | tests/services/book-service.test.ts > BookService > batchEnrichBooks > Error Handling in Batch Operations > should handle cache lookup failures gracefully
[AlexandriaCover] Retrying in 100ms...

stdout | tests/services/book-service.test.ts > BookService > batchEnrichBooks > Error Handling in Batch Operations > should handle cache lookup failures gracefully
[AlexandriaCover] Processing cover for work_key: OL82563W

stderr | tests/services/book-service.test.ts > BookService > batchEnrichBooks > Error Handling in Batch Operations > should handle cache lookup failures gracefully
[AlexandriaCover] Missing ALEXANDRIA_CLIENT_ID or CLIENT_SECRET

stderr | tests/services/book-service.test.ts > BookService > batchEnrichBooks > Error Handling in Batch Operations > should handle cache lookup failures gracefully
[AlexandriaCover] API error: 400 Bad Request {"success":false,"error":{"name":"ZodError","message":"[\n  {\n    \"code\": \"invalid_format\",\n    \"format\": \"url\",\n    \"path\": [\n      \"provider_url\"\n    ],\n    \"message\": \"Invalid URL\"\n  }\n]"}}

stdout | tests/services/book-service.test.ts > BookService > batchEnrichBooks > Error Handling in Batch Operations > should handle cache lookup failures gracefully
[AlexandriaCover] Retrying in 200ms...

stdout | tests/services/book-service.test.ts > BookService > batchEnrichBooks > Error Handling in Batch Operations > should handle cache lookup failures gracefully
[AlexandriaCover] Processing cover for work_key: OL82563W

stderr | tests/services/book-service.test.ts > BookService > batchEnrichBooks > Error Handling in Batch Operations > should handle cache lookup failures gracefully
[AlexandriaCover] Missing ALEXANDRIA_CLIENT_ID or CLIENT_SECRET

stderr | tests/services/book-service.test.ts > BookService > batchEnrichBooks > Error Handling in Batch Operations > should handle cache lookup failures gracefully
[AlexandriaCover] API error: 400 Bad Request {"success":false,"error":{"name":"ZodError","message":"[\n  {\n    \"code\": \"invalid_format\",\n    \"format\": \"url\",\n    \"path\": [\n      \"provider_url\"\n    ],\n    \"message\": \"Invalid URL\"\n  }\n]"}}

stdout | tests/services/book-service.test.ts > BookService > batchEnrichBooks > Error Handling in Batch Operations > should handle cache lookup failures gracefully
[AlexandriaCover] Retrying in 200ms...

stdout | tests/services/book-service.test.ts > BookService > batchEnrichBooks > Error Handling in Batch Operations > should handle cache lookup failures gracefully
[AlexandriaCover] Processing cover for work_key: OL82563W

stderr | tests/services/book-service.test.ts > BookService > batchEnrichBooks > Error Handling in Batch Operations > should handle cache lookup failures gracefully
[AlexandriaCover] Missing ALEXANDRIA_CLIENT_ID or CLIENT_SECRET

stderr | tests/services/book-service.test.ts > BookService > batchEnrichBooks > Error Handling in Batch Operations > should handle cache lookup failures gracefully
[AlexandriaCover] API error: 400 Bad Request {"success":false,"error":{"name":"ZodError","message":"[\n  {\n    \"code\": \"invalid_format\",\n    \"format\": \"url\",\n    \"path\": [\n      \"provider_url\"\n    ],\n    \"message\": \"Invalid URL\"\n  }\n]"}}

stderr | tests/services/book-service.test.ts > BookService > batchEnrichBooks > Error Handling in Batch Operations > should handle cache lookup failures gracefully
[AlexandriaCover] All retries exhausted for OL82563W

stderr | tests/services/book-service.test.ts > BookService > batchEnrichBooks > Error Handling in Batch Operations > should handle cache lookup failures gracefully
[AlexandriaCover] API error: 400 Bad Request {"success":false,"error":{"name":"ZodError","message":"[\n  {\n    \"code\": \"invalid_format\",\n    \"format\": \"url\",\n    \"path\": [\n      \"provider_url\"\n    ],\n    \"message\": \"Invalid URL\"\n  }\n]"}}

stderr | tests/services/book-service.test.ts > BookService > batchEnrichBooks > Error Handling in Batch Operations > should handle cache lookup failures gracefully
[AlexandriaCover] All retries exhausted for OL82563W

stdout | tests/services/book-service.test.ts > BookService > batchEnrichBooks > Error Handling in Batch Operations > should handle cache lookup failures gracefully
[CoverProcessor] Progress: 2/2 covers processed

stdout | tests/services/book-service.test.ts > BookService > findBooksByAuthor > Successful Repository Queries > should return books from repository when found
[RequestDedup] 🆕 New request for key: author:J.K. Rowling (cache size: 0)

stdout | tests/services/book-service.test.ts > BookService > findBooksByAuthor > Successful Repository Queries > should return books from repository when found
[BookService] Found 2 books for author "J.K. Rowling"

stdout | tests/services/book-service.test.ts > BookService > findBooksByAuthor > Successful Repository Queries > should return books from repository when found
[RequestDedup] 🗑️ Cleaned up key: author:J.K. Rowling (cache size: 0)

stdout | tests/services/book-service.test.ts > BookService > findBooksByAuthor > Successful Repository Queries > should handle multiple books by the same author with proper deduplication
[RequestDedup] 🆕 New request for key: author:J.K. Rowling (cache size: 0)

stdout | tests/services/book-service.test.ts > BookService > findBooksByAuthor > Successful Repository Queries > should handle multiple books by the same author with proper deduplication
[BookService] Found 7 books for author "J.K. Rowling"

stdout | tests/services/book-service.test.ts > BookService > findBooksByAuthor > Successful Repository Queries > should handle multiple books by the same author with proper deduplication
[RequestDedup] 🗑️ Cleaned up key: author:J.K. Rowling (cache size: 0)

stdout | tests/services/book-service.test.ts > BookService > findBooksByAuthor > Successful Repository Queries > should use custom limit when provided
[RequestDedup] 🆕 New request for key: author:J.K. Rowling (cache size: 0)

stdout | tests/services/book-service.test.ts > BookService > findBooksByAuthor > Successful Repository Queries > should use custom limit when provided
[BookService] No books found for author "J.K. Rowling" (D1 query)

stdout | tests/services/book-service.test.ts > BookService > findBooksByAuthor > Successful Repository Queries > should use custom limit when provided
[RequestDedup] 🗑️ Cleaned up key: author:J.K. Rowling (cache size: 0)

stdout | tests/services/book-service.test.ts > BookService > findBooksByAuthor > Successful Repository Queries > should handle books with missing or empty canonical metadata
[RequestDedup] 🆕 New request for key: author:J.K. Rowling (cache size: 0)

stdout | tests/services/book-service.test.ts > BookService > findBooksByAuthor > Successful Repository Queries > should handle books with missing or empty canonical metadata
[BookService] Found 3 books for author "J.K. Rowling"

stdout | tests/services/book-service.test.ts > BookService > findBooksByAuthor > Successful Repository Queries > should handle books with missing or empty canonical metadata
[RequestDedup] 🗑️ Cleaned up key: author:J.K. Rowling (cache size: 0)

stdout | tests/services/book-service.test.ts > BookService > findBooksByAuthor > Edge Cases and Input Validation > should handle empty author name
[RequestDedup] 🆕 New request for key: author: (cache size: 0)

stdout | tests/services/book-service.test.ts > BookService > findBooksByAuthor > Edge Cases and Input Validation > should handle empty author name
[BookService] No books found for author "" (D1 query)

stdout | tests/services/book-service.test.ts > BookService > findBooksByAuthor > Edge Cases and Input Validation > should handle empty author name
[RequestDedup] 🗑️ Cleaned up key: author: (cache size: 0)

stdout | tests/services/book-service.test.ts > BookService > findBooksByAuthor > Edge Cases and Input Validation > should handle whitespace-only author name
[RequestDedup] 🆕 New request for key: author:   
	    (cache size: 0)

stdout | tests/services/book-service.test.ts > BookService > findBooksByAuthor > Edge Cases and Input Validation > should handle whitespace-only author name
[BookService] No books found for author "   
	   " (D1 query)

stdout | tests/services/book-service.test.ts > BookService > findBooksByAuthor > Edge Cases and Input Validation > should handle whitespace-only author name
[RequestDedup] 🗑️ Cleaned up key: author:   
	    (cache size: 0)

stdout | tests/services/book-service.test.ts > BookService > findBooksByAuthor > Edge Cases and Input Validation > should handle special characters in author names
[RequestDedup] 🆕 New request for key: author:José María Azúa-Blanco & François d'Aubigné (cache size: 0)

stdout | tests/services/book-service.test.ts > BookService > findBooksByAuthor > Edge Cases and Input Validation > should handle special characters in author names
[BookService] Found 1 books for author "José María Azúa-Blanco & François d'Aubigné"

stdout | tests/services/book-service.test.ts > BookService > findBooksByAuthor > Edge Cases and Input Validation > should handle special characters in author names
[RequestDedup] 🗑️ Cleaned up key: author:José María Azúa-Blanco & François d'Aubigné (cache size: 0)

stdout | tests/services/book-service.test.ts > BookService > findBooksByAuthor > Edge Cases and Input Validation > should handle very long author names
[RequestDedup] 🆕 New request for key: author:AAAAAAAAAAAAAAAAAAAAAAAAAAAAAAAAAAAAAAAAAAAAAAAAAAAAAAAAAAAAAAAAAAAAAAAAAAAAAAAAAAAAAAAAAAAAAAAAAAAAAAAAAAAAAAAAAAAAAAAAAAAAAAAAAAAAAAAAAAAAAAAAAAAAAAAAAAAAAAAAAAAAAAAAAAAAAAAAAAAAAAAAAAAAAAAAAAAAAAAAAAAAAAAAAAAAAAAAAAAAAAAAAAAAAAAAAAAAAAAAAAAAAAAAAAAAAAAAAAAAAAAAAAAAAAAAAAAAAAAAAAAAAAAAAAAAAAAAAAAAAAAAAAAAAAAAAAAAAAAAAAAAAAAAAAAAAAAAAAAAAAAAAAAAAAAAAAAAAAAAAAAAAAAAAAAAAAAAAAAAAAAAAAAAAAAAAAAAAAAAAAAAAAAAAAAAAAAAAAAAAAAAAAAAAAAAAAAAAAAAAAAAAAAAAAAAAAAAAAAAAAAAAAAAAAAAAAAAAAAAAAAAAAAAAAAAAAAAAAAA (cache size: 0)

stdout | tests/services/book-service.test.ts > BookService > findBooksByAuthor > Edge Cases and Input Validation > should handle very long author names
[BookService] No books found for author "AAAAAAAAAAAAAAAAAAAAAAAAAAAAAAAAAAAAAAAAAAAAAAAAAAAAAAAAAAAAAAAAAAAAAAAAAAAAAAAAAAAAAAAAAAAAAAAAAAAAAAAAAAAAAAAAAAAAAAAAAAAAAAAAAAAAAAAAAAAAAAAAAAAAAAAAAAAAAAAAAAAAAAAAAAAAAAAAAAAAAAAAAAAAAAAAAAAAAAAAAAAAAAAAAAAAAAAAAAAAAAAAAAAAAAAAAAAAAAAAAAAAAAAAAAAAAAAAAAAAAAAAAAAAAAAAAAAAAAAAAAAAAAAAAAAAAAAAAAAAAAAAAAAAAAAAAAAAAAAAAAAAAAAAAAAAAAAAAAAAAAAAAAAAAAAAAAAAAAAAAAAAAAAAAAAAAAAAAAAAAAAAAAAAAAAAAAAAAAAAAAAAAAAAAAAAAAAAAAAAAAAAAAAAAAAAAAAAAAAAAAAAAAAAAAAAAAAAAAAAAAAAAAAAAAAAAAAAAAAAAAAAAAAAAAAAAAAAAAAA" (D1 query)

stdout | tests/services/book-service.test.ts > BookService > findBooksByAuthor > Edge Cases and Input Validation > should handle very long author names
[RequestDedup] 🗑️ Cleaned up key: author:AAAAAAAAAAAAAAAAAAAAAAAAAAAAAAAAAAAAAAAAAAAAAAAAAAAAAAAAAAAAAAAAAAAAAAAAAAAAAAAAAAAAAAAAAAAAAAAAAAAAAAAAAAAAAAAAAAAAAAAAAAAAAAAAAAAAAAAAAAAAAAAAAAAAAAAAAAAAAAAAAAAAAAAAAAAAAAAAAAAAAAAAAAAAAAAAAAAAAAAAAAAAAAAAAAAAAAAAAAAAAAAAAAAAAAAAAAAAAAAAAAAAAAAAAAAAAAAAAAAAAAAAAAAAAAAAAAAAAAAAAAAAAAAAAAAAAAAAAAAAAAAAAAAAAAAAAAAAAAAAAAAAAAAAAAAAAAAAAAAAAAAAAAAAAAAAAAAAAAAAAAAAAAAAAAAAAAAAAAAAAAAAAAAAAAAAAAAAAAAAAAAAAAAAAAAAAAAAAAAAAAAAAAAAAAAAAAAAAAAAAAAAAAAAAAAAAAAAAAAAAAAAAAAAAAAAAAAAAAAAAAAAAAAAAAAAAAAAAAAA (cache size: 0)

stdout | tests/services/book-service.test.ts > BookService > findBooksByAuthor > Edge Cases and Input Validation > should handle case-sensitive author searches
[RequestDedup] 🆕 New request for key: author:j.k. rowling (cache size: 0)

stdout | tests/services/book-service.test.ts > BookService > findBooksByAuthor > Edge Cases and Input Validation > should handle case-sensitive author searches
[BookService] Found 1 books for author "j.k. rowling"

stdout | tests/services/book-service.test.ts > BookService > findBooksByAuthor > Edge Cases and Input Validation > should handle case-sensitive author searches
[RequestDedup] 🗑️ Cleaned up key: author:j.k. rowling (cache size: 0)

stdout | tests/services/book-service.test.ts > BookService > findBooksByAuthor > Edge Cases and Input Validation > should handle authors with titles and suffixes
[RequestDedup] 🆕 New request for key: author:Dr. John Smith Jr., Ph.D. (cache size: 0)

stdout | tests/services/book-service.test.ts > BookService > findBooksByAuthor > Edge Cases and Input Validation > should handle authors with titles and suffixes
[BookService] Found 1 books for author "Dr. John Smith Jr., Ph.D."

stdout | tests/services/book-service.test.ts > BookService > findBooksByAuthor > Edge Cases and Input Validation > should handle authors with titles and suffixes
[RequestDedup] 🗑️ Cleaned up key: author:Dr. John Smith Jr., Ph.D. (cache size: 0)

stdout | tests/services/book-service.test.ts > BookService > findBooksByAuthor > Edge Cases and Input Validation > should return empty result when no books found
[RequestDedup] 🆕 New request for key: author:Unknown Author (cache size: 0)

stdout | tests/services/book-service.test.ts > BookService > findBooksByAuthor > Edge Cases and Input Validation > should return empty result when no books found
[BookService] No books found for author "Unknown Author" (D1 query)

stdout | tests/services/book-service.test.ts > BookService > findBooksByAuthor > Edge Cases and Input Validation > should return empty result when no books found
[RequestDedup] 🗑️ Cleaned up key: author:Unknown Author (cache size: 0)

stdout | tests/services/book-service.test.ts > BookService > findBooksByAuthor > Edge Cases and Input Validation > should handle repository returning null or undefined
[RequestDedup] 🆕 New request for key: author:Unknown Author (cache size: 0)

stdout | tests/services/book-service.test.ts > BookService > findBooksByAuthor > Edge Cases and Input Validation > should handle repository returning null or undefined
[BookService] No books found for author "Unknown Author" (D1 query)

stdout | tests/services/book-service.test.ts > BookService > findBooksByAuthor > Edge Cases and Input Validation > should handle repository returning null or undefined
[RequestDedup] 🗑️ Cleaned up key: author:Unknown Author (cache size: 0)

stdout | tests/services/book-service.test.ts > BookService > findBooksByAuthor > Error Handling > should handle repository timeout errors
[RequestDedup] 🆕 New request for key: author:J.K. Rowling (cache size: 0)

stdout | tests/services/book-service.test.ts > BookService > findBooksByAuthor > Error Handling > should handle repository timeout errors
[RequestDedup] 🗑️ Cleaned up key: author:J.K. Rowling (cache size: 0)

stdout | tests/services/book-service.test.ts > BookService > findBooksByAuthor > Error Handling > should handle repository connection errors
[RequestDedup] 🆕 New request for key: author:J.K. Rowling (cache size: 0)

stdout | tests/services/book-service.test.ts > BookService > findBooksByAuthor > Error Handling > should handle repository connection errors
[RequestDedup] 🗑️ Cleaned up key: author:J.K. Rowling (cache size: 0)

stdout | tests/services/book-service.test.ts > BookService > findBooksByAuthor > Error Handling > should handle D1 database errors gracefully
[RequestDedup] 🆕 New request for key: author:J.K. Rowling (cache size: 0)

stdout | tests/services/book-service.test.ts > BookService > findBooksByAuthor > Error Handling > should handle D1 database errors gracefully
[RequestDedup] 🗑️ Cleaned up key: author:J.K. Rowling (cache size: 0)

stdout | tests/services/book-service.test.ts > BookService > findBooksByAuthor > Error Handling > should handle malformed book data without crashing
[RequestDedup] 🆕 New request for key: author:J.K. Rowling (cache size: 0)

stdout | tests/services/book-service.test.ts > BookService > findBooksByAuthor > Error Handling > should handle malformed book data without crashing
[BookService] Found 2 books for author "J.K. Rowling"

stdout | tests/services/book-service.test.ts > BookService > findBooksByAuthor > Error Handling > should handle malformed book data without crashing
[RequestDedup] 🗑️ Cleaned up key: author:J.K. Rowling (cache size: 0)

stdout | tests/services/book-service.test.ts > BookService > findBooksByAuthor > Error Handling > should handle repository performance degradation
[RequestDedup] 🆕 New request for key: author:J.K. Rowling (cache size: 0)

 ✓ |node| tests/services/book-service.test.ts > BookService > batchEnrichBooks > Error Handling in Batch Operations > should handle cache lookup failures gracefully 1671ms
 ✓ |node| tests/services/book-service.test.ts > BookService > findBooksByAuthor > Successful Repository Queries > should return books from repository when found 1ms
 ✓ |node| tests/services/book-service.test.ts > BookService > findBooksByAuthor > Successful Repository Queries > should handle multiple books by the same author with proper deduplication 0ms
 ✓ |node| tests/services/book-service.test.ts > BookService > findBooksByAuthor > Successful Repository Queries > should use custom limit when provided 0ms
 ✓ |node| tests/services/book-service.test.ts > BookService > findBooksByAuthor > Successful Repository Queries > should handle books with missing or empty canonical metadata 0ms
 ✓ |node| tests/services/book-service.test.ts > BookService > findBooksByAuthor > Edge Cases and Input Validation > should handle empty author name 0ms
 ✓ |node| tests/services/book-service.test.ts > BookService > findBooksByAuthor > Edge Cases and Input Validation > should handle whitespace-only author name 0ms
 ✓ |node| tests/services/book-service.test.ts > BookService > findBooksByAuthor > Edge Cases and Input Validation > should handle special characters in author names 0ms
 ✓ |node| tests/services/book-service.test.ts > BookService > findBooksByAuthor > Edge Cases and Input Validation > should handle very long author names 0ms
 ✓ |node| tests/services/book-service.test.ts > BookService > findBooksByAuthor > Edge Cases and Input Validation > should handle case-sensitive author searches 0ms
 ✓ |node| tests/services/book-service.test.ts > BookService > findBooksByAuthor > Edge Cases and Input Validation > should handle authors with titles and suffixes 0ms
 ✓ |node| tests/services/book-service.test.ts > BookService > findBooksByAuthor > Edge Cases and Input Validation > should return empty result when no books found 0ms
 ✓ |node| tests/services/book-service.test.ts > BookService > findBooksByAuthor > Edge Cases and Input Validation > should handle repository returning null or undefined 0ms
 ✓ |node| tests/services/book-service.test.ts > BookService > findBooksByAuthor > Error Handling > should handle repository timeout errors 0ms
 ✓ |node| tests/services/book-service.test.ts > BookService > findBooksByAuthor > Error Handling > should handle repository connection errors 1ms
 ✓ |node| tests/services/book-service.test.ts > BookService > findBooksByAuthor > Error Handling > should handle D1 database errors gracefully 0ms
 ✓ |node| tests/services/book-service.test.ts > BookService > findBooksByAuthor > Error Handling > should handle malformed book data without crashing 0ms
stdout | tests/services/book-service.test.ts > BookService > findBooksByAuthor > Error Handling > should handle repository performance degradation
[BookService] No books found for author "J.K. Rowling" (D1 query)

stdout | tests/services/book-service.test.ts > BookService > findBooksByAuthor > Error Handling > should handle repository performance degradation
[RequestDedup] 🗑️ Cleaned up key: author:J.K. Rowling (cache size: 0)

stdout | tests/services/book-service.test.ts > BookService > findBooksByAuthor > Data Aggregation and Deduplication > should deduplicate authors across multiple books correctly
[RequestDedup] 🆕 New request for key: author:Test Author (cache size: 0)

stdout | tests/services/book-service.test.ts > BookService > findBooksByAuthor > Data Aggregation and Deduplication > should deduplicate authors across multiple books correctly
[BookService] Found 2 books for author "Test Author"

stdout | tests/services/book-service.test.ts > BookService > findBooksByAuthor > Data Aggregation and Deduplication > should deduplicate authors across multiple books correctly
[RequestDedup] 🗑️ Cleaned up key: author:Test Author (cache size: 0)

stdout | tests/services/book-service.test.ts > BookService > findBooksByAuthor > Data Aggregation and Deduplication > should preserve all works and editions from multiple books
[RequestDedup] 🆕 New request for key: author:J.K. Rowling (cache size: 0)

stdout | tests/services/book-service.test.ts > BookService > findBooksByAuthor > Data Aggregation and Deduplication > should preserve all works and editions from multiple books
[BookService] Found 2 books for author "J.K. Rowling"

stdout | tests/services/book-service.test.ts > BookService > findBooksByAuthor > Data Aggregation and Deduplication > should preserve all works and editions from multiple books
[RequestDedup] 🗑️ Cleaned up key: author:J.K. Rowling (cache size: 0)

 ✓ |node| tests/services/book-service.test.ts > BookService > findBooksByAuthor > Error Handling > should handle repository performance degradation 101ms
 ✓ |node| tests/services/book-service.test.ts > BookService > findBooksByAuthor > Data Aggregation and Deduplication > should deduplicate authors across multiple books correctly 1ms
 ✓ |node| tests/services/book-service.test.ts > BookService > findBooksByAuthor > Data Aggregation and Deduplication > should preserve all works and editions from multiple books 0ms
stdout | tests/handlers/request-coalescing-timeout.test.js > Request Coalescing Timeout & Cleanup > should clean up Map entry on successful request
[AdvancedSearch] Searching for "Test Book" by "Test Author"

stdout | tests/handlers/request-coalescing-timeout.test.js > Request Coalescing Timeout & Cleanup > should clean up Map entry on error
[AdvancedSearch] Searching for "Test Book" by "Test Author"

stderr | tests/handlers/request-coalescing-timeout.test.js > Request Coalescing Timeout & Cleanup > should clean up Map entry on error
[AdvancedSearch] Error searching for "Test Book": Error: API error
    at [90m/Users/juju/dev_repos/bendv3/[39mtests/handlers/request-coalescing-timeout.test.js:106:7
    at [90mfile:///Users/juju/dev_repos/bendv3/[39mnode_modules/[4m@vitest/runner[24m/dist/chunk-hooks.js:155:11
    at [90mfile:///Users/juju/dev_repos/bendv3/[39mnode_modules/[4m@vitest/runner[24m/dist/chunk-hooks.js:752:26
    at [90mfile:///Users/juju/dev_repos/bendv3/[39mnode_modules/[4m@vitest/runner[24m/dist/chunk-hooks.js:1897:20
    at new Promise (<anonymous>)
    at runWithTimeout [90m(file:///Users/juju/dev_repos/bendv3/[39mnode_modules/[4m@vitest/runner[24m/dist/chunk-hooks.js:1863:10[90m)[39m
    at runTest [90m(file:///Users/juju/dev_repos/bendv3/[39mnode_modules/[4m@vitest/runner[24m/dist/chunk-hooks.js:1574:12[90m)[39m
[90m    at processTicksAndRejections (node:internal/process/task_queues:103:5)[39m
    at runSuite [90m(file:///Users/juju/dev_repos/bendv3/[39mnode_modules/[4m@vitest/runner[24m/dist/chunk-hooks.js:1729:8[90m)[39m
    at runSuite [90m(file:///Users/juju/dev_repos/bendv3/[39mnode_modules/[4m@vitest/runner[24m/dist/chunk-hooks.js:1729:8[90m)[39m

stdout | tests/handlers/request-coalescing-timeout.test.js > Request Coalescing Timeout & Cleanup > should clean up Map entry on error
📝 Stored negative cache: search:test book:test author (type: error)

stderr | tests/handlers/request-coalescing-timeout.test.js > Request Coalescing Timeout & Cleanup > should clean up Map entry on error
Error [INTERNAL_ERROR]: API error

stdout | tests/handlers/request-coalescing-timeout.test.js > Request Coalescing Timeout & Cleanup > should clean up Map entry on error
[AdvancedSearch] Searching for "Test Book" by "Test Author"

stderr | tests/handlers/request-coalescing-timeout.test.js > Request Coalescing Timeout & Cleanup > should clean up Map entry on error
[AdvancedSearch] Error searching for "Test Book": Error: API error 2
    at [90m/Users/juju/dev_repos/bendv3/[39mtests/handlers/request-coalescing-timeout.test.js:123:7
[90m    at processTicksAndRejections (node:internal/process/task_queues:103:5)[39m
    at [90mfile:///Users/juju/dev_repos/bendv3/[39mnode_modules/[4m@vitest/runner[24m/dist/chunk-hooks.js:752:20

stdout | tests/handlers/request-coalescing-timeout.test.js > Request Coalescing Timeout & Cleanup > should clean up Map entry on error
📝 Stored negative cache: search:test book:test author (type: error)

stderr | tests/handlers/request-coalescing-timeout.test.js > Request Coalescing Timeout & Cleanup > should clean up Map entry on error
Error [INTERNAL_ERROR]: API error 2

stdout | tests/handlers/request-coalescing-timeout.test.js > Request Coalescing Timeout & Cleanup > should clean up Map entry on timeout
[AdvancedSearch] Searching for "Test Book" by "Test Author"

stderr | tests/handlers/request-coalescing-timeout.test.js > Request Coalescing Timeout & Cleanup > should clean up Map entry on timeout
⏱️ Request timeout after 30000ms: search:test book:test author

stdout | tests/handlers/request-coalescing-timeout.test.js > Request Coalescing Timeout & Cleanup > should clean up Map entry on timeout
[AdvancedSearch] Searching for "Test Book" by "Test Author"

stdout | tests/handlers/request-coalescing-timeout.test.js > Request Coalescing Timeout & Cleanup > should coalesce concurrent requests with same parameters
[AdvancedSearch] Searching for "Test Book" by "Test Author"
[AdvancedSearch] Searching for "Test Book" by "Test Author"
[AdvancedSearch] Searching for "Test Book" by "Test Author"

stdout | tests/handlers/request-coalescing-timeout.test.js > Request Coalescing Timeout & Cleanup > should coalesce concurrent requests with same parameters
🔄 Request coalescing: Waiting for in-flight request (search:test book:test author)
🔄 Request coalescing: Waiting for in-flight request (search:test book:test author)

(node:82080) PromiseRejectionHandledWarning: Promise rejection was handled asynchronously (rejection id: 3)
(Use `node --trace-warnings ...` to show where the warning was created)
 × |node| tests/handlers/request-coalescing-timeout.test.js > Request Coalescing Timeout & Cleanup > should clean up Map entry on successful request 5ms
   → expected undefined to be defined
 ✓ |node| tests/handlers/request-coalescing-timeout.test.js > Request Coalescing Timeout & Cleanup > should clean up Map entry on error 2ms
 ✓ |node| tests/handlers/request-coalescing-timeout.test.js > Request Coalescing Timeout & Cleanup > should clean up Map entry on timeout 2ms
stdout | tests/handlers/request-coalescing-timeout.test.js > Request Coalescing Timeout & Cleanup > should handle multiple different requests without interference
[AdvancedSearch] Searching for "Book 1" by "Author 1"
[AdvancedSearch] Searching for "Book 2" by "Author 2"

stdout | tests/handlers/request-coalescing-timeout.test.js > Request Coalescing Timeout & Cleanup > should not leak memory after 1000+ requests
[AdvancedSearch] Searching for "Book 0" by "Test Author"

stdout | tests/handlers/request-coalescing-timeout.test.js > Request Coalescing Timeout & Cleanup > should not leak memory after 1000+ requests
[AdvancedSearch] Searching for "Book 1" by "Test Author"

stdout | tests/handlers/request-coalescing-timeout.test.js > Request Coalescing Timeout & Cleanup > should not leak memory after 1000+ requests
[AdvancedSearch] Searching for "Book 2" by "Test Author"

stdout | tests/handlers/request-coalescing-timeout.test.js > Request Coalescing Timeout & Cleanup > should not leak memory after 1000+ requests
[AdvancedSearch] Searching for "Book 3" by "Test Author"

stdout | tests/handlers/request-coalescing-timeout.test.js > Request Coalescing Timeout & Cleanup > should not leak memory after 1000+ requests
[AdvancedSearch] Searching for "Book 4" by "Test Author"

stdout | tests/handlers/request-coalescing-timeout.test.js > Request Coalescing Timeout & Cleanup > should not leak memory after 1000+ requests
[AdvancedSearch] Searching for "Book 5" by "Test Author"

stdout | tests/handlers/request-coalescing-timeout.test.js > Request Coalescing Timeout & Cleanup > should not leak memory after 1000+ requests
[AdvancedSearch] Searching for "Book 6" by "Test Author"

stdout | tests/handlers/request-coalescing-timeout.test.js > Request Coalescing Timeout & Cleanup > should not leak memory after 1000+ requests
[AdvancedSearch] Searching for "Book 7" by "Test Author"

stdout | tests/handlers/request-coalescing-timeout.test.js > Request Coalescing Timeout & Cleanup > should not leak memory after 1000+ requests
[AdvancedSearch] Searching for "Book 8" by "Test Author"

stdout | tests/handlers/request-coalescing-timeout.test.js > Request Coalescing Timeout & Cleanup > should not leak memory after 1000+ requests
[AdvancedSearch] Searching for "Book 9" by "Test Author"

stdout | tests/handlers/request-coalescing-timeout.test.js > Request Coalescing Timeout & Cleanup > should not leak memory after 1000+ requests
[AdvancedSearch] Searching for "Book 10" by "Test Author"

stdout | tests/handlers/request-coalescing-timeout.test.js > Request Coalescing Timeout & Cleanup > should not leak memory after 1000+ requests
[AdvancedSearch] Searching for "Book 11" by "Test Author"

stdout | tests/handlers/request-coalescing-timeout.test.js > Request Coalescing Timeout & Cleanup > should not leak memory after 1000+ requests
[AdvancedSearch] Searching for "Book 12" by "Test Author"

stdout | tests/handlers/request-coalescing-timeout.test.js > Request Coalescing Timeout & Cleanup > should not leak memory after 1000+ requests
[AdvancedSearch] Searching for "Book 13" by "Test Author"

stdout | tests/handlers/request-coalescing-timeout.test.js > Request Coalescing Timeout & Cleanup > should not leak memory after 1000+ requests
[AdvancedSearch] Searching for "Book 14" by "Test Author"

stdout | tests/handlers/request-coalescing-timeout.test.js > Request Coalescing Timeout & Cleanup > should not leak memory after 1000+ requests
[AdvancedSearch] Searching for "Book 15" by "Test Author"

stdout | tests/handlers/request-coalescing-timeout.test.js > Request Coalescing Timeout & Cleanup > should not leak memory after 1000+ requests
[AdvancedSearch] Searching for "Book 16" by "Test Author"

stdout | tests/handlers/request-coalescing-timeout.test.js > Request Coalescing Timeout & Cleanup > should not leak memory after 1000+ requests
[AdvancedSearch] Searching for "Book 17" by "Test Author"

stdout | tests/handlers/request-coalescing-timeout.test.js > Request Coalescing Timeout & Cleanup > should not leak memory after 1000+ requests
[AdvancedSearch] Searching for "Book 18" by "Test Author"

stdout | tests/handlers/request-coalescing-timeout.test.js > Request Coalescing Timeout & Cleanup > should not leak memory after 1000+ requests
[AdvancedSearch] Searching for "Book 19" by "Test Author"

stdout | tests/handlers/request-coalescing-timeout.test.js > Request Coalescing Timeout & Cleanup > should not leak memory after 1000+ requests
[AdvancedSearch] Searching for "Book 20" by "Test Author"

stdout | tests/handlers/request-coalescing-timeout.test.js > Request Coalescing Timeout & Cleanup > should not leak memory after 1000+ requests
[AdvancedSearch] Searching for "Book 21" by "Test Author"

stdout | tests/handlers/request-coalescing-timeout.test.js > Request Coalescing Timeout & Cleanup > should not leak memory after 1000+ requests
[AdvancedSearch] Searching for "Book 22" by "Test Author"

stdout | tests/handlers/request-coalescing-timeout.test.js > Request Coalescing Timeout & Cleanup > should not leak memory after 1000+ requests
[AdvancedSearch] Searching for "Book 23" by "Test Author"

stdout | tests/handlers/request-coalescing-timeout.test.js > Request Coalescing Timeout & Cleanup > should not leak memory after 1000+ requests
[AdvancedSearch] Searching for "Book 24" by "Test Author"

stdout | tests/handlers/request-coalescing-timeout.test.js > Request Coalescing Timeout & Cleanup > should not leak memory after 1000+ requests
[AdvancedSearch] Searching for "Book 25" by "Test Author"

stdout | tests/handlers/request-coalescing-timeout.test.js > Request Coalescing Timeout & Cleanup > should not leak memory after 1000+ requests
[AdvancedSearch] Searching for "Book 26" by "Test Author"

stdout | tests/handlers/request-coalescing-timeout.test.js > Request Coalescing Timeout & Cleanup > should not leak memory after 1000+ requests
[AdvancedSearch] Searching for "Book 27" by "Test Author"

stdout | tests/handlers/request-coalescing-timeout.test.js > Request Coalescing Timeout & Cleanup > should not leak memory after 1000+ requests
[AdvancedSearch] Searching for "Book 28" by "Test Author"

stdout | tests/handlers/request-coalescing-timeout.test.js > Request Coalescing Timeout & Cleanup > should not leak memory after 1000+ requests
[AdvancedSearch] Searching for "Book 29" by "Test Author"

stdout | tests/handlers/request-coalescing-timeout.test.js > Request Coalescing Timeout & Cleanup > should not leak memory after 1000+ requests
[AdvancedSearch] Searching for "Book 30" by "Test Author"

stdout | tests/handlers/request-coalescing-timeout.test.js > Request Coalescing Timeout & Cleanup > should not leak memory after 1000+ requests
[AdvancedSearch] Searching for "Book 31" by "Test Author"

stdout | tests/handlers/request-coalescing-timeout.test.js > Request Coalescing Timeout & Cleanup > should not leak memory after 1000+ requests
[AdvancedSearch] Searching for "Book 32" by "Test Author"

stdout | tests/handlers/request-coalescing-timeout.test.js > Request Coalescing Timeout & Cleanup > should not leak memory after 1000+ requests
[AdvancedSearch] Searching for "Book 33" by "Test Author"

stdout | tests/handlers/request-coalescing-timeout.test.js > Request Coalescing Timeout & Cleanup > should not leak memory after 1000+ requests
[AdvancedSearch] Searching for "Book 34" by "Test Author"

stdout | tests/handlers/request-coalescing-timeout.test.js > Request Coalescing Timeout & Cleanup > should not leak memory after 1000+ requests
[AdvancedSearch] Searching for "Book 35" by "Test Author"

stdout | tests/handlers/request-coalescing-timeout.test.js > Request Coalescing Timeout & Cleanup > should not leak memory after 1000+ requests
[AdvancedSearch] Searching for "Book 36" by "Test Author"

stdout | tests/handlers/request-coalescing-timeout.test.js > Request Coalescing Timeout & Cleanup > should not leak memory after 1000+ requests
[AdvancedSearch] Searching for "Book 37" by "Test Author"

stdout | tests/handlers/request-coalescing-timeout.test.js > Request Coalescing Timeout & Cleanup > should not leak memory after 1000+ requests
[AdvancedSearch] Searching for "Book 38" by "Test Author"

stdout | tests/handlers/request-coalescing-timeout.test.js > Request Coalescing Timeout & Cleanup > should not leak memory after 1000+ requests
[AdvancedSearch] Searching for "Book 39" by "Test Author"

stdout | tests/handlers/request-coalescing-timeout.test.js > Request Coalescing Timeout & Cleanup > should not leak memory after 1000+ requests
[AdvancedSearch] Searching for "Book 40" by "Test Author"

stdout | tests/handlers/request-coalescing-timeout.test.js > Request Coalescing Timeout & Cleanup > should not leak memory after 1000+ requests
[AdvancedSearch] Searching for "Book 41" by "Test Author"

stdout | tests/handlers/request-coalescing-timeout.test.js > Request Coalescing Timeout & Cleanup > should not leak memory after 1000+ requests
[AdvancedSearch] Searching for "Book 42" by "Test Author"

stdout | tests/handlers/request-coalescing-timeout.test.js > Request Coalescing Timeout & Cleanup > should not leak memory after 1000+ requests
[AdvancedSearch] Searching for "Book 43" by "Test Author"

stdout | tests/handlers/request-coalescing-timeout.test.js > Request Coalescing Timeout & Cleanup > should not leak memory after 1000+ requests
[AdvancedSearch] Searching for "Book 44" by "Test Author"

stdout | tests/handlers/request-coalescing-timeout.test.js > Request Coalescing Timeout & Cleanup > should not leak memory after 1000+ requests
[AdvancedSearch] Searching for "Book 45" by "Test Author"

stdout | tests/handlers/request-coalescing-timeout.test.js > Request Coalescing Timeout & Cleanup > should not leak memory after 1000+ requests
[AdvancedSearch] Searching for "Book 46" by "Test Author"

stdout | tests/handlers/request-coalescing-timeout.test.js > Request Coalescing Timeout & Cleanup > should not leak memory after 1000+ requests
[AdvancedSearch] Searching for "Book 47" by "Test Author"

stdout | tests/handlers/request-coalescing-timeout.test.js > Request Coalescing Timeout & Cleanup > should not leak memory after 1000+ requests
[AdvancedSearch] Searching for "Book 48" by "Test Author"

stdout | tests/handlers/request-coalescing-timeout.test.js > Request Coalescing Timeout & Cleanup > should not leak memory after 1000+ requests
[AdvancedSearch] Searching for "Book 49" by "Test Author"

stdout | tests/handlers/request-coalescing-timeout.test.js > Request Coalescing Timeout & Cleanup > should not leak memory after 1000+ requests
[AdvancedSearch] Searching for "Book 50" by "Test Author"

stdout | tests/handlers/request-coalescing-timeout.test.js > Request Coalescing Timeout & Cleanup > should not leak memory after 1000+ requests
[AdvancedSearch] Searching for "Book 51" by "Test Author"

stdout | tests/handlers/request-coalescing-timeout.test.js > Request Coalescing Timeout & Cleanup > should not leak memory after 1000+ requests
[AdvancedSearch] Searching for "Book 52" by "Test Author"

stdout | tests/handlers/request-coalescing-timeout.test.js > Request Coalescing Timeout & Cleanup > should not leak memory after 1000+ requests
[AdvancedSearch] Searching for "Book 53" by "Test Author"

stdout | tests/handlers/request-coalescing-timeout.test.js > Request Coalescing Timeout & Cleanup > should not leak memory after 1000+ requests
[AdvancedSearch] Searching for "Book 54" by "Test Author"

stdout | tests/handlers/request-coalescing-timeout.test.js > Request Coalescing Timeout & Cleanup > should not leak memory after 1000+ requests
[AdvancedSearch] Searching for "Book 55" by "Test Author"

stdout | tests/handlers/request-coalescing-timeout.test.js > Request Coalescing Timeout & Cleanup > should not leak memory after 1000+ requests
[AdvancedSearch] Searching for "Book 56" by "Test Author"

stdout | tests/handlers/request-coalescing-timeout.test.js > Request Coalescing Timeout & Cleanup > should not leak memory after 1000+ requests
[AdvancedSearch] Searching for "Book 57" by "Test Author"

stdout | tests/handlers/request-coalescing-timeout.test.js > Request Coalescing Timeout & Cleanup > should not leak memory after 1000+ requests
[AdvancedSearch] Searching for "Book 58" by "Test Author"

stdout | tests/handlers/request-coalescing-timeout.test.js > Request Coalescing Timeout & Cleanup > should not leak memory after 1000+ requests
[AdvancedSearch] Searching for "Book 59" by "Test Author"

stdout | tests/handlers/request-coalescing-timeout.test.js > Request Coalescing Timeout & Cleanup > should not leak memory after 1000+ requests
[AdvancedSearch] Searching for "Book 60" by "Test Author"

stdout | tests/handlers/request-coalescing-timeout.test.js > Request Coalescing Timeout & Cleanup > should not leak memory after 1000+ requests
[AdvancedSearch] Searching for "Book 61" by "Test Author"

stdout | tests/handlers/request-coalescing-timeout.test.js > Request Coalescing Timeout & Cleanup > should not leak memory after 1000+ requests
[AdvancedSearch] Searching for "Book 62" by "Test Author"

stdout | tests/handlers/request-coalescing-timeout.test.js > Request Coalescing Timeout & Cleanup > should not leak memory after 1000+ requests
[AdvancedSearch] Searching for "Book 63" by "Test Author"

stdout | tests/handlers/request-coalescing-timeout.test.js > Request Coalescing Timeout & Cleanup > should not leak memory after 1000+ requests
[AdvancedSearch] Searching for "Book 64" by "Test Author"

stdout | tests/handlers/request-coalescing-timeout.test.js > Request Coalescing Timeout & Cleanup > should not leak memory after 1000+ requests
[AdvancedSearch] Searching for "Book 65" by "Test Author"

stdout | tests/handlers/request-coalescing-timeout.test.js > Request Coalescing Timeout & Cleanup > should not leak memory after 1000+ requests
[AdvancedSearch] Searching for "Book 66" by "Test Author"

stdout | tests/handlers/request-coalescing-timeout.test.js > Request Coalescing Timeout & Cleanup > should not leak memory after 1000+ requests
[AdvancedSearch] Searching for "Book 67" by "Test Author"

stdout | tests/handlers/request-coalescing-timeout.test.js > Request Coalescing Timeout & Cleanup > should not leak memory after 1000+ requests
[AdvancedSearch] Searching for "Book 68" by "Test Author"

stdout | tests/handlers/request-coalescing-timeout.test.js > Request Coalescing Timeout & Cleanup > should not leak memory after 1000+ requests
[AdvancedSearch] Searching for "Book 69" by "Test Author"

stdout | tests/handlers/request-coalescing-timeout.test.js > Request Coalescing Timeout & Cleanup > should not leak memory after 1000+ requests
[AdvancedSearch] Searching for "Book 70" by "Test Author"

stdout | tests/handlers/request-coalescing-timeout.test.js > Request Coalescing Timeout & Cleanup > should not leak memory after 1000+ requests
[AdvancedSearch] Searching for "Book 71" by "Test Author"

stdout | tests/handlers/request-coalescing-timeout.test.js > Request Coalescing Timeout & Cleanup > should not leak memory after 1000+ requests
[AdvancedSearch] Searching for "Book 72" by "Test Author"

stdout | tests/handlers/request-coalescing-timeout.test.js > Request Coalescing Timeout & Cleanup > should not leak memory after 1000+ requests
[AdvancedSearch] Searching for "Book 73" by "Test Author"

stdout | tests/handlers/request-coalescing-timeout.test.js > Request Coalescing Timeout & Cleanup > should not leak memory after 1000+ requests
[AdvancedSearch] Searching for "Book 74" by "Test Author"

stdout | tests/handlers/request-coalescing-timeout.test.js > Request Coalescing Timeout & Cleanup > should not leak memory after 1000+ requests
[AdvancedSearch] Searching for "Book 75" by "Test Author"

stdout | tests/handlers/request-coalescing-timeout.test.js > Request Coalescing Timeout & Cleanup > should not leak memory after 1000+ requests
[AdvancedSearch] Searching for "Book 76" by "Test Author"

stdout | tests/handlers/request-coalescing-timeout.test.js > Request Coalescing Timeout & Cleanup > should not leak memory after 1000+ requests
[AdvancedSearch] Searching for "Book 77" by "Test Author"

stdout | tests/handlers/request-coalescing-timeout.test.js > Request Coalescing Timeout & Cleanup > should not leak memory after 1000+ requests
[AdvancedSearch] Searching for "Book 78" by "Test Author"

stdout | tests/handlers/request-coalescing-timeout.test.js > Request Coalescing Timeout & Cleanup > should not leak memory after 1000+ requests
[AdvancedSearch] Searching for "Book 79" by "Test Author"

stdout | tests/handlers/request-coalescing-timeout.test.js > Request Coalescing Timeout & Cleanup > should not leak memory after 1000+ requests
[AdvancedSearch] Searching for "Book 80" by "Test Author"

stdout | tests/handlers/request-coalescing-timeout.test.js > Request Coalescing Timeout & Cleanup > should not leak memory after 1000+ requests
[AdvancedSearch] Searching for "Book 81" by "Test Author"

stdout | tests/handlers/request-coalescing-timeout.test.js > Request Coalescing Timeout & Cleanup > should not leak memory after 1000+ requests
[AdvancedSearch] Searching for "Book 82" by "Test Author"

stdout | tests/handlers/request-coalescing-timeout.test.js > Request Coalescing Timeout & Cleanup > should not leak memory after 1000+ requests
[AdvancedSearch] Searching for "Book 83" by "Test Author"

stdout | tests/handlers/request-coalescing-timeout.test.js > Request Coalescing Timeout & Cleanup > should not leak memory after 1000+ requests
[AdvancedSearch] Searching for "Book 84" by "Test Author"

stdout | tests/handlers/request-coalescing-timeout.test.js > Request Coalescing Timeout & Cleanup > should not leak memory after 1000+ requests
[AdvancedSearch] Searching for "Book 85" by "Test Author"

stdout | tests/handlers/request-coalescing-timeout.test.js > Request Coalescing Timeout & Cleanup > should not leak memory after 1000+ requests
[AdvancedSearch] Searching for "Book 86" by "Test Author"

stdout | tests/handlers/request-coalescing-timeout.test.js > Request Coalescing Timeout & Cleanup > should not leak memory after 1000+ requests
[AdvancedSearch] Searching for "Book 87" by "Test Author"

stdout | tests/handlers/request-coalescing-timeout.test.js > Request Coalescing Timeout & Cleanup > should not leak memory after 1000+ requests
[AdvancedSearch] Searching for "Book 88" by "Test Author"

stdout | tests/handlers/request-coalescing-timeout.test.js > Request Coalescing Timeout & Cleanup > should not leak memory after 1000+ requests
[AdvancedSearch] Searching for "Book 89" by "Test Author"

stdout | tests/handlers/request-coalescing-timeout.test.js > Request Coalescing Timeout & Cleanup > should not leak memory after 1000+ requests
[AdvancedSearch] Searching for "Book 90" by "Test Author"

stdout | tests/handlers/request-coalescing-timeout.test.js > Request Coalescing Timeout & Cleanup > should not leak memory after 1000+ requests
[AdvancedSearch] Searching for "Book 91" by "Test Author"

stdout | tests/handlers/request-coalescing-timeout.test.js > Request Coalescing Timeout & Cleanup > should not leak memory after 1000+ requests
[AdvancedSearch] Searching for "Book 92" by "Test Author"

stdout | tests/handlers/request-coalescing-timeout.test.js > Request Coalescing Timeout & Cleanup > should not leak memory after 1000+ requests
[AdvancedSearch] Searching for "Book 93" by "Test Author"

stdout | tests/handlers/request-coalescing-timeout.test.js > Request Coalescing Timeout & Cleanup > should not leak memory after 1000+ requests
[AdvancedSearch] Searching for "Book 94" by "Test Author"

stdout | tests/handlers/request-coalescing-timeout.test.js > Request Coalescing Timeout & Cleanup > should not leak memory after 1000+ requests
[AdvancedSearch] Searching for "Book 95" by "Test Author"

stdout | tests/handlers/request-coalescing-timeout.test.js > Request Coalescing Timeout & Cleanup > should not leak memory after 1000+ requests
[AdvancedSearch] Searching for "Book 96" by "Test Author"

stdout | tests/handlers/request-coalescing-timeout.test.js > Request Coalescing Timeout & Cleanup > should not leak memory after 1000+ requests
[AdvancedSearch] Searching for "Book 97" by "Test Author"

stdout | tests/handlers/request-coalescing-timeout.test.js > Request Coalescing Timeout & Cleanup > should not leak memory after 1000+ requests
[AdvancedSearch] Searching for "Book 98" by "Test Author"

stdout | tests/handlers/request-coalescing-timeout.test.js > Request Coalescing Timeout & Cleanup > should not leak memory after 1000+ requests
[AdvancedSearch] Searching for "Book 99" by "Test Author"

stdout | tests/handlers/request-coalescing-timeout.test.js > Request Coalescing Timeout & Cleanup > should not leak memory after 1000+ requests
[AdvancedSearch] Searching for "Book 100" by "Test Author"

stdout | tests/handlers/request-coalescing-timeout.test.js > Request Coalescing Timeout & Cleanup > should not leak memory after 1000+ requests
[AdvancedSearch] Searching for "Book 101" by "Test Author"

stdout | tests/handlers/request-coalescing-timeout.test.js > Request Coalescing Timeout & Cleanup > should not leak memory after 1000+ requests
[AdvancedSearch] Searching for "Book 102" by "Test Author"

stdout | tests/handlers/request-coalescing-timeout.test.js > Request Coalescing Timeout & Cleanup > should not leak memory after 1000+ requests
[AdvancedSearch] Searching for "Book 103" by "Test Author"

stdout | tests/handlers/request-coalescing-timeout.test.js > Request Coalescing Timeout & Cleanup > should not leak memory after 1000+ requests
[AdvancedSearch] Searching for "Book 104" by "Test Author"

stdout | tests/handlers/request-coalescing-timeout.test.js > Request Coalescing Timeout & Cleanup > should not leak memory after 1000+ requests
[AdvancedSearch] Searching for "Book 105" by "Test Author"

stdout | tests/handlers/request-coalescing-timeout.test.js > Request Coalescing Timeout & Cleanup > should not leak memory after 1000+ requests
[AdvancedSearch] Searching for "Book 106" by "Test Author"

stdout | tests/handlers/request-coalescing-timeout.test.js > Request Coalescing Timeout & Cleanup > should not leak memory after 1000+ requests
[AdvancedSearch] Searching for "Book 107" by "Test Author"

stdout | tests/handlers/request-coalescing-timeout.test.js > Request Coalescing Timeout & Cleanup > should not leak memory after 1000+ requests
[AdvancedSearch] Searching for "Book 108" by "Test Author"

stdout | tests/handlers/request-coalescing-timeout.test.js > Request Coalescing Timeout & Cleanup > should not leak memory after 1000+ requests
[AdvancedSearch] Searching for "Book 109" by "Test Author"

stdout | tests/handlers/request-coalescing-timeout.test.js > Request Coalescing Timeout & Cleanup > should not leak memory after 1000+ requests
[AdvancedSearch] Searching for "Book 110" by "Test Author"

stdout | tests/handlers/request-coalescing-timeout.test.js > Request Coalescing Timeout & Cleanup > should not leak memory after 1000+ requests
[AdvancedSearch] Searching for "Book 111" by "Test Author"

stdout | tests/handlers/request-coalescing-timeout.test.js > Request Coalescing Timeout & Cleanup > should not leak memory after 1000+ requests
[AdvancedSearch] Searching for "Book 112" by "Test Author"

stdout | tests/handlers/request-coalescing-timeout.test.js > Request Coalescing Timeout & Cleanup > should not leak memory after 1000+ requests
[AdvancedSearch] Searching for "Book 113" by "Test Author"

stdout | tests/handlers/request-coalescing-timeout.test.js > Request Coalescing Timeout & Cleanup > should not leak memory after 1000+ requests
[AdvancedSearch] Searching for "Book 114" by "Test Author"

stdout | tests/handlers/request-coalescing-timeout.test.js > Request Coalescing Timeout & Cleanup > should not leak memory after 1000+ requests
[AdvancedSearch] Searching for "Book 115" by "Test Author"

stdout | tests/handlers/request-coalescing-timeout.test.js > Request Coalescing Timeout & Cleanup > should not leak memory after 1000+ requests
[AdvancedSearch] Searching for "Book 116" by "Test Author"

stdout | tests/handlers/request-coalescing-timeout.test.js > Request Coalescing Timeout & Cleanup > should not leak memory after 1000+ requests
[AdvancedSearch] Searching for "Book 117" by "Test Author"

stdout | tests/handlers/request-coalescing-timeout.test.js > Request Coalescing Timeout & Cleanup > should not leak memory after 1000+ requests
[AdvancedSearch] Searching for "Book 118" by "Test Author"

stdout | tests/handlers/request-coalescing-timeout.test.js > Request Coalescing Timeout & Cleanup > should not leak memory after 1000+ requests
[AdvancedSearch] Searching for "Book 119" by "Test Author"

stdout | tests/handlers/request-coalescing-timeout.test.js > Request Coalescing Timeout & Cleanup > should not leak memory after 1000+ requests
[AdvancedSearch] Searching for "Book 120" by "Test Author"

stdout | tests/handlers/request-coalescing-timeout.test.js > Request Coalescing Timeout & Cleanup > should not leak memory after 1000+ requests
[AdvancedSearch] Searching for "Book 121" by "Test Author"

stdout | tests/handlers/request-coalescing-timeout.test.js > Request Coalescing Timeout & Cleanup > should not leak memory after 1000+ requests
[AdvancedSearch] Searching for "Book 122" by "Test Author"

stdout | tests/handlers/request-coalescing-timeout.test.js > Request Coalescing Timeout & Cleanup > should not leak memory after 1000+ requests
[AdvancedSearch] Searching for "Book 123" by "Test Author"

stdout | tests/handlers/request-coalescing-timeout.test.js > Request Coalescing Timeout & Cleanup > should not leak memory after 1000+ requests
[AdvancedSearch] Searching for "Book 124" by "Test Author"

stdout | tests/handlers/request-coalescing-timeout.test.js > Request Coalescing Timeout & Cleanup > should not leak memory after 1000+ requests
[AdvancedSearch] Searching for "Book 125" by "Test Author"

stdout | tests/handlers/request-coalescing-timeout.test.js > Request Coalescing Timeout & Cleanup > should not leak memory after 1000+ requests
[AdvancedSearch] Searching for "Book 126" by "Test Author"

stdout | tests/handlers/request-coalescing-timeout.test.js > Request Coalescing Timeout & Cleanup > should not leak memory after 1000+ requests
[AdvancedSearch] Searching for "Book 127" by "Test Author"

stdout | tests/handlers/request-coalescing-timeout.test.js > Request Coalescing Timeout & Cleanup > should not leak memory after 1000+ requests
[AdvancedSearch] Searching for "Book 128" by "Test Author"

stdout | tests/handlers/request-coalescing-timeout.test.js > Request Coalescing Timeout & Cleanup > should not leak memory after 1000+ requests
[AdvancedSearch] Searching for "Book 129" by "Test Author"

stdout | tests/handlers/request-coalescing-timeout.test.js > Request Coalescing Timeout & Cleanup > should not leak memory after 1000+ requests
[AdvancedSearch] Searching for "Book 130" by "Test Author"

stdout | tests/handlers/request-coalescing-timeout.test.js > Request Coalescing Timeout & Cleanup > should not leak memory after 1000+ requests
[AdvancedSearch] Searching for "Book 131" by "Test Author"

stdout | tests/handlers/request-coalescing-timeout.test.js > Request Coalescing Timeout & Cleanup > should not leak memory after 1000+ requests
[AdvancedSearch] Searching for "Book 132" by "Test Author"

stdout | tests/handlers/request-coalescing-timeout.test.js > Request Coalescing Timeout & Cleanup > should not leak memory after 1000+ requests
[AdvancedSearch] Searching for "Book 133" by "Test Author"

stdout | tests/handlers/request-coalescing-timeout.test.js > Request Coalescing Timeout & Cleanup > should not leak memory after 1000+ requests
[AdvancedSearch] Searching for "Book 134" by "Test Author"

stdout | tests/handlers/request-coalescing-timeout.test.js > Request Coalescing Timeout & Cleanup > should not leak memory after 1000+ requests
[AdvancedSearch] Searching for "Book 135" by "Test Author"

stdout | tests/handlers/request-coalescing-timeout.test.js > Request Coalescing Timeout & Cleanup > should not leak memory after 1000+ requests
[AdvancedSearch] Searching for "Book 136" by "Test Author"

stdout | tests/handlers/request-coalescing-timeout.test.js > Request Coalescing Timeout & Cleanup > should not leak memory after 1000+ requests
[AdvancedSearch] Searching for "Book 137" by "Test Author"

stdout | tests/handlers/request-coalescing-timeout.test.js > Request Coalescing Timeout & Cleanup > should not leak memory after 1000+ requests
[AdvancedSearch] Searching for "Book 138" by "Test Author"

stdout | tests/handlers/request-coalescing-timeout.test.js > Request Coalescing Timeout & Cleanup > should not leak memory after 1000+ requests
[AdvancedSearch] Searching for "Book 139" by "Test Author"

stdout | tests/handlers/request-coalescing-timeout.test.js > Request Coalescing Timeout & Cleanup > should not leak memory after 1000+ requests
[AdvancedSearch] Searching for "Book 140" by "Test Author"

stdout | tests/handlers/request-coalescing-timeout.test.js > Request Coalescing Timeout & Cleanup > should not leak memory after 1000+ requests
[AdvancedSearch] Searching for "Book 141" by "Test Author"

stdout | tests/handlers/request-coalescing-timeout.test.js > Request Coalescing Timeout & Cleanup > should not leak memory after 1000+ requests
[AdvancedSearch] Searching for "Book 142" by "Test Author"

stdout | tests/handlers/request-coalescing-timeout.test.js > Request Coalescing Timeout & Cleanup > should not leak memory after 1000+ requests
[AdvancedSearch] Searching for "Book 143" by "Test Author"

stdout | tests/handlers/request-coalescing-timeout.test.js > Request Coalescing Timeout & Cleanup > should not leak memory after 1000+ requests
[AdvancedSearch] Searching for "Book 144" by "Test Author"

stdout | tests/handlers/request-coalescing-timeout.test.js > Request Coalescing Timeout & Cleanup > should not leak memory after 1000+ requests
[AdvancedSearch] Searching for "Book 145" by "Test Author"

stdout | tests/handlers/request-coalescing-timeout.test.js > Request Coalescing Timeout & Cleanup > should not leak memory after 1000+ requests
[AdvancedSearch] Searching for "Book 146" by "Test Author"

stdout | tests/handlers/request-coalescing-timeout.test.js > Request Coalescing Timeout & Cleanup > should not leak memory after 1000+ requests
[AdvancedSearch] Searching for "Book 147" by "Test Author"

stdout | tests/handlers/request-coalescing-timeout.test.js > Request Coalescing Timeout & Cleanup > should not leak memory after 1000+ requests
[AdvancedSearch] Searching for "Book 148" by "Test Author"

stdout | tests/handlers/request-coalescing-timeout.test.js > Request Coalescing Timeout & Cleanup > should not leak memory after 1000+ requests
[AdvancedSearch] Searching for "Book 149" by "Test Author"

stdout | tests/handlers/request-coalescing-timeout.test.js > Request Coalescing Timeout & Cleanup > should not leak memory after 1000+ requests
[AdvancedSearch] Searching for "Book 150" by "Test Author"

stdout | tests/handlers/request-coalescing-timeout.test.js > Request Coalescing Timeout & Cleanup > should not leak memory after 1000+ requests
[AdvancedSearch] Searching for "Book 151" by "Test Author"

stdout | tests/handlers/request-coalescing-timeout.test.js > Request Coalescing Timeout & Cleanup > should not leak memory after 1000+ requests
[AdvancedSearch] Searching for "Book 152" by "Test Author"

stdout | tests/handlers/request-coalescing-timeout.test.js > Request Coalescing Timeout & Cleanup > should not leak memory after 1000+ requests
[AdvancedSearch] Searching for "Book 153" by "Test Author"

stdout | tests/handlers/request-coalescing-timeout.test.js > Request Coalescing Timeout & Cleanup > should not leak memory after 1000+ requests
[AdvancedSearch] Searching for "Book 154" by "Test Author"

stdout | tests/handlers/request-coalescing-timeout.test.js > Request Coalescing Timeout & Cleanup > should not leak memory after 1000+ requests
[AdvancedSearch] Searching for "Book 155" by "Test Author"

stdout | tests/handlers/request-coalescing-timeout.test.js > Request Coalescing Timeout & Cleanup > should not leak memory after 1000+ requests
[AdvancedSearch] Searching for "Book 156" by "Test Author"

stdout | tests/handlers/request-coalescing-timeout.test.js > Request Coalescing Timeout & Cleanup > should not leak memory after 1000+ requests
[AdvancedSearch] Searching for "Book 157" by "Test Author"

stdout | tests/handlers/request-coalescing-timeout.test.js > Request Coalescing Timeout & Cleanup > should not leak memory after 1000+ requests
[AdvancedSearch] Searching for "Book 158" by "Test Author"

stdout | tests/handlers/request-coalescing-timeout.test.js > Request Coalescing Timeout & Cleanup > should not leak memory after 1000+ requests
[AdvancedSearch] Searching for "Book 159" by "Test Author"

stdout | tests/handlers/request-coalescing-timeout.test.js > Request Coalescing Timeout & Cleanup > should not leak memory after 1000+ requests
[AdvancedSearch] Searching for "Book 160" by "Test Author"

stdout | tests/handlers/request-coalescing-timeout.test.js > Request Coalescing Timeout & Cleanup > should not leak memory after 1000+ requests
[AdvancedSearch] Searching for "Book 161" by "Test Author"

stdout | tests/handlers/request-coalescing-timeout.test.js > Request Coalescing Timeout & Cleanup > should not leak memory after 1000+ requests
[AdvancedSearch] Searching for "Book 162" by "Test Author"

stdout | tests/handlers/request-coalescing-timeout.test.js > Request Coalescing Timeout & Cleanup > should not leak memory after 1000+ requests
[AdvancedSearch] Searching for "Book 163" by "Test Author"

stdout | tests/handlers/request-coalescing-timeout.test.js > Request Coalescing Timeout & Cleanup > should not leak memory after 1000+ requests
[AdvancedSearch] Searching for "Book 164" by "Test Author"

stdout | tests/handlers/request-coalescing-timeout.test.js > Request Coalescing Timeout & Cleanup > should not leak memory after 1000+ requests
[AdvancedSearch] Searching for "Book 165" by "Test Author"

stdout | tests/handlers/request-coalescing-timeout.test.js > Request Coalescing Timeout & Cleanup > should not leak memory after 1000+ requests
[AdvancedSearch] Searching for "Book 166" by "Test Author"

stdout | tests/handlers/request-coalescing-timeout.test.js > Request Coalescing Timeout & Cleanup > should not leak memory after 1000+ requests
[AdvancedSearch] Searching for "Book 167" by "Test Author"

stdout | tests/handlers/request-coalescing-timeout.test.js > Request Coalescing Timeout & Cleanup > should not leak memory after 1000+ requests
[AdvancedSearch] Searching for "Book 168" by "Test Author"

stdout | tests/handlers/request-coalescing-timeout.test.js > Request Coalescing Timeout & Cleanup > should not leak memory after 1000+ requests
[AdvancedSearch] Searching for "Book 169" by "Test Author"

stdout | tests/handlers/request-coalescing-timeout.test.js > Request Coalescing Timeout & Cleanup > should not leak memory after 1000+ requests
[AdvancedSearch] Searching for "Book 170" by "Test Author"

stdout | tests/handlers/request-coalescing-timeout.test.js > Request Coalescing Timeout & Cleanup > should not leak memory after 1000+ requests
[AdvancedSearch] Searching for "Book 171" by "Test Author"

stdout | tests/handlers/request-coalescing-timeout.test.js > Request Coalescing Timeout & Cleanup > should not leak memory after 1000+ requests
[AdvancedSearch] Searching for "Book 172" by "Test Author"

stdout | tests/handlers/request-coalescing-timeout.test.js > Request Coalescing Timeout & Cleanup > should not leak memory after 1000+ requests
[AdvancedSearch] Searching for "Book 173" by "Test Author"

stdout | tests/handlers/request-coalescing-timeout.test.js > Request Coalescing Timeout & Cleanup > should not leak memory after 1000+ requests
[AdvancedSearch] Searching for "Book 174" by "Test Author"

stdout | tests/handlers/request-coalescing-timeout.test.js > Request Coalescing Timeout & Cleanup > should not leak memory after 1000+ requests
[AdvancedSearch] Searching for "Book 175" by "Test Author"

stdout | tests/handlers/request-coalescing-timeout.test.js > Request Coalescing Timeout & Cleanup > should not leak memory after 1000+ requests
[AdvancedSearch] Searching for "Book 176" by "Test Author"

stdout | tests/handlers/request-coalescing-timeout.test.js > Request Coalescing Timeout & Cleanup > should not leak memory after 1000+ requests
[AdvancedSearch] Searching for "Book 177" by "Test Author"

stdout | tests/handlers/request-coalescing-timeout.test.js > Request Coalescing Timeout & Cleanup > should not leak memory after 1000+ requests
[AdvancedSearch] Searching for "Book 178" by "Test Author"

stdout | tests/handlers/request-coalescing-timeout.test.js > Request Coalescing Timeout & Cleanup > should not leak memory after 1000+ requests
[AdvancedSearch] Searching for "Book 179" by "Test Author"

stdout | tests/handlers/request-coalescing-timeout.test.js > Request Coalescing Timeout & Cleanup > should not leak memory after 1000+ requests
[AdvancedSearch] Searching for "Book 180" by "Test Author"

stdout | tests/handlers/request-coalescing-timeout.test.js > Request Coalescing Timeout & Cleanup > should not leak memory after 1000+ requests
[AdvancedSearch] Searching for "Book 181" by "Test Author"

stdout | tests/handlers/request-coalescing-timeout.test.js > Request Coalescing Timeout & Cleanup > should not leak memory after 1000+ requests
[AdvancedSearch] Searching for "Book 182" by "Test Author"

stdout | tests/handlers/request-coalescing-timeout.test.js > Request Coalescing Timeout & Cleanup > should not leak memory after 1000+ requests
[AdvancedSearch] Searching for "Book 183" by "Test Author"

stdout | tests/handlers/request-coalescing-timeout.test.js > Request Coalescing Timeout & Cleanup > should not leak memory after 1000+ requests
[AdvancedSearch] Searching for "Book 184" by "Test Author"

stdout | tests/handlers/request-coalescing-timeout.test.js > Request Coalescing Timeout & Cleanup > should not leak memory after 1000+ requests
[AdvancedSearch] Searching for "Book 185" by "Test Author"

stdout | tests/handlers/request-coalescing-timeout.test.js > Request Coalescing Timeout & Cleanup > should not leak memory after 1000+ requests
[AdvancedSearch] Searching for "Book 186" by "Test Author"

stdout | tests/handlers/request-coalescing-timeout.test.js > Request Coalescing Timeout & Cleanup > should not leak memory after 1000+ requests
[AdvancedSearch] Searching for "Book 187" by "Test Author"

stdout | tests/handlers/request-coalescing-timeout.test.js > Request Coalescing Timeout & Cleanup > should not leak memory after 1000+ requests
[AdvancedSearch] Searching for "Book 188" by "Test Author"

stdout | tests/handlers/request-coalescing-timeout.test.js > Request Coalescing Timeout & Cleanup > should not leak memory after 1000+ requests
[AdvancedSearch] Searching for "Book 189" by "Test Author"

stdout | tests/handlers/request-coalescing-timeout.test.js > Request Coalescing Timeout & Cleanup > should not leak memory after 1000+ requests
[AdvancedSearch] Searching for "Book 190" by "Test Author"

stdout | tests/handlers/request-coalescing-timeout.test.js > Request Coalescing Timeout & Cleanup > should not leak memory after 1000+ requests
[AdvancedSearch] Searching for "Book 191" by "Test Author"

stdout | tests/handlers/request-coalescing-timeout.test.js > Request Coalescing Timeout & Cleanup > should not leak memory after 1000+ requests
[AdvancedSearch] Searching for "Book 192" by "Test Author"

stdout | tests/handlers/request-coalescing-timeout.test.js > Request Coalescing Timeout & Cleanup > should not leak memory after 1000+ requests
[AdvancedSearch] Searching for "Book 193" by "Test Author"

stdout | tests/handlers/request-coalescing-timeout.test.js > Request Coalescing Timeout & Cleanup > should not leak memory after 1000+ requests
[AdvancedSearch] Searching for "Book 194" by "Test Author"

stdout | tests/handlers/request-coalescing-timeout.test.js > Request Coalescing Timeout & Cleanup > should not leak memory after 1000+ requests
[AdvancedSearch] Searching for "Book 195" by "Test Author"

stdout | tests/handlers/request-coalescing-timeout.test.js > Request Coalescing Timeout & Cleanup > should not leak memory after 1000+ requests
[AdvancedSearch] Searching for "Book 196" by "Test Author"

stdout | tests/handlers/request-coalescing-timeout.test.js > Request Coalescing Timeout & Cleanup > should not leak memory after 1000+ requests
[AdvancedSearch] Searching for "Book 197" by "Test Author"

stdout | tests/handlers/request-coalescing-timeout.test.js > Request Coalescing Timeout & Cleanup > should not leak memory after 1000+ requests
[AdvancedSearch] Searching for "Book 198" by "Test Author"

stdout | tests/handlers/request-coalescing-timeout.test.js > Request Coalescing Timeout & Cleanup > should not leak memory after 1000+ requests
[AdvancedSearch] Searching for "Book 199" by "Test Author"

stdout | tests/handlers/request-coalescing-timeout.test.js > Request Coalescing Timeout & Cleanup > should not leak memory after 1000+ requests
[AdvancedSearch] Searching for "Book 200" by "Test Author"

stdout | tests/handlers/request-coalescing-timeout.test.js > Request Coalescing Timeout & Cleanup > should not leak memory after 1000+ requests
[AdvancedSearch] Searching for "Book 201" by "Test Author"

stdout | tests/handlers/request-coalescing-timeout.test.js > Request Coalescing Timeout & Cleanup > should not leak memory after 1000+ requests
[AdvancedSearch] Searching for "Book 202" by "Test Author"

stdout | tests/handlers/request-coalescing-timeout.test.js > Request Coalescing Timeout & Cleanup > should not leak memory after 1000+ requests
[AdvancedSearch] Searching for "Book 203" by "Test Author"

stdout | tests/handlers/request-coalescing-timeout.test.js > Request Coalescing Timeout & Cleanup > should not leak memory after 1000+ requests
[AdvancedSearch] Searching for "Book 204" by "Test Author"

stdout | tests/handlers/request-coalescing-timeout.test.js > Request Coalescing Timeout & Cleanup > should not leak memory after 1000+ requests
[AdvancedSearch] Searching for "Book 205" by "Test Author"

stdout | tests/handlers/request-coalescing-timeout.test.js > Request Coalescing Timeout & Cleanup > should not leak memory after 1000+ requests
[AdvancedSearch] Searching for "Book 206" by "Test Author"

stdout | tests/handlers/request-coalescing-timeout.test.js > Request Coalescing Timeout & Cleanup > should not leak memory after 1000+ requests
[AdvancedSearch] Searching for "Book 207" by "Test Author"

stdout | tests/handlers/request-coalescing-timeout.test.js > Request Coalescing Timeout & Cleanup > should not leak memory after 1000+ requests
[AdvancedSearch] Searching for "Book 208" by "Test Author"

stdout | tests/handlers/request-coalescing-timeout.test.js > Request Coalescing Timeout & Cleanup > should not leak memory after 1000+ requests
[AdvancedSearch] Searching for "Book 209" by "Test Author"

stdout | tests/handlers/request-coalescing-timeout.test.js > Request Coalescing Timeout & Cleanup > should not leak memory after 1000+ requests
[AdvancedSearch] Searching for "Book 210" by "Test Author"

stdout | tests/handlers/request-coalescing-timeout.test.js > Request Coalescing Timeout & Cleanup > should not leak memory after 1000+ requests
[AdvancedSearch] Searching for "Book 211" by "Test Author"

stdout | tests/handlers/request-coalescing-timeout.test.js > Request Coalescing Timeout & Cleanup > should not leak memory after 1000+ requests
[AdvancedSearch] Searching for "Book 212" by "Test Author"

stdout | tests/handlers/request-coalescing-timeout.test.js > Request Coalescing Timeout & Cleanup > should not leak memory after 1000+ requests
[AdvancedSearch] Searching for "Book 213" by "Test Author"

stdout | tests/handlers/request-coalescing-timeout.test.js > Request Coalescing Timeout & Cleanup > should not leak memory after 1000+ requests
[AdvancedSearch] Searching for "Book 214" by "Test Author"

stdout | tests/handlers/request-coalescing-timeout.test.js > Request Coalescing Timeout & Cleanup > should not leak memory after 1000+ requests
[AdvancedSearch] Searching for "Book 215" by "Test Author"

stdout | tests/handlers/request-coalescing-timeout.test.js > Request Coalescing Timeout & Cleanup > should not leak memory after 1000+ requests
[AdvancedSearch] Searching for "Book 216" by "Test Author"

stdout | tests/handlers/request-coalescing-timeout.test.js > Request Coalescing Timeout & Cleanup > should not leak memory after 1000+ requests
[AdvancedSearch] Searching for "Book 217" by "Test Author"

stdout | tests/handlers/request-coalescing-timeout.test.js > Request Coalescing Timeout & Cleanup > should not leak memory after 1000+ requests
[AdvancedSearch] Searching for "Book 218" by "Test Author"

stdout | tests/handlers/request-coalescing-timeout.test.js > Request Coalescing Timeout & Cleanup > should not leak memory after 1000+ requests
[AdvancedSearch] Searching for "Book 219" by "Test Author"

stdout | tests/handlers/request-coalescing-timeout.test.js > Request Coalescing Timeout & Cleanup > should not leak memory after 1000+ requests
[AdvancedSearch] Searching for "Book 220" by "Test Author"

stdout | tests/handlers/request-coalescing-timeout.test.js > Request Coalescing Timeout & Cleanup > should not leak memory after 1000+ requests
[AdvancedSearch] Searching for "Book 221" by "Test Author"

stdout | tests/handlers/request-coalescing-timeout.test.js > Request Coalescing Timeout & Cleanup > should not leak memory after 1000+ requests
[AdvancedSearch] Searching for "Book 222" by "Test Author"

stdout | tests/handlers/request-coalescing-timeout.test.js > Request Coalescing Timeout & Cleanup > should not leak memory after 1000+ requests
[AdvancedSearch] Searching for "Book 223" by "Test Author"

stdout | tests/handlers/request-coalescing-timeout.test.js > Request Coalescing Timeout & Cleanup > should not leak memory after 1000+ requests
[AdvancedSearch] Searching for "Book 224" by "Test Author"

stdout | tests/handlers/request-coalescing-timeout.test.js > Request Coalescing Timeout & Cleanup > should not leak memory after 1000+ requests
[AdvancedSearch] Searching for "Book 225" by "Test Author"

stdout | tests/handlers/request-coalescing-timeout.test.js > Request Coalescing Timeout & Cleanup > should not leak memory after 1000+ requests
[AdvancedSearch] Searching for "Book 226" by "Test Author"

stdout | tests/handlers/request-coalescing-timeout.test.js > Request Coalescing Timeout & Cleanup > should not leak memory after 1000+ requests
[AdvancedSearch] Searching for "Book 227" by "Test Author"

stdout | tests/handlers/request-coalescing-timeout.test.js > Request Coalescing Timeout & Cleanup > should not leak memory after 1000+ requests
[AdvancedSearch] Searching for "Book 228" by "Test Author"

stdout | tests/handlers/request-coalescing-timeout.test.js > Request Coalescing Timeout & Cleanup > should not leak memory after 1000+ requests
[AdvancedSearch] Searching for "Book 229" by "Test Author"

stdout | tests/handlers/request-coalescing-timeout.test.js > Request Coalescing Timeout & Cleanup > should not leak memory after 1000+ requests
[AdvancedSearch] Searching for "Book 230" by "Test Author"

stdout | tests/handlers/request-coalescing-timeout.test.js > Request Coalescing Timeout & Cleanup > should not leak memory after 1000+ requests
[AdvancedSearch] Searching for "Book 231" by "Test Author"

stdout | tests/handlers/request-coalescing-timeout.test.js > Request Coalescing Timeout & Cleanup > should not leak memory after 1000+ requests
[AdvancedSearch] Searching for "Book 232" by "Test Author"

stdout | tests/handlers/request-coalescing-timeout.test.js > Request Coalescing Timeout & Cleanup > should not leak memory after 1000+ requests
[AdvancedSearch] Searching for "Book 233" by "Test Author"

stdout | tests/handlers/request-coalescing-timeout.test.js > Request Coalescing Timeout & Cleanup > should not leak memory after 1000+ requests
[AdvancedSearch] Searching for "Book 234" by "Test Author"

stdout | tests/handlers/request-coalescing-timeout.test.js > Request Coalescing Timeout & Cleanup > should not leak memory after 1000+ requests
[AdvancedSearch] Searching for "Book 235" by "Test Author"

stdout | tests/handlers/request-coalescing-timeout.test.js > Request Coalescing Timeout & Cleanup > should not leak memory after 1000+ requests
[AdvancedSearch] Searching for "Book 236" by "Test Author"

stdout | tests/handlers/request-coalescing-timeout.test.js > Request Coalescing Timeout & Cleanup > should not leak memory after 1000+ requests
[AdvancedSearch] Searching for "Book 237" by "Test Author"

stdout | tests/handlers/request-coalescing-timeout.test.js > Request Coalescing Timeout & Cleanup > should not leak memory after 1000+ requests
[AdvancedSearch] Searching for "Book 238" by "Test Author"

stdout | tests/handlers/request-coalescing-timeout.test.js > Request Coalescing Timeout & Cleanup > should not leak memory after 1000+ requests
[AdvancedSearch] Searching for "Book 239" by "Test Author"

stdout | tests/handlers/request-coalescing-timeout.test.js > Request Coalescing Timeout & Cleanup > should not leak memory after 1000+ requests
[AdvancedSearch] Searching for "Book 240" by "Test Author"

stdout | tests/handlers/request-coalescing-timeout.test.js > Request Coalescing Timeout & Cleanup > should not leak memory after 1000+ requests
[AdvancedSearch] Searching for "Book 241" by "Test Author"

stdout | tests/handlers/request-coalescing-timeout.test.js > Request Coalescing Timeout & Cleanup > should not leak memory after 1000+ requests
[AdvancedSearch] Searching for "Book 242" by "Test Author"

stdout | tests/handlers/request-coalescing-timeout.test.js > Request Coalescing Timeout & Cleanup > should not leak memory after 1000+ requests
[AdvancedSearch] Searching for "Book 243" by "Test Author"

stdout | tests/handlers/request-coalescing-timeout.test.js > Request Coalescing Timeout & Cleanup > should not leak memory after 1000+ requests
[AdvancedSearch] Searching for "Book 244" by "Test Author"

stdout | tests/handlers/request-coalescing-timeout.test.js > Request Coalescing Timeout & Cleanup > should not leak memory after 1000+ requests
[AdvancedSearch] Searching for "Book 245" by "Test Author"

stdout | tests/handlers/request-coalescing-timeout.test.js > Request Coalescing Timeout & Cleanup > should not leak memory after 1000+ requests
[AdvancedSearch] Searching for "Book 246" by "Test Author"

stdout | tests/handlers/request-coalescing-timeout.test.js > Request Coalescing Timeout & Cleanup > should not leak memory after 1000+ requests
[AdvancedSearch] Searching for "Book 247" by "Test Author"

stdout | tests/handlers/request-coalescing-timeout.test.js > Request Coalescing Timeout & Cleanup > should not leak memory after 1000+ requests
[AdvancedSearch] Searching for "Book 248" by "Test Author"

stdout | tests/handlers/request-coalescing-timeout.test.js > Request Coalescing Timeout & Cleanup > should not leak memory after 1000+ requests
[AdvancedSearch] Searching for "Book 249" by "Test Author"

stdout | tests/handlers/request-coalescing-timeout.test.js > Request Coalescing Timeout & Cleanup > should not leak memory after 1000+ requests
[AdvancedSearch] Searching for "Book 250" by "Test Author"

stdout | tests/handlers/request-coalescing-timeout.test.js > Request Coalescing Timeout & Cleanup > should not leak memory after 1000+ requests
[AdvancedSearch] Searching for "Book 251" by "Test Author"

stdout | tests/handlers/request-coalescing-timeout.test.js > Request Coalescing Timeout & Cleanup > should not leak memory after 1000+ requests
[AdvancedSearch] Searching for "Book 252" by "Test Author"

stdout | tests/handlers/request-coalescing-timeout.test.js > Request Coalescing Timeout & Cleanup > should not leak memory after 1000+ requests
[AdvancedSearch] Searching for "Book 253" by "Test Author"

stdout | tests/handlers/request-coalescing-timeout.test.js > Request Coalescing Timeout & Cleanup > should not leak memory after 1000+ requests
[AdvancedSearch] Searching for "Book 254" by "Test Author"

stdout | tests/handlers/request-coalescing-timeout.test.js > Request Coalescing Timeout & Cleanup > should not leak memory after 1000+ requests
[AdvancedSearch] Searching for "Book 255" by "Test Author"

stdout | tests/handlers/request-coalescing-timeout.test.js > Request Coalescing Timeout & Cleanup > should not leak memory after 1000+ requests
[AdvancedSearch] Searching for "Book 256" by "Test Author"

stdout | tests/handlers/request-coalescing-timeout.test.js > Request Coalescing Timeout & Cleanup > should not leak memory after 1000+ requests
[AdvancedSearch] Searching for "Book 257" by "Test Author"

stdout | tests/handlers/request-coalescing-timeout.test.js > Request Coalescing Timeout & Cleanup > should not leak memory after 1000+ requests
[AdvancedSearch] Searching for "Book 258" by "Test Author"

stdout | tests/handlers/request-coalescing-timeout.test.js > Request Coalescing Timeout & Cleanup > should not leak memory after 1000+ requests
[AdvancedSearch] Searching for "Book 259" by "Test Author"

stdout | tests/handlers/request-coalescing-timeout.test.js > Request Coalescing Timeout & Cleanup > should not leak memory after 1000+ requests
[AdvancedSearch] Searching for "Book 260" by "Test Author"

stdout | tests/handlers/request-coalescing-timeout.test.js > Request Coalescing Timeout & Cleanup > should not leak memory after 1000+ requests
[AdvancedSearch] Searching for "Book 261" by "Test Author"

stdout | tests/handlers/request-coalescing-timeout.test.js > Request Coalescing Timeout & Cleanup > should not leak memory after 1000+ requests
[AdvancedSearch] Searching for "Book 262" by "Test Author"

stdout | tests/handlers/request-coalescing-timeout.test.js > Request Coalescing Timeout & Cleanup > should not leak memory after 1000+ requests
[AdvancedSearch] Searching for "Book 263" by "Test Author"

stdout | tests/handlers/request-coalescing-timeout.test.js > Request Coalescing Timeout & Cleanup > should not leak memory after 1000+ requests
[AdvancedSearch] Searching for "Book 264" by "Test Author"

stdout | tests/handlers/request-coalescing-timeout.test.js > Request Coalescing Timeout & Cleanup > should not leak memory after 1000+ requests
[AdvancedSearch] Searching for "Book 265" by "Test Author"

stdout | tests/handlers/request-coalescing-timeout.test.js > Request Coalescing Timeout & Cleanup > should not leak memory after 1000+ requests
[AdvancedSearch] Searching for "Book 266" by "Test Author"

stdout | tests/handlers/request-coalescing-timeout.test.js > Request Coalescing Timeout & Cleanup > should not leak memory after 1000+ requests
[AdvancedSearch] Searching for "Book 267" by "Test Author"

stdout | tests/handlers/request-coalescing-timeout.test.js > Request Coalescing Timeout & Cleanup > should not leak memory after 1000+ requests
[AdvancedSearch] Searching for "Book 268" by "Test Author"

stdout | tests/handlers/request-coalescing-timeout.test.js > Request Coalescing Timeout & Cleanup > should not leak memory after 1000+ requests
[AdvancedSearch] Searching for "Book 269" by "Test Author"

stdout | tests/handlers/request-coalescing-timeout.test.js > Request Coalescing Timeout & Cleanup > should not leak memory after 1000+ requests
[AdvancedSearch] Searching for "Book 270" by "Test Author"

stdout | tests/handlers/request-coalescing-timeout.test.js > Request Coalescing Timeout & Cleanup > should not leak memory after 1000+ requests
[AdvancedSearch] Searching for "Book 271" by "Test Author"

stdout | tests/handlers/request-coalescing-timeout.test.js > Request Coalescing Timeout & Cleanup > should not leak memory after 1000+ requests
[AdvancedSearch] Searching for "Book 272" by "Test Author"

stdout | tests/handlers/request-coalescing-timeout.test.js > Request Coalescing Timeout & Cleanup > should not leak memory after 1000+ requests
[AdvancedSearch] Searching for "Book 273" by "Test Author"

stdout | tests/handlers/request-coalescing-timeout.test.js > Request Coalescing Timeout & Cleanup > should not leak memory after 1000+ requests
[AdvancedSearch] Searching for "Book 274" by "Test Author"

stdout | tests/handlers/request-coalescing-timeout.test.js > Request Coalescing Timeout & Cleanup > should not leak memory after 1000+ requests
[AdvancedSearch] Searching for "Book 275" by "Test Author"

stdout | tests/handlers/request-coalescing-timeout.test.js > Request Coalescing Timeout & Cleanup > should not leak memory after 1000+ requests
[AdvancedSearch] Searching for "Book 276" by "Test Author"

stdout | tests/handlers/request-coalescing-timeout.test.js > Request Coalescing Timeout & Cleanup > should not leak memory after 1000+ requests
[AdvancedSearch] Searching for "Book 277" by "Test Author"

stdout | tests/handlers/request-coalescing-timeout.test.js > Request Coalescing Timeout & Cleanup > should not leak memory after 1000+ requests
[AdvancedSearch] Searching for "Book 278" by "Test Author"

stdout | tests/handlers/request-coalescing-timeout.test.js > Request Coalescing Timeout & Cleanup > should not leak memory after 1000+ requests
[AdvancedSearch] Searching for "Book 279" by "Test Author"

stdout | tests/handlers/request-coalescing-timeout.test.js > Request Coalescing Timeout & Cleanup > should not leak memory after 1000+ requests
[AdvancedSearch] Searching for "Book 280" by "Test Author"

stdout | tests/handlers/request-coalescing-timeout.test.js > Request Coalescing Timeout & Cleanup > should not leak memory after 1000+ requests
[AdvancedSearch] Searching for "Book 281" by "Test Author"

stdout | tests/handlers/request-coalescing-timeout.test.js > Request Coalescing Timeout & Cleanup > should not leak memory after 1000+ requests
[AdvancedSearch] Searching for "Book 282" by "Test Author"

stdout | tests/handlers/request-coalescing-timeout.test.js > Request Coalescing Timeout & Cleanup > should not leak memory after 1000+ requests
[AdvancedSearch] Searching for "Book 283" by "Test Author"

stdout | tests/handlers/request-coalescing-timeout.test.js > Request Coalescing Timeout & Cleanup > should not leak memory after 1000+ requests
[AdvancedSearch] Searching for "Book 284" by "Test Author"

stdout | tests/handlers/request-coalescing-timeout.test.js > Request Coalescing Timeout & Cleanup > should not leak memory after 1000+ requests
[AdvancedSearch] Searching for "Book 285" by "Test Author"

stdout | tests/handlers/request-coalescing-timeout.test.js > Request Coalescing Timeout & Cleanup > should not leak memory after 1000+ requests
[AdvancedSearch] Searching for "Book 286" by "Test Author"

stdout | tests/handlers/request-coalescing-timeout.test.js > Request Coalescing Timeout & Cleanup > should not leak memory after 1000+ requests
[AdvancedSearch] Searching for "Book 287" by "Test Author"

stdout | tests/handlers/request-coalescing-timeout.test.js > Request Coalescing Timeout & Cleanup > should not leak memory after 1000+ requests
[AdvancedSearch] Searching for "Book 288" by "Test Author"

stdout | tests/handlers/request-coalescing-timeout.test.js > Request Coalescing Timeout & Cleanup > should not leak memory after 1000+ requests
[AdvancedSearch] Searching for "Book 289" by "Test Author"

stdout | tests/handlers/request-coalescing-timeout.test.js > Request Coalescing Timeout & Cleanup > should not leak memory after 1000+ requests
[AdvancedSearch] Searching for "Book 290" by "Test Author"

stdout | tests/handlers/request-coalescing-timeout.test.js > Request Coalescing Timeout & Cleanup > should not leak memory after 1000+ requests
[AdvancedSearch] Searching for "Book 291" by "Test Author"

stdout | tests/handlers/request-coalescing-timeout.test.js > Request Coalescing Timeout & Cleanup > should not leak memory after 1000+ requests
[AdvancedSearch] Searching for "Book 292" by "Test Author"

stdout | tests/handlers/request-coalescing-timeout.test.js > Request Coalescing Timeout & Cleanup > should not leak memory after 1000+ requests
[AdvancedSearch] Searching for "Book 293" by "Test Author"

stdout | tests/handlers/request-coalescing-timeout.test.js > Request Coalescing Timeout & Cleanup > should not leak memory after 1000+ requests
[AdvancedSearch] Searching for "Book 294" by "Test Author"

stdout | tests/handlers/request-coalescing-timeout.test.js > Request Coalescing Timeout & Cleanup > should not leak memory after 1000+ requests
[AdvancedSearch] Searching for "Book 295" by "Test Author"

stdout | tests/handlers/request-coalescing-timeout.test.js > Request Coalescing Timeout & Cleanup > should not leak memory after 1000+ requests
[AdvancedSearch] Searching for "Book 296" by "Test Author"

stdout | tests/handlers/request-coalescing-timeout.test.js > Request Coalescing Timeout & Cleanup > should not leak memory after 1000+ requests
[AdvancedSearch] Searching for "Book 297" by "Test Author"

stdout | tests/handlers/request-coalescing-timeout.test.js > Request Coalescing Timeout & Cleanup > should not leak memory after 1000+ requests
[AdvancedSearch] Searching for "Book 298" by "Test Author"

stdout | tests/handlers/request-coalescing-timeout.test.js > Request Coalescing Timeout & Cleanup > should not leak memory after 1000+ requests
[AdvancedSearch] Searching for "Book 299" by "Test Author"

stdout | tests/handlers/request-coalescing-timeout.test.js > Request Coalescing Timeout & Cleanup > should not leak memory after 1000+ requests
[AdvancedSearch] Searching for "Book 300" by "Test Author"

stdout | tests/handlers/request-coalescing-timeout.test.js > Request Coalescing Timeout & Cleanup > should not leak memory after 1000+ requests
[AdvancedSearch] Searching for "Book 301" by "Test Author"

stdout | tests/handlers/request-coalescing-timeout.test.js > Request Coalescing Timeout & Cleanup > should not leak memory after 1000+ requests
[AdvancedSearch] Searching for "Book 302" by "Test Author"

stdout | tests/handlers/request-coalescing-timeout.test.js > Request Coalescing Timeout & Cleanup > should not leak memory after 1000+ requests
[AdvancedSearch] Searching for "Book 303" by "Test Author"

stdout | tests/handlers/request-coalescing-timeout.test.js > Request Coalescing Timeout & Cleanup > should not leak memory after 1000+ requests
[AdvancedSearch] Searching for "Book 304" by "Test Author"

stdout | tests/handlers/request-coalescing-timeout.test.js > Request Coalescing Timeout & Cleanup > should not leak memory after 1000+ requests
[AdvancedSearch] Searching for "Book 305" by "Test Author"

stdout | tests/handlers/request-coalescing-timeout.test.js > Request Coalescing Timeout & Cleanup > should not leak memory after 1000+ requests
[AdvancedSearch] Searching for "Book 306" by "Test Author"

stdout | tests/handlers/request-coalescing-timeout.test.js > Request Coalescing Timeout & Cleanup > should not leak memory after 1000+ requests
[AdvancedSearch] Searching for "Book 307" by "Test Author"

stdout | tests/handlers/request-coalescing-timeout.test.js > Request Coalescing Timeout & Cleanup > should not leak memory after 1000+ requests
[AdvancedSearch] Searching for "Book 308" by "Test Author"

stdout | tests/handlers/request-coalescing-timeout.test.js > Request Coalescing Timeout & Cleanup > should not leak memory after 1000+ requests
[AdvancedSearch] Searching for "Book 309" by "Test Author"

stdout | tests/handlers/request-coalescing-timeout.test.js > Request Coalescing Timeout & Cleanup > should not leak memory after 1000+ requests
[AdvancedSearch] Searching for "Book 310" by "Test Author"

stdout | tests/handlers/request-coalescing-timeout.test.js > Request Coalescing Timeout & Cleanup > should not leak memory after 1000+ requests
[AdvancedSearch] Searching for "Book 311" by "Test Author"

stdout | tests/handlers/request-coalescing-timeout.test.js > Request Coalescing Timeout & Cleanup > should not leak memory after 1000+ requests
[AdvancedSearch] Searching for "Book 312" by "Test Author"

stdout | tests/handlers/request-coalescing-timeout.test.js > Request Coalescing Timeout & Cleanup > should not leak memory after 1000+ requests
[AdvancedSearch] Searching for "Book 313" by "Test Author"

stdout | tests/handlers/request-coalescing-timeout.test.js > Request Coalescing Timeout & Cleanup > should not leak memory after 1000+ requests
[AdvancedSearch] Searching for "Book 314" by "Test Author"

stdout | tests/handlers/request-coalescing-timeout.test.js > Request Coalescing Timeout & Cleanup > should not leak memory after 1000+ requests
[AdvancedSearch] Searching for "Book 315" by "Test Author"

stdout | tests/handlers/request-coalescing-timeout.test.js > Request Coalescing Timeout & Cleanup > should not leak memory after 1000+ requests
[AdvancedSearch] Searching for "Book 316" by "Test Author"

stdout | tests/handlers/request-coalescing-timeout.test.js > Request Coalescing Timeout & Cleanup > should not leak memory after 1000+ requests
[AdvancedSearch] Searching for "Book 317" by "Test Author"

stdout | tests/handlers/request-coalescing-timeout.test.js > Request Coalescing Timeout & Cleanup > should not leak memory after 1000+ requests
[AdvancedSearch] Searching for "Book 318" by "Test Author"

stdout | tests/handlers/request-coalescing-timeout.test.js > Request Coalescing Timeout & Cleanup > should not leak memory after 1000+ requests
[AdvancedSearch] Searching for "Book 319" by "Test Author"

stdout | tests/handlers/request-coalescing-timeout.test.js > Request Coalescing Timeout & Cleanup > should not leak memory after 1000+ requests
[AdvancedSearch] Searching for "Book 320" by "Test Author"

stdout | tests/handlers/request-coalescing-timeout.test.js > Request Coalescing Timeout & Cleanup > should not leak memory after 1000+ requests
[AdvancedSearch] Searching for "Book 321" by "Test Author"

stdout | tests/handlers/request-coalescing-timeout.test.js > Request Coalescing Timeout & Cleanup > should not leak memory after 1000+ requests
[AdvancedSearch] Searching for "Book 322" by "Test Author"

stdout | tests/handlers/request-coalescing-timeout.test.js > Request Coalescing Timeout & Cleanup > should not leak memory after 1000+ requests
[AdvancedSearch] Searching for "Book 323" by "Test Author"

stdout | tests/handlers/request-coalescing-timeout.test.js > Request Coalescing Timeout & Cleanup > should not leak memory after 1000+ requests
[AdvancedSearch] Searching for "Book 324" by "Test Author"

stdout | tests/handlers/request-coalescing-timeout.test.js > Request Coalescing Timeout & Cleanup > should not leak memory after 1000+ requests
[AdvancedSearch] Searching for "Book 325" by "Test Author"

stdout | tests/handlers/request-coalescing-timeout.test.js > Request Coalescing Timeout & Cleanup > should not leak memory after 1000+ requests
[AdvancedSearch] Searching for "Book 326" by "Test Author"

stdout | tests/handlers/request-coalescing-timeout.test.js > Request Coalescing Timeout & Cleanup > should not leak memory after 1000+ requests
[AdvancedSearch] Searching for "Book 327" by "Test Author"

stdout | tests/handlers/request-coalescing-timeout.test.js > Request Coalescing Timeout & Cleanup > should not leak memory after 1000+ requests
[AdvancedSearch] Searching for "Book 328" by "Test Author"

stdout | tests/handlers/request-coalescing-timeout.test.js > Request Coalescing Timeout & Cleanup > should not leak memory after 1000+ requests
[AdvancedSearch] Searching for "Book 329" by "Test Author"

stdout | tests/handlers/request-coalescing-timeout.test.js > Request Coalescing Timeout & Cleanup > should not leak memory after 1000+ requests
[AdvancedSearch] Searching for "Book 330" by "Test Author"

stdout | tests/handlers/request-coalescing-timeout.test.js > Request Coalescing Timeout & Cleanup > should not leak memory after 1000+ requests
[AdvancedSearch] Searching for "Book 331" by "Test Author"

stdout | tests/handlers/request-coalescing-timeout.test.js > Request Coalescing Timeout & Cleanup > should not leak memory after 1000+ requests
[AdvancedSearch] Searching for "Book 332" by "Test Author"

stdout | tests/handlers/request-coalescing-timeout.test.js > Request Coalescing Timeout & Cleanup > should not leak memory after 1000+ requests
[AdvancedSearch] Searching for "Book 333" by "Test Author"

stdout | tests/handlers/request-coalescing-timeout.test.js > Request Coalescing Timeout & Cleanup > should not leak memory after 1000+ requests
[AdvancedSearch] Searching for "Book 334" by "Test Author"

stdout | tests/handlers/request-coalescing-timeout.test.js > Request Coalescing Timeout & Cleanup > should not leak memory after 1000+ requests
[AdvancedSearch] Searching for "Book 335" by "Test Author"

stdout | tests/handlers/request-coalescing-timeout.test.js > Request Coalescing Timeout & Cleanup > should not leak memory after 1000+ requests
[AdvancedSearch] Searching for "Book 336" by "Test Author"

stdout | tests/handlers/request-coalescing-timeout.test.js > Request Coalescing Timeout & Cleanup > should not leak memory after 1000+ requests
[AdvancedSearch] Searching for "Book 337" by "Test Author"

stdout | tests/handlers/request-coalescing-timeout.test.js > Request Coalescing Timeout & Cleanup > should not leak memory after 1000+ requests
[AdvancedSearch] Searching for "Book 338" by "Test Author"

stdout | tests/handlers/request-coalescing-timeout.test.js > Request Coalescing Timeout & Cleanup > should not leak memory after 1000+ requests
[AdvancedSearch] Searching for "Book 339" by "Test Author"

stdout | tests/handlers/request-coalescing-timeout.test.js > Request Coalescing Timeout & Cleanup > should not leak memory after 1000+ requests
[AdvancedSearch] Searching for "Book 340" by "Test Author"

stdout | tests/handlers/request-coalescing-timeout.test.js > Request Coalescing Timeout & Cleanup > should not leak memory after 1000+ requests
[AdvancedSearch] Searching for "Book 341" by "Test Author"

stdout | tests/handlers/request-coalescing-timeout.test.js > Request Coalescing Timeout & Cleanup > should not leak memory after 1000+ requests
[AdvancedSearch] Searching for "Book 342" by "Test Author"

stdout | tests/handlers/request-coalescing-timeout.test.js > Request Coalescing Timeout & Cleanup > should not leak memory after 1000+ requests
[AdvancedSearch] Searching for "Book 343" by "Test Author"

stdout | tests/handlers/request-coalescing-timeout.test.js > Request Coalescing Timeout & Cleanup > should not leak memory after 1000+ requests
[AdvancedSearch] Searching for "Book 344" by "Test Author"

stdout | tests/handlers/request-coalescing-timeout.test.js > Request Coalescing Timeout & Cleanup > should not leak memory after 1000+ requests
[AdvancedSearch] Searching for "Book 345" by "Test Author"

stdout | tests/handlers/request-coalescing-timeout.test.js > Request Coalescing Timeout & Cleanup > should not leak memory after 1000+ requests
[AdvancedSearch] Searching for "Book 346" by "Test Author"

stdout | tests/handlers/request-coalescing-timeout.test.js > Request Coalescing Timeout & Cleanup > should not leak memory after 1000+ requests
[AdvancedSearch] Searching for "Book 347" by "Test Author"

stdout | tests/handlers/request-coalescing-timeout.test.js > Request Coalescing Timeout & Cleanup > should not leak memory after 1000+ requests
[AdvancedSearch] Searching for "Book 348" by "Test Author"

stdout | tests/handlers/request-coalescing-timeout.test.js > Request Coalescing Timeout & Cleanup > should not leak memory after 1000+ requests
[AdvancedSearch] Searching for "Book 349" by "Test Author"

stdout | tests/handlers/request-coalescing-timeout.test.js > Request Coalescing Timeout & Cleanup > should not leak memory after 1000+ requests
[AdvancedSearch] Searching for "Book 350" by "Test Author"

stdout | tests/handlers/request-coalescing-timeout.test.js > Request Coalescing Timeout & Cleanup > should not leak memory after 1000+ requests
[AdvancedSearch] Searching for "Book 351" by "Test Author"

stdout | tests/handlers/request-coalescing-timeout.test.js > Request Coalescing Timeout & Cleanup > should not leak memory after 1000+ requests
[AdvancedSearch] Searching for "Book 352" by "Test Author"

stdout | tests/handlers/request-coalescing-timeout.test.js > Request Coalescing Timeout & Cleanup > should not leak memory after 1000+ requests
[AdvancedSearch] Searching for "Book 353" by "Test Author"

stdout | tests/handlers/request-coalescing-timeout.test.js > Request Coalescing Timeout & Cleanup > should not leak memory after 1000+ requests
[AdvancedSearch] Searching for "Book 354" by "Test Author"

stdout | tests/handlers/request-coalescing-timeout.test.js > Request Coalescing Timeout & Cleanup > should not leak memory after 1000+ requests
[AdvancedSearch] Searching for "Book 355" by "Test Author"

stdout | tests/handlers/request-coalescing-timeout.test.js > Request Coalescing Timeout & Cleanup > should not leak memory after 1000+ requests
[AdvancedSearch] Searching for "Book 356" by "Test Author"

stdout | tests/handlers/request-coalescing-timeout.test.js > Request Coalescing Timeout & Cleanup > should not leak memory after 1000+ requests
[AdvancedSearch] Searching for "Book 357" by "Test Author"

stdout | tests/handlers/request-coalescing-timeout.test.js > Request Coalescing Timeout & Cleanup > should not leak memory after 1000+ requests
[AdvancedSearch] Searching for "Book 358" by "Test Author"

stdout | tests/handlers/request-coalescing-timeout.test.js > Request Coalescing Timeout & Cleanup > should not leak memory after 1000+ requests
[AdvancedSearch] Searching for "Book 359" by "Test Author"

stdout | tests/handlers/request-coalescing-timeout.test.js > Request Coalescing Timeout & Cleanup > should not leak memory after 1000+ requests
[AdvancedSearch] Searching for "Book 360" by "Test Author"

stdout | tests/handlers/request-coalescing-timeout.test.js > Request Coalescing Timeout & Cleanup > should not leak memory after 1000+ requests
[AdvancedSearch] Searching for "Book 361" by "Test Author"

stdout | tests/handlers/request-coalescing-timeout.test.js > Request Coalescing Timeout & Cleanup > should not leak memory after 1000+ requests
[AdvancedSearch] Searching for "Book 362" by "Test Author"

stdout | tests/handlers/request-coalescing-timeout.test.js > Request Coalescing Timeout & Cleanup > should not leak memory after 1000+ requests
[AdvancedSearch] Searching for "Book 363" by "Test Author"

stdout | tests/handlers/request-coalescing-timeout.test.js > Request Coalescing Timeout & Cleanup > should not leak memory after 1000+ requests
[AdvancedSearch] Searching for "Book 364" by "Test Author"

stdout | tests/handlers/request-coalescing-timeout.test.js > Request Coalescing Timeout & Cleanup > should not leak memory after 1000+ requests
[AdvancedSearch] Searching for "Book 365" by "Test Author"

stdout | tests/handlers/request-coalescing-timeout.test.js > Request Coalescing Timeout & Cleanup > should not leak memory after 1000+ requests
[AdvancedSearch] Searching for "Book 366" by "Test Author"

stdout | tests/handlers/request-coalescing-timeout.test.js > Request Coalescing Timeout & Cleanup > should not leak memory after 1000+ requests
[AdvancedSearch] Searching for "Book 367" by "Test Author"

stdout | tests/handlers/request-coalescing-timeout.test.js > Request Coalescing Timeout & Cleanup > should not leak memory after 1000+ requests
[AdvancedSearch] Searching for "Book 368" by "Test Author"

stdout | tests/handlers/request-coalescing-timeout.test.js > Request Coalescing Timeout & Cleanup > should not leak memory after 1000+ requests
[AdvancedSearch] Searching for "Book 369" by "Test Author"

stdout | tests/handlers/request-coalescing-timeout.test.js > Request Coalescing Timeout & Cleanup > should not leak memory after 1000+ requests
[AdvancedSearch] Searching for "Book 370" by "Test Author"

stdout | tests/handlers/request-coalescing-timeout.test.js > Request Coalescing Timeout & Cleanup > should not leak memory after 1000+ requests
[AdvancedSearch] Searching for "Book 371" by "Test Author"

stdout | tests/handlers/request-coalescing-timeout.test.js > Request Coalescing Timeout & Cleanup > should not leak memory after 1000+ requests
[AdvancedSearch] Searching for "Book 372" by "Test Author"

stdout | tests/handlers/request-coalescing-timeout.test.js > Request Coalescing Timeout & Cleanup > should not leak memory after 1000+ requests
[AdvancedSearch] Searching for "Book 373" by "Test Author"

stdout | tests/handlers/request-coalescing-timeout.test.js > Request Coalescing Timeout & Cleanup > should not leak memory after 1000+ requests
[AdvancedSearch] Searching for "Book 374" by "Test Author"

stdout | tests/handlers/request-coalescing-timeout.test.js > Request Coalescing Timeout & Cleanup > should not leak memory after 1000+ requests
[AdvancedSearch] Searching for "Book 375" by "Test Author"

stdout | tests/handlers/request-coalescing-timeout.test.js > Request Coalescing Timeout & Cleanup > should not leak memory after 1000+ requests
[AdvancedSearch] Searching for "Book 376" by "Test Author"

stdout | tests/handlers/request-coalescing-timeout.test.js > Request Coalescing Timeout & Cleanup > should not leak memory after 1000+ requests
[AdvancedSearch] Searching for "Book 377" by "Test Author"

stdout | tests/handlers/request-coalescing-timeout.test.js > Request Coalescing Timeout & Cleanup > should not leak memory after 1000+ requests
[AdvancedSearch] Searching for "Book 378" by "Test Author"

stdout | tests/handlers/request-coalescing-timeout.test.js > Request Coalescing Timeout & Cleanup > should not leak memory after 1000+ requests
[AdvancedSearch] Searching for "Book 379" by "Test Author"

stdout | tests/handlers/request-coalescing-timeout.test.js > Request Coalescing Timeout & Cleanup > should not leak memory after 1000+ requests
[AdvancedSearch] Searching for "Book 380" by "Test Author"

stdout | tests/handlers/request-coalescing-timeout.test.js > Request Coalescing Timeout & Cleanup > should not leak memory after 1000+ requests
[AdvancedSearch] Searching for "Book 381" by "Test Author"

stdout | tests/handlers/request-coalescing-timeout.test.js > Request Coalescing Timeout & Cleanup > should not leak memory after 1000+ requests
[AdvancedSearch] Searching for "Book 382" by "Test Author"

stdout | tests/handlers/request-coalescing-timeout.test.js > Request Coalescing Timeout & Cleanup > should not leak memory after 1000+ requests
[AdvancedSearch] Searching for "Book 383" by "Test Author"

stdout | tests/handlers/request-coalescing-timeout.test.js > Request Coalescing Timeout & Cleanup > should not leak memory after 1000+ requests
[AdvancedSearch] Searching for "Book 384" by "Test Author"

stdout | tests/handlers/request-coalescing-timeout.test.js > Request Coalescing Timeout & Cleanup > should not leak memory after 1000+ requests
[AdvancedSearch] Searching for "Book 385" by "Test Author"

stdout | tests/handlers/request-coalescing-timeout.test.js > Request Coalescing Timeout & Cleanup > should not leak memory after 1000+ requests
[AdvancedSearch] Searching for "Book 386" by "Test Author"

stdout | tests/handlers/request-coalescing-timeout.test.js > Request Coalescing Timeout & Cleanup > should not leak memory after 1000+ requests
[AdvancedSearch] Searching for "Book 387" by "Test Author"

stdout | tests/handlers/request-coalescing-timeout.test.js > Request Coalescing Timeout & Cleanup > should not leak memory after 1000+ requests
[AdvancedSearch] Searching for "Book 388" by "Test Author"

stdout | tests/handlers/request-coalescing-timeout.test.js > Request Coalescing Timeout & Cleanup > should not leak memory after 1000+ requests
[AdvancedSearch] Searching for "Book 389" by "Test Author"

stdout | tests/handlers/request-coalescing-timeout.test.js > Request Coalescing Timeout & Cleanup > should not leak memory after 1000+ requests
[AdvancedSearch] Searching for "Book 390" by "Test Author"

stdout | tests/handlers/request-coalescing-timeout.test.js > Request Coalescing Timeout & Cleanup > should not leak memory after 1000+ requests
[AdvancedSearch] Searching for "Book 391" by "Test Author"

stdout | tests/handlers/request-coalescing-timeout.test.js > Request Coalescing Timeout & Cleanup > should not leak memory after 1000+ requests
[AdvancedSearch] Searching for "Book 392" by "Test Author"

stdout | tests/handlers/request-coalescing-timeout.test.js > Request Coalescing Timeout & Cleanup > should not leak memory after 1000+ requests
[AdvancedSearch] Searching for "Book 393" by "Test Author"

stdout | tests/handlers/request-coalescing-timeout.test.js > Request Coalescing Timeout & Cleanup > should not leak memory after 1000+ requests
[AdvancedSearch] Searching for "Book 394" by "Test Author"

stdout | tests/handlers/request-coalescing-timeout.test.js > Request Coalescing Timeout & Cleanup > should not leak memory after 1000+ requests
[AdvancedSearch] Searching for "Book 395" by "Test Author"

stdout | tests/handlers/request-coalescing-timeout.test.js > Request Coalescing Timeout & Cleanup > should not leak memory after 1000+ requests
[AdvancedSearch] Searching for "Book 396" by "Test Author"

stdout | tests/handlers/request-coalescing-timeout.test.js > Request Coalescing Timeout & Cleanup > should not leak memory after 1000+ requests
[AdvancedSearch] Searching for "Book 397" by "Test Author"

stdout | tests/handlers/request-coalescing-timeout.test.js > Request Coalescing Timeout & Cleanup > should not leak memory after 1000+ requests
[AdvancedSearch] Searching for "Book 398" by "Test Author"

stdout | tests/handlers/request-coalescing-timeout.test.js > Request Coalescing Timeout & Cleanup > should not leak memory after 1000+ requests
[AdvancedSearch] Searching for "Book 399" by "Test Author"

stdout | tests/handlers/request-coalescing-timeout.test.js > Request Coalescing Timeout & Cleanup > should not leak memory after 1000+ requests
[AdvancedSearch] Searching for "Book 400" by "Test Author"

stdout | tests/handlers/request-coalescing-timeout.test.js > Request Coalescing Timeout & Cleanup > should not leak memory after 1000+ requests
[AdvancedSearch] Searching for "Book 401" by "Test Author"

stdout | tests/handlers/request-coalescing-timeout.test.js > Request Coalescing Timeout & Cleanup > should not leak memory after 1000+ requests
[AdvancedSearch] Searching for "Book 402" by "Test Author"

stdout | tests/handlers/request-coalescing-timeout.test.js > Request Coalescing Timeout & Cleanup > should not leak memory after 1000+ requests
[AdvancedSearch] Searching for "Book 403" by "Test Author"

stdout | tests/handlers/request-coalescing-timeout.test.js > Request Coalescing Timeout & Cleanup > should not leak memory after 1000+ requests
[AdvancedSearch] Searching for "Book 404" by "Test Author"

stdout | tests/handlers/request-coalescing-timeout.test.js > Request Coalescing Timeout & Cleanup > should not leak memory after 1000+ requests
[AdvancedSearch] Searching for "Book 405" by "Test Author"

stdout | tests/handlers/request-coalescing-timeout.test.js > Request Coalescing Timeout & Cleanup > should not leak memory after 1000+ requests
[AdvancedSearch] Searching for "Book 406" by "Test Author"

stdout | tests/handlers/request-coalescing-timeout.test.js > Request Coalescing Timeout & Cleanup > should not leak memory after 1000+ requests
[AdvancedSearch] Searching for "Book 407" by "Test Author"

stdout | tests/handlers/request-coalescing-timeout.test.js > Request Coalescing Timeout & Cleanup > should not leak memory after 1000+ requests
[AdvancedSearch] Searching for "Book 408" by "Test Author"

stdout | tests/handlers/request-coalescing-timeout.test.js > Request Coalescing Timeout & Cleanup > should not leak memory after 1000+ requests
[AdvancedSearch] Searching for "Book 409" by "Test Author"

stdout | tests/handlers/request-coalescing-timeout.test.js > Request Coalescing Timeout & Cleanup > should not leak memory after 1000+ requests
[AdvancedSearch] Searching for "Book 410" by "Test Author"

stdout | tests/handlers/request-coalescing-timeout.test.js > Request Coalescing Timeout & Cleanup > should not leak memory after 1000+ requests
[AdvancedSearch] Searching for "Book 411" by "Test Author"

stdout | tests/handlers/request-coalescing-timeout.test.js > Request Coalescing Timeout & Cleanup > should not leak memory after 1000+ requests
[AdvancedSearch] Searching for "Book 412" by "Test Author"

stdout | tests/handlers/request-coalescing-timeout.test.js > Request Coalescing Timeout & Cleanup > should not leak memory after 1000+ requests
[AdvancedSearch] Searching for "Book 413" by "Test Author"

stdout | tests/handlers/request-coalescing-timeout.test.js > Request Coalescing Timeout & Cleanup > should not leak memory after 1000+ requests
[AdvancedSearch] Searching for "Book 414" by "Test Author"

stdout | tests/handlers/request-coalescing-timeout.test.js > Request Coalescing Timeout & Cleanup > should not leak memory after 1000+ requests
[AdvancedSearch] Searching for "Book 415" by "Test Author"

stdout | tests/handlers/request-coalescing-timeout.test.js > Request Coalescing Timeout & Cleanup > should not leak memory after 1000+ requests
[AdvancedSearch] Searching for "Book 416" by "Test Author"

stdout | tests/handlers/request-coalescing-timeout.test.js > Request Coalescing Timeout & Cleanup > should not leak memory after 1000+ requests
[AdvancedSearch] Searching for "Book 417" by "Test Author"

stdout | tests/handlers/request-coalescing-timeout.test.js > Request Coalescing Timeout & Cleanup > should not leak memory after 1000+ requests
[AdvancedSearch] Searching for "Book 418" by "Test Author"

stdout | tests/handlers/request-coalescing-timeout.test.js > Request Coalescing Timeout & Cleanup > should not leak memory after 1000+ requests
[AdvancedSearch] Searching for "Book 419" by "Test Author"

stdout | tests/handlers/request-coalescing-timeout.test.js > Request Coalescing Timeout & Cleanup > should not leak memory after 1000+ requests
[AdvancedSearch] Searching for "Book 420" by "Test Author"

stdout | tests/handlers/request-coalescing-timeout.test.js > Request Coalescing Timeout & Cleanup > should not leak memory after 1000+ requests
[AdvancedSearch] Searching for "Book 421" by "Test Author"

stdout | tests/handlers/request-coalescing-timeout.test.js > Request Coalescing Timeout & Cleanup > should not leak memory after 1000+ requests
[AdvancedSearch] Searching for "Book 422" by "Test Author"

stdout | tests/handlers/request-coalescing-timeout.test.js > Request Coalescing Timeout & Cleanup > should not leak memory after 1000+ requests
[AdvancedSearch] Searching for "Book 423" by "Test Author"

stdout | tests/handlers/request-coalescing-timeout.test.js > Request Coalescing Timeout & Cleanup > should not leak memory after 1000+ requests
[AdvancedSearch] Searching for "Book 424" by "Test Author"

stdout | tests/handlers/request-coalescing-timeout.test.js > Request Coalescing Timeout & Cleanup > should not leak memory after 1000+ requests
[AdvancedSearch] Searching for "Book 425" by "Test Author"

stdout | tests/handlers/request-coalescing-timeout.test.js > Request Coalescing Timeout & Cleanup > should not leak memory after 1000+ requests
[AdvancedSearch] Searching for "Book 426" by "Test Author"

stdout | tests/handlers/request-coalescing-timeout.test.js > Request Coalescing Timeout & Cleanup > should not leak memory after 1000+ requests
[AdvancedSearch] Searching for "Book 427" by "Test Author"

stdout | tests/handlers/request-coalescing-timeout.test.js > Request Coalescing Timeout & Cleanup > should not leak memory after 1000+ requests
[AdvancedSearch] Searching for "Book 428" by "Test Author"

stdout | tests/handlers/request-coalescing-timeout.test.js > Request Coalescing Timeout & Cleanup > should not leak memory after 1000+ requests
[AdvancedSearch] Searching for "Book 429" by "Test Author"

stdout | tests/handlers/request-coalescing-timeout.test.js > Request Coalescing Timeout & Cleanup > should not leak memory after 1000+ requests
[AdvancedSearch] Searching for "Book 430" by "Test Author"

stdout | tests/handlers/request-coalescing-timeout.test.js > Request Coalescing Timeout & Cleanup > should not leak memory after 1000+ requests
[AdvancedSearch] Searching for "Book 431" by "Test Author"

stdout | tests/handlers/request-coalescing-timeout.test.js > Request Coalescing Timeout & Cleanup > should not leak memory after 1000+ requests
[AdvancedSearch] Searching for "Book 432" by "Test Author"

stdout | tests/handlers/request-coalescing-timeout.test.js > Request Coalescing Timeout & Cleanup > should not leak memory after 1000+ requests
[AdvancedSearch] Searching for "Book 433" by "Test Author"

stdout | tests/handlers/request-coalescing-timeout.test.js > Request Coalescing Timeout & Cleanup > should not leak memory after 1000+ requests
[AdvancedSearch] Searching for "Book 434" by "Test Author"

stdout | tests/handlers/request-coalescing-timeout.test.js > Request Coalescing Timeout & Cleanup > should not leak memory after 1000+ requests
[AdvancedSearch] Searching for "Book 435" by "Test Author"

stdout | tests/handlers/request-coalescing-timeout.test.js > Request Coalescing Timeout & Cleanup > should not leak memory after 1000+ requests
[AdvancedSearch] Searching for "Book 436" by "Test Author"

stdout | tests/handlers/request-coalescing-timeout.test.js > Request Coalescing Timeout & Cleanup > should not leak memory after 1000+ requests
[AdvancedSearch] Searching for "Book 437" by "Test Author"

stdout | tests/handlers/request-coalescing-timeout.test.js > Request Coalescing Timeout & Cleanup > should not leak memory after 1000+ requests
[AdvancedSearch] Searching for "Book 438" by "Test Author"

stdout | tests/handlers/request-coalescing-timeout.test.js > Request Coalescing Timeout & Cleanup > should not leak memory after 1000+ requests
[AdvancedSearch] Searching for "Book 439" by "Test Author"

stdout | tests/handlers/request-coalescing-timeout.test.js > Request Coalescing Timeout & Cleanup > should not leak memory after 1000+ requests
[AdvancedSearch] Searching for "Book 440" by "Test Author"

stdout | tests/handlers/request-coalescing-timeout.test.js > Request Coalescing Timeout & Cleanup > should not leak memory after 1000+ requests
[AdvancedSearch] Searching for "Book 441" by "Test Author"

stdout | tests/handlers/request-coalescing-timeout.test.js > Request Coalescing Timeout & Cleanup > should not leak memory after 1000+ requests
[AdvancedSearch] Searching for "Book 442" by "Test Author"

stdout | tests/handlers/request-coalescing-timeout.test.js > Request Coalescing Timeout & Cleanup > should not leak memory after 1000+ requests
[AdvancedSearch] Searching for "Book 443" by "Test Author"

stdout | tests/handlers/request-coalescing-timeout.test.js > Request Coalescing Timeout & Cleanup > should not leak memory after 1000+ requests
[AdvancedSearch] Searching for "Book 444" by "Test Author"

stdout | tests/handlers/request-coalescing-timeout.test.js > Request Coalescing Timeout & Cleanup > should not leak memory after 1000+ requests
[AdvancedSearch] Searching for "Book 445" by "Test Author"

stdout | tests/handlers/request-coalescing-timeout.test.js > Request Coalescing Timeout & Cleanup > should not leak memory after 1000+ requests
[AdvancedSearch] Searching for "Book 446" by "Test Author"

stdout | tests/handlers/request-coalescing-timeout.test.js > Request Coalescing Timeout & Cleanup > should not leak memory after 1000+ requests
[AdvancedSearch] Searching for "Book 447" by "Test Author"

stdout | tests/handlers/request-coalescing-timeout.test.js > Request Coalescing Timeout & Cleanup > should not leak memory after 1000+ requests
[AdvancedSearch] Searching for "Book 448" by "Test Author"

stdout | tests/handlers/request-coalescing-timeout.test.js > Request Coalescing Timeout & Cleanup > should not leak memory after 1000+ requests
[AdvancedSearch] Searching for "Book 449" by "Test Author"

stdout | tests/handlers/request-coalescing-timeout.test.js > Request Coalescing Timeout & Cleanup > should not leak memory after 1000+ requests
[AdvancedSearch] Searching for "Book 450" by "Test Author"

stdout | tests/handlers/request-coalescing-timeout.test.js > Request Coalescing Timeout & Cleanup > should not leak memory after 1000+ requests
[AdvancedSearch] Searching for "Book 451" by "Test Author"

stdout | tests/handlers/request-coalescing-timeout.test.js > Request Coalescing Timeout & Cleanup > should not leak memory after 1000+ requests
[AdvancedSearch] Searching for "Book 452" by "Test Author"

stdout | tests/handlers/request-coalescing-timeout.test.js > Request Coalescing Timeout & Cleanup > should not leak memory after 1000+ requests
[AdvancedSearch] Searching for "Book 453" by "Test Author"

stdout | tests/handlers/request-coalescing-timeout.test.js > Request Coalescing Timeout & Cleanup > should not leak memory after 1000+ requests
[AdvancedSearch] Searching for "Book 454" by "Test Author"

stdout | tests/handlers/request-coalescing-timeout.test.js > Request Coalescing Timeout & Cleanup > should not leak memory after 1000+ requests
[AdvancedSearch] Searching for "Book 455" by "Test Author"

stdout | tests/handlers/request-coalescing-timeout.test.js > Request Coalescing Timeout & Cleanup > should not leak memory after 1000+ requests
[AdvancedSearch] Searching for "Book 456" by "Test Author"

stdout | tests/handlers/request-coalescing-timeout.test.js > Request Coalescing Timeout & Cleanup > should not leak memory after 1000+ requests
[AdvancedSearch] Searching for "Book 457" by "Test Author"

stdout | tests/handlers/request-coalescing-timeout.test.js > Request Coalescing Timeout & Cleanup > should not leak memory after 1000+ requests
[AdvancedSearch] Searching for "Book 458" by "Test Author"

stdout | tests/handlers/request-coalescing-timeout.test.js > Request Coalescing Timeout & Cleanup > should not leak memory after 1000+ requests
[AdvancedSearch] Searching for "Book 459" by "Test Author"

stdout | tests/handlers/request-coalescing-timeout.test.js > Request Coalescing Timeout & Cleanup > should not leak memory after 1000+ requests
[AdvancedSearch] Searching for "Book 460" by "Test Author"

stdout | tests/handlers/request-coalescing-timeout.test.js > Request Coalescing Timeout & Cleanup > should not leak memory after 1000+ requests
[AdvancedSearch] Searching for "Book 461" by "Test Author"

stdout | tests/handlers/request-coalescing-timeout.test.js > Request Coalescing Timeout & Cleanup > should not leak memory after 1000+ requests
[AdvancedSearch] Searching for "Book 462" by "Test Author"

stdout | tests/handlers/request-coalescing-timeout.test.js > Request Coalescing Timeout & Cleanup > should not leak memory after 1000+ requests
[AdvancedSearch] Searching for "Book 463" by "Test Author"

stdout | tests/handlers/request-coalescing-timeout.test.js > Request Coalescing Timeout & Cleanup > should not leak memory after 1000+ requests
[AdvancedSearch] Searching for "Book 464" by "Test Author"

stdout | tests/handlers/request-coalescing-timeout.test.js > Request Coalescing Timeout & Cleanup > should not leak memory after 1000+ requests
[AdvancedSearch] Searching for "Book 465" by "Test Author"

stdout | tests/handlers/request-coalescing-timeout.test.js > Request Coalescing Timeout & Cleanup > should not leak memory after 1000+ requests
[AdvancedSearch] Searching for "Book 466" by "Test Author"

stdout | tests/handlers/request-coalescing-timeout.test.js > Request Coalescing Timeout & Cleanup > should not leak memory after 1000+ requests
[AdvancedSearch] Searching for "Book 467" by "Test Author"

stdout | tests/handlers/request-coalescing-timeout.test.js > Request Coalescing Timeout & Cleanup > should not leak memory after 1000+ requests
[AdvancedSearch] Searching for "Book 468" by "Test Author"

stdout | tests/handlers/request-coalescing-timeout.test.js > Request Coalescing Timeout & Cleanup > should not leak memory after 1000+ requests
[AdvancedSearch] Searching for "Book 469" by "Test Author"

stdout | tests/handlers/request-coalescing-timeout.test.js > Request Coalescing Timeout & Cleanup > should not leak memory after 1000+ requests
[AdvancedSearch] Searching for "Book 470" by "Test Author"

stdout | tests/handlers/request-coalescing-timeout.test.js > Request Coalescing Timeout & Cleanup > should not leak memory after 1000+ requests
[AdvancedSearch] Searching for "Book 471" by "Test Author"

stdout | tests/handlers/request-coalescing-timeout.test.js > Request Coalescing Timeout & Cleanup > should not leak memory after 1000+ requests
[AdvancedSearch] Searching for "Book 472" by "Test Author"

stdout | tests/handlers/request-coalescing-timeout.test.js > Request Coalescing Timeout & Cleanup > should not leak memory after 1000+ requests
[AdvancedSearch] Searching for "Book 473" by "Test Author"

stdout | tests/handlers/request-coalescing-timeout.test.js > Request Coalescing Timeout & Cleanup > should not leak memory after 1000+ requests
[AdvancedSearch] Searching for "Book 474" by "Test Author"

stdout | tests/handlers/request-coalescing-timeout.test.js > Request Coalescing Timeout & Cleanup > should not leak memory after 1000+ requests
[AdvancedSearch] Searching for "Book 475" by "Test Author"

stdout | tests/handlers/request-coalescing-timeout.test.js > Request Coalescing Timeout & Cleanup > should not leak memory after 1000+ requests
[AdvancedSearch] Searching for "Book 476" by "Test Author"

stdout | tests/handlers/request-coalescing-timeout.test.js > Request Coalescing Timeout & Cleanup > should not leak memory after 1000+ requests
[AdvancedSearch] Searching for "Book 477" by "Test Author"

stdout | tests/handlers/request-coalescing-timeout.test.js > Request Coalescing Timeout & Cleanup > should not leak memory after 1000+ requests
[AdvancedSearch] Searching for "Book 478" by "Test Author"

stdout | tests/handlers/request-coalescing-timeout.test.js > Request Coalescing Timeout & Cleanup > should not leak memory after 1000+ requests
[AdvancedSearch] Searching for "Book 479" by "Test Author"

stdout | tests/handlers/request-coalescing-timeout.test.js > Request Coalescing Timeout & Cleanup > should not leak memory after 1000+ requests
[AdvancedSearch] Searching for "Book 480" by "Test Author"

stdout | tests/handlers/request-coalescing-timeout.test.js > Request Coalescing Timeout & Cleanup > should not leak memory after 1000+ requests
[AdvancedSearch] Searching for "Book 481" by "Test Author"

stdout | tests/handlers/request-coalescing-timeout.test.js > Request Coalescing Timeout & Cleanup > should not leak memory after 1000+ requests
[AdvancedSearch] Searching for "Book 482" by "Test Author"

stdout | tests/handlers/request-coalescing-timeout.test.js > Request Coalescing Timeout & Cleanup > should not leak memory after 1000+ requests
[AdvancedSearch] Searching for "Book 483" by "Test Author"

stdout | tests/handlers/request-coalescing-timeout.test.js > Request Coalescing Timeout & Cleanup > should not leak memory after 1000+ requests
[AdvancedSearch] Searching for "Book 484" by "Test Author"

stdout | tests/handlers/request-coalescing-timeout.test.js > Request Coalescing Timeout & Cleanup > should not leak memory after 1000+ requests
[AdvancedSearch] Searching for "Book 485" by "Test Author"

stdout | tests/handlers/request-coalescing-timeout.test.js > Request Coalescing Timeout & Cleanup > should not leak memory after 1000+ requests
[AdvancedSearch] Searching for "Book 486" by "Test Author"

stdout | tests/handlers/request-coalescing-timeout.test.js > Request Coalescing Timeout & Cleanup > should not leak memory after 1000+ requests
[AdvancedSearch] Searching for "Book 487" by "Test Author"

stdout | tests/handlers/request-coalescing-timeout.test.js > Request Coalescing Timeout & Cleanup > should not leak memory after 1000+ requests
[AdvancedSearch] Searching for "Book 488" by "Test Author"

stdout | tests/handlers/request-coalescing-timeout.test.js > Request Coalescing Timeout & Cleanup > should not leak memory after 1000+ requests
[AdvancedSearch] Searching for "Book 489" by "Test Author"

stdout | tests/handlers/request-coalescing-timeout.test.js > Request Coalescing Timeout & Cleanup > should not leak memory after 1000+ requests
[AdvancedSearch] Searching for "Book 490" by "Test Author"

stdout | tests/handlers/request-coalescing-timeout.test.js > Request Coalescing Timeout & Cleanup > should not leak memory after 1000+ requests
[AdvancedSearch] Searching for "Book 491" by "Test Author"

stdout | tests/handlers/request-coalescing-timeout.test.js > Request Coalescing Timeout & Cleanup > should not leak memory after 1000+ requests
[AdvancedSearch] Searching for "Book 492" by "Test Author"

stdout | tests/handlers/request-coalescing-timeout.test.js > Request Coalescing Timeout & Cleanup > should not leak memory after 1000+ requests
[AdvancedSearch] Searching for "Book 493" by "Test Author"

stdout | tests/handlers/request-coalescing-timeout.test.js > Request Coalescing Timeout & Cleanup > should not leak memory after 1000+ requests
[AdvancedSearch] Searching for "Book 494" by "Test Author"

stdout | tests/handlers/request-coalescing-timeout.test.js > Request Coalescing Timeout & Cleanup > should not leak memory after 1000+ requests
[AdvancedSearch] Searching for "Book 495" by "Test Author"

stdout | tests/handlers/request-coalescing-timeout.test.js > Request Coalescing Timeout & Cleanup > should not leak memory after 1000+ requests
[AdvancedSearch] Searching for "Book 496" by "Test Author"

stdout | tests/handlers/request-coalescing-timeout.test.js > Request Coalescing Timeout & Cleanup > should not leak memory after 1000+ requests
[AdvancedSearch] Searching for "Book 497" by "Test Author"

stdout | tests/handlers/request-coalescing-timeout.test.js > Request Coalescing Timeout & Cleanup > should not leak memory after 1000+ requests
[AdvancedSearch] Searching for "Book 498" by "Test Author"

stdout | tests/handlers/request-coalescing-timeout.test.js > Request Coalescing Timeout & Cleanup > should not leak memory after 1000+ requests
[AdvancedSearch] Searching for "Book 499" by "Test Author"

stdout | tests/handlers/request-coalescing-timeout.test.js > Request Coalescing Timeout & Cleanup > should not leak memory after 1000+ requests
[AdvancedSearch] Searching for "Book 500" by "Test Author"

stdout | tests/handlers/request-coalescing-timeout.test.js > Request Coalescing Timeout & Cleanup > should not leak memory after 1000+ requests
[AdvancedSearch] Searching for "Book 501" by "Test Author"

stdout | tests/handlers/request-coalescing-timeout.test.js > Request Coalescing Timeout & Cleanup > should not leak memory after 1000+ requests
[AdvancedSearch] Searching for "Book 502" by "Test Author"

stdout | tests/handlers/request-coalescing-timeout.test.js > Request Coalescing Timeout & Cleanup > should not leak memory after 1000+ requests
[AdvancedSearch] Searching for "Book 503" by "Test Author"

stdout | tests/handlers/request-coalescing-timeout.test.js > Request Coalescing Timeout & Cleanup > should not leak memory after 1000+ requests
[AdvancedSearch] Searching for "Book 504" by "Test Author"

stdout | tests/handlers/request-coalescing-timeout.test.js > Request Coalescing Timeout & Cleanup > should not leak memory after 1000+ requests
[AdvancedSearch] Searching for "Book 505" by "Test Author"

stdout | tests/handlers/request-coalescing-timeout.test.js > Request Coalescing Timeout & Cleanup > should not leak memory after 1000+ requests
[AdvancedSearch] Searching for "Book 506" by "Test Author"

stdout | tests/handlers/request-coalescing-timeout.test.js > Request Coalescing Timeout & Cleanup > should not leak memory after 1000+ requests
[AdvancedSearch] Searching for "Book 507" by "Test Author"

stdout | tests/handlers/request-coalescing-timeout.test.js > Request Coalescing Timeout & Cleanup > should not leak memory after 1000+ requests
[AdvancedSearch] Searching for "Book 508" by "Test Author"

stdout | tests/handlers/request-coalescing-timeout.test.js > Request Coalescing Timeout & Cleanup > should not leak memory after 1000+ requests
[AdvancedSearch] Searching for "Book 509" by "Test Author"

stdout | tests/handlers/request-coalescing-timeout.test.js > Request Coalescing Timeout & Cleanup > should not leak memory after 1000+ requests
[AdvancedSearch] Searching for "Book 510" by "Test Author"

stdout | tests/handlers/request-coalescing-timeout.test.js > Request Coalescing Timeout & Cleanup > should not leak memory after 1000+ requests
[AdvancedSearch] Searching for "Book 511" by "Test Author"

stdout | tests/handlers/request-coalescing-timeout.test.js > Request Coalescing Timeout & Cleanup > should not leak memory after 1000+ requests
[AdvancedSearch] Searching for "Book 512" by "Test Author"

stdout | tests/handlers/request-coalescing-timeout.test.js > Request Coalescing Timeout & Cleanup > should not leak memory after 1000+ requests
[AdvancedSearch] Searching for "Book 513" by "Test Author"

stdout | tests/handlers/request-coalescing-timeout.test.js > Request Coalescing Timeout & Cleanup > should not leak memory after 1000+ requests
[AdvancedSearch] Searching for "Book 514" by "Test Author"

stdout | tests/handlers/request-coalescing-timeout.test.js > Request Coalescing Timeout & Cleanup > should not leak memory after 1000+ requests
[AdvancedSearch] Searching for "Book 515" by "Test Author"

stdout | tests/handlers/request-coalescing-timeout.test.js > Request Coalescing Timeout & Cleanup > should not leak memory after 1000+ requests
[AdvancedSearch] Searching for "Book 516" by "Test Author"

stdout | tests/handlers/request-coalescing-timeout.test.js > Request Coalescing Timeout & Cleanup > should not leak memory after 1000+ requests
[AdvancedSearch] Searching for "Book 517" by "Test Author"

stdout | tests/handlers/request-coalescing-timeout.test.js > Request Coalescing Timeout & Cleanup > should not leak memory after 1000+ requests
[AdvancedSearch] Searching for "Book 518" by "Test Author"

stdout | tests/handlers/request-coalescing-timeout.test.js > Request Coalescing Timeout & Cleanup > should not leak memory after 1000+ requests
[AdvancedSearch] Searching for "Book 519" by "Test Author"

stdout | tests/handlers/request-coalescing-timeout.test.js > Request Coalescing Timeout & Cleanup > should not leak memory after 1000+ requests
[AdvancedSearch] Searching for "Book 520" by "Test Author"

stdout | tests/handlers/request-coalescing-timeout.test.js > Request Coalescing Timeout & Cleanup > should not leak memory after 1000+ requests
[AdvancedSearch] Searching for "Book 521" by "Test Author"

stdout | tests/handlers/request-coalescing-timeout.test.js > Request Coalescing Timeout & Cleanup > should not leak memory after 1000+ requests
[AdvancedSearch] Searching for "Book 522" by "Test Author"

stdout | tests/handlers/request-coalescing-timeout.test.js > Request Coalescing Timeout & Cleanup > should not leak memory after 1000+ requests
[AdvancedSearch] Searching for "Book 523" by "Test Author"

stdout | tests/handlers/request-coalescing-timeout.test.js > Request Coalescing Timeout & Cleanup > should not leak memory after 1000+ requests
[AdvancedSearch] Searching for "Book 524" by "Test Author"

stdout | tests/handlers/request-coalescing-timeout.test.js > Request Coalescing Timeout & Cleanup > should not leak memory after 1000+ requests
[AdvancedSearch] Searching for "Book 525" by "Test Author"

stdout | tests/handlers/request-coalescing-timeout.test.js > Request Coalescing Timeout & Cleanup > should not leak memory after 1000+ requests
[AdvancedSearch] Searching for "Book 526" by "Test Author"

stdout | tests/handlers/request-coalescing-timeout.test.js > Request Coalescing Timeout & Cleanup > should not leak memory after 1000+ requests
[AdvancedSearch] Searching for "Book 527" by "Test Author"

stdout | tests/handlers/request-coalescing-timeout.test.js > Request Coalescing Timeout & Cleanup > should not leak memory after 1000+ requests
[AdvancedSearch] Searching for "Book 528" by "Test Author"

stdout | tests/handlers/request-coalescing-timeout.test.js > Request Coalescing Timeout & Cleanup > should not leak memory after 1000+ requests
[AdvancedSearch] Searching for "Book 529" by "Test Author"

stdout | tests/handlers/request-coalescing-timeout.test.js > Request Coalescing Timeout & Cleanup > should not leak memory after 1000+ requests
[AdvancedSearch] Searching for "Book 530" by "Test Author"

stdout | tests/handlers/request-coalescing-timeout.test.js > Request Coalescing Timeout & Cleanup > should not leak memory after 1000+ requests
[AdvancedSearch] Searching for "Book 531" by "Test Author"

stdout | tests/handlers/request-coalescing-timeout.test.js > Request Coalescing Timeout & Cleanup > should not leak memory after 1000+ requests
[AdvancedSearch] Searching for "Book 532" by "Test Author"

stdout | tests/handlers/request-coalescing-timeout.test.js > Request Coalescing Timeout & Cleanup > should not leak memory after 1000+ requests
[AdvancedSearch] Searching for "Book 533" by "Test Author"

stdout | tests/handlers/request-coalescing-timeout.test.js > Request Coalescing Timeout & Cleanup > should not leak memory after 1000+ requests
[AdvancedSearch] Searching for "Book 534" by "Test Author"

stdout | tests/handlers/request-coalescing-timeout.test.js > Request Coalescing Timeout & Cleanup > should not leak memory after 1000+ requests
[AdvancedSearch] Searching for "Book 535" by "Test Author"

stdout | tests/handlers/request-coalescing-timeout.test.js > Request Coalescing Timeout & Cleanup > should not leak memory after 1000+ requests
[AdvancedSearch] Searching for "Book 536" by "Test Author"

stdout | tests/handlers/request-coalescing-timeout.test.js > Request Coalescing Timeout & Cleanup > should not leak memory after 1000+ requests
[AdvancedSearch] Searching for "Book 537" by "Test Author"

stdout | tests/handlers/request-coalescing-timeout.test.js > Request Coalescing Timeout & Cleanup > should not leak memory after 1000+ requests
[AdvancedSearch] Searching for "Book 538" by "Test Author"

stdout | tests/handlers/request-coalescing-timeout.test.js > Request Coalescing Timeout & Cleanup > should not leak memory after 1000+ requests
[AdvancedSearch] Searching for "Book 539" by "Test Author"

stdout | tests/handlers/request-coalescing-timeout.test.js > Request Coalescing Timeout & Cleanup > should not leak memory after 1000+ requests
[AdvancedSearch] Searching for "Book 540" by "Test Author"

stdout | tests/handlers/request-coalescing-timeout.test.js > Request Coalescing Timeout & Cleanup > should not leak memory after 1000+ requests
[AdvancedSearch] Searching for "Book 541" by "Test Author"

stdout | tests/handlers/request-coalescing-timeout.test.js > Request Coalescing Timeout & Cleanup > should not leak memory after 1000+ requests
[AdvancedSearch] Searching for "Book 542" by "Test Author"

stdout | tests/handlers/request-coalescing-timeout.test.js > Request Coalescing Timeout & Cleanup > should not leak memory after 1000+ requests
[AdvancedSearch] Searching for "Book 543" by "Test Author"

stdout | tests/handlers/request-coalescing-timeout.test.js > Request Coalescing Timeout & Cleanup > should not leak memory after 1000+ requests
[AdvancedSearch] Searching for "Book 544" by "Test Author"

stdout | tests/handlers/request-coalescing-timeout.test.js > Request Coalescing Timeout & Cleanup > should not leak memory after 1000+ requests
[AdvancedSearch] Searching for "Book 545" by "Test Author"

stdout | tests/handlers/request-coalescing-timeout.test.js > Request Coalescing Timeout & Cleanup > should not leak memory after 1000+ requests
[AdvancedSearch] Searching for "Book 546" by "Test Author"

stdout | tests/handlers/request-coalescing-timeout.test.js > Request Coalescing Timeout & Cleanup > should not leak memory after 1000+ requests
[AdvancedSearch] Searching for "Book 547" by "Test Author"

stdout | tests/handlers/request-coalescing-timeout.test.js > Request Coalescing Timeout & Cleanup > should not leak memory after 1000+ requests
[AdvancedSearch] Searching for "Book 548" by "Test Author"

stdout | tests/handlers/request-coalescing-timeout.test.js > Request Coalescing Timeout & Cleanup > should not leak memory after 1000+ requests
[AdvancedSearch] Searching for "Book 549" by "Test Author"

stdout | tests/handlers/request-coalescing-timeout.test.js > Request Coalescing Timeout & Cleanup > should not leak memory after 1000+ requests
[AdvancedSearch] Searching for "Book 550" by "Test Author"

stdout | tests/handlers/request-coalescing-timeout.test.js > Request Coalescing Timeout & Cleanup > should not leak memory after 1000+ requests
[AdvancedSearch] Searching for "Book 551" by "Test Author"

stdout | tests/handlers/request-coalescing-timeout.test.js > Request Coalescing Timeout & Cleanup > should not leak memory after 1000+ requests
[AdvancedSearch] Searching for "Book 552" by "Test Author"

stdout | tests/handlers/request-coalescing-timeout.test.js > Request Coalescing Timeout & Cleanup > should not leak memory after 1000+ requests
[AdvancedSearch] Searching for "Book 553" by "Test Author"

stdout | tests/handlers/request-coalescing-timeout.test.js > Request Coalescing Timeout & Cleanup > should not leak memory after 1000+ requests
[AdvancedSearch] Searching for "Book 554" by "Test Author"

stdout | tests/handlers/request-coalescing-timeout.test.js > Request Coalescing Timeout & Cleanup > should not leak memory after 1000+ requests
[AdvancedSearch] Searching for "Book 555" by "Test Author"

stdout | tests/handlers/request-coalescing-timeout.test.js > Request Coalescing Timeout & Cleanup > should not leak memory after 1000+ requests
[AdvancedSearch] Searching for "Book 556" by "Test Author"

stdout | tests/handlers/request-coalescing-timeout.test.js > Request Coalescing Timeout & Cleanup > should not leak memory after 1000+ requests
[AdvancedSearch] Searching for "Book 557" by "Test Author"

stdout | tests/handlers/request-coalescing-timeout.test.js > Request Coalescing Timeout & Cleanup > should not leak memory after 1000+ requests
[AdvancedSearch] Searching for "Book 558" by "Test Author"

stdout | tests/handlers/request-coalescing-timeout.test.js > Request Coalescing Timeout & Cleanup > should not leak memory after 1000+ requests
[AdvancedSearch] Searching for "Book 559" by "Test Author"

stdout | tests/handlers/request-coalescing-timeout.test.js > Request Coalescing Timeout & Cleanup > should not leak memory after 1000+ requests
[AdvancedSearch] Searching for "Book 560" by "Test Author"

stdout | tests/handlers/request-coalescing-timeout.test.js > Request Coalescing Timeout & Cleanup > should not leak memory after 1000+ requests
[AdvancedSearch] Searching for "Book 561" by "Test Author"

stdout | tests/handlers/request-coalescing-timeout.test.js > Request Coalescing Timeout & Cleanup > should not leak memory after 1000+ requests
[AdvancedSearch] Searching for "Book 562" by "Test Author"

stdout | tests/handlers/request-coalescing-timeout.test.js > Request Coalescing Timeout & Cleanup > should not leak memory after 1000+ requests
[AdvancedSearch] Searching for "Book 563" by "Test Author"

stdout | tests/handlers/request-coalescing-timeout.test.js > Request Coalescing Timeout & Cleanup > should not leak memory after 1000+ requests
[AdvancedSearch] Searching for "Book 564" by "Test Author"

stdout | tests/handlers/request-coalescing-timeout.test.js > Request Coalescing Timeout & Cleanup > should not leak memory after 1000+ requests
[AdvancedSearch] Searching for "Book 565" by "Test Author"

stdout | tests/handlers/request-coalescing-timeout.test.js > Request Coalescing Timeout & Cleanup > should not leak memory after 1000+ requests
[AdvancedSearch] Searching for "Book 566" by "Test Author"

stdout | tests/handlers/request-coalescing-timeout.test.js > Request Coalescing Timeout & Cleanup > should not leak memory after 1000+ requests
[AdvancedSearch] Searching for "Book 567" by "Test Author"

stdout | tests/handlers/request-coalescing-timeout.test.js > Request Coalescing Timeout & Cleanup > should not leak memory after 1000+ requests
[AdvancedSearch] Searching for "Book 568" by "Test Author"

stdout | tests/handlers/request-coalescing-timeout.test.js > Request Coalescing Timeout & Cleanup > should not leak memory after 1000+ requests
[AdvancedSearch] Searching for "Book 569" by "Test Author"

stdout | tests/handlers/request-coalescing-timeout.test.js > Request Coalescing Timeout & Cleanup > should not leak memory after 1000+ requests
[AdvancedSearch] Searching for "Book 570" by "Test Author"

stdout | tests/handlers/request-coalescing-timeout.test.js > Request Coalescing Timeout & Cleanup > should not leak memory after 1000+ requests
[AdvancedSearch] Searching for "Book 571" by "Test Author"

stdout | tests/handlers/request-coalescing-timeout.test.js > Request Coalescing Timeout & Cleanup > should not leak memory after 1000+ requests
[AdvancedSearch] Searching for "Book 572" by "Test Author"

stdout | tests/handlers/request-coalescing-timeout.test.js > Request Coalescing Timeout & Cleanup > should not leak memory after 1000+ requests
[AdvancedSearch] Searching for "Book 573" by "Test Author"

stdout | tests/handlers/request-coalescing-timeout.test.js > Request Coalescing Timeout & Cleanup > should not leak memory after 1000+ requests
[AdvancedSearch] Searching for "Book 574" by "Test Author"

stdout | tests/handlers/request-coalescing-timeout.test.js > Request Coalescing Timeout & Cleanup > should not leak memory after 1000+ requests
[AdvancedSearch] Searching for "Book 575" by "Test Author"

stdout | tests/handlers/request-coalescing-timeout.test.js > Request Coalescing Timeout & Cleanup > should not leak memory after 1000+ requests
[AdvancedSearch] Searching for "Book 576" by "Test Author"

stdout | tests/handlers/request-coalescing-timeout.test.js > Request Coalescing Timeout & Cleanup > should not leak memory after 1000+ requests
[AdvancedSearch] Searching for "Book 577" by "Test Author"

stdout | tests/handlers/request-coalescing-timeout.test.js > Request Coalescing Timeout & Cleanup > should not leak memory after 1000+ requests
[AdvancedSearch] Searching for "Book 578" by "Test Author"

stdout | tests/handlers/request-coalescing-timeout.test.js > Request Coalescing Timeout & Cleanup > should not leak memory after 1000+ requests
[AdvancedSearch] Searching for "Book 579" by "Test Author"

stdout | tests/handlers/request-coalescing-timeout.test.js > Request Coalescing Timeout & Cleanup > should not leak memory after 1000+ requests
[AdvancedSearch] Searching for "Book 580" by "Test Author"

stdout | tests/handlers/request-coalescing-timeout.test.js > Request Coalescing Timeout & Cleanup > should not leak memory after 1000+ requests
[AdvancedSearch] Searching for "Book 581" by "Test Author"

stdout | tests/handlers/request-coalescing-timeout.test.js > Request Coalescing Timeout & Cleanup > should not leak memory after 1000+ requests
[AdvancedSearch] Searching for "Book 582" by "Test Author"

stdout | tests/handlers/request-coalescing-timeout.test.js > Request Coalescing Timeout & Cleanup > should not leak memory after 1000+ requests
[AdvancedSearch] Searching for "Book 583" by "Test Author"

stdout | tests/handlers/request-coalescing-timeout.test.js > Request Coalescing Timeout & Cleanup > should not leak memory after 1000+ requests
[AdvancedSearch] Searching for "Book 584" by "Test Author"

stdout | tests/handlers/request-coalescing-timeout.test.js > Request Coalescing Timeout & Cleanup > should not leak memory after 1000+ requests
[AdvancedSearch] Searching for "Book 585" by "Test Author"

stdout | tests/handlers/request-coalescing-timeout.test.js > Request Coalescing Timeout & Cleanup > should not leak memory after 1000+ requests
[AdvancedSearch] Searching for "Book 586" by "Test Author"

stdout | tests/handlers/request-coalescing-timeout.test.js > Request Coalescing Timeout & Cleanup > should not leak memory after 1000+ requests
[AdvancedSearch] Searching for "Book 587" by "Test Author"

stdout | tests/handlers/request-coalescing-timeout.test.js > Request Coalescing Timeout & Cleanup > should not leak memory after 1000+ requests
[AdvancedSearch] Searching for "Book 588" by "Test Author"

stdout | tests/handlers/request-coalescing-timeout.test.js > Request Coalescing Timeout & Cleanup > should not leak memory after 1000+ requests
[AdvancedSearch] Searching for "Book 589" by "Test Author"

stdout | tests/handlers/request-coalescing-timeout.test.js > Request Coalescing Timeout & Cleanup > should not leak memory after 1000+ requests
[AdvancedSearch] Searching for "Book 590" by "Test Author"

stdout | tests/handlers/request-coalescing-timeout.test.js > Request Coalescing Timeout & Cleanup > should not leak memory after 1000+ requests
[AdvancedSearch] Searching for "Book 591" by "Test Author"

stdout | tests/handlers/request-coalescing-timeout.test.js > Request Coalescing Timeout & Cleanup > should not leak memory after 1000+ requests
[AdvancedSearch] Searching for "Book 592" by "Test Author"

stdout | tests/handlers/request-coalescing-timeout.test.js > Request Coalescing Timeout & Cleanup > should not leak memory after 1000+ requests
[AdvancedSearch] Searching for "Book 593" by "Test Author"

stdout | tests/handlers/request-coalescing-timeout.test.js > Request Coalescing Timeout & Cleanup > should not leak memory after 1000+ requests
[AdvancedSearch] Searching for "Book 594" by "Test Author"

stdout | tests/handlers/request-coalescing-timeout.test.js > Request Coalescing Timeout & Cleanup > should not leak memory after 1000+ requests
[AdvancedSearch] Searching for "Book 595" by "Test Author"

stdout | tests/handlers/request-coalescing-timeout.test.js > Request Coalescing Timeout & Cleanup > should not leak memory after 1000+ requests
[AdvancedSearch] Searching for "Book 596" by "Test Author"

stdout | tests/handlers/request-coalescing-timeout.test.js > Request Coalescing Timeout & Cleanup > should not leak memory after 1000+ requests
[AdvancedSearch] Searching for "Book 597" by "Test Author"

stdout | tests/handlers/request-coalescing-timeout.test.js > Request Coalescing Timeout & Cleanup > should not leak memory after 1000+ requests
[AdvancedSearch] Searching for "Book 598" by "Test Author"

stdout | tests/handlers/request-coalescing-timeout.test.js > Request Coalescing Timeout & Cleanup > should not leak memory after 1000+ requests
[AdvancedSearch] Searching for "Book 599" by "Test Author"

stdout | tests/handlers/request-coalescing-timeout.test.js > Request Coalescing Timeout & Cleanup > should not leak memory after 1000+ requests
[AdvancedSearch] Searching for "Book 600" by "Test Author"

stdout | tests/handlers/request-coalescing-timeout.test.js > Request Coalescing Timeout & Cleanup > should not leak memory after 1000+ requests
[AdvancedSearch] Searching for "Book 601" by "Test Author"

stdout | tests/handlers/request-coalescing-timeout.test.js > Request Coalescing Timeout & Cleanup > should not leak memory after 1000+ requests
[AdvancedSearch] Searching for "Book 602" by "Test Author"

stdout | tests/handlers/request-coalescing-timeout.test.js > Request Coalescing Timeout & Cleanup > should not leak memory after 1000+ requests
[AdvancedSearch] Searching for "Book 603" by "Test Author"

stdout | tests/handlers/request-coalescing-timeout.test.js > Request Coalescing Timeout & Cleanup > should not leak memory after 1000+ requests
[AdvancedSearch] Searching for "Book 604" by "Test Author"

stdout | tests/handlers/request-coalescing-timeout.test.js > Request Coalescing Timeout & Cleanup > should not leak memory after 1000+ requests
[AdvancedSearch] Searching for "Book 605" by "Test Author"

stdout | tests/handlers/request-coalescing-timeout.test.js > Request Coalescing Timeout & Cleanup > should not leak memory after 1000+ requests
[AdvancedSearch] Searching for "Book 606" by "Test Author"

stdout | tests/handlers/request-coalescing-timeout.test.js > Request Coalescing Timeout & Cleanup > should not leak memory after 1000+ requests
[AdvancedSearch] Searching for "Book 607" by "Test Author"

stdout | tests/handlers/request-coalescing-timeout.test.js > Request Coalescing Timeout & Cleanup > should not leak memory after 1000+ requests
[AdvancedSearch] Searching for "Book 608" by "Test Author"

stdout | tests/handlers/request-coalescing-timeout.test.js > Request Coalescing Timeout & Cleanup > should not leak memory after 1000+ requests
[AdvancedSearch] Searching for "Book 609" by "Test Author"

stdout | tests/handlers/request-coalescing-timeout.test.js > Request Coalescing Timeout & Cleanup > should not leak memory after 1000+ requests
[AdvancedSearch] Searching for "Book 610" by "Test Author"

stdout | tests/handlers/request-coalescing-timeout.test.js > Request Coalescing Timeout & Cleanup > should not leak memory after 1000+ requests
[AdvancedSearch] Searching for "Book 611" by "Test Author"

stdout | tests/handlers/request-coalescing-timeout.test.js > Request Coalescing Timeout & Cleanup > should not leak memory after 1000+ requests
[AdvancedSearch] Searching for "Book 612" by "Test Author"

stdout | tests/handlers/request-coalescing-timeout.test.js > Request Coalescing Timeout & Cleanup > should not leak memory after 1000+ requests
[AdvancedSearch] Searching for "Book 613" by "Test Author"

stdout | tests/handlers/request-coalescing-timeout.test.js > Request Coalescing Timeout & Cleanup > should not leak memory after 1000+ requests
[AdvancedSearch] Searching for "Book 614" by "Test Author"

stdout | tests/handlers/request-coalescing-timeout.test.js > Request Coalescing Timeout & Cleanup > should not leak memory after 1000+ requests
[AdvancedSearch] Searching for "Book 615" by "Test Author"

stdout | tests/handlers/request-coalescing-timeout.test.js > Request Coalescing Timeout & Cleanup > should not leak memory after 1000+ requests
[AdvancedSearch] Searching for "Book 616" by "Test Author"

stdout | tests/handlers/request-coalescing-timeout.test.js > Request Coalescing Timeout & Cleanup > should not leak memory after 1000+ requests
[AdvancedSearch] Searching for "Book 617" by "Test Author"

stdout | tests/handlers/request-coalescing-timeout.test.js > Request Coalescing Timeout & Cleanup > should not leak memory after 1000+ requests
[AdvancedSearch] Searching for "Book 618" by "Test Author"

stdout | tests/handlers/request-coalescing-timeout.test.js > Request Coalescing Timeout & Cleanup > should not leak memory after 1000+ requests
[AdvancedSearch] Searching for "Book 619" by "Test Author"

stdout | tests/handlers/request-coalescing-timeout.test.js > Request Coalescing Timeout & Cleanup > should not leak memory after 1000+ requests
[AdvancedSearch] Searching for "Book 620" by "Test Author"

stdout | tests/handlers/request-coalescing-timeout.test.js > Request Coalescing Timeout & Cleanup > should not leak memory after 1000+ requests
[AdvancedSearch] Searching for "Book 621" by "Test Author"

stdout | tests/handlers/request-coalescing-timeout.test.js > Request Coalescing Timeout & Cleanup > should not leak memory after 1000+ requests
[AdvancedSearch] Searching for "Book 622" by "Test Author"

stdout | tests/handlers/request-coalescing-timeout.test.js > Request Coalescing Timeout & Cleanup > should not leak memory after 1000+ requests
[AdvancedSearch] Searching for "Book 623" by "Test Author"

stdout | tests/handlers/request-coalescing-timeout.test.js > Request Coalescing Timeout & Cleanup > should not leak memory after 1000+ requests
[AdvancedSearch] Searching for "Book 624" by "Test Author"

stdout | tests/handlers/request-coalescing-timeout.test.js > Request Coalescing Timeout & Cleanup > should not leak memory after 1000+ requests
[AdvancedSearch] Searching for "Book 625" by "Test Author"

stdout | tests/handlers/request-coalescing-timeout.test.js > Request Coalescing Timeout & Cleanup > should not leak memory after 1000+ requests
[AdvancedSearch] Searching for "Book 626" by "Test Author"

stdout | tests/handlers/request-coalescing-timeout.test.js > Request Coalescing Timeout & Cleanup > should not leak memory after 1000+ requests
[AdvancedSearch] Searching for "Book 627" by "Test Author"

stdout | tests/handlers/request-coalescing-timeout.test.js > Request Coalescing Timeout & Cleanup > should not leak memory after 1000+ requests
[AdvancedSearch] Searching for "Book 628" by "Test Author"

stdout | tests/handlers/request-coalescing-timeout.test.js > Request Coalescing Timeout & Cleanup > should not leak memory after 1000+ requests
[AdvancedSearch] Searching for "Book 629" by "Test Author"

stdout | tests/handlers/request-coalescing-timeout.test.js > Request Coalescing Timeout & Cleanup > should not leak memory after 1000+ requests
[AdvancedSearch] Searching for "Book 630" by "Test Author"

stdout | tests/handlers/request-coalescing-timeout.test.js > Request Coalescing Timeout & Cleanup > should not leak memory after 1000+ requests
[AdvancedSearch] Searching for "Book 631" by "Test Author"

stdout | tests/handlers/request-coalescing-timeout.test.js > Request Coalescing Timeout & Cleanup > should not leak memory after 1000+ requests
[AdvancedSearch] Searching for "Book 632" by "Test Author"

stdout | tests/handlers/request-coalescing-timeout.test.js > Request Coalescing Timeout & Cleanup > should not leak memory after 1000+ requests
[AdvancedSearch] Searching for "Book 633" by "Test Author"

stdout | tests/handlers/request-coalescing-timeout.test.js > Request Coalescing Timeout & Cleanup > should not leak memory after 1000+ requests
[AdvancedSearch] Searching for "Book 634" by "Test Author"

stdout | tests/handlers/request-coalescing-timeout.test.js > Request Coalescing Timeout & Cleanup > should not leak memory after 1000+ requests
[AdvancedSearch] Searching for "Book 635" by "Test Author"

stdout | tests/handlers/request-coalescing-timeout.test.js > Request Coalescing Timeout & Cleanup > should not leak memory after 1000+ requests
[AdvancedSearch] Searching for "Book 636" by "Test Author"

stdout | tests/handlers/request-coalescing-timeout.test.js > Request Coalescing Timeout & Cleanup > should not leak memory after 1000+ requests
[AdvancedSearch] Searching for "Book 637" by "Test Author"

stdout | tests/handlers/request-coalescing-timeout.test.js > Request Coalescing Timeout & Cleanup > should not leak memory after 1000+ requests
[AdvancedSearch] Searching for "Book 638" by "Test Author"

stdout | tests/handlers/request-coalescing-timeout.test.js > Request Coalescing Timeout & Cleanup > should not leak memory after 1000+ requests
[AdvancedSearch] Searching for "Book 639" by "Test Author"

stdout | tests/handlers/request-coalescing-timeout.test.js > Request Coalescing Timeout & Cleanup > should not leak memory after 1000+ requests
[AdvancedSearch] Searching for "Book 640" by "Test Author"

stdout | tests/handlers/request-coalescing-timeout.test.js > Request Coalescing Timeout & Cleanup > should not leak memory after 1000+ requests
[AdvancedSearch] Searching for "Book 641" by "Test Author"

stdout | tests/handlers/request-coalescing-timeout.test.js > Request Coalescing Timeout & Cleanup > should not leak memory after 1000+ requests
[AdvancedSearch] Searching for "Book 642" by "Test Author"

stdout | tests/handlers/request-coalescing-timeout.test.js > Request Coalescing Timeout & Cleanup > should not leak memory after 1000+ requests
[AdvancedSearch] Searching for "Book 643" by "Test Author"

stdout | tests/handlers/request-coalescing-timeout.test.js > Request Coalescing Timeout & Cleanup > should not leak memory after 1000+ requests
[AdvancedSearch] Searching for "Book 644" by "Test Author"

stdout | tests/handlers/request-coalescing-timeout.test.js > Request Coalescing Timeout & Cleanup > should not leak memory after 1000+ requests
[AdvancedSearch] Searching for "Book 645" by "Test Author"

stdout | tests/handlers/request-coalescing-timeout.test.js > Request Coalescing Timeout & Cleanup > should not leak memory after 1000+ requests
[AdvancedSearch] Searching for "Book 646" by "Test Author"

stdout | tests/handlers/request-coalescing-timeout.test.js > Request Coalescing Timeout & Cleanup > should not leak memory after 1000+ requests
[AdvancedSearch] Searching for "Book 647" by "Test Author"

stdout | tests/handlers/request-coalescing-timeout.test.js > Request Coalescing Timeout & Cleanup > should not leak memory after 1000+ requests
[AdvancedSearch] Searching for "Book 648" by "Test Author"

stdout | tests/handlers/request-coalescing-timeout.test.js > Request Coalescing Timeout & Cleanup > should not leak memory after 1000+ requests
[AdvancedSearch] Searching for "Book 649" by "Test Author"

stdout | tests/handlers/request-coalescing-timeout.test.js > Request Coalescing Timeout & Cleanup > should not leak memory after 1000+ requests
[AdvancedSearch] Searching for "Book 650" by "Test Author"

stdout | tests/handlers/request-coalescing-timeout.test.js > Request Coalescing Timeout & Cleanup > should not leak memory after 1000+ requests
[AdvancedSearch] Searching for "Book 651" by "Test Author"

stdout | tests/handlers/request-coalescing-timeout.test.js > Request Coalescing Timeout & Cleanup > should not leak memory after 1000+ requests
[AdvancedSearch] Searching for "Book 652" by "Test Author"

stdout | tests/handlers/request-coalescing-timeout.test.js > Request Coalescing Timeout & Cleanup > should not leak memory after 1000+ requests
[AdvancedSearch] Searching for "Book 653" by "Test Author"

stdout | tests/handlers/request-coalescing-timeout.test.js > Request Coalescing Timeout & Cleanup > should not leak memory after 1000+ requests
[AdvancedSearch] Searching for "Book 654" by "Test Author"

stdout | tests/handlers/request-coalescing-timeout.test.js > Request Coalescing Timeout & Cleanup > should not leak memory after 1000+ requests
[AdvancedSearch] Searching for "Book 655" by "Test Author"

stdout | tests/handlers/request-coalescing-timeout.test.js > Request Coalescing Timeout & Cleanup > should not leak memory after 1000+ requests
[AdvancedSearch] Searching for "Book 656" by "Test Author"

stdout | tests/handlers/request-coalescing-timeout.test.js > Request Coalescing Timeout & Cleanup > should not leak memory after 1000+ requests
[AdvancedSearch] Searching for "Book 657" by "Test Author"

stdout | tests/handlers/request-coalescing-timeout.test.js > Request Coalescing Timeout & Cleanup > should not leak memory after 1000+ requests
[AdvancedSearch] Searching for "Book 658" by "Test Author"

stdout | tests/handlers/request-coalescing-timeout.test.js > Request Coalescing Timeout & Cleanup > should not leak memory after 1000+ requests
[AdvancedSearch] Searching for "Book 659" by "Test Author"

stdout | tests/handlers/request-coalescing-timeout.test.js > Request Coalescing Timeout & Cleanup > should not leak memory after 1000+ requests
[AdvancedSearch] Searching for "Book 660" by "Test Author"

stdout | tests/handlers/request-coalescing-timeout.test.js > Request Coalescing Timeout & Cleanup > should not leak memory after 1000+ requests
[AdvancedSearch] Searching for "Book 661" by "Test Author"

stdout | tests/handlers/request-coalescing-timeout.test.js > Request Coalescing Timeout & Cleanup > should not leak memory after 1000+ requests
[AdvancedSearch] Searching for "Book 662" by "Test Author"

stdout | tests/handlers/request-coalescing-timeout.test.js > Request Coalescing Timeout & Cleanup > should not leak memory after 1000+ requests
[AdvancedSearch] Searching for "Book 663" by "Test Author"

stdout | tests/handlers/request-coalescing-timeout.test.js > Request Coalescing Timeout & Cleanup > should not leak memory after 1000+ requests
[AdvancedSearch] Searching for "Book 664" by "Test Author"

stdout | tests/handlers/request-coalescing-timeout.test.js > Request Coalescing Timeout & Cleanup > should not leak memory after 1000+ requests
[AdvancedSearch] Searching for "Book 665" by "Test Author"

stdout | tests/handlers/request-coalescing-timeout.test.js > Request Coalescing Timeout & Cleanup > should not leak memory after 1000+ requests
[AdvancedSearch] Searching for "Book 666" by "Test Author"

stdout | tests/handlers/request-coalescing-timeout.test.js > Request Coalescing Timeout & Cleanup > should not leak memory after 1000+ requests
[AdvancedSearch] Searching for "Book 667" by "Test Author"

stdout | tests/handlers/request-coalescing-timeout.test.js > Request Coalescing Timeout & Cleanup > should not leak memory after 1000+ requests
[AdvancedSearch] Searching for "Book 668" by "Test Author"

stdout | tests/handlers/request-coalescing-timeout.test.js > Request Coalescing Timeout & Cleanup > should not leak memory after 1000+ requests
[AdvancedSearch] Searching for "Book 669" by "Test Author"

stdout | tests/handlers/request-coalescing-timeout.test.js > Request Coalescing Timeout & Cleanup > should not leak memory after 1000+ requests
[AdvancedSearch] Searching for "Book 670" by "Test Author"

stdout | tests/handlers/request-coalescing-timeout.test.js > Request Coalescing Timeout & Cleanup > should not leak memory after 1000+ requests
[AdvancedSearch] Searching for "Book 671" by "Test Author"

stdout | tests/handlers/request-coalescing-timeout.test.js > Request Coalescing Timeout & Cleanup > should not leak memory after 1000+ requests
[AdvancedSearch] Searching for "Book 672" by "Test Author"

stdout | tests/handlers/request-coalescing-timeout.test.js > Request Coalescing Timeout & Cleanup > should not leak memory after 1000+ requests
[AdvancedSearch] Searching for "Book 673" by "Test Author"

stdout | tests/handlers/request-coalescing-timeout.test.js > Request Coalescing Timeout & Cleanup > should not leak memory after 1000+ requests
[AdvancedSearch] Searching for "Book 674" by "Test Author"

stdout | tests/handlers/request-coalescing-timeout.test.js > Request Coalescing Timeout & Cleanup > should not leak memory after 1000+ requests
[AdvancedSearch] Searching for "Book 675" by "Test Author"

stdout | tests/handlers/request-coalescing-timeout.test.js > Request Coalescing Timeout & Cleanup > should not leak memory after 1000+ requests
[AdvancedSearch] Searching for "Book 676" by "Test Author"

stdout | tests/handlers/request-coalescing-timeout.test.js > Request Coalescing Timeout & Cleanup > should not leak memory after 1000+ requests
[AdvancedSearch] Searching for "Book 677" by "Test Author"

stdout | tests/handlers/request-coalescing-timeout.test.js > Request Coalescing Timeout & Cleanup > should not leak memory after 1000+ requests
[AdvancedSearch] Searching for "Book 678" by "Test Author"

stdout | tests/handlers/request-coalescing-timeout.test.js > Request Coalescing Timeout & Cleanup > should not leak memory after 1000+ requests
[AdvancedSearch] Searching for "Book 679" by "Test Author"

stdout | tests/handlers/request-coalescing-timeout.test.js > Request Coalescing Timeout & Cleanup > should not leak memory after 1000+ requests
[AdvancedSearch] Searching for "Book 680" by "Test Author"

stdout | tests/handlers/request-coalescing-timeout.test.js > Request Coalescing Timeout & Cleanup > should not leak memory after 1000+ requests
[AdvancedSearch] Searching for "Book 681" by "Test Author"

stdout | tests/handlers/request-coalescing-timeout.test.js > Request Coalescing Timeout & Cleanup > should not leak memory after 1000+ requests
[AdvancedSearch] Searching for "Book 682" by "Test Author"

stdout | tests/handlers/request-coalescing-timeout.test.js > Request Coalescing Timeout & Cleanup > should not leak memory after 1000+ requests
[AdvancedSearch] Searching for "Book 683" by "Test Author"

stdout | tests/handlers/request-coalescing-timeout.test.js > Request Coalescing Timeout & Cleanup > should not leak memory after 1000+ requests
[AdvancedSearch] Searching for "Book 684" by "Test Author"

stdout | tests/handlers/request-coalescing-timeout.test.js > Request Coalescing Timeout & Cleanup > should not leak memory after 1000+ requests
[AdvancedSearch] Searching for "Book 685" by "Test Author"

stdout | tests/handlers/request-coalescing-timeout.test.js > Request Coalescing Timeout & Cleanup > should not leak memory after 1000+ requests
[AdvancedSearch] Searching for "Book 686" by "Test Author"

stdout | tests/handlers/request-coalescing-timeout.test.js > Request Coalescing Timeout & Cleanup > should not leak memory after 1000+ requests
[AdvancedSearch] Searching for "Book 687" by "Test Author"

stdout | tests/handlers/request-coalescing-timeout.test.js > Request Coalescing Timeout & Cleanup > should not leak memory after 1000+ requests
[AdvancedSearch] Searching for "Book 688" by "Test Author"

stdout | tests/handlers/request-coalescing-timeout.test.js > Request Coalescing Timeout & Cleanup > should not leak memory after 1000+ requests
[AdvancedSearch] Searching for "Book 689" by "Test Author"

stdout | tests/handlers/request-coalescing-timeout.test.js > Request Coalescing Timeout & Cleanup > should not leak memory after 1000+ requests
[AdvancedSearch] Searching for "Book 690" by "Test Author"

stdout | tests/handlers/request-coalescing-timeout.test.js > Request Coalescing Timeout & Cleanup > should not leak memory after 1000+ requests
[AdvancedSearch] Searching for "Book 691" by "Test Author"

stdout | tests/handlers/request-coalescing-timeout.test.js > Request Coalescing Timeout & Cleanup > should not leak memory after 1000+ requests
[AdvancedSearch] Searching for "Book 692" by "Test Author"

stdout | tests/handlers/request-coalescing-timeout.test.js > Request Coalescing Timeout & Cleanup > should not leak memory after 1000+ requests
[AdvancedSearch] Searching for "Book 693" by "Test Author"

stdout | tests/handlers/request-coalescing-timeout.test.js > Request Coalescing Timeout & Cleanup > should not leak memory after 1000+ requests
[AdvancedSearch] Searching for "Book 694" by "Test Author"

stdout | tests/handlers/request-coalescing-timeout.test.js > Request Coalescing Timeout & Cleanup > should not leak memory after 1000+ requests
[AdvancedSearch] Searching for "Book 695" by "Test Author"

stdout | tests/handlers/request-coalescing-timeout.test.js > Request Coalescing Timeout & Cleanup > should not leak memory after 1000+ requests
[AdvancedSearch] Searching for "Book 696" by "Test Author"

stdout | tests/handlers/request-coalescing-timeout.test.js > Request Coalescing Timeout & Cleanup > should not leak memory after 1000+ requests
[AdvancedSearch] Searching for "Book 697" by "Test Author"

stdout | tests/handlers/request-coalescing-timeout.test.js > Request Coalescing Timeout & Cleanup > should not leak memory after 1000+ requests
[AdvancedSearch] Searching for "Book 698" by "Test Author"

stdout | tests/handlers/request-coalescing-timeout.test.js > Request Coalescing Timeout & Cleanup > should not leak memory after 1000+ requests
[AdvancedSearch] Searching for "Book 699" by "Test Author"

stdout | tests/handlers/request-coalescing-timeout.test.js > Request Coalescing Timeout & Cleanup > should not leak memory after 1000+ requests
[AdvancedSearch] Searching for "Book 700" by "Test Author"

stdout | tests/handlers/request-coalescing-timeout.test.js > Request Coalescing Timeout & Cleanup > should not leak memory after 1000+ requests
[AdvancedSearch] Searching for "Book 701" by "Test Author"

stdout | tests/handlers/request-coalescing-timeout.test.js > Request Coalescing Timeout & Cleanup > should not leak memory after 1000+ requests
[AdvancedSearch] Searching for "Book 702" by "Test Author"

stdout | tests/handlers/request-coalescing-timeout.test.js > Request Coalescing Timeout & Cleanup > should not leak memory after 1000+ requests
[AdvancedSearch] Searching for "Book 703" by "Test Author"

stdout | tests/handlers/request-coalescing-timeout.test.js > Request Coalescing Timeout & Cleanup > should not leak memory after 1000+ requests
[AdvancedSearch] Searching for "Book 704" by "Test Author"

stdout | tests/handlers/request-coalescing-timeout.test.js > Request Coalescing Timeout & Cleanup > should not leak memory after 1000+ requests
[AdvancedSearch] Searching for "Book 705" by "Test Author"

stdout | tests/handlers/request-coalescing-timeout.test.js > Request Coalescing Timeout & Cleanup > should not leak memory after 1000+ requests
[AdvancedSearch] Searching for "Book 706" by "Test Author"

stdout | tests/handlers/request-coalescing-timeout.test.js > Request Coalescing Timeout & Cleanup > should not leak memory after 1000+ requests
[AdvancedSearch] Searching for "Book 707" by "Test Author"

stdout | tests/handlers/request-coalescing-timeout.test.js > Request Coalescing Timeout & Cleanup > should not leak memory after 1000+ requests
[AdvancedSearch] Searching for "Book 708" by "Test Author"

stdout | tests/handlers/request-coalescing-timeout.test.js > Request Coalescing Timeout & Cleanup > should not leak memory after 1000+ requests
[AdvancedSearch] Searching for "Book 709" by "Test Author"

stdout | tests/handlers/request-coalescing-timeout.test.js > Request Coalescing Timeout & Cleanup > should not leak memory after 1000+ requests
[AdvancedSearch] Searching for "Book 710" by "Test Author"

stdout | tests/handlers/request-coalescing-timeout.test.js > Request Coalescing Timeout & Cleanup > should not leak memory after 1000+ requests
[AdvancedSearch] Searching for "Book 711" by "Test Author"

stdout | tests/handlers/request-coalescing-timeout.test.js > Request Coalescing Timeout & Cleanup > should not leak memory after 1000+ requests
[AdvancedSearch] Searching for "Book 712" by "Test Author"

stdout | tests/handlers/request-coalescing-timeout.test.js > Request Coalescing Timeout & Cleanup > should not leak memory after 1000+ requests
[AdvancedSearch] Searching for "Book 713" by "Test Author"

stdout | tests/handlers/request-coalescing-timeout.test.js > Request Coalescing Timeout & Cleanup > should not leak memory after 1000+ requests
[AdvancedSearch] Searching for "Book 714" by "Test Author"

stdout | tests/handlers/request-coalescing-timeout.test.js > Request Coalescing Timeout & Cleanup > should not leak memory after 1000+ requests
[AdvancedSearch] Searching for "Book 715" by "Test Author"

stdout | tests/handlers/request-coalescing-timeout.test.js > Request Coalescing Timeout & Cleanup > should not leak memory after 1000+ requests
[AdvancedSearch] Searching for "Book 716" by "Test Author"

stdout | tests/handlers/request-coalescing-timeout.test.js > Request Coalescing Timeout & Cleanup > should not leak memory after 1000+ requests
[AdvancedSearch] Searching for "Book 717" by "Test Author"

stdout | tests/handlers/request-coalescing-timeout.test.js > Request Coalescing Timeout & Cleanup > should not leak memory after 1000+ requests
[AdvancedSearch] Searching for "Book 718" by "Test Author"

stdout | tests/handlers/request-coalescing-timeout.test.js > Request Coalescing Timeout & Cleanup > should not leak memory after 1000+ requests
[AdvancedSearch] Searching for "Book 719" by "Test Author"

stdout | tests/handlers/request-coalescing-timeout.test.js > Request Coalescing Timeout & Cleanup > should not leak memory after 1000+ requests
[AdvancedSearch] Searching for "Book 720" by "Test Author"

stdout | tests/handlers/request-coalescing-timeout.test.js > Request Coalescing Timeout & Cleanup > should not leak memory after 1000+ requests
[AdvancedSearch] Searching for "Book 721" by "Test Author"

stdout | tests/handlers/request-coalescing-timeout.test.js > Request Coalescing Timeout & Cleanup > should not leak memory after 1000+ requests
[AdvancedSearch] Searching for "Book 722" by "Test Author"

stdout | tests/handlers/request-coalescing-timeout.test.js > Request Coalescing Timeout & Cleanup > should not leak memory after 1000+ requests
[AdvancedSearch] Searching for "Book 723" by "Test Author"

stdout | tests/handlers/request-coalescing-timeout.test.js > Request Coalescing Timeout & Cleanup > should not leak memory after 1000+ requests
[AdvancedSearch] Searching for "Book 724" by "Test Author"

stdout | tests/handlers/request-coalescing-timeout.test.js > Request Coalescing Timeout & Cleanup > should not leak memory after 1000+ requests
[AdvancedSearch] Searching for "Book 725" by "Test Author"

stdout | tests/handlers/request-coalescing-timeout.test.js > Request Coalescing Timeout & Cleanup > should not leak memory after 1000+ requests
[AdvancedSearch] Searching for "Book 726" by "Test Author"

stdout | tests/handlers/request-coalescing-timeout.test.js > Request Coalescing Timeout & Cleanup > should not leak memory after 1000+ requests
[AdvancedSearch] Searching for "Book 727" by "Test Author"

stdout | tests/handlers/request-coalescing-timeout.test.js > Request Coalescing Timeout & Cleanup > should not leak memory after 1000+ requests
[AdvancedSearch] Searching for "Book 728" by "Test Author"

stdout | tests/handlers/request-coalescing-timeout.test.js > Request Coalescing Timeout & Cleanup > should not leak memory after 1000+ requests
[AdvancedSearch] Searching for "Book 729" by "Test Author"

stdout | tests/handlers/request-coalescing-timeout.test.js > Request Coalescing Timeout & Cleanup > should not leak memory after 1000+ requests
[AdvancedSearch] Searching for "Book 730" by "Test Author"

stdout | tests/handlers/request-coalescing-timeout.test.js > Request Coalescing Timeout & Cleanup > should not leak memory after 1000+ requests
[AdvancedSearch] Searching for "Book 731" by "Test Author"

stdout | tests/handlers/request-coalescing-timeout.test.js > Request Coalescing Timeout & Cleanup > should not leak memory after 1000+ requests
[AdvancedSearch] Searching for "Book 732" by "Test Author"

stdout | tests/handlers/request-coalescing-timeout.test.js > Request Coalescing Timeout & Cleanup > should not leak memory after 1000+ requests
[AdvancedSearch] Searching for "Book 733" by "Test Author"

stdout | tests/handlers/request-coalescing-timeout.test.js > Request Coalescing Timeout & Cleanup > should not leak memory after 1000+ requests
[AdvancedSearch] Searching for "Book 734" by "Test Author"

stdout | tests/handlers/request-coalescing-timeout.test.js > Request Coalescing Timeout & Cleanup > should not leak memory after 1000+ requests
[AdvancedSearch] Searching for "Book 735" by "Test Author"

stdout | tests/handlers/request-coalescing-timeout.test.js > Request Coalescing Timeout & Cleanup > should not leak memory after 1000+ requests
[AdvancedSearch] Searching for "Book 736" by "Test Author"

stdout | tests/handlers/request-coalescing-timeout.test.js > Request Coalescing Timeout & Cleanup > should not leak memory after 1000+ requests
[AdvancedSearch] Searching for "Book 737" by "Test Author"

stdout | tests/handlers/request-coalescing-timeout.test.js > Request Coalescing Timeout & Cleanup > should not leak memory after 1000+ requests
[AdvancedSearch] Searching for "Book 738" by "Test Author"

stdout | tests/handlers/request-coalescing-timeout.test.js > Request Coalescing Timeout & Cleanup > should not leak memory after 1000+ requests
[AdvancedSearch] Searching for "Book 739" by "Test Author"

stdout | tests/handlers/request-coalescing-timeout.test.js > Request Coalescing Timeout & Cleanup > should not leak memory after 1000+ requests
[AdvancedSearch] Searching for "Book 740" by "Test Author"

stdout | tests/handlers/request-coalescing-timeout.test.js > Request Coalescing Timeout & Cleanup > should not leak memory after 1000+ requests
[AdvancedSearch] Searching for "Book 741" by "Test Author"

stdout | tests/handlers/request-coalescing-timeout.test.js > Request Coalescing Timeout & Cleanup > should not leak memory after 1000+ requests
[AdvancedSearch] Searching for "Book 742" by "Test Author"

stdout | tests/handlers/request-coalescing-timeout.test.js > Request Coalescing Timeout & Cleanup > should not leak memory after 1000+ requests
[AdvancedSearch] Searching for "Book 743" by "Test Author"

stdout | tests/handlers/request-coalescing-timeout.test.js > Request Coalescing Timeout & Cleanup > should not leak memory after 1000+ requests
[AdvancedSearch] Searching for "Book 744" by "Test Author"

stdout | tests/handlers/request-coalescing-timeout.test.js > Request Coalescing Timeout & Cleanup > should not leak memory after 1000+ requests
[AdvancedSearch] Searching for "Book 745" by "Test Author"

stdout | tests/handlers/request-coalescing-timeout.test.js > Request Coalescing Timeout & Cleanup > should not leak memory after 1000+ requests
[AdvancedSearch] Searching for "Book 746" by "Test Author"

stdout | tests/handlers/request-coalescing-timeout.test.js > Request Coalescing Timeout & Cleanup > should not leak memory after 1000+ requests
[AdvancedSearch] Searching for "Book 747" by "Test Author"

stdout | tests/handlers/request-coalescing-timeout.test.js > Request Coalescing Timeout & Cleanup > should not leak memory after 1000+ requests
[AdvancedSearch] Searching for "Book 748" by "Test Author"

stdout | tests/handlers/request-coalescing-timeout.test.js > Request Coalescing Timeout & Cleanup > should not leak memory after 1000+ requests
[AdvancedSearch] Searching for "Book 749" by "Test Author"

stdout | tests/handlers/request-coalescing-timeout.test.js > Request Coalescing Timeout & Cleanup > should not leak memory after 1000+ requests
[AdvancedSearch] Searching for "Book 750" by "Test Author"

stdout | tests/handlers/request-coalescing-timeout.test.js > Request Coalescing Timeout & Cleanup > should not leak memory after 1000+ requests
[AdvancedSearch] Searching for "Book 751" by "Test Author"

stdout | tests/handlers/request-coalescing-timeout.test.js > Request Coalescing Timeout & Cleanup > should not leak memory after 1000+ requests
[AdvancedSearch] Searching for "Book 752" by "Test Author"

stdout | tests/handlers/request-coalescing-timeout.test.js > Request Coalescing Timeout & Cleanup > should not leak memory after 1000+ requests
[AdvancedSearch] Searching for "Book 753" by "Test Author"

stdout | tests/handlers/request-coalescing-timeout.test.js > Request Coalescing Timeout & Cleanup > should not leak memory after 1000+ requests
[AdvancedSearch] Searching for "Book 754" by "Test Author"

stdout | tests/handlers/request-coalescing-timeout.test.js > Request Coalescing Timeout & Cleanup > should not leak memory after 1000+ requests
[AdvancedSearch] Searching for "Book 755" by "Test Author"

stdout | tests/handlers/request-coalescing-timeout.test.js > Request Coalescing Timeout & Cleanup > should not leak memory after 1000+ requests
[AdvancedSearch] Searching for "Book 756" by "Test Author"

stdout | tests/handlers/request-coalescing-timeout.test.js > Request Coalescing Timeout & Cleanup > should not leak memory after 1000+ requests
[AdvancedSearch] Searching for "Book 757" by "Test Author"

stdout | tests/handlers/request-coalescing-timeout.test.js > Request Coalescing Timeout & Cleanup > should not leak memory after 1000+ requests
[AdvancedSearch] Searching for "Book 758" by "Test Author"

stdout | tests/handlers/request-coalescing-timeout.test.js > Request Coalescing Timeout & Cleanup > should not leak memory after 1000+ requests
[AdvancedSearch] Searching for "Book 759" by "Test Author"

stdout | tests/handlers/request-coalescing-timeout.test.js > Request Coalescing Timeout & Cleanup > should not leak memory after 1000+ requests
[AdvancedSearch] Searching for "Book 760" by "Test Author"

stdout | tests/handlers/request-coalescing-timeout.test.js > Request Coalescing Timeout & Cleanup > should not leak memory after 1000+ requests
[AdvancedSearch] Searching for "Book 761" by "Test Author"

stdout | tests/handlers/request-coalescing-timeout.test.js > Request Coalescing Timeout & Cleanup > should not leak memory after 1000+ requests
[AdvancedSearch] Searching for "Book 762" by "Test Author"

stdout | tests/handlers/request-coalescing-timeout.test.js > Request Coalescing Timeout & Cleanup > should not leak memory after 1000+ requests
[AdvancedSearch] Searching for "Book 763" by "Test Author"

stdout | tests/handlers/request-coalescing-timeout.test.js > Request Coalescing Timeout & Cleanup > should not leak memory after 1000+ requests
[AdvancedSearch] Searching for "Book 764" by "Test Author"

stdout | tests/handlers/request-coalescing-timeout.test.js > Request Coalescing Timeout & Cleanup > should not leak memory after 1000+ requests
[AdvancedSearch] Searching for "Book 765" by "Test Author"

stdout | tests/handlers/request-coalescing-timeout.test.js > Request Coalescing Timeout & Cleanup > should not leak memory after 1000+ requests
[AdvancedSearch] Searching for "Book 766" by "Test Author"

stdout | tests/handlers/request-coalescing-timeout.test.js > Request Coalescing Timeout & Cleanup > should not leak memory after 1000+ requests
[AdvancedSearch] Searching for "Book 767" by "Test Author"

stdout | tests/handlers/request-coalescing-timeout.test.js > Request Coalescing Timeout & Cleanup > should not leak memory after 1000+ requests
[AdvancedSearch] Searching for "Book 768" by "Test Author"

stdout | tests/handlers/request-coalescing-timeout.test.js > Request Coalescing Timeout & Cleanup > should not leak memory after 1000+ requests
[AdvancedSearch] Searching for "Book 769" by "Test Author"

stdout | tests/handlers/request-coalescing-timeout.test.js > Request Coalescing Timeout & Cleanup > should not leak memory after 1000+ requests
[AdvancedSearch] Searching for "Book 770" by "Test Author"

stdout | tests/handlers/request-coalescing-timeout.test.js > Request Coalescing Timeout & Cleanup > should not leak memory after 1000+ requests
[AdvancedSearch] Searching for "Book 771" by "Test Author"

stdout | tests/handlers/request-coalescing-timeout.test.js > Request Coalescing Timeout & Cleanup > should not leak memory after 1000+ requests
[AdvancedSearch] Searching for "Book 772" by "Test Author"

stdout | tests/handlers/request-coalescing-timeout.test.js > Request Coalescing Timeout & Cleanup > should not leak memory after 1000+ requests
[AdvancedSearch] Searching for "Book 773" by "Test Author"

stdout | tests/handlers/request-coalescing-timeout.test.js > Request Coalescing Timeout & Cleanup > should not leak memory after 1000+ requests
[AdvancedSearch] Searching for "Book 774" by "Test Author"

stdout | tests/handlers/request-coalescing-timeout.test.js > Request Coalescing Timeout & Cleanup > should not leak memory after 1000+ requests
[AdvancedSearch] Searching for "Book 775" by "Test Author"

stdout | tests/handlers/request-coalescing-timeout.test.js > Request Coalescing Timeout & Cleanup > should not leak memory after 1000+ requests
[AdvancedSearch] Searching for "Book 776" by "Test Author"

stdout | tests/handlers/request-coalescing-timeout.test.js > Request Coalescing Timeout & Cleanup > should not leak memory after 1000+ requests
[AdvancedSearch] Searching for "Book 777" by "Test Author"

stdout | tests/handlers/request-coalescing-timeout.test.js > Request Coalescing Timeout & Cleanup > should not leak memory after 1000+ requests
[AdvancedSearch] Searching for "Book 778" by "Test Author"

stdout | tests/handlers/request-coalescing-timeout.test.js > Request Coalescing Timeout & Cleanup > should not leak memory after 1000+ requests
[AdvancedSearch] Searching for "Book 779" by "Test Author"

stdout | tests/handlers/request-coalescing-timeout.test.js > Request Coalescing Timeout & Cleanup > should not leak memory after 1000+ requests
[AdvancedSearch] Searching for "Book 780" by "Test Author"

stdout | tests/handlers/request-coalescing-timeout.test.js > Request Coalescing Timeout & Cleanup > should not leak memory after 1000+ requests
[AdvancedSearch] Searching for "Book 781" by "Test Author"

stdout | tests/handlers/request-coalescing-timeout.test.js > Request Coalescing Timeout & Cleanup > should not leak memory after 1000+ requests
[AdvancedSearch] Searching for "Book 782" by "Test Author"

stdout | tests/handlers/request-coalescing-timeout.test.js > Request Coalescing Timeout & Cleanup > should not leak memory after 1000+ requests
[AdvancedSearch] Searching for "Book 783" by "Test Author"

stdout | tests/handlers/request-coalescing-timeout.test.js > Request Coalescing Timeout & Cleanup > should not leak memory after 1000+ requests
[AdvancedSearch] Searching for "Book 784" by "Test Author"

stdout | tests/handlers/request-coalescing-timeout.test.js > Request Coalescing Timeout & Cleanup > should not leak memory after 1000+ requests
[AdvancedSearch] Searching for "Book 785" by "Test Author"

stdout | tests/handlers/request-coalescing-timeout.test.js > Request Coalescing Timeout & Cleanup > should not leak memory after 1000+ requests
[AdvancedSearch] Searching for "Book 786" by "Test Author"

stdout | tests/handlers/request-coalescing-timeout.test.js > Request Coalescing Timeout & Cleanup > should not leak memory after 1000+ requests
[AdvancedSearch] Searching for "Book 787" by "Test Author"

stdout | tests/handlers/request-coalescing-timeout.test.js > Request Coalescing Timeout & Cleanup > should not leak memory after 1000+ requests
[AdvancedSearch] Searching for "Book 788" by "Test Author"

stdout | tests/handlers/request-coalescing-timeout.test.js > Request Coalescing Timeout & Cleanup > should not leak memory after 1000+ requests
[AdvancedSearch] Searching for "Book 789" by "Test Author"

stdout | tests/handlers/request-coalescing-timeout.test.js > Request Coalescing Timeout & Cleanup > should not leak memory after 1000+ requests
[AdvancedSearch] Searching for "Book 790" by "Test Author"

stdout | tests/handlers/request-coalescing-timeout.test.js > Request Coalescing Timeout & Cleanup > should not leak memory after 1000+ requests
[AdvancedSearch] Searching for "Book 791" by "Test Author"

stdout | tests/handlers/request-coalescing-timeout.test.js > Request Coalescing Timeout & Cleanup > should not leak memory after 1000+ requests
[AdvancedSearch] Searching for "Book 792" by "Test Author"

stdout | tests/handlers/request-coalescing-timeout.test.js > Request Coalescing Timeout & Cleanup > should not leak memory after 1000+ requests
[AdvancedSearch] Searching for "Book 793" by "Test Author"

stdout | tests/handlers/request-coalescing-timeout.test.js > Request Coalescing Timeout & Cleanup > should not leak memory after 1000+ requests
[AdvancedSearch] Searching for "Book 794" by "Test Author"

stdout | tests/handlers/request-coalescing-timeout.test.js > Request Coalescing Timeout & Cleanup > should not leak memory after 1000+ requests
[AdvancedSearch] Searching for "Book 795" by "Test Author"

stdout | tests/handlers/request-coalescing-timeout.test.js > Request Coalescing Timeout & Cleanup > should not leak memory after 1000+ requests
[AdvancedSearch] Searching for "Book 796" by "Test Author"

stdout | tests/handlers/request-coalescing-timeout.test.js > Request Coalescing Timeout & Cleanup > should not leak memory after 1000+ requests
[AdvancedSearch] Searching for "Book 797" by "Test Author"

stdout | tests/handlers/request-coalescing-timeout.test.js > Request Coalescing Timeout & Cleanup > should not leak memory after 1000+ requests
[AdvancedSearch] Searching for "Book 798" by "Test Author"

stdout | tests/handlers/request-coalescing-timeout.test.js > Request Coalescing Timeout & Cleanup > should not leak memory after 1000+ requests
[AdvancedSearch] Searching for "Book 799" by "Test Author"

stdout | tests/handlers/request-coalescing-timeout.test.js > Request Coalescing Timeout & Cleanup > should not leak memory after 1000+ requests
[AdvancedSearch] Searching for "Book 800" by "Test Author"

stdout | tests/handlers/request-coalescing-timeout.test.js > Request Coalescing Timeout & Cleanup > should not leak memory after 1000+ requests
[AdvancedSearch] Searching for "Book 801" by "Test Author"

stdout | tests/handlers/request-coalescing-timeout.test.js > Request Coalescing Timeout & Cleanup > should not leak memory after 1000+ requests
[AdvancedSearch] Searching for "Book 802" by "Test Author"

stdout | tests/handlers/request-coalescing-timeout.test.js > Request Coalescing Timeout & Cleanup > should not leak memory after 1000+ requests
[AdvancedSearch] Searching for "Book 803" by "Test Author"

stdout | tests/handlers/request-coalescing-timeout.test.js > Request Coalescing Timeout & Cleanup > should not leak memory after 1000+ requests
[AdvancedSearch] Searching for "Book 804" by "Test Author"

stdout | tests/handlers/request-coalescing-timeout.test.js > Request Coalescing Timeout & Cleanup > should not leak memory after 1000+ requests
[AdvancedSearch] Searching for "Book 805" by "Test Author"

stdout | tests/handlers/request-coalescing-timeout.test.js > Request Coalescing Timeout & Cleanup > should not leak memory after 1000+ requests
[AdvancedSearch] Searching for "Book 806" by "Test Author"

stdout | tests/handlers/request-coalescing-timeout.test.js > Request Coalescing Timeout & Cleanup > should not leak memory after 1000+ requests
[AdvancedSearch] Searching for "Book 807" by "Test Author"

stdout | tests/handlers/request-coalescing-timeout.test.js > Request Coalescing Timeout & Cleanup > should not leak memory after 1000+ requests
[AdvancedSearch] Searching for "Book 808" by "Test Author"

stdout | tests/handlers/request-coalescing-timeout.test.js > Request Coalescing Timeout & Cleanup > should not leak memory after 1000+ requests
[AdvancedSearch] Searching for "Book 809" by "Test Author"

stdout | tests/handlers/request-coalescing-timeout.test.js > Request Coalescing Timeout & Cleanup > should not leak memory after 1000+ requests
[AdvancedSearch] Searching for "Book 810" by "Test Author"

stdout | tests/handlers/request-coalescing-timeout.test.js > Request Coalescing Timeout & Cleanup > should not leak memory after 1000+ requests
[AdvancedSearch] Searching for "Book 811" by "Test Author"

stdout | tests/handlers/request-coalescing-timeout.test.js > Request Coalescing Timeout & Cleanup > should not leak memory after 1000+ requests
[AdvancedSearch] Searching for "Book 812" by "Test Author"

stdout | tests/handlers/request-coalescing-timeout.test.js > Request Coalescing Timeout & Cleanup > should not leak memory after 1000+ requests
[AdvancedSearch] Searching for "Book 813" by "Test Author"

stdout | tests/handlers/request-coalescing-timeout.test.js > Request Coalescing Timeout & Cleanup > should not leak memory after 1000+ requests
[AdvancedSearch] Searching for "Book 814" by "Test Author"

stdout | tests/handlers/request-coalescing-timeout.test.js > Request Coalescing Timeout & Cleanup > should not leak memory after 1000+ requests
[AdvancedSearch] Searching for "Book 815" by "Test Author"

stdout | tests/handlers/request-coalescing-timeout.test.js > Request Coalescing Timeout & Cleanup > should not leak memory after 1000+ requests
[AdvancedSearch] Searching for "Book 816" by "Test Author"

stdout | tests/handlers/request-coalescing-timeout.test.js > Request Coalescing Timeout & Cleanup > should not leak memory after 1000+ requests
[AdvancedSearch] Searching for "Book 817" by "Test Author"

stdout | tests/handlers/request-coalescing-timeout.test.js > Request Coalescing Timeout & Cleanup > should not leak memory after 1000+ requests
[AdvancedSearch] Searching for "Book 818" by "Test Author"

stdout | tests/handlers/request-coalescing-timeout.test.js > Request Coalescing Timeout & Cleanup > should not leak memory after 1000+ requests
[AdvancedSearch] Searching for "Book 819" by "Test Author"

stdout | tests/handlers/request-coalescing-timeout.test.js > Request Coalescing Timeout & Cleanup > should not leak memory after 1000+ requests
[AdvancedSearch] Searching for "Book 820" by "Test Author"

stdout | tests/handlers/request-coalescing-timeout.test.js > Request Coalescing Timeout & Cleanup > should not leak memory after 1000+ requests
[AdvancedSearch] Searching for "Book 821" by "Test Author"

stdout | tests/handlers/request-coalescing-timeout.test.js > Request Coalescing Timeout & Cleanup > should not leak memory after 1000+ requests
[AdvancedSearch] Searching for "Book 822" by "Test Author"

stdout | tests/handlers/request-coalescing-timeout.test.js > Request Coalescing Timeout & Cleanup > should not leak memory after 1000+ requests
[AdvancedSearch] Searching for "Book 823" by "Test Author"

stdout | tests/handlers/request-coalescing-timeout.test.js > Request Coalescing Timeout & Cleanup > should not leak memory after 1000+ requests
[AdvancedSearch] Searching for "Book 824" by "Test Author"

stdout | tests/handlers/request-coalescing-timeout.test.js > Request Coalescing Timeout & Cleanup > should not leak memory after 1000+ requests
[AdvancedSearch] Searching for "Book 825" by "Test Author"

stdout | tests/handlers/request-coalescing-timeout.test.js > Request Coalescing Timeout & Cleanup > should not leak memory after 1000+ requests
[AdvancedSearch] Searching for "Book 826" by "Test Author"

stdout | tests/handlers/request-coalescing-timeout.test.js > Request Coalescing Timeout & Cleanup > should not leak memory after 1000+ requests
[AdvancedSearch] Searching for "Book 827" by "Test Author"

stdout | tests/handlers/request-coalescing-timeout.test.js > Request Coalescing Timeout & Cleanup > should not leak memory after 1000+ requests
[AdvancedSearch] Searching for "Book 828" by "Test Author"

stdout | tests/handlers/request-coalescing-timeout.test.js > Request Coalescing Timeout & Cleanup > should not leak memory after 1000+ requests
[AdvancedSearch] Searching for "Book 829" by "Test Author"

stdout | tests/handlers/request-coalescing-timeout.test.js > Request Coalescing Timeout & Cleanup > should not leak memory after 1000+ requests
[AdvancedSearch] Searching for "Book 830" by "Test Author"

stdout | tests/handlers/request-coalescing-timeout.test.js > Request Coalescing Timeout & Cleanup > should not leak memory after 1000+ requests
[AdvancedSearch] Searching for "Book 831" by "Test Author"

stdout | tests/handlers/request-coalescing-timeout.test.js > Request Coalescing Timeout & Cleanup > should not leak memory after 1000+ requests
[AdvancedSearch] Searching for "Book 832" by "Test Author"

stdout | tests/handlers/request-coalescing-timeout.test.js > Request Coalescing Timeout & Cleanup > should not leak memory after 1000+ requests
[AdvancedSearch] Searching for "Book 833" by "Test Author"

stdout | tests/handlers/request-coalescing-timeout.test.js > Request Coalescing Timeout & Cleanup > should not leak memory after 1000+ requests
[AdvancedSearch] Searching for "Book 834" by "Test Author"

stdout | tests/handlers/request-coalescing-timeout.test.js > Request Coalescing Timeout & Cleanup > should not leak memory after 1000+ requests
[AdvancedSearch] Searching for "Book 835" by "Test Author"

stdout | tests/handlers/request-coalescing-timeout.test.js > Request Coalescing Timeout & Cleanup > should not leak memory after 1000+ requests
[AdvancedSearch] Searching for "Book 836" by "Test Author"

stdout | tests/handlers/request-coalescing-timeout.test.js > Request Coalescing Timeout & Cleanup > should not leak memory after 1000+ requests
[AdvancedSearch] Searching for "Book 837" by "Test Author"

stdout | tests/handlers/request-coalescing-timeout.test.js > Request Coalescing Timeout & Cleanup > should not leak memory after 1000+ requests
[AdvancedSearch] Searching for "Book 838" by "Test Author"

stdout | tests/handlers/request-coalescing-timeout.test.js > Request Coalescing Timeout & Cleanup > should not leak memory after 1000+ requests
[AdvancedSearch] Searching for "Book 839" by "Test Author"

stdout | tests/handlers/request-coalescing-timeout.test.js > Request Coalescing Timeout & Cleanup > should not leak memory after 1000+ requests
[AdvancedSearch] Searching for "Book 840" by "Test Author"

stdout | tests/handlers/request-coalescing-timeout.test.js > Request Coalescing Timeout & Cleanup > should not leak memory after 1000+ requests
[AdvancedSearch] Searching for "Book 841" by "Test Author"

stdout | tests/handlers/request-coalescing-timeout.test.js > Request Coalescing Timeout & Cleanup > should not leak memory after 1000+ requests
[AdvancedSearch] Searching for "Book 842" by "Test Author"

stdout | tests/handlers/request-coalescing-timeout.test.js > Request Coalescing Timeout & Cleanup > should not leak memory after 1000+ requests
[AdvancedSearch] Searching for "Book 843" by "Test Author"

stdout | tests/handlers/request-coalescing-timeout.test.js > Request Coalescing Timeout & Cleanup > should not leak memory after 1000+ requests
[AdvancedSearch] Searching for "Book 844" by "Test Author"

stdout | tests/handlers/request-coalescing-timeout.test.js > Request Coalescing Timeout & Cleanup > should not leak memory after 1000+ requests
[AdvancedSearch] Searching for "Book 845" by "Test Author"

stdout | tests/handlers/request-coalescing-timeout.test.js > Request Coalescing Timeout & Cleanup > should not leak memory after 1000+ requests
[AdvancedSearch] Searching for "Book 846" by "Test Author"

stdout | tests/handlers/request-coalescing-timeout.test.js > Request Coalescing Timeout & Cleanup > should not leak memory after 1000+ requests
[AdvancedSearch] Searching for "Book 847" by "Test Author"

stdout | tests/handlers/request-coalescing-timeout.test.js > Request Coalescing Timeout & Cleanup > should not leak memory after 1000+ requests
[AdvancedSearch] Searching for "Book 848" by "Test Author"

stdout | tests/handlers/request-coalescing-timeout.test.js > Request Coalescing Timeout & Cleanup > should not leak memory after 1000+ requests
[AdvancedSearch] Searching for "Book 849" by "Test Author"

stdout | tests/handlers/request-coalescing-timeout.test.js > Request Coalescing Timeout & Cleanup > should not leak memory after 1000+ requests
[AdvancedSearch] Searching for "Book 850" by "Test Author"

stdout | tests/handlers/request-coalescing-timeout.test.js > Request Coalescing Timeout & Cleanup > should not leak memory after 1000+ requests
[AdvancedSearch] Searching for "Book 851" by "Test Author"

stdout | tests/handlers/request-coalescing-timeout.test.js > Request Coalescing Timeout & Cleanup > should not leak memory after 1000+ requests
[AdvancedSearch] Searching for "Book 852" by "Test Author"

stdout | tests/handlers/request-coalescing-timeout.test.js > Request Coalescing Timeout & Cleanup > should not leak memory after 1000+ requests
[AdvancedSearch] Searching for "Book 853" by "Test Author"

stdout | tests/handlers/request-coalescing-timeout.test.js > Request Coalescing Timeout & Cleanup > should not leak memory after 1000+ requests
[AdvancedSearch] Searching for "Book 854" by "Test Author"

stdout | tests/handlers/request-coalescing-timeout.test.js > Request Coalescing Timeout & Cleanup > should not leak memory after 1000+ requests
[AdvancedSearch] Searching for "Book 855" by "Test Author"

stdout | tests/handlers/request-coalescing-timeout.test.js > Request Coalescing Timeout & Cleanup > should not leak memory after 1000+ requests
[AdvancedSearch] Searching for "Book 856" by "Test Author"

stdout | tests/handlers/request-coalescing-timeout.test.js > Request Coalescing Timeout & Cleanup > should not leak memory after 1000+ requests
[AdvancedSearch] Searching for "Book 857" by "Test Author"

stdout | tests/handlers/request-coalescing-timeout.test.js > Request Coalescing Timeout & Cleanup > should not leak memory after 1000+ requests
[AdvancedSearch] Searching for "Book 858" by "Test Author"

stdout | tests/handlers/request-coalescing-timeout.test.js > Request Coalescing Timeout & Cleanup > should not leak memory after 1000+ requests
[AdvancedSearch] Searching for "Book 859" by "Test Author"

stdout | tests/handlers/request-coalescing-timeout.test.js > Request Coalescing Timeout & Cleanup > should not leak memory after 1000+ requests
[AdvancedSearch] Searching for "Book 860" by "Test Author"

stdout | tests/handlers/request-coalescing-timeout.test.js > Request Coalescing Timeout & Cleanup > should not leak memory after 1000+ requests
[AdvancedSearch] Searching for "Book 861" by "Test Author"

stdout | tests/handlers/request-coalescing-timeout.test.js > Request Coalescing Timeout & Cleanup > should not leak memory after 1000+ requests
[AdvancedSearch] Searching for "Book 862" by "Test Author"

stdout | tests/handlers/request-coalescing-timeout.test.js > Request Coalescing Timeout & Cleanup > should not leak memory after 1000+ requests
[AdvancedSearch] Searching for "Book 863" by "Test Author"

stdout | tests/handlers/request-coalescing-timeout.test.js > Request Coalescing Timeout & Cleanup > should not leak memory after 1000+ requests
[AdvancedSearch] Searching for "Book 864" by "Test Author"

stdout | tests/handlers/request-coalescing-timeout.test.js > Request Coalescing Timeout & Cleanup > should not leak memory after 1000+ requests
[AdvancedSearch] Searching for "Book 865" by "Test Author"

stdout | tests/handlers/request-coalescing-timeout.test.js > Request Coalescing Timeout & Cleanup > should not leak memory after 1000+ requests
[AdvancedSearch] Searching for "Book 866" by "Test Author"

stdout | tests/handlers/request-coalescing-timeout.test.js > Request Coalescing Timeout & Cleanup > should not leak memory after 1000+ requests
[AdvancedSearch] Searching for "Book 867" by "Test Author"

stdout | tests/handlers/request-coalescing-timeout.test.js > Request Coalescing Timeout & Cleanup > should not leak memory after 1000+ requests
[AdvancedSearch] Searching for "Book 868" by "Test Author"

stdout | tests/handlers/request-coalescing-timeout.test.js > Request Coalescing Timeout & Cleanup > should not leak memory after 1000+ requests
[AdvancedSearch] Searching for "Book 869" by "Test Author"

stdout | tests/handlers/request-coalescing-timeout.test.js > Request Coalescing Timeout & Cleanup > should not leak memory after 1000+ requests
[AdvancedSearch] Searching for "Book 870" by "Test Author"

stdout | tests/handlers/request-coalescing-timeout.test.js > Request Coalescing Timeout & Cleanup > should not leak memory after 1000+ requests
[AdvancedSearch] Searching for "Book 871" by "Test Author"

stdout | tests/handlers/request-coalescing-timeout.test.js > Request Coalescing Timeout & Cleanup > should not leak memory after 1000+ requests
[AdvancedSearch] Searching for "Book 872" by "Test Author"

stdout | tests/handlers/request-coalescing-timeout.test.js > Request Coalescing Timeout & Cleanup > should not leak memory after 1000+ requests
[AdvancedSearch] Searching for "Book 873" by "Test Author"

stdout | tests/handlers/request-coalescing-timeout.test.js > Request Coalescing Timeout & Cleanup > should not leak memory after 1000+ requests
[AdvancedSearch] Searching for "Book 874" by "Test Author"

stdout | tests/handlers/request-coalescing-timeout.test.js > Request Coalescing Timeout & Cleanup > should not leak memory after 1000+ requests
[AdvancedSearch] Searching for "Book 875" by "Test Author"

stdout | tests/handlers/request-coalescing-timeout.test.js > Request Coalescing Timeout & Cleanup > should not leak memory after 1000+ requests
[AdvancedSearch] Searching for "Book 876" by "Test Author"

stdout | tests/handlers/request-coalescing-timeout.test.js > Request Coalescing Timeout & Cleanup > should not leak memory after 1000+ requests
[AdvancedSearch] Searching for "Book 877" by "Test Author"

stdout | tests/handlers/request-coalescing-timeout.test.js > Request Coalescing Timeout & Cleanup > should not leak memory after 1000+ requests
[AdvancedSearch] Searching for "Book 878" by "Test Author"

stdout | tests/handlers/request-coalescing-timeout.test.js > Request Coalescing Timeout & Cleanup > should not leak memory after 1000+ requests
[AdvancedSearch] Searching for "Book 879" by "Test Author"

stdout | tests/handlers/request-coalescing-timeout.test.js > Request Coalescing Timeout & Cleanup > should not leak memory after 1000+ requests
[AdvancedSearch] Searching for "Book 880" by "Test Author"

stdout | tests/handlers/request-coalescing-timeout.test.js > Request Coalescing Timeout & Cleanup > should not leak memory after 1000+ requests
[AdvancedSearch] Searching for "Book 881" by "Test Author"

stdout | tests/handlers/request-coalescing-timeout.test.js > Request Coalescing Timeout & Cleanup > should not leak memory after 1000+ requests
[AdvancedSearch] Searching for "Book 882" by "Test Author"

stdout | tests/handlers/request-coalescing-timeout.test.js > Request Coalescing Timeout & Cleanup > should not leak memory after 1000+ requests
[AdvancedSearch] Searching for "Book 883" by "Test Author"

stdout | tests/handlers/request-coalescing-timeout.test.js > Request Coalescing Timeout & Cleanup > should not leak memory after 1000+ requests
[AdvancedSearch] Searching for "Book 884" by "Test Author"

stdout | tests/handlers/request-coalescing-timeout.test.js > Request Coalescing Timeout & Cleanup > should not leak memory after 1000+ requests
[AdvancedSearch] Searching for "Book 885" by "Test Author"

stdout | tests/handlers/request-coalescing-timeout.test.js > Request Coalescing Timeout & Cleanup > should not leak memory after 1000+ requests
[AdvancedSearch] Searching for "Book 886" by "Test Author"

stdout | tests/handlers/request-coalescing-timeout.test.js > Request Coalescing Timeout & Cleanup > should not leak memory after 1000+ requests
[AdvancedSearch] Searching for "Book 887" by "Test Author"

stdout | tests/handlers/request-coalescing-timeout.test.js > Request Coalescing Timeout & Cleanup > should not leak memory after 1000+ requests
[AdvancedSearch] Searching for "Book 888" by "Test Author"

stdout | tests/handlers/request-coalescing-timeout.test.js > Request Coalescing Timeout & Cleanup > should not leak memory after 1000+ requests
[AdvancedSearch] Searching for "Book 889" by "Test Author"

stdout | tests/handlers/request-coalescing-timeout.test.js > Request Coalescing Timeout & Cleanup > should not leak memory after 1000+ requests
[AdvancedSearch] Searching for "Book 890" by "Test Author"

stdout | tests/handlers/request-coalescing-timeout.test.js > Request Coalescing Timeout & Cleanup > should not leak memory after 1000+ requests
[AdvancedSearch] Searching for "Book 891" by "Test Author"

stdout | tests/handlers/request-coalescing-timeout.test.js > Request Coalescing Timeout & Cleanup > should not leak memory after 1000+ requests
[AdvancedSearch] Searching for "Book 892" by "Test Author"

stdout | tests/handlers/request-coalescing-timeout.test.js > Request Coalescing Timeout & Cleanup > should not leak memory after 1000+ requests
[AdvancedSearch] Searching for "Book 893" by "Test Author"

stdout | tests/handlers/request-coalescing-timeout.test.js > Request Coalescing Timeout & Cleanup > should not leak memory after 1000+ requests
[AdvancedSearch] Searching for "Book 894" by "Test Author"

stdout | tests/handlers/request-coalescing-timeout.test.js > Request Coalescing Timeout & Cleanup > should not leak memory after 1000+ requests
[AdvancedSearch] Searching for "Book 895" by "Test Author"

stdout | tests/handlers/request-coalescing-timeout.test.js > Request Coalescing Timeout & Cleanup > should not leak memory after 1000+ requests
[AdvancedSearch] Searching for "Book 896" by "Test Author"

stdout | tests/handlers/request-coalescing-timeout.test.js > Request Coalescing Timeout & Cleanup > should not leak memory after 1000+ requests
[AdvancedSearch] Searching for "Book 897" by "Test Author"

stdout | tests/handlers/request-coalescing-timeout.test.js > Request Coalescing Timeout & Cleanup > should not leak memory after 1000+ requests
[AdvancedSearch] Searching for "Book 898" by "Test Author"

stdout | tests/handlers/request-coalescing-timeout.test.js > Request Coalescing Timeout & Cleanup > should not leak memory after 1000+ requests
[AdvancedSearch] Searching for "Book 899" by "Test Author"

stdout | tests/handlers/request-coalescing-timeout.test.js > Request Coalescing Timeout & Cleanup > should not leak memory after 1000+ requests
[AdvancedSearch] Searching for "Book 900" by "Test Author"

stdout | tests/handlers/request-coalescing-timeout.test.js > Request Coalescing Timeout & Cleanup > should not leak memory after 1000+ requests
[AdvancedSearch] Searching for "Book 901" by "Test Author"

stdout | tests/handlers/request-coalescing-timeout.test.js > Request Coalescing Timeout & Cleanup > should not leak memory after 1000+ requests
[AdvancedSearch] Searching for "Book 902" by "Test Author"

stdout | tests/handlers/request-coalescing-timeout.test.js > Request Coalescing Timeout & Cleanup > should not leak memory after 1000+ requests
[AdvancedSearch] Searching for "Book 903" by "Test Author"

stdout | tests/handlers/request-coalescing-timeout.test.js > Request Coalescing Timeout & Cleanup > should not leak memory after 1000+ requests
[AdvancedSearch] Searching for "Book 904" by "Test Author"

stdout | tests/handlers/request-coalescing-timeout.test.js > Request Coalescing Timeout & Cleanup > should not leak memory after 1000+ requests
[AdvancedSearch] Searching for "Book 905" by "Test Author"

stdout | tests/handlers/request-coalescing-timeout.test.js > Request Coalescing Timeout & Cleanup > should not leak memory after 1000+ requests
[AdvancedSearch] Searching for "Book 906" by "Test Author"

stdout | tests/handlers/request-coalescing-timeout.test.js > Request Coalescing Timeout & Cleanup > should not leak memory after 1000+ requests
[AdvancedSearch] Searching for "Book 907" by "Test Author"

stdout | tests/handlers/request-coalescing-timeout.test.js > Request Coalescing Timeout & Cleanup > should not leak memory after 1000+ requests
[AdvancedSearch] Searching for "Book 908" by "Test Author"

stdout | tests/handlers/request-coalescing-timeout.test.js > Request Coalescing Timeout & Cleanup > should not leak memory after 1000+ requests
[AdvancedSearch] Searching for "Book 909" by "Test Author"

stdout | tests/handlers/request-coalescing-timeout.test.js > Request Coalescing Timeout & Cleanup > should not leak memory after 1000+ requests
[AdvancedSearch] Searching for "Book 910" by "Test Author"

stdout | tests/handlers/request-coalescing-timeout.test.js > Request Coalescing Timeout & Cleanup > should not leak memory after 1000+ requests
[AdvancedSearch] Searching for "Book 911" by "Test Author"

stdout | tests/handlers/request-coalescing-timeout.test.js > Request Coalescing Timeout & Cleanup > should not leak memory after 1000+ requests
[AdvancedSearch] Searching for "Book 912" by "Test Author"

stdout | tests/handlers/request-coalescing-timeout.test.js > Request Coalescing Timeout & Cleanup > should not leak memory after 1000+ requests
[AdvancedSearch] Searching for "Book 913" by "Test Author"

stdout | tests/handlers/request-coalescing-timeout.test.js > Request Coalescing Timeout & Cleanup > should not leak memory after 1000+ requests
[AdvancedSearch] Searching for "Book 914" by "Test Author"

stdout | tests/handlers/request-coalescing-timeout.test.js > Request Coalescing Timeout & Cleanup > should not leak memory after 1000+ requests
[AdvancedSearch] Searching for "Book 915" by "Test Author"

stdout | tests/handlers/request-coalescing-timeout.test.js > Request Coalescing Timeout & Cleanup > should not leak memory after 1000+ requests
[AdvancedSearch] Searching for "Book 916" by "Test Author"

stdout | tests/handlers/request-coalescing-timeout.test.js > Request Coalescing Timeout & Cleanup > should not leak memory after 1000+ requests
[AdvancedSearch] Searching for "Book 917" by "Test Author"

stdout | tests/handlers/request-coalescing-timeout.test.js > Request Coalescing Timeout & Cleanup > should not leak memory after 1000+ requests
[AdvancedSearch] Searching for "Book 918" by "Test Author"

stdout | tests/handlers/request-coalescing-timeout.test.js > Request Coalescing Timeout & Cleanup > should not leak memory after 1000+ requests
[AdvancedSearch] Searching for "Book 919" by "Test Author"

stdout | tests/handlers/request-coalescing-timeout.test.js > Request Coalescing Timeout & Cleanup > should not leak memory after 1000+ requests
[AdvancedSearch] Searching for "Book 920" by "Test Author"

stdout | tests/handlers/request-coalescing-timeout.test.js > Request Coalescing Timeout & Cleanup > should not leak memory after 1000+ requests
[AdvancedSearch] Searching for "Book 921" by "Test Author"

stdout | tests/handlers/request-coalescing-timeout.test.js > Request Coalescing Timeout & Cleanup > should not leak memory after 1000+ requests
[AdvancedSearch] Searching for "Book 922" by "Test Author"

stdout | tests/handlers/request-coalescing-timeout.test.js > Request Coalescing Timeout & Cleanup > should not leak memory after 1000+ requests
[AdvancedSearch] Searching for "Book 923" by "Test Author"

stdout | tests/handlers/request-coalescing-timeout.test.js > Request Coalescing Timeout & Cleanup > should not leak memory after 1000+ requests
[AdvancedSearch] Searching for "Book 924" by "Test Author"

stdout | tests/handlers/request-coalescing-timeout.test.js > Request Coalescing Timeout & Cleanup > should not leak memory after 1000+ requests
[AdvancedSearch] Searching for "Book 925" by "Test Author"

stdout | tests/handlers/request-coalescing-timeout.test.js > Request Coalescing Timeout & Cleanup > should not leak memory after 1000+ requests
[AdvancedSearch] Searching for "Book 926" by "Test Author"

stdout | tests/handlers/request-coalescing-timeout.test.js > Request Coalescing Timeout & Cleanup > should not leak memory after 1000+ requests
[AdvancedSearch] Searching for "Book 927" by "Test Author"

stdout | tests/handlers/request-coalescing-timeout.test.js > Request Coalescing Timeout & Cleanup > should not leak memory after 1000+ requests
[AdvancedSearch] Searching for "Book 928" by "Test Author"

stdout | tests/handlers/request-coalescing-timeout.test.js > Request Coalescing Timeout & Cleanup > should not leak memory after 1000+ requests
[AdvancedSearch] Searching for "Book 929" by "Test Author"

stdout | tests/handlers/request-coalescing-timeout.test.js > Request Coalescing Timeout & Cleanup > should not leak memory after 1000+ requests
[AdvancedSearch] Searching for "Book 930" by "Test Author"

stdout | tests/handlers/request-coalescing-timeout.test.js > Request Coalescing Timeout & Cleanup > should not leak memory after 1000+ requests
[AdvancedSearch] Searching for "Book 931" by "Test Author"

stdout | tests/handlers/request-coalescing-timeout.test.js > Request Coalescing Timeout & Cleanup > should not leak memory after 1000+ requests
[AdvancedSearch] Searching for "Book 932" by "Test Author"

stdout | tests/handlers/request-coalescing-timeout.test.js > Request Coalescing Timeout & Cleanup > should not leak memory after 1000+ requests
[AdvancedSearch] Searching for "Book 933" by "Test Author"

stdout | tests/handlers/request-coalescing-timeout.test.js > Request Coalescing Timeout & Cleanup > should not leak memory after 1000+ requests
[AdvancedSearch] Searching for "Book 934" by "Test Author"

stdout | tests/handlers/request-coalescing-timeout.test.js > Request Coalescing Timeout & Cleanup > should not leak memory after 1000+ requests
[AdvancedSearch] Searching for "Book 935" by "Test Author"

stdout | tests/handlers/request-coalescing-timeout.test.js > Request Coalescing Timeout & Cleanup > should not leak memory after 1000+ requests
[AdvancedSearch] Searching for "Book 936" by "Test Author"

stdout | tests/handlers/request-coalescing-timeout.test.js > Request Coalescing Timeout & Cleanup > should not leak memory after 1000+ requests
[AdvancedSearch] Searching for "Book 937" by "Test Author"

stdout | tests/handlers/request-coalescing-timeout.test.js > Request Coalescing Timeout & Cleanup > should not leak memory after 1000+ requests
[AdvancedSearch] Searching for "Book 938" by "Test Author"

stdout | tests/handlers/request-coalescing-timeout.test.js > Request Coalescing Timeout & Cleanup > should not leak memory after 1000+ requests
[AdvancedSearch] Searching for "Book 939" by "Test Author"

stdout | tests/handlers/request-coalescing-timeout.test.js > Request Coalescing Timeout & Cleanup > should not leak memory after 1000+ requests
[AdvancedSearch] Searching for "Book 940" by "Test Author"

stdout | tests/handlers/request-coalescing-timeout.test.js > Request Coalescing Timeout & Cleanup > should not leak memory after 1000+ requests
[AdvancedSearch] Searching for "Book 941" by "Test Author"

stdout | tests/handlers/request-coalescing-timeout.test.js > Request Coalescing Timeout & Cleanup > should not leak memory after 1000+ requests
[AdvancedSearch] Searching for "Book 942" by "Test Author"

stdout | tests/handlers/request-coalescing-timeout.test.js > Request Coalescing Timeout & Cleanup > should not leak memory after 1000+ requests
[AdvancedSearch] Searching for "Book 943" by "Test Author"

stdout | tests/handlers/request-coalescing-timeout.test.js > Request Coalescing Timeout & Cleanup > should not leak memory after 1000+ requests
[AdvancedSearch] Searching for "Book 944" by "Test Author"

stdout | tests/handlers/request-coalescing-timeout.test.js > Request Coalescing Timeout & Cleanup > should not leak memory after 1000+ requests
[AdvancedSearch] Searching for "Book 945" by "Test Author"

stdout | tests/handlers/request-coalescing-timeout.test.js > Request Coalescing Timeout & Cleanup > should not leak memory after 1000+ requests
[AdvancedSearch] Searching for "Book 946" by "Test Author"

stdout | tests/handlers/request-coalescing-timeout.test.js > Request Coalescing Timeout & Cleanup > should not leak memory after 1000+ requests
[AdvancedSearch] Searching for "Book 947" by "Test Author"

stdout | tests/handlers/request-coalescing-timeout.test.js > Request Coalescing Timeout & Cleanup > should not leak memory after 1000+ requests
[AdvancedSearch] Searching for "Book 948" by "Test Author"

stdout | tests/handlers/request-coalescing-timeout.test.js > Request Coalescing Timeout & Cleanup > should not leak memory after 1000+ requests
[AdvancedSearch] Searching for "Book 949" by "Test Author"

stdout | tests/handlers/request-coalescing-timeout.test.js > Request Coalescing Timeout & Cleanup > should not leak memory after 1000+ requests
[AdvancedSearch] Searching for "Book 950" by "Test Author"

stdout | tests/handlers/request-coalescing-timeout.test.js > Request Coalescing Timeout & Cleanup > should not leak memory after 1000+ requests
[AdvancedSearch] Searching for "Book 951" by "Test Author"

stdout | tests/handlers/request-coalescing-timeout.test.js > Request Coalescing Timeout & Cleanup > should not leak memory after 1000+ requests
[AdvancedSearch] Searching for "Book 952" by "Test Author"

stdout | tests/handlers/request-coalescing-timeout.test.js > Request Coalescing Timeout & Cleanup > should not leak memory after 1000+ requests
[AdvancedSearch] Searching for "Book 953" by "Test Author"

stdout | tests/handlers/request-coalescing-timeout.test.js > Request Coalescing Timeout & Cleanup > should not leak memory after 1000+ requests
[AdvancedSearch] Searching for "Book 954" by "Test Author"

stdout | tests/handlers/request-coalescing-timeout.test.js > Request Coalescing Timeout & Cleanup > should not leak memory after 1000+ requests
[AdvancedSearch] Searching for "Book 955" by "Test Author"

stdout | tests/handlers/request-coalescing-timeout.test.js > Request Coalescing Timeout & Cleanup > should not leak memory after 1000+ requests
[AdvancedSearch] Searching for "Book 956" by "Test Author"

stdout | tests/handlers/request-coalescing-timeout.test.js > Request Coalescing Timeout & Cleanup > should not leak memory after 1000+ requests
[AdvancedSearch] Searching for "Book 957" by "Test Author"

stdout | tests/handlers/request-coalescing-timeout.test.js > Request Coalescing Timeout & Cleanup > should not leak memory after 1000+ requests
[AdvancedSearch] Searching for "Book 958" by "Test Author"

stdout | tests/handlers/request-coalescing-timeout.test.js > Request Coalescing Timeout & Cleanup > should not leak memory after 1000+ requests
[AdvancedSearch] Searching for "Book 959" by "Test Author"

stdout | tests/handlers/request-coalescing-timeout.test.js > Request Coalescing Timeout & Cleanup > should not leak memory after 1000+ requests
[AdvancedSearch] Searching for "Book 960" by "Test Author"

stdout | tests/handlers/request-coalescing-timeout.test.js > Request Coalescing Timeout & Cleanup > should not leak memory after 1000+ requests
[AdvancedSearch] Searching for "Book 961" by "Test Author"

stdout | tests/handlers/request-coalescing-timeout.test.js > Request Coalescing Timeout & Cleanup > should not leak memory after 1000+ requests
[AdvancedSearch] Searching for "Book 962" by "Test Author"

stdout | tests/handlers/request-coalescing-timeout.test.js > Request Coalescing Timeout & Cleanup > should not leak memory after 1000+ requests
[AdvancedSearch] Searching for "Book 963" by "Test Author"

stdout | tests/handlers/request-coalescing-timeout.test.js > Request Coalescing Timeout & Cleanup > should not leak memory after 1000+ requests
[AdvancedSearch] Searching for "Book 964" by "Test Author"

stdout | tests/handlers/request-coalescing-timeout.test.js > Request Coalescing Timeout & Cleanup > should not leak memory after 1000+ requests
[AdvancedSearch] Searching for "Book 965" by "Test Author"

stdout | tests/handlers/request-coalescing-timeout.test.js > Request Coalescing Timeout & Cleanup > should not leak memory after 1000+ requests
[AdvancedSearch] Searching for "Book 966" by "Test Author"

stdout | tests/handlers/request-coalescing-timeout.test.js > Request Coalescing Timeout & Cleanup > should not leak memory after 1000+ requests
[AdvancedSearch] Searching for "Book 967" by "Test Author"

stdout | tests/handlers/request-coalescing-timeout.test.js > Request Coalescing Timeout & Cleanup > should not leak memory after 1000+ requests
[AdvancedSearch] Searching for "Book 968" by "Test Author"

stdout | tests/handlers/request-coalescing-timeout.test.js > Request Coalescing Timeout & Cleanup > should not leak memory after 1000+ requests
[AdvancedSearch] Searching for "Book 969" by "Test Author"

stdout | tests/handlers/request-coalescing-timeout.test.js > Request Coalescing Timeout & Cleanup > should not leak memory after 1000+ requests
[AdvancedSearch] Searching for "Book 970" by "Test Author"

stdout | tests/handlers/request-coalescing-timeout.test.js > Request Coalescing Timeout & Cleanup > should not leak memory after 1000+ requests
[AdvancedSearch] Searching for "Book 971" by "Test Author"

stdout | tests/handlers/request-coalescing-timeout.test.js > Request Coalescing Timeout & Cleanup > should not leak memory after 1000+ requests
[AdvancedSearch] Searching for "Book 972" by "Test Author"

stdout | tests/handlers/request-coalescing-timeout.test.js > Request Coalescing Timeout & Cleanup > should not leak memory after 1000+ requests
[AdvancedSearch] Searching for "Book 973" by "Test Author"

stdout | tests/handlers/request-coalescing-timeout.test.js > Request Coalescing Timeout & Cleanup > should not leak memory after 1000+ requests
[AdvancedSearch] Searching for "Book 974" by "Test Author"

stdout | tests/handlers/request-coalescing-timeout.test.js > Request Coalescing Timeout & Cleanup > should not leak memory after 1000+ requests
[AdvancedSearch] Searching for "Book 975" by "Test Author"

stdout | tests/handlers/request-coalescing-timeout.test.js > Request Coalescing Timeout & Cleanup > should not leak memory after 1000+ requests
[AdvancedSearch] Searching for "Book 976" by "Test Author"

stdout | tests/handlers/request-coalescing-timeout.test.js > Request Coalescing Timeout & Cleanup > should not leak memory after 1000+ requests
[AdvancedSearch] Searching for "Book 977" by "Test Author"

stdout | tests/handlers/request-coalescing-timeout.test.js > Request Coalescing Timeout & Cleanup > should not leak memory after 1000+ requests
[AdvancedSearch] Searching for "Book 978" by "Test Author"

stdout | tests/handlers/request-coalescing-timeout.test.js > Request Coalescing Timeout & Cleanup > should not leak memory after 1000+ requests
[AdvancedSearch] Searching for "Book 979" by "Test Author"

stdout | tests/handlers/request-coalescing-timeout.test.js > Request Coalescing Timeout & Cleanup > should not leak memory after 1000+ requests
[AdvancedSearch] Searching for "Book 980" by "Test Author"

stdout | tests/handlers/request-coalescing-timeout.test.js > Request Coalescing Timeout & Cleanup > should not leak memory after 1000+ requests
[AdvancedSearch] Searching for "Book 981" by "Test Author"

stdout | tests/handlers/request-coalescing-timeout.test.js > Request Coalescing Timeout & Cleanup > should not leak memory after 1000+ requests
[AdvancedSearch] Searching for "Book 982" by "Test Author"

stdout | tests/handlers/request-coalescing-timeout.test.js > Request Coalescing Timeout & Cleanup > should not leak memory after 1000+ requests
[AdvancedSearch] Searching for "Book 983" by "Test Author"

stdout | tests/handlers/request-coalescing-timeout.test.js > Request Coalescing Timeout & Cleanup > should not leak memory after 1000+ requests
[AdvancedSearch] Searching for "Book 984" by "Test Author"

stdout | tests/handlers/request-coalescing-timeout.test.js > Request Coalescing Timeout & Cleanup > should not leak memory after 1000+ requests
[AdvancedSearch] Searching for "Book 985" by "Test Author"

stdout | tests/handlers/request-coalescing-timeout.test.js > Request Coalescing Timeout & Cleanup > should not leak memory after 1000+ requests
[AdvancedSearch] Searching for "Book 986" by "Test Author"

stdout | tests/handlers/request-coalescing-timeout.test.js > Request Coalescing Timeout & Cleanup > should not leak memory after 1000+ requests
[AdvancedSearch] Searching for "Book 987" by "Test Author"

stdout | tests/handlers/request-coalescing-timeout.test.js > Request Coalescing Timeout & Cleanup > should not leak memory after 1000+ requests
[AdvancedSearch] Searching for "Book 988" by "Test Author"

stdout | tests/handlers/request-coalescing-timeout.test.js > Request Coalescing Timeout & Cleanup > should not leak memory after 1000+ requests
[AdvancedSearch] Searching for "Book 989" by "Test Author"

stdout | tests/handlers/request-coalescing-timeout.test.js > Request Coalescing Timeout & Cleanup > should not leak memory after 1000+ requests
[AdvancedSearch] Searching for "Book 990" by "Test Author"

stdout | tests/handlers/request-coalescing-timeout.test.js > Request Coalescing Timeout & Cleanup > should not leak memory after 1000+ requests
[AdvancedSearch] Searching for "Book 991" by "Test Author"

stdout | tests/handlers/request-coalescing-timeout.test.js > Request Coalescing Timeout & Cleanup > should not leak memory after 1000+ requests
[AdvancedSearch] Searching for "Book 992" by "Test Author"

stdout | tests/handlers/request-coalescing-timeout.test.js > Request Coalescing Timeout & Cleanup > should not leak memory after 1000+ requests
[AdvancedSearch] Searching for "Book 993" by "Test Author"

stdout | tests/handlers/request-coalescing-timeout.test.js > Request Coalescing Timeout & Cleanup > should not leak memory after 1000+ requests
[AdvancedSearch] Searching for "Book 994" by "Test Author"

stdout | tests/handlers/request-coalescing-timeout.test.js > Request Coalescing Timeout & Cleanup > should not leak memory after 1000+ requests
[AdvancedSearch] Searching for "Book 995" by "Test Author"

stdout | tests/handlers/request-coalescing-timeout.test.js > Request Coalescing Timeout & Cleanup > should not leak memory after 1000+ requests
[AdvancedSearch] Searching for "Book 996" by "Test Author"

stdout | tests/handlers/request-coalescing-timeout.test.js > Request Coalescing Timeout & Cleanup > should not leak memory after 1000+ requests
[AdvancedSearch] Searching for "Book 997" by "Test Author"

stdout | tests/handlers/request-coalescing-timeout.test.js > Request Coalescing Timeout & Cleanup > should not leak memory after 1000+ requests
[AdvancedSearch] Searching for "Book 998" by "Test Author"

stdout | tests/handlers/request-coalescing-timeout.test.js > Request Coalescing Timeout & Cleanup > should not leak memory after 1000+ requests
[AdvancedSearch] Searching for "Book 999" by "Test Author"

stdout | tests/handlers/request-coalescing-timeout.test.js > Request Coalescing Timeout & Cleanup > should handle rapid sequential requests correctly
[AdvancedSearch] Searching for "Book 0" by "Test Author"

stdout | tests/handlers/request-coalescing-timeout.test.js > Request Coalescing Timeout & Cleanup > should handle rapid sequential requests correctly
[AdvancedSearch] Searching for "Book 1" by "Test Author"

stdout | tests/handlers/request-coalescing-timeout.test.js > Request Coalescing Timeout & Cleanup > should handle rapid sequential requests correctly
[AdvancedSearch] Searching for "Book 2" by "Test Author"

stdout | tests/handlers/request-coalescing-timeout.test.js > Request Coalescing Timeout & Cleanup > should handle rapid sequential requests correctly
[AdvancedSearch] Searching for "Book 3" by "Test Author"

stdout | tests/handlers/request-coalescing-timeout.test.js > Request Coalescing Timeout & Cleanup > should handle rapid sequential requests correctly
[AdvancedSearch] Searching for "Book 4" by "Test Author"

stdout | tests/handlers/request-coalescing-timeout.test.js > Request Coalescing Timeout & Cleanup > should handle rapid sequential requests correctly
[AdvancedSearch] Searching for "Book 5" by "Test Author"

stdout | tests/handlers/request-coalescing-timeout.test.js > Request Coalescing Timeout & Cleanup > should handle rapid sequential requests correctly
[AdvancedSearch] Searching for "Book 6" by "Test Author"

stdout | tests/handlers/request-coalescing-timeout.test.js > Request Coalescing Timeout & Cleanup > should handle rapid sequential requests correctly
[AdvancedSearch] Searching for "Book 7" by "Test Author"

stdout | tests/handlers/request-coalescing-timeout.test.js > Request Coalescing Timeout & Cleanup > should handle rapid sequential requests correctly
[AdvancedSearch] Searching for "Book 8" by "Test Author"

stdout | tests/handlers/request-coalescing-timeout.test.js > Request Coalescing Timeout & Cleanup > should handle rapid sequential requests correctly
[AdvancedSearch] Searching for "Book 9" by "Test Author"

stdout | tests/handlers/request-coalescing-timeout.test.js > Request Coalescing Timeout & Cleanup > should handle rapid sequential requests correctly
[AdvancedSearch] Searching for "Book 10" by "Test Author"

stdout | tests/handlers/request-coalescing-timeout.test.js > Request Coalescing Timeout & Cleanup > should handle rapid sequential requests correctly
[AdvancedSearch] Searching for "Book 11" by "Test Author"

stdout | tests/handlers/request-coalescing-timeout.test.js > Request Coalescing Timeout & Cleanup > should handle rapid sequential requests correctly
[AdvancedSearch] Searching for "Book 12" by "Test Author"

stdout | tests/handlers/request-coalescing-timeout.test.js > Request Coalescing Timeout & Cleanup > should handle rapid sequential requests correctly
[AdvancedSearch] Searching for "Book 13" by "Test Author"

stdout | tests/handlers/request-coalescing-timeout.test.js > Request Coalescing Timeout & Cleanup > should handle rapid sequential requests correctly
[AdvancedSearch] Searching for "Book 14" by "Test Author"

stdout | tests/handlers/request-coalescing-timeout.test.js > Request Coalescing Timeout & Cleanup > should handle rapid sequential requests correctly
[AdvancedSearch] Searching for "Book 15" by "Test Author"

stdout | tests/handlers/request-coalescing-timeout.test.js > Request Coalescing Timeout & Cleanup > should handle rapid sequential requests correctly
[AdvancedSearch] Searching for "Book 16" by "Test Author"

stdout | tests/handlers/request-coalescing-timeout.test.js > Request Coalescing Timeout & Cleanup > should handle rapid sequential requests correctly
[AdvancedSearch] Searching for "Book 17" by "Test Author"

stdout | tests/handlers/request-coalescing-timeout.test.js > Request Coalescing Timeout & Cleanup > should handle rapid sequential requests correctly
[AdvancedSearch] Searching for "Book 18" by "Test Author"

stdout | tests/handlers/request-coalescing-timeout.test.js > Request Coalescing Timeout & Cleanup > should handle rapid sequential requests correctly
[AdvancedSearch] Searching for "Book 19" by "Test Author"

stdout | tests/handlers/request-coalescing-timeout.test.js > Request Coalescing Timeout & Cleanup > should handle rapid sequential requests correctly
[AdvancedSearch] Searching for "Book 20" by "Test Author"

stdout | tests/handlers/request-coalescing-timeout.test.js > Request Coalescing Timeout & Cleanup > should handle rapid sequential requests correctly
[AdvancedSearch] Searching for "Book 21" by "Test Author"

stdout | tests/handlers/request-coalescing-timeout.test.js > Request Coalescing Timeout & Cleanup > should handle rapid sequential requests correctly
[AdvancedSearch] Searching for "Book 22" by "Test Author"

stdout | tests/handlers/request-coalescing-timeout.test.js > Request Coalescing Timeout & Cleanup > should handle rapid sequential requests correctly
[AdvancedSearch] Searching for "Book 23" by "Test Author"

stdout | tests/handlers/request-coalescing-timeout.test.js > Request Coalescing Timeout & Cleanup > should handle rapid sequential requests correctly
[AdvancedSearch] Searching for "Book 24" by "Test Author"

stdout | tests/handlers/request-coalescing-timeout.test.js > Request Coalescing Timeout & Cleanup > should handle rapid sequential requests correctly
[AdvancedSearch] Searching for "Book 25" by "Test Author"

stdout | tests/handlers/request-coalescing-timeout.test.js > Request Coalescing Timeout & Cleanup > should handle rapid sequential requests correctly
[AdvancedSearch] Searching for "Book 26" by "Test Author"

stdout | tests/handlers/request-coalescing-timeout.test.js > Request Coalescing Timeout & Cleanup > should handle rapid sequential requests correctly
[AdvancedSearch] Searching for "Book 27" by "Test Author"

stdout | tests/handlers/request-coalescing-timeout.test.js > Request Coalescing Timeout & Cleanup > should handle rapid sequential requests correctly
[AdvancedSearch] Searching for "Book 28" by "Test Author"

stdout | tests/handlers/request-coalescing-timeout.test.js > Request Coalescing Timeout & Cleanup > should handle rapid sequential requests correctly
[AdvancedSearch] Searching for "Book 29" by "Test Author"

stdout | tests/handlers/request-coalescing-timeout.test.js > Request Coalescing Timeout & Cleanup > should handle rapid sequential requests correctly
[AdvancedSearch] Searching for "Book 30" by "Test Author"

stdout | tests/handlers/request-coalescing-timeout.test.js > Request Coalescing Timeout & Cleanup > should handle rapid sequential requests correctly
[AdvancedSearch] Searching for "Book 31" by "Test Author"

stdout | tests/handlers/request-coalescing-timeout.test.js > Request Coalescing Timeout & Cleanup > should handle rapid sequential requests correctly
[AdvancedSearch] Searching for "Book 32" by "Test Author"

stdout | tests/handlers/request-coalescing-timeout.test.js > Request Coalescing Timeout & Cleanup > should handle rapid sequential requests correctly
[AdvancedSearch] Searching for "Book 33" by "Test Author"

stdout | tests/handlers/request-coalescing-timeout.test.js > Request Coalescing Timeout & Cleanup > should handle rapid sequential requests correctly
[AdvancedSearch] Searching for "Book 34" by "Test Author"

stdout | tests/handlers/request-coalescing-timeout.test.js > Request Coalescing Timeout & Cleanup > should handle rapid sequential requests correctly
[AdvancedSearch] Searching for "Book 35" by "Test Author"

stdout | tests/handlers/request-coalescing-timeout.test.js > Request Coalescing Timeout & Cleanup > should handle rapid sequential requests correctly
[AdvancedSearch] Searching for "Book 36" by "Test Author"

stdout | tests/handlers/request-coalescing-timeout.test.js > Request Coalescing Timeout & Cleanup > should handle rapid sequential requests correctly
[AdvancedSearch] Searching for "Book 37" by "Test Author"

stdout | tests/handlers/request-coalescing-timeout.test.js > Request Coalescing Timeout & Cleanup > should handle rapid sequential requests correctly
[AdvancedSearch] Searching for "Book 38" by "Test Author"

stdout | tests/handlers/request-coalescing-timeout.test.js > Request Coalescing Timeout & Cleanup > should handle rapid sequential requests correctly
[AdvancedSearch] Searching for "Book 39" by "Test Author"

stdout | tests/handlers/request-coalescing-timeout.test.js > Request Coalescing Timeout & Cleanup > should handle rapid sequential requests correctly
[AdvancedSearch] Searching for "Book 40" by "Test Author"

stdout | tests/handlers/request-coalescing-timeout.test.js > Request Coalescing Timeout & Cleanup > should handle rapid sequential requests correctly
[AdvancedSearch] Searching for "Book 41" by "Test Author"

stdout | tests/handlers/request-coalescing-timeout.test.js > Request Coalescing Timeout & Cleanup > should handle rapid sequential requests correctly
[AdvancedSearch] Searching for "Book 42" by "Test Author"

stdout | tests/handlers/request-coalescing-timeout.test.js > Request Coalescing Timeout & Cleanup > should handle rapid sequential requests correctly
[AdvancedSearch] Searching for "Book 43" by "Test Author"

stdout | tests/handlers/request-coalescing-timeout.test.js > Request Coalescing Timeout & Cleanup > should handle rapid sequential requests correctly
[AdvancedSearch] Searching for "Book 44" by "Test Author"

stdout | tests/handlers/request-coalescing-timeout.test.js > Request Coalescing Timeout & Cleanup > should handle rapid sequential requests correctly
[AdvancedSearch] Searching for "Book 45" by "Test Author"

stdout | tests/handlers/request-coalescing-timeout.test.js > Request Coalescing Timeout & Cleanup > should handle rapid sequential requests correctly
[AdvancedSearch] Searching for "Book 46" by "Test Author"

stdout | tests/handlers/request-coalescing-timeout.test.js > Request Coalescing Timeout & Cleanup > should handle rapid sequential requests correctly
[AdvancedSearch] Searching for "Book 47" by "Test Author"

stdout | tests/handlers/request-coalescing-timeout.test.js > Request Coalescing Timeout & Cleanup > should handle rapid sequential requests correctly
[AdvancedSearch] Searching for "Book 48" by "Test Author"

stdout | tests/handlers/request-coalescing-timeout.test.js > Request Coalescing Timeout & Cleanup > should handle rapid sequential requests correctly
[AdvancedSearch] Searching for "Book 49" by "Test Author"

stdout | tests/handlers/request-coalescing-timeout.test.js > Request Coalescing Timeout & Cleanup > should handle rapid sequential requests correctly
[AdvancedSearch] Searching for "Book 50" by "Test Author"

stdout | tests/handlers/request-coalescing-timeout.test.js > Request Coalescing Timeout & Cleanup > should handle rapid sequential requests correctly
[AdvancedSearch] Searching for "Book 51" by "Test Author"

stdout | tests/handlers/request-coalescing-timeout.test.js > Request Coalescing Timeout & Cleanup > should handle rapid sequential requests correctly
[AdvancedSearch] Searching for "Book 52" by "Test Author"

stdout | tests/handlers/request-coalescing-timeout.test.js > Request Coalescing Timeout & Cleanup > should handle rapid sequential requests correctly
[AdvancedSearch] Searching for "Book 53" by "Test Author"

stdout | tests/handlers/request-coalescing-timeout.test.js > Request Coalescing Timeout & Cleanup > should handle rapid sequential requests correctly
[AdvancedSearch] Searching for "Book 54" by "Test Author"

stdout | tests/handlers/request-coalescing-timeout.test.js > Request Coalescing Timeout & Cleanup > should handle rapid sequential requests correctly
[AdvancedSearch] Searching for "Book 55" by "Test Author"

stdout | tests/handlers/request-coalescing-timeout.test.js > Request Coalescing Timeout & Cleanup > should handle rapid sequential requests correctly
[AdvancedSearch] Searching for "Book 56" by "Test Author"

stdout | tests/handlers/request-coalescing-timeout.test.js > Request Coalescing Timeout & Cleanup > should handle rapid sequential requests correctly
[AdvancedSearch] Searching for "Book 57" by "Test Author"

stdout | tests/handlers/request-coalescing-timeout.test.js > Request Coalescing Timeout & Cleanup > should handle rapid sequential requests correctly
[AdvancedSearch] Searching for "Book 58" by "Test Author"

stdout | tests/handlers/request-coalescing-timeout.test.js > Request Coalescing Timeout & Cleanup > should handle rapid sequential requests correctly
[AdvancedSearch] Searching for "Book 59" by "Test Author"

stdout | tests/handlers/request-coalescing-timeout.test.js > Request Coalescing Timeout & Cleanup > should handle rapid sequential requests correctly
[AdvancedSearch] Searching for "Book 60" by "Test Author"

stdout | tests/handlers/request-coalescing-timeout.test.js > Request Coalescing Timeout & Cleanup > should handle rapid sequential requests correctly
[AdvancedSearch] Searching for "Book 61" by "Test Author"

stdout | tests/handlers/request-coalescing-timeout.test.js > Request Coalescing Timeout & Cleanup > should handle rapid sequential requests correctly
[AdvancedSearch] Searching for "Book 62" by "Test Author"

stdout | tests/handlers/request-coalescing-timeout.test.js > Request Coalescing Timeout & Cleanup > should handle rapid sequential requests correctly
[AdvancedSearch] Searching for "Book 63" by "Test Author"

stdout | tests/handlers/request-coalescing-timeout.test.js > Request Coalescing Timeout & Cleanup > should handle rapid sequential requests correctly
[AdvancedSearch] Searching for "Book 64" by "Test Author"

stdout | tests/handlers/request-coalescing-timeout.test.js > Request Coalescing Timeout & Cleanup > should handle rapid sequential requests correctly
[AdvancedSearch] Searching for "Book 65" by "Test Author"

stdout | tests/handlers/request-coalescing-timeout.test.js > Request Coalescing Timeout & Cleanup > should handle rapid sequential requests correctly
[AdvancedSearch] Searching for "Book 66" by "Test Author"

stdout | tests/handlers/request-coalescing-timeout.test.js > Request Coalescing Timeout & Cleanup > should handle rapid sequential requests correctly
[AdvancedSearch] Searching for "Book 67" by "Test Author"

stdout | tests/handlers/request-coalescing-timeout.test.js > Request Coalescing Timeout & Cleanup > should handle rapid sequential requests correctly
[AdvancedSearch] Searching for "Book 68" by "Test Author"

stdout | tests/handlers/request-coalescing-timeout.test.js > Request Coalescing Timeout & Cleanup > should handle rapid sequential requests correctly
[AdvancedSearch] Searching for "Book 69" by "Test Author"

stdout | tests/handlers/request-coalescing-timeout.test.js > Request Coalescing Timeout & Cleanup > should handle rapid sequential requests correctly
[AdvancedSearch] Searching for "Book 70" by "Test Author"

stdout | tests/handlers/request-coalescing-timeout.test.js > Request Coalescing Timeout & Cleanup > should handle rapid sequential requests correctly
[AdvancedSearch] Searching for "Book 71" by "Test Author"

stdout | tests/handlers/request-coalescing-timeout.test.js > Request Coalescing Timeout & Cleanup > should handle rapid sequential requests correctly
[AdvancedSearch] Searching for "Book 72" by "Test Author"

stdout | tests/handlers/request-coalescing-timeout.test.js > Request Coalescing Timeout & Cleanup > should handle rapid sequential requests correctly
[AdvancedSearch] Searching for "Book 73" by "Test Author"

stdout | tests/handlers/request-coalescing-timeout.test.js > Request Coalescing Timeout & Cleanup > should handle rapid sequential requests correctly
[AdvancedSearch] Searching for "Book 74" by "Test Author"

stdout | tests/handlers/request-coalescing-timeout.test.js > Request Coalescing Timeout & Cleanup > should handle rapid sequential requests correctly
[AdvancedSearch] Searching for "Book 75" by "Test Author"

stdout | tests/handlers/request-coalescing-timeout.test.js > Request Coalescing Timeout & Cleanup > should handle rapid sequential requests correctly
[AdvancedSearch] Searching for "Book 76" by "Test Author"

stdout | tests/handlers/request-coalescing-timeout.test.js > Request Coalescing Timeout & Cleanup > should handle rapid sequential requests correctly
[AdvancedSearch] Searching for "Book 77" by "Test Author"

stdout | tests/handlers/request-coalescing-timeout.test.js > Request Coalescing Timeout & Cleanup > should handle rapid sequential requests correctly
[AdvancedSearch] Searching for "Book 78" by "Test Author"

stdout | tests/handlers/request-coalescing-timeout.test.js > Request Coalescing Timeout & Cleanup > should handle rapid sequential requests correctly
[AdvancedSearch] Searching for "Book 79" by "Test Author"

stdout | tests/handlers/request-coalescing-timeout.test.js > Request Coalescing Timeout & Cleanup > should handle rapid sequential requests correctly
[AdvancedSearch] Searching for "Book 80" by "Test Author"

stdout | tests/handlers/request-coalescing-timeout.test.js > Request Coalescing Timeout & Cleanup > should handle rapid sequential requests correctly
[AdvancedSearch] Searching for "Book 81" by "Test Author"

stdout | tests/handlers/request-coalescing-timeout.test.js > Request Coalescing Timeout & Cleanup > should handle rapid sequential requests correctly
[AdvancedSearch] Searching for "Book 82" by "Test Author"

stdout | tests/handlers/request-coalescing-timeout.test.js > Request Coalescing Timeout & Cleanup > should handle rapid sequential requests correctly
[AdvancedSearch] Searching for "Book 83" by "Test Author"

stdout | tests/handlers/request-coalescing-timeout.test.js > Request Coalescing Timeout & Cleanup > should handle rapid sequential requests correctly
[AdvancedSearch] Searching for "Book 84" by "Test Author"

stdout | tests/handlers/request-coalescing-timeout.test.js > Request Coalescing Timeout & Cleanup > should handle rapid sequential requests correctly
[AdvancedSearch] Searching for "Book 85" by "Test Author"

stdout | tests/handlers/request-coalescing-timeout.test.js > Request Coalescing Timeout & Cleanup > should handle rapid sequential requests correctly
[AdvancedSearch] Searching for "Book 86" by "Test Author"

stdout | tests/handlers/request-coalescing-timeout.test.js > Request Coalescing Timeout & Cleanup > should handle rapid sequential requests correctly
[AdvancedSearch] Searching for "Book 87" by "Test Author"

stdout | tests/handlers/request-coalescing-timeout.test.js > Request Coalescing Timeout & Cleanup > should handle rapid sequential requests correctly
[AdvancedSearch] Searching for "Book 88" by "Test Author"

stdout | tests/handlers/request-coalescing-timeout.test.js > Request Coalescing Timeout & Cleanup > should handle rapid sequential requests correctly
[AdvancedSearch] Searching for "Book 89" by "Test Author"

stdout | tests/handlers/request-coalescing-timeout.test.js > Request Coalescing Timeout & Cleanup > should handle rapid sequential requests correctly
[AdvancedSearch] Searching for "Book 90" by "Test Author"

stdout | tests/handlers/request-coalescing-timeout.test.js > Request Coalescing Timeout & Cleanup > should handle rapid sequential requests correctly
[AdvancedSearch] Searching for "Book 91" by "Test Author"

stdout | tests/handlers/request-coalescing-timeout.test.js > Request Coalescing Timeout & Cleanup > should handle rapid sequential requests correctly
[AdvancedSearch] Searching for "Book 92" by "Test Author"

stdout | tests/handlers/request-coalescing-timeout.test.js > Request Coalescing Timeout & Cleanup > should handle rapid sequential requests correctly
[AdvancedSearch] Searching for "Book 93" by "Test Author"

stdout | tests/handlers/request-coalescing-timeout.test.js > Request Coalescing Timeout & Cleanup > should handle rapid sequential requests correctly
[AdvancedSearch] Searching for "Book 94" by "Test Author"

stdout | tests/handlers/request-coalescing-timeout.test.js > Request Coalescing Timeout & Cleanup > should handle rapid sequential requests correctly
[AdvancedSearch] Searching for "Book 95" by "Test Author"

stdout | tests/handlers/request-coalescing-timeout.test.js > Request Coalescing Timeout & Cleanup > should handle rapid sequential requests correctly
[AdvancedSearch] Searching for "Book 96" by "Test Author"

stdout | tests/handlers/request-coalescing-timeout.test.js > Request Coalescing Timeout & Cleanup > should handle rapid sequential requests correctly
[AdvancedSearch] Searching for "Book 97" by "Test Author"

stdout | tests/handlers/request-coalescing-timeout.test.js > Request Coalescing Timeout & Cleanup > should handle rapid sequential requests correctly
[AdvancedSearch] Searching for "Book 98" by "Test Author"

stdout | tests/handlers/request-coalescing-timeout.test.js > Request Coalescing Timeout & Cleanup > should handle rapid sequential requests correctly
[AdvancedSearch] Searching for "Book 99" by "Test Author"

stdout | tests/handlers/request-coalescing-timeout.test.js > Request Coalescing Timeout & Cleanup > should timeout after 30 seconds exactly
[AdvancedSearch] Searching for "Test Book" by "Test Author"

stderr | tests/handlers/request-coalescing-timeout.test.js > Request Coalescing Timeout & Cleanup > should timeout after 30 seconds exactly
⏱️ Request timeout after 30000ms: search:test book:test author

stdout | tests/handlers/request-coalescing-timeout.test.js > Request Coalescing Timeout & Cleanup > should handle negative cache entries correctly without leaking
[AdvancedSearch] Searching for "Nonexistent Book" by "Fake Author"

stdout | tests/handlers/request-coalescing-timeout.test.js > Request Coalescing Timeout & Cleanup > should handle negative cache entries correctly without leaking
⚠️ Negative cache HIT: search:nonexistent book:fake author (age: 0s)

(node:82080) PromiseRejectionHandledWarning: Promise rejection was handled asynchronously (rejection id: 4)
 ✓ |node| tests/handlers/request-coalescing-timeout.test.js > Request Coalescing Timeout & Cleanup > should coalesce concurrent requests with same parameters 102ms
 × |node| tests/handlers/request-coalescing-timeout.test.js > Request Coalescing Timeout & Cleanup > should handle multiple different requests without interference 1ms
   → Cannot read properties of undefined (reading 'items')
 ✓ |node| tests/handlers/request-coalescing-timeout.test.js > Request Coalescing Timeout & Cleanup > should not leak memory after 1000+ requests 41ms
 ✓ |node| tests/handlers/request-coalescing-timeout.test.js > Request Coalescing Timeout & Cleanup > should handle rapid sequential requests correctly 4ms
 ✓ |node| tests/handlers/request-coalescing-timeout.test.js > Request Coalescing Timeout & Cleanup > should timeout after 30 seconds exactly 2ms
 × |node| tests/handlers/request-coalescing-timeout.test.js > Request Coalescing Timeout & Cleanup > should handle negative cache entries correctly without leaking 1ms
   → Cannot read properties of undefined (reading 'items')
stdout | tests/unit/job-state-manager-do.test.js > JobStateManagerDO > Job Initialization > should initialize job state with all required fields
[JobStateManager] Initializing job test-job-123 for pipeline csv_import

stdout | tests/unit/job-state-manager-do.test.js > JobStateManagerDO > Job Initialization > should initialize job state with all required fields
[JobStateManager] Job test-job-123 initialized

stdout | tests/unit/job-state-manager-do.test.js > JobStateManagerDO > Job Initialization > should set start time on initialization
[JobStateManager] Initializing job job-123 for pipeline csv_import

stdout | tests/unit/job-state-manager-do.test.js > JobStateManagerDO > Job Initialization > should set start time on initialization
[JobStateManager] Job job-123 initialized

stdout | tests/unit/job-state-manager-do.test.js > JobStateManagerDO > Progress Updates > should update job progress and notify WebSocket DO
[JobStateManager] State persisted for job job-123

stdout | tests/unit/job-state-manager-do.test.js > JobStateManagerDO > Progress Updates > should update job progress and notify WebSocket DO
[JobStateManager] Broadcast progress to queue (0 SSE clients, 1 pending) for job job-123

stderr | tests/unit/job-state-manager-do.test.js > JobStateManagerDO > Progress Updates > should handle missing job state gracefully
[JobStateManager] No job state found for progress update

stdout | tests/unit/job-state-manager-do.test.js > JobStateManagerDO > Progress Updates > should throttle storage writes based on pipeline config
[JobStateManager] State persisted for job job-123

stdout | tests/unit/job-state-manager-do.test.js > JobStateManagerDO > Progress Updates > should throttle storage writes based on pipeline config
[JobStateManager] Broadcast progress to queue (0 SSE clients, 1 pending) for job job-123

stdout | tests/unit/job-state-manager-do.test.js > JobStateManagerDO > Progress Updates > should throttle storage writes based on pipeline config
[JobStateManager] Broadcast progress to queue (0 SSE clients, 2 pending) for job job-123

stdout | tests/unit/job-state-manager-do.test.js > JobStateManagerDO > Progress Updates > should throttle storage writes based on pipeline config
[JobStateManager] Broadcast progress to queue (0 SSE clients, 3 pending) for job job-123

stdout | tests/unit/job-state-manager-do.test.js > JobStateManagerDO > Progress Updates > should throttle storage writes based on pipeline config
[JobStateManager] Broadcast progress to queue (0 SSE clients, 4 pending) for job job-123

stdout | tests/unit/job-state-manager-do.test.js > JobStateManagerDO > Progress Updates > should throttle storage writes based on pipeline config
[JobStateManager] Flushed 5 pending updates for job job-123

stdout | tests/unit/job-state-manager-do.test.js > JobStateManagerDO > Progress Updates > should throttle storage writes based on pipeline config
[JobStateManager] Broadcast progress to queue (0 SSE clients, 0 pending) for job job-123

stdout | tests/unit/job-state-manager-do.test.js > JobStateManagerDO > Progress Updates > should throttle storage writes based on pipeline config
[JobStateManager] Broadcast progress to queue (0 SSE clients, 1 pending) for job job-123

stdout | tests/unit/job-state-manager-do.test.js > JobStateManagerDO > Progress Updates > should throttle storage writes based on pipeline config
[JobStateManager] Broadcast progress to queue (0 SSE clients, 2 pending) for job job-123

stdout | tests/unit/job-state-manager-do.test.js > JobStateManagerDO > Progress Updates > should throttle storage writes based on pipeline config
[JobStateManager] Broadcast progress to queue (0 SSE clients, 3 pending) for job job-123

stdout | tests/unit/job-state-manager-do.test.js > JobStateManagerDO > Progress Updates > should throttle storage writes based on pipeline config
[JobStateManager] Broadcast progress to queue (0 SSE clients, 4 pending) for job job-123

stdout | tests/unit/job-state-manager-do.test.js > JobStateManagerDO > Progress Updates > should throttle storage writes based on pipeline config
[JobStateManager] Flushed 5 pending updates for job job-123

stdout | tests/unit/job-state-manager-do.test.js > JobStateManagerDO > Progress Updates > should throttle storage writes based on pipeline config
[JobStateManager] Broadcast progress to queue (0 SSE clients, 0 pending) for job job-123

stdout | tests/unit/job-state-manager-do.test.js > JobStateManagerDO > Progress Updates > should throttle storage writes based on pipeline config
[JobStateManager] Broadcast progress to queue (0 SSE clients, 1 pending) for job job-123

stdout | tests/unit/job-state-manager-do.test.js > JobStateManagerDO > Progress Updates > should throttle storage writes based on pipeline config
[JobStateManager] Broadcast progress to queue (0 SSE clients, 2 pending) for job job-123

stdout | tests/unit/job-state-manager-do.test.js > JobStateManagerDO > Progress Updates > should throttle storage writes based on pipeline config
[JobStateManager] Broadcast progress to queue (0 SSE clients, 3 pending) for job job-123

stdout | tests/unit/job-state-manager-do.test.js > JobStateManagerDO > Progress Updates > should throttle storage writes based on pipeline config
[JobStateManager] Broadcast progress to queue (0 SSE clients, 4 pending) for job job-123

stdout | tests/unit/job-state-manager-do.test.js > JobStateManagerDO > Progress Updates > should throttle storage writes based on pipeline config
[JobStateManager] Flushed 5 pending updates for job job-123

stdout | tests/unit/job-state-manager-do.test.js > JobStateManagerDO > Progress Updates > should throttle storage writes based on pipeline config
[JobStateManager] Broadcast progress to queue (0 SSE clients, 0 pending) for job job-123

stdout | tests/unit/job-state-manager-do.test.js > JobStateManagerDO > Progress Updates > should throttle storage writes based on pipeline config
[JobStateManager] Broadcast progress to queue (0 SSE clients, 1 pending) for job job-123

stdout | tests/unit/job-state-manager-do.test.js > JobStateManagerDO > Progress Updates > should throttle storage writes based on pipeline config
[JobStateManager] Broadcast progress to queue (0 SSE clients, 2 pending) for job job-123

stdout | tests/unit/job-state-manager-do.test.js > JobStateManagerDO > Progress Updates > should throttle storage writes based on pipeline config
[JobStateManager] Broadcast progress to queue (0 SSE clients, 3 pending) for job job-123

stdout | tests/unit/job-state-manager-do.test.js > JobStateManagerDO > Progress Updates > should throttle storage writes based on pipeline config
[JobStateManager] Broadcast progress to queue (0 SSE clients, 4 pending) for job job-123

stdout | tests/unit/job-state-manager-do.test.js > JobStateManagerDO > Progress Updates > should throttle storage writes based on pipeline config
[JobStateManager] Flushed 5 pending updates for job job-123

stdout | tests/unit/job-state-manager-do.test.js > JobStateManagerDO > Progress Updates > should throttle storage writes based on pipeline config
[JobStateManager] Broadcast progress to queue (0 SSE clients, 0 pending) for job job-123

stdout | tests/unit/job-state-manager-do.test.js > JobStateManagerDO > Progress Updates > should throttle storage writes based on pipeline config
[JobStateManager] State persisted for job job-123

stdout | tests/unit/job-state-manager-do.test.js > JobStateManagerDO > Progress Updates > should throttle storage writes based on pipeline config
[JobStateManager] Broadcast progress to queue (0 SSE clients, 1 pending) for job job-123

stdout | tests/unit/job-state-manager-do.test.js > JobStateManagerDO > Progress Updates > should update lastUpdateTime on each progress update
[JobStateManager] State persisted for job job-123

stdout | tests/unit/job-state-manager-do.test.js > JobStateManagerDO > Progress Updates > should update lastUpdateTime on each progress update
[JobStateManager] Broadcast progress to queue (0 SSE clients, 1 pending) for job job-123

stdout | tests/unit/job-state-manager-do.test.js > JobStateManagerDO > Progress Updates > should update lastUpdateTime on each progress update
[JobStateManager] State persisted for job job-123

stdout | tests/unit/job-state-manager-do.test.js > JobStateManagerDO > Progress Updates > should update lastUpdateTime on each progress update
[JobStateManager] Broadcast progress to queue (0 SSE clients, 2 pending) for job job-123

stdout | tests/unit/job-state-manager-do.test.js > JobStateManagerDO > Job Completion > should mark job as completed with result
[JobStateManager] Job job-123 completed

stdout | tests/unit/job-state-manager-do.test.js > JobStateManagerDO > Job Completion > should mark job as completed with result
[JobStateManager] Broadcast completed to queue (0 SSE clients, 1 pending) for job job-123

stdout | tests/unit/job-state-manager-do.test.js > JobStateManagerDO > Job Completion > should mark job as completed with result
[JobStateManager] Flushed 1 pending updates for job job-123

stdout | tests/unit/job-state-manager-do.test.js > JobStateManagerDO > Job Completion > should notify WebSocket DO on completion
[JobStateManager] Job job-123 completed

stdout | tests/unit/job-state-manager-do.test.js > JobStateManagerDO > Job Completion > should notify WebSocket DO on completion
[JobStateManager] Broadcast completed to queue (0 SSE clients, 1 pending) for job job-123

stdout | tests/unit/job-state-manager-do.test.js > JobStateManagerDO > Job Completion > should notify WebSocket DO on completion
[JobStateManager] Flushed 1 pending updates for job job-123

stdout | tests/unit/job-state-manager-do.test.js > JobStateManagerDO > Job Completion > should schedule cleanup alarm after 24 hours
[JobStateManager] Job job-123 completed

stdout | tests/unit/job-state-manager-do.test.js > JobStateManagerDO > Job Completion > should schedule cleanup alarm after 24 hours
[JobStateManager] Broadcast completed to queue (0 SSE clients, 1 pending) for job job-123

stdout | tests/unit/job-state-manager-do.test.js > JobStateManagerDO > Job Completion > should schedule cleanup alarm after 24 hours
[JobStateManager] Flushed 1 pending updates for job job-123

stdout | tests/unit/job-state-manager-do.test.js > JobStateManagerDO > Job Completion > should close WebSocket after brief delay
[JobStateManager] Job job-123 completed

stdout | tests/unit/job-state-manager-do.test.js > JobStateManagerDO > Job Completion > should close WebSocket after brief delay
[JobStateManager] Broadcast completed to queue (0 SSE clients, 1 pending) for job job-123

stdout | tests/unit/job-state-manager-do.test.js > JobStateManagerDO > Job Completion > should close WebSocket after brief delay
[JobStateManager] Flushed 1 pending updates for job job-123

stdout | tests/unit/job-state-manager-do.test.js > JobStateManagerDO > Error Handling > should mark job as failed with error details
[JobStateManager] Job job-123 failed

stdout | tests/unit/job-state-manager-do.test.js > JobStateManagerDO > Error Handling > should mark job as failed with error details
[JobStateManager] Broadcast failed to queue (0 SSE clients, 1 pending) for job job-123

stdout | tests/unit/job-state-manager-do.test.js > JobStateManagerDO > Error Handling > should mark job as failed with error details
[JobStateManager] Flushed 1 pending updates for job job-123

stdout | tests/unit/job-state-manager-do.test.js > JobStateManagerDO > Error Handling > should notify WebSocket DO on error
[JobStateManager] Job job-123 failed

stdout | tests/unit/job-state-manager-do.test.js > JobStateManagerDO > Error Handling > should notify WebSocket DO on error
[JobStateManager] Broadcast failed to queue (0 SSE clients, 1 pending) for job job-123

stdout | tests/unit/job-state-manager-do.test.js > JobStateManagerDO > Error Handling > should notify WebSocket DO on error
[JobStateManager] Flushed 1 pending updates for job job-123

stdout | tests/unit/job-state-manager-do.test.js > JobStateManagerDO > Error Handling > should schedule cleanup after error
[JobStateManager] Job job-123 failed

stdout | tests/unit/job-state-manager-do.test.js > JobStateManagerDO > Error Handling > should schedule cleanup after error
[JobStateManager] Broadcast failed to queue (0 SSE clients, 1 pending) for job job-123

stdout | tests/unit/job-state-manager-do.test.js > JobStateManagerDO > Error Handling > should schedule cleanup after error
[JobStateManager] Flushed 1 pending updates for job job-123

stdout | tests/unit/job-state-manager-do.test.js > JobStateManagerDO > Error Handling > should close WebSocket after error with delay
[JobStateManager] Job job-123 failed

stdout | tests/unit/job-state-manager-do.test.js > JobStateManagerDO > Error Handling > should close WebSocket after error with delay
[JobStateManager] Broadcast failed to queue (0 SSE clients, 1 pending) for job job-123

stdout | tests/unit/job-state-manager-do.test.js > JobStateManagerDO > Error Handling > should close WebSocket after error with delay
[JobStateManager] Flushed 1 pending updates for job job-123

stdout | tests/unit/job-state-manager-do.test.js > JobStateManagerDO > Job Cancellation > should mark job as canceled
[JobStateManager] Job job-123 canceled: User requested cancellation

stderr | tests/unit/job-state-manager-do.test.js > JobStateManagerDO > Job Cancellation > should handle cancellation of non-existent job
[JobStateManager] No job state found for cancellation

stdout | tests/unit/job-state-manager-do.test.js > JobStateManagerDO > Job Cancellation > should check if job is canceled
[JobStateManager] Job job-123 canceled: Test

stdout | tests/unit/job-state-manager-do.test.js > JobStateManagerDO > Alarm Handler > should cleanup old job state on alarm
[JobStateManager] Cleanup alarm triggered - removing old state

stderr | tests/unit/job-state-manager-do.test.js > JobStateManagerDO > Alarm Handler > should cleanup old job state on alarm
[JobStateManager] Failed to cleanup WebSocket DO storage: TypeError: wsDoStub.cleanupStorage is not a function
    at JobStateManagerDO.alarm [90m(/Users/juju/dev_repos/bendv3/[39msrc/durable-objects/job-state-manager.ts:1235:26[90m)[39m
[90m    at processTicksAndRejections (node:internal/process/task_queues:103:5)[39m
    at [90m/Users/juju/dev_repos/bendv3/[39mtests/unit/job-state-manager-do.test.js:505:7
    at [90mfile:///Users/juju/dev_repos/bendv3/[39mnode_modules/[4m@vitest/runner[24m/dist/chunk-hooks.js:752:20

stdout | tests/unit/job-state-manager-do.test.js > JobStateManagerDO > Alarm Resilience and Continuity (Issue #246) > should delete existing alarm before setting new one on completion (Issue #108)
[JobStateManager] Job job-123 completed

stdout | tests/unit/job-state-manager-do.test.js > JobStateManagerDO > Alarm Resilience and Continuity (Issue #246) > should delete existing alarm before setting new one on completion (Issue #108)
[JobStateManager] Broadcast completed to queue (0 SSE clients, 1 pending) for job job-123

stdout | tests/unit/job-state-manager-do.test.js > JobStateManagerDO > Alarm Resilience and Continuity (Issue #246) > should delete existing alarm before setting new one on completion (Issue #108)
[JobStateManager] Flushed 1 pending updates for job job-123

stdout | tests/unit/job-state-manager-do.test.js > JobStateManagerDO > Alarm Resilience and Continuity (Issue #246) > should delete existing alarm before setting new one on failure (Issue #108)
[JobStateManager] Job job-123 failed

stdout | tests/unit/job-state-manager-do.test.js > JobStateManagerDO > Alarm Resilience and Continuity (Issue #246) > should delete existing alarm before setting new one on failure (Issue #108)
[JobStateManager] Broadcast failed to queue (0 SSE clients, 1 pending) for job job-123

stdout | tests/unit/job-state-manager-do.test.js > JobStateManagerDO > Alarm Resilience and Continuity (Issue #246) > should delete existing alarm before setting new one on failure (Issue #108)
[JobStateManager] Flushed 1 pending updates for job job-123

stdout | tests/unit/job-state-manager-do.test.js > JobStateManagerDO > Alarm Resilience and Continuity (Issue #246) > should attempt to schedule alarm during completion
[JobStateManager] Job job-123 completed

stdout | tests/unit/job-state-manager-do.test.js > JobStateManagerDO > Alarm Resilience and Continuity (Issue #246) > should attempt to schedule alarm during completion
[JobStateManager] Broadcast completed to queue (0 SSE clients, 1 pending) for job job-123

stdout | tests/unit/job-state-manager-do.test.js > JobStateManagerDO > Alarm Resilience and Continuity (Issue #246) > should attempt to schedule alarm during completion
[JobStateManager] Flushed 1 pending updates for job job-123

stdout | tests/unit/job-state-manager-do.test.js > JobStateManagerDO > Alarm Resilience and Continuity (Issue #246) > should schedule cleanup alarm with correct 24-hour delay on completion
[JobStateManager] Job job-123 completed

stdout | tests/unit/job-state-manager-do.test.js > JobStateManagerDO > Alarm Resilience and Continuity (Issue #246) > should schedule cleanup alarm with correct 24-hour delay on completion
[JobStateManager] Broadcast completed to queue (0 SSE clients, 1 pending) for job job-123

stdout | tests/unit/job-state-manager-do.test.js > JobStateManagerDO > Alarm Resilience and Continuity (Issue #246) > should schedule cleanup alarm with correct 24-hour delay on completion
[JobStateManager] Flushed 1 pending updates for job job-123

stdout | tests/unit/job-state-manager-do.test.js > JobStateManagerDO > Alarm Resilience and Continuity (Issue #246) > should schedule cleanup alarm with correct 24-hour delay on failure
[JobStateManager] Job job-123 failed

stdout | tests/unit/job-state-manager-do.test.js > JobStateManagerDO > Alarm Resilience and Continuity (Issue #246) > should schedule cleanup alarm with correct 24-hour delay on failure
[JobStateManager] Broadcast failed to queue (0 SSE clients, 1 pending) for job job-123

stdout | tests/unit/job-state-manager-do.test.js > JobStateManagerDO > Alarm Resilience and Continuity (Issue #246) > should schedule cleanup alarm with correct 24-hour delay on failure
[JobStateManager] Flushed 1 pending updates for job job-123

stdout | tests/unit/job-state-manager-do.test.js > JobStateManagerDO > Alarm Resilience and Continuity (Issue #246) > should handle alarm execution when job state is missing
[JobStateManager] Cleanup alarm triggered - removing old state

stdout | tests/unit/job-state-manager-do.test.js > JobStateManagerDO > Alarm Resilience and Continuity (Issue #246) > should cleanup all job-related storage keys on alarm
[JobStateManager] Alarm triggered for CSV processing

stdout | tests/unit/job-state-manager-do.test.js > JobStateManagerDO > Alarm Resilience and Continuity (Issue #246) > should cleanup all job-related storage keys on alarm
[CSV Processor Core] Waiting for WebSocket ready signal for job job-123

stderr | tests/unit/job-state-manager-do.test.js > JobStateManagerDO > Alarm Resilience and Continuity (Issue #246) > should cleanup all job-related storage keys on alarm
[CSV Processor Core] Processing failed for job job-123: TypeError: this.wsStub.waitForReady is not a function
    at ProgressReporter.waitForReady [90m(/Users/juju/dev_repos/bendv3/[39msrc/utils/jobs/progress-reporter.ts:164:30[90m)[39m
    at processCSVCore [90m(/Users/juju/dev_repos/bendv3/[39msrc/utils/jobs/csv-processor-core.ts:180:48[90m)[39m
    at processCSVImport [90m(/Users/juju/dev_repos/bendv3/[39msrc/services/csv-processor.ts:46:9[90m)[39m
    at JobStateManagerDO.alarm [90m(/Users/juju/dev_repos/bendv3/[39msrc/durable-objects/job-state-manager.ts:924:15[90m)[39m
[90m    at processTicksAndRejections (node:internal/process/task_queues:103:5)[39m
    at [90m/Users/juju/dev_repos/bendv3/[39mtests/unit/job-state-manager-do.test.js:643:7
    at [90mfile:///Users/juju/dev_repos/bendv3/[39mnode_modules/[4m@vitest/runner[24m/dist/chunk-hooks.js:752:20

stderr | tests/unit/job-state-manager-do.test.js > JobStateManagerDO > Alarm Resilience and Continuity (Issue #246) > should cleanup all job-related storage keys on alarm
[JobStateManager] CSV processing failed in alarm: TypeError: this.stateStub.sendError is not a function
    at ProgressReporter.sendError [90m(/Users/juju/dev_repos/bendv3/[39msrc/utils/jobs/progress-reporter.ts:197:33[90m)[39m
    at processCSVCore [90m(/Users/juju/dev_repos/bendv3/[39msrc/utils/jobs/csv-processor-core.ts:487:28[90m)[39m
[90m    at processTicksAndRejections (node:internal/process/task_queues:103:5)[39m
    at processCSVImport [90m(/Users/juju/dev_repos/bendv3/[39msrc/services/csv-processor.ts:46:3[90m)[39m
    at JobStateManagerDO.alarm [90m(/Users/juju/dev_repos/bendv3/[39msrc/durable-objects/job-state-manager.ts:924:9[90m)[39m
    at [90m/Users/juju/dev_repos/bendv3/[39mtests/unit/job-state-manager-do.test.js:643:7
    at [90mfile:///Users/juju/dev_repos/bendv3/[39mnode_modules/[4m@vitest/runner[24m/dist/chunk-hooks.js:752:20

stdout | tests/unit/job-state-manager-do.test.js > JobStateManagerDO > Alarm Resilience and Continuity (Issue #246) > should schedule immediate alarm for CSV processing
[JobStateManager] Scheduled CSV processing for job job-456

stdout | tests/unit/job-state-manager-do.test.js > JobStateManagerDO > Alarm Resilience and Continuity (Issue #246) > should schedule immediate alarm for bookshelf scan
[JobStateManager] Scheduled bookshelf scan for job job-789 (2 photos in R2)

stdout | tests/unit/job-state-manager-do.test.js > JobStateManagerDO > Alarm Resilience and Continuity (Issue #246) > should schedule immediate alarm for enrichment
[JobStateManager] Scheduled enrichment for job true (1 ISBNs, embeddings: job-999)

stdout | tests/unit/job-state-manager-do.test.js > JobStateManagerDO > Alarm Resilience and Continuity (Issue #246) > should not create race condition when multiple operations schedule alarms
[JobStateManager] Job job-123 completed

stdout | tests/unit/job-state-manager-do.test.js > JobStateManagerDO > Alarm Resilience and Continuity (Issue #246) > should not create race condition when multiple operations schedule alarms
[JobStateManager] Broadcast completed to queue (0 SSE clients, 1 pending) for job job-123

stdout | tests/unit/job-state-manager-do.test.js > JobStateManagerDO > Alarm Resilience and Continuity (Issue #246) > should not create race condition when multiple operations schedule alarms
[JobStateManager] Flushed 1 pending updates for job job-123

stdout | tests/unit/job-state-manager-do.test.js > JobStateManagerDO > Alarm Resilience and Continuity (Issue #246) > should not create race condition when multiple operations schedule alarms
[JobStateManager] Job job-123 failed

stdout | tests/unit/job-state-manager-do.test.js > JobStateManagerDO > Alarm Resilience and Continuity (Issue #246) > should not create race condition when multiple operations schedule alarms
[JobStateManager] Broadcast failed to queue (0 SSE clients, 1 pending) for job job-123

stdout | tests/unit/job-state-manager-do.test.js > JobStateManagerDO > Alarm Resilience and Continuity (Issue #246) > should not create race condition when multiple operations schedule alarms
[JobStateManager] Flushed 1 pending updates for job job-123

stdout | tests/unit/job-state-manager-do.test.js > JobStateManagerDO > SSE Update Batching (Issue #157) > should buffer updates in memory instead of writing immediately
[JobStateManager] Broadcast progress to queue (0 SSE clients, 1 pending) for job job-123

stdout | tests/unit/job-state-manager-do.test.js > JobStateManagerDO > SSE Update Batching (Issue #157) > should buffer updates in memory instead of writing immediately
[JobStateManager] Broadcast progress to queue (0 SSE clients, 2 pending) for job job-123

stdout | tests/unit/job-state-manager-do.test.js > JobStateManagerDO > SSE Update Batching (Issue #157) > should buffer updates in memory instead of writing immediately
[JobStateManager] Broadcast progress to queue (0 SSE clients, 3 pending) for job job-123

stdout | tests/unit/job-state-manager-do.test.js > JobStateManagerDO > SSE Update Batching (Issue #157) > should buffer updates in memory instead of writing immediately
[JobStateManager] Broadcast progress to queue (0 SSE clients, 4 pending) for job job-123

stdout | tests/unit/job-state-manager-do.test.js > JobStateManagerDO > SSE Update Batching (Issue #157) > should flush to storage after 5 updates
[JobStateManager] Broadcast progress to queue (0 SSE clients, 1 pending) for job job-123

stdout | tests/unit/job-state-manager-do.test.js > JobStateManagerDO > SSE Update Batching (Issue #157) > should flush to storage after 5 updates
[JobStateManager] Broadcast progress to queue (0 SSE clients, 2 pending) for job job-123

stdout | tests/unit/job-state-manager-do.test.js > JobStateManagerDO > SSE Update Batching (Issue #157) > should flush to storage after 5 updates
[JobStateManager] Broadcast progress to queue (0 SSE clients, 3 pending) for job job-123

stdout | tests/unit/job-state-manager-do.test.js > JobStateManagerDO > SSE Update Batching (Issue #157) > should flush to storage after 5 updates
[JobStateManager] Broadcast progress to queue (0 SSE clients, 4 pending) for job job-123

stdout | tests/unit/job-state-manager-do.test.js > JobStateManagerDO > SSE Update Batching (Issue #157) > should flush to storage after 5 updates
[JobStateManager] Flushed 5 pending updates for job job-123

stdout | tests/unit/job-state-manager-do.test.js > JobStateManagerDO > SSE Update Batching (Issue #157) > should flush to storage after 5 updates
[JobStateManager] Broadcast progress to queue (0 SSE clients, 0 pending) for job job-123

stdout | tests/unit/job-state-manager-do.test.js > JobStateManagerDO > SSE Update Batching (Issue #157) > should flush to storage after 1 second
[JobStateManager] Broadcast progress to queue (0 SSE clients, 1 pending) for job job-123

stdout | tests/unit/job-state-manager-do.test.js > JobStateManagerDO > SSE Update Batching (Issue #157) > should flush to storage after 1 second
[JobStateManager] Flushed 2 pending updates for job job-123

stdout | tests/unit/job-state-manager-do.test.js > JobStateManagerDO > SSE Update Batching (Issue #157) > should flush to storage after 1 second
[JobStateManager] Broadcast progress to queue (0 SSE clients, 0 pending) for job job-123

stdout | tests/unit/job-state-manager-do.test.js > JobStateManagerDO > SSE Update Batching (Issue #157) > should include pending updates in getUpdates
[JobStateManager] Broadcast progress to queue (0 SSE clients, 1 pending) for job job-123

stdout | tests/unit/job-state-manager-do.test.js > JobStateManagerDO > SSE Update Batching (Issue #157) > should include pending updates in getUpdates
[JobStateManager] Broadcast progress to queue (0 SSE clients, 2 pending) for job job-123

stdout | tests/unit/job-state-manager-do.test.js > JobStateManagerDO > SSE Update Batching (Issue #157) > should flush pending updates on job completion
[JobStateManager] Broadcast progress to queue (0 SSE clients, 1 pending) for job job-123

stdout | tests/unit/job-state-manager-do.test.js > JobStateManagerDO > SSE Update Batching (Issue #157) > should flush pending updates on job completion
[JobStateManager] Broadcast progress to queue (0 SSE clients, 2 pending) for job job-123

stdout | tests/unit/job-state-manager-do.test.js > JobStateManagerDO > SSE Update Batching (Issue #157) > should flush pending updates on job completion
[JobStateManager] Job job-123 completed

stdout | tests/unit/job-state-manager-do.test.js > JobStateManagerDO > SSE Update Batching (Issue #157) > should flush pending updates on job completion
[JobStateManager] Broadcast completed to queue (0 SSE clients, 3 pending) for job job-123

stdout | tests/unit/job-state-manager-do.test.js > JobStateManagerDO > SSE Update Batching (Issue #157) > should flush pending updates on job completion
[JobStateManager] Flushed 3 pending updates for job job-123

stdout | tests/unit/job-state-manager-do.test.js > JobStateManagerDO > SSE Update Batching (Issue #157) > should flush pending updates on job failure
[JobStateManager] Broadcast progress to queue (0 SSE clients, 1 pending) for job job-123

stdout | tests/unit/job-state-manager-do.test.js > JobStateManagerDO > SSE Update Batching (Issue #157) > should flush pending updates on job failure
[JobStateManager] Job job-123 failed

stdout | tests/unit/job-state-manager-do.test.js > JobStateManagerDO > SSE Update Batching (Issue #157) > should flush pending updates on job failure
[JobStateManager] Broadcast failed to queue (0 SSE clients, 2 pending) for job job-123

stdout | tests/unit/job-state-manager-do.test.js > JobStateManagerDO > SSE Update Batching (Issue #157) > should flush pending updates on job failure
[JobStateManager] Flushed 2 pending updates for job job-123

stdout | tests/unit/job-state-manager-do.test.js > JobStateManagerDO > SSE Update Batching (Issue #157) > should cap updates at 100 events when flushing
[JobStateManager] Flushed 10 pending updates for job job-123

stdout | tests/unit/job-state-manager-do.test.js > JobStateManagerDO > SSE Update Batching (Issue #157) > should reduce I/O operations for high-frequency updates
[JobStateManager] Broadcast progress to queue (0 SSE clients, 1 pending) for job job-123

stdout | tests/unit/job-state-manager-do.test.js > JobStateManagerDO > SSE Update Batching (Issue #157) > should reduce I/O operations for high-frequency updates
[JobStateManager] Broadcast progress to queue (0 SSE clients, 2 pending) for job job-123

stdout | tests/unit/job-state-manager-do.test.js > JobStateManagerDO > SSE Update Batching (Issue #157) > should reduce I/O operations for high-frequency updates
[JobStateManager] Broadcast progress to queue (0 SSE clients, 3 pending) for job job-123

stdout | tests/unit/job-state-manager-do.test.js > JobStateManagerDO > SSE Update Batching (Issue #157) > should reduce I/O operations for high-frequency updates
[JobStateManager] Broadcast progress to queue (0 SSE clients, 4 pending) for job job-123

stdout | tests/unit/job-state-manager-do.test.js > JobStateManagerDO > SSE Update Batching (Issue #157) > should reduce I/O operations for high-frequency updates
[JobStateManager] Flushed 5 pending updates for job job-123

stdout | tests/unit/job-state-manager-do.test.js > JobStateManagerDO > SSE Update Batching (Issue #157) > should reduce I/O operations for high-frequency updates
[JobStateManager] Broadcast progress to queue (0 SSE clients, 0 pending) for job job-123

stdout | tests/unit/job-state-manager-do.test.js > JobStateManagerDO > SSE Update Batching (Issue #157) > should reduce I/O operations for high-frequency updates
[JobStateManager] Broadcast progress to queue (0 SSE clients, 1 pending) for job job-123

stdout | tests/unit/job-state-manager-do.test.js > JobStateManagerDO > SSE Update Batching (Issue #157) > should reduce I/O operations for high-frequency updates
[JobStateManager] Broadcast progress to queue (0 SSE clients, 2 pending) for job job-123

stdout | tests/unit/job-state-manager-do.test.js > JobStateManagerDO > SSE Update Batching (Issue #157) > should reduce I/O operations for high-frequency updates
[JobStateManager] Broadcast progress to queue (0 SSE clients, 3 pending) for job job-123

stdout | tests/unit/job-state-manager-do.test.js > JobStateManagerDO > SSE Update Batching (Issue #157) > should reduce I/O operations for high-frequency updates
[JobStateManager] Broadcast progress to queue (0 SSE clients, 4 pending) for job job-123

stdout | tests/unit/job-state-manager-do.test.js > JobStateManagerDO > SSE Update Batching (Issue #157) > should reduce I/O operations for high-frequency updates
[JobStateManager] Flushed 5 pending updates for job job-123

stdout | tests/unit/job-state-manager-do.test.js > JobStateManagerDO > SSE Update Batching (Issue #157) > should reduce I/O operations for high-frequency updates
[JobStateManager] Broadcast progress to queue (0 SSE clients, 0 pending) for job job-123

stdout | tests/unit/job-state-manager-do.test.js > JobStateManagerDO > SSE Update Batching (Issue #157) > should reduce I/O operations for high-frequency updates
[JobStateManager] Broadcast progress to queue (0 SSE clients, 1 pending) for job job-123

stdout | tests/unit/job-state-manager-do.test.js > JobStateManagerDO > SSE Update Batching (Issue #157) > should reduce I/O operations for high-frequency updates
[JobStateManager] Broadcast progress to queue (0 SSE clients, 2 pending) for job job-123

stdout | tests/unit/job-state-manager-do.test.js > JobStateManagerDO > SSE Update Batching (Issue #157) > should reduce I/O operations for high-frequency updates
[JobStateManager] Broadcast progress to queue (0 SSE clients, 3 pending) for job job-123

stdout | tests/unit/job-state-manager-do.test.js > JobStateManagerDO > SSE Update Batching (Issue #157) > should reduce I/O operations for high-frequency updates
[JobStateManager] Broadcast progress to queue (0 SSE clients, 4 pending) for job job-123

stdout | tests/unit/job-state-manager-do.test.js > JobStateManagerDO > SSE Update Batching (Issue #157) > should reduce I/O operations for high-frequency updates
[JobStateManager] Flushed 5 pending updates for job job-123

stdout | tests/unit/job-state-manager-do.test.js > JobStateManagerDO > SSE Update Batching (Issue #157) > should reduce I/O operations for high-frequency updates
[JobStateManager] Broadcast progress to queue (0 SSE clients, 0 pending) for job job-123

stdout | tests/unit/job-state-manager-do.test.js > JobStateManagerDO > SSE Update Batching (Issue #157) > should reduce I/O operations for high-frequency updates
[JobStateManager] Broadcast progress to queue (0 SSE clients, 1 pending) for job job-123

stdout | tests/unit/job-state-manager-do.test.js > JobStateManagerDO > SSE Update Batching (Issue #157) > should reduce I/O operations for high-frequency updates
[JobStateManager] Broadcast progress to queue (0 SSE clients, 2 pending) for job job-123

stdout | tests/unit/job-state-manager-do.test.js > JobStateManagerDO > SSE Update Batching (Issue #157) > should reduce I/O operations for high-frequency updates
[JobStateManager] Broadcast progress to queue (0 SSE clients, 3 pending) for job job-123

stdout | tests/unit/job-state-manager-do.test.js > JobStateManagerDO > SSE Update Batching (Issue #157) > should reduce I/O operations for high-frequency updates
[JobStateManager] Broadcast progress to queue (0 SSE clients, 4 pending) for job job-123

stdout | tests/unit/job-state-manager-do.test.js > JobStateManagerDO > SSE Update Batching (Issue #157) > should reduce I/O operations for high-frequency updates
[JobStateManager] Flushed 5 pending updates for job job-123

stdout | tests/unit/job-state-manager-do.test.js > JobStateManagerDO > SSE Update Batching (Issue #157) > should reduce I/O operations for high-frequency updates
[JobStateManager] Broadcast progress to queue (0 SSE clients, 0 pending) for job job-123

stdout | tests/unit/job-state-manager-do.test.js > JobStateManagerDO > SSE Update Batching (Issue #157) > should reduce I/O operations for high-frequency updates
[JobStateManager] Broadcast progress to queue (0 SSE clients, 1 pending) for job job-123

stdout | tests/unit/job-state-manager-do.test.js > JobStateManagerDO > SSE Update Batching (Issue #157) > should reduce I/O operations for high-frequency updates
[JobStateManager] Broadcast progress to queue (0 SSE clients, 2 pending) for job job-123

stdout | tests/unit/job-state-manager-do.test.js > JobStateManagerDO > SSE Update Batching (Issue #157) > should reduce I/O operations for high-frequency updates
[JobStateManager] Broadcast progress to queue (0 SSE clients, 3 pending) for job job-123

stdout | tests/unit/job-state-manager-do.test.js > JobStateManagerDO > SSE Update Batching (Issue #157) > should reduce I/O operations for high-frequency updates
[JobStateManager] Broadcast progress to queue (0 SSE clients, 4 pending) for job job-123

stdout | tests/unit/job-state-manager-do.test.js > JobStateManagerDO > SSE Update Batching (Issue #157) > should reduce I/O operations for high-frequency updates
[JobStateManager] Flushed 5 pending updates for job job-123

stdout | tests/unit/job-state-manager-do.test.js > JobStateManagerDO > SSE Update Batching (Issue #157) > should reduce I/O operations for high-frequency updates
[JobStateManager] Broadcast progress to queue (0 SSE clients, 0 pending) for job job-123

stdout | tests/unit/job-state-manager-do.test.js > JobStateManagerDO > SSE Update Batching (Issue #157) > should reduce I/O operations for high-frequency updates
[JobStateManager] Broadcast progress to queue (0 SSE clients, 1 pending) for job job-123

stdout | tests/unit/job-state-manager-do.test.js > JobStateManagerDO > SSE Update Batching (Issue #157) > should reduce I/O operations for high-frequency updates
[JobStateManager] Broadcast progress to queue (0 SSE clients, 2 pending) for job job-123

stdout | tests/unit/job-state-manager-do.test.js > JobStateManagerDO > SSE Update Batching (Issue #157) > should reduce I/O operations for high-frequency updates
[JobStateManager] Broadcast progress to queue (0 SSE clients, 3 pending) for job job-123

stdout | tests/unit/job-state-manager-do.test.js > JobStateManagerDO > SSE Update Batching (Issue #157) > should reduce I/O operations for high-frequency updates
[JobStateManager] Broadcast progress to queue (0 SSE clients, 4 pending) for job job-123

stdout | tests/unit/job-state-manager-do.test.js > JobStateManagerDO > SSE Update Batching (Issue #157) > should reduce I/O operations for high-frequency updates
[JobStateManager] Flushed 5 pending updates for job job-123

stdout | tests/unit/job-state-manager-do.test.js > JobStateManagerDO > SSE Update Batching (Issue #157) > should reduce I/O operations for high-frequency updates
[JobStateManager] Broadcast progress to queue (0 SSE clients, 0 pending) for job job-123

stdout | tests/unit/job-state-manager-do.test.js > JobStateManagerDO > SSE Update Batching (Issue #157) > should reduce I/O operations for high-frequency updates
[JobStateManager] Broadcast progress to queue (0 SSE clients, 1 pending) for job job-123

stdout | tests/unit/job-state-manager-do.test.js > JobStateManagerDO > SSE Update Batching (Issue #157) > should reduce I/O operations for high-frequency updates
[JobStateManager] Broadcast progress to queue (0 SSE clients, 2 pending) for job job-123

stdout | tests/unit/job-state-manager-do.test.js > JobStateManagerDO > SSE Update Batching (Issue #157) > should reduce I/O operations for high-frequency updates
[JobStateManager] Broadcast progress to queue (0 SSE clients, 3 pending) for job job-123

stdout | tests/unit/job-state-manager-do.test.js > JobStateManagerDO > SSE Update Batching (Issue #157) > should reduce I/O operations for high-frequency updates
[JobStateManager] Broadcast progress to queue (0 SSE clients, 4 pending) for job job-123

stdout | tests/unit/job-state-manager-do.test.js > JobStateManagerDO > SSE Update Batching (Issue #157) > should reduce I/O operations for high-frequency updates
[JobStateManager] Flushed 5 pending updates for job job-123

stdout | tests/unit/job-state-manager-do.test.js > JobStateManagerDO > SSE Update Batching (Issue #157) > should reduce I/O operations for high-frequency updates
[JobStateManager] Broadcast progress to queue (0 SSE clients, 0 pending) for job job-123

stdout | tests/unit/job-state-manager-do.test.js > JobStateManagerDO > SSE Update Batching (Issue #157) > should reduce I/O operations for high-frequency updates
[JobStateManager] Broadcast progress to queue (0 SSE clients, 1 pending) for job job-123

stdout | tests/unit/job-state-manager-do.test.js > JobStateManagerDO > SSE Update Batching (Issue #157) > should reduce I/O operations for high-frequency updates
[JobStateManager] Broadcast progress to queue (0 SSE clients, 2 pending) for job job-123

stdout | tests/unit/job-state-manager-do.test.js > JobStateManagerDO > SSE Update Batching (Issue #157) > should reduce I/O operations for high-frequency updates
[JobStateManager] Broadcast progress to queue (0 SSE clients, 3 pending) for job job-123

stdout | tests/unit/job-state-manager-do.test.js > JobStateManagerDO > SSE Update Batching (Issue #157) > should reduce I/O operations for high-frequency updates
[JobStateManager] Broadcast progress to queue (0 SSE clients, 4 pending) for job job-123

stdout | tests/unit/job-state-manager-do.test.js > JobStateManagerDO > SSE Update Batching (Issue #157) > should reduce I/O operations for high-frequency updates
[JobStateManager] Flushed 5 pending updates for job job-123

stdout | tests/unit/job-state-manager-do.test.js > JobStateManagerDO > SSE Update Batching (Issue #157) > should reduce I/O operations for high-frequency updates
[JobStateManager] Broadcast progress to queue (0 SSE clients, 0 pending) for job job-123

stdout | tests/unit/job-state-manager-do.test.js > JobStateManagerDO > SSE Update Batching (Issue #157) > should reduce I/O operations for high-frequency updates
[JobStateManager] Broadcast progress to queue (0 SSE clients, 1 pending) for job job-123

stdout | tests/unit/job-state-manager-do.test.js > JobStateManagerDO > SSE Update Batching (Issue #157) > should reduce I/O operations for high-frequency updates
[JobStateManager] Broadcast progress to queue (0 SSE clients, 2 pending) for job job-123

stdout | tests/unit/job-state-manager-do.test.js > JobStateManagerDO > SSE Update Batching (Issue #157) > should reduce I/O operations for high-frequency updates
[JobStateManager] Broadcast progress to queue (0 SSE clients, 3 pending) for job job-123

stdout | tests/unit/job-state-manager-do.test.js > JobStateManagerDO > SSE Update Batching (Issue #157) > should reduce I/O operations for high-frequency updates
[JobStateManager] Broadcast progress to queue (0 SSE clients, 4 pending) for job job-123

stdout | tests/unit/job-state-manager-do.test.js > JobStateManagerDO > SSE Update Batching (Issue #157) > should reduce I/O operations for high-frequency updates
[JobStateManager] Flushed 5 pending updates for job job-123

stdout | tests/unit/job-state-manager-do.test.js > JobStateManagerDO > SSE Update Batching (Issue #157) > should reduce I/O operations for high-frequency updates
[JobStateManager] Broadcast progress to queue (0 SSE clients, 0 pending) for job job-123

stdout | tests/unit/job-state-manager-do.test.js > JobStateManagerDO > SSE Update Batching (Issue #157) > should reduce I/O operations for high-frequency updates
[JobStateManager] Broadcast progress to queue (0 SSE clients, 1 pending) for job job-123

stdout | tests/unit/job-state-manager-do.test.js > JobStateManagerDO > SSE Update Batching (Issue #157) > should reduce I/O operations for high-frequency updates
[JobStateManager] Broadcast progress to queue (0 SSE clients, 2 pending) for job job-123

stdout | tests/unit/job-state-manager-do.test.js > JobStateManagerDO > SSE Update Batching (Issue #157) > should reduce I/O operations for high-frequency updates
[JobStateManager] Broadcast progress to queue (0 SSE clients, 3 pending) for job job-123

stdout | tests/unit/job-state-manager-do.test.js > JobStateManagerDO > SSE Update Batching (Issue #157) > should reduce I/O operations for high-frequency updates
[JobStateManager] Broadcast progress to queue (0 SSE clients, 4 pending) for job job-123

stdout | tests/unit/job-state-manager-do.test.js > JobStateManagerDO > SSE Update Batching (Issue #157) > should reduce I/O operations for high-frequency updates
[JobStateManager] Flushed 5 pending updates for job job-123

stdout | tests/unit/job-state-manager-do.test.js > JobStateManagerDO > SSE Update Batching (Issue #157) > should reduce I/O operations for high-frequency updates
[JobStateManager] Broadcast progress to queue (0 SSE clients, 0 pending) for job job-123

stdout | tests/unit/job-state-manager-do.test.js > JobStateManagerDO > SSE Update Batching (Issue #157) > should reduce I/O operations for high-frequency updates
[JobStateManager] Broadcast progress to queue (0 SSE clients, 1 pending) for job job-123

stdout | tests/unit/job-state-manager-do.test.js > JobStateManagerDO > SSE Update Batching (Issue #157) > should reduce I/O operations for high-frequency updates
[JobStateManager] Broadcast progress to queue (0 SSE clients, 2 pending) for job job-123

stdout | tests/unit/job-state-manager-do.test.js > JobStateManagerDO > SSE Update Batching (Issue #157) > should reduce I/O operations for high-frequency updates
[JobStateManager] Broadcast progress to queue (0 SSE clients, 3 pending) for job job-123

stdout | tests/unit/job-state-manager-do.test.js > JobStateManagerDO > SSE Update Batching (Issue #157) > should reduce I/O operations for high-frequency updates
[JobStateManager] Broadcast progress to queue (0 SSE clients, 4 pending) for job job-123

stdout | tests/unit/job-state-manager-do.test.js > JobStateManagerDO > SSE Update Batching (Issue #157) > should reduce I/O operations for high-frequency updates
[JobStateManager] Flushed 5 pending updates for job job-123

stdout | tests/unit/job-state-manager-do.test.js > JobStateManagerDO > SSE Update Batching (Issue #157) > should reduce I/O operations for high-frequency updates
[JobStateManager] Broadcast progress to queue (0 SSE clients, 0 pending) for job job-123

stdout | tests/unit/job-state-manager-do.test.js > JobStateManagerDO > SSE Update Batching (Issue #157) > should reduce I/O operations for high-frequency updates
[JobStateManager] Broadcast progress to queue (0 SSE clients, 1 pending) for job job-123

stdout | tests/unit/job-state-manager-do.test.js > JobStateManagerDO > SSE Update Batching (Issue #157) > should reduce I/O operations for high-frequency updates
[JobStateManager] Broadcast progress to queue (0 SSE clients, 2 pending) for job job-123

stdout | tests/unit/job-state-manager-do.test.js > JobStateManagerDO > SSE Update Batching (Issue #157) > should reduce I/O operations for high-frequency updates
[JobStateManager] Broadcast progress to queue (0 SSE clients, 3 pending) for job job-123

stdout | tests/unit/job-state-manager-do.test.js > JobStateManagerDO > SSE Update Batching (Issue #157) > should reduce I/O operations for high-frequency updates
[JobStateManager] Broadcast progress to queue (0 SSE clients, 4 pending) for job job-123

stdout | tests/unit/job-state-manager-do.test.js > JobStateManagerDO > SSE Update Batching (Issue #157) > should reduce I/O operations for high-frequency updates
[JobStateManager] Flushed 5 pending updates for job job-123

stdout | tests/unit/job-state-manager-do.test.js > JobStateManagerDO > SSE Update Batching (Issue #157) > should reduce I/O operations for high-frequency updates
[JobStateManager] Broadcast progress to queue (0 SSE clients, 0 pending) for job job-123

stdout | tests/unit/job-state-manager-do.test.js > JobStateManagerDO > SSE Update Batching (Issue #157) > should reduce I/O operations for high-frequency updates
[JobStateManager] Broadcast progress to queue (0 SSE clients, 1 pending) for job job-123

stdout | tests/unit/job-state-manager-do.test.js > JobStateManagerDO > SSE Update Batching (Issue #157) > should reduce I/O operations for high-frequency updates
[JobStateManager] Broadcast progress to queue (0 SSE clients, 2 pending) for job job-123

stdout | tests/unit/job-state-manager-do.test.js > JobStateManagerDO > SSE Update Batching (Issue #157) > should reduce I/O operations for high-frequency updates
[JobStateManager] Broadcast progress to queue (0 SSE clients, 3 pending) for job job-123

stdout | tests/unit/job-state-manager-do.test.js > JobStateManagerDO > SSE Update Batching (Issue #157) > should reduce I/O operations for high-frequency updates
[JobStateManager] Broadcast progress to queue (0 SSE clients, 4 pending) for job job-123

stdout | tests/unit/job-state-manager-do.test.js > JobStateManagerDO > SSE Update Batching (Issue #157) > should reduce I/O operations for high-frequency updates
[JobStateManager] Flushed 5 pending updates for job job-123

stdout | tests/unit/job-state-manager-do.test.js > JobStateManagerDO > SSE Update Batching (Issue #157) > should reduce I/O operations for high-frequency updates
[JobStateManager] Broadcast progress to queue (0 SSE clients, 0 pending) for job job-123

stdout | tests/unit/job-state-manager-do.test.js > JobStateManagerDO > SSE Update Batching (Issue #157) > should reduce I/O operations for high-frequency updates
[JobStateManager] Broadcast progress to queue (0 SSE clients, 1 pending) for job job-123

stdout | tests/unit/job-state-manager-do.test.js > JobStateManagerDO > SSE Update Batching (Issue #157) > should reduce I/O operations for high-frequency updates
[JobStateManager] Broadcast progress to queue (0 SSE clients, 2 pending) for job job-123

stdout | tests/unit/job-state-manager-do.test.js > JobStateManagerDO > SSE Update Batching (Issue #157) > should reduce I/O operations for high-frequency updates
[JobStateManager] Broadcast progress to queue (0 SSE clients, 3 pending) for job job-123

stdout | tests/unit/job-state-manager-do.test.js > JobStateManagerDO > SSE Update Batching (Issue #157) > should reduce I/O operations for high-frequency updates
[JobStateManager] Broadcast progress to queue (0 SSE clients, 4 pending) for job job-123

stdout | tests/unit/job-state-manager-do.test.js > JobStateManagerDO > SSE Update Batching (Issue #157) > should reduce I/O operations for high-frequency updates
[JobStateManager] Flushed 5 pending updates for job job-123

stdout | tests/unit/job-state-manager-do.test.js > JobStateManagerDO > SSE Update Batching (Issue #157) > should reduce I/O operations for high-frequency updates
[JobStateManager] Broadcast progress to queue (0 SSE clients, 0 pending) for job job-123

stdout | tests/unit/job-state-manager-do.test.js > JobStateManagerDO > SSE Update Batching (Issue #157) > should reduce I/O operations for high-frequency updates
[JobStateManager] Broadcast progress to queue (0 SSE clients, 1 pending) for job job-123

stdout | tests/unit/job-state-manager-do.test.js > JobStateManagerDO > SSE Update Batching (Issue #157) > should reduce I/O operations for high-frequency updates
[JobStateManager] Broadcast progress to queue (0 SSE clients, 2 pending) for job job-123

stdout | tests/unit/job-state-manager-do.test.js > JobStateManagerDO > SSE Update Batching (Issue #157) > should reduce I/O operations for high-frequency updates
[JobStateManager] Broadcast progress to queue (0 SSE clients, 3 pending) for job job-123

stdout | tests/unit/job-state-manager-do.test.js > JobStateManagerDO > SSE Update Batching (Issue #157) > should reduce I/O operations for high-frequency updates
[JobStateManager] Broadcast progress to queue (0 SSE clients, 4 pending) for job job-123

stdout | tests/unit/job-state-manager-do.test.js > JobStateManagerDO > SSE Update Batching (Issue #157) > should reduce I/O operations for high-frequency updates
[JobStateManager] Flushed 5 pending updates for job job-123

stdout | tests/unit/job-state-manager-do.test.js > JobStateManagerDO > SSE Update Batching (Issue #157) > should reduce I/O operations for high-frequency updates
[JobStateManager] Broadcast progress to queue (0 SSE clients, 0 pending) for job job-123

stdout | tests/unit/job-state-manager-do.test.js > JobStateManagerDO > SSE Update Batching (Issue #157) > should reduce I/O operations for high-frequency updates
[JobStateManager] Broadcast progress to queue (0 SSE clients, 1 pending) for job job-123

stdout | tests/unit/job-state-manager-do.test.js > JobStateManagerDO > SSE Update Batching (Issue #157) > should reduce I/O operations for high-frequency updates
[JobStateManager] Broadcast progress to queue (0 SSE clients, 2 pending) for job job-123

stdout | tests/unit/job-state-manager-do.test.js > JobStateManagerDO > SSE Update Batching (Issue #157) > should reduce I/O operations for high-frequency updates
[JobStateManager] Broadcast progress to queue (0 SSE clients, 3 pending) for job job-123

stdout | tests/unit/job-state-manager-do.test.js > JobStateManagerDO > SSE Update Batching (Issue #157) > should reduce I/O operations for high-frequency updates
[JobStateManager] Broadcast progress to queue (0 SSE clients, 4 pending) for job job-123

stdout | tests/unit/job-state-manager-do.test.js > JobStateManagerDO > SSE Update Batching (Issue #157) > should reduce I/O operations for high-frequency updates
[JobStateManager] Flushed 5 pending updates for job job-123

stdout | tests/unit/job-state-manager-do.test.js > JobStateManagerDO > SSE Update Batching (Issue #157) > should reduce I/O operations for high-frequency updates
[JobStateManager] Broadcast progress to queue (0 SSE clients, 0 pending) for job job-123

stdout | tests/unit/job-state-manager-do.test.js > JobStateManagerDO > SSE Update Batching (Issue #157) > should reduce I/O operations for high-frequency updates
[JobStateManager] Broadcast progress to queue (0 SSE clients, 1 pending) for job job-123

stdout | tests/unit/job-state-manager-do.test.js > JobStateManagerDO > SSE Update Batching (Issue #157) > should reduce I/O operations for high-frequency updates
[JobStateManager] Broadcast progress to queue (0 SSE clients, 2 pending) for job job-123

stdout | tests/unit/job-state-manager-do.test.js > JobStateManagerDO > SSE Update Batching (Issue #157) > should reduce I/O operations for high-frequency updates
[JobStateManager] Broadcast progress to queue (0 SSE clients, 3 pending) for job job-123

stdout | tests/unit/job-state-manager-do.test.js > JobStateManagerDO > SSE Update Batching (Issue #157) > should reduce I/O operations for high-frequency updates
[JobStateManager] Broadcast progress to queue (0 SSE clients, 4 pending) for job job-123

stdout | tests/unit/job-state-manager-do.test.js > JobStateManagerDO > SSE Update Batching (Issue #157) > should reduce I/O operations for high-frequency updates
[JobStateManager] Flushed 5 pending updates for job job-123

stdout | tests/unit/job-state-manager-do.test.js > JobStateManagerDO > SSE Update Batching (Issue #157) > should reduce I/O operations for high-frequency updates
[JobStateManager] Broadcast progress to queue (0 SSE clients, 0 pending) for job job-123

stdout | tests/unit/job-state-manager-do.test.js > JobStateManagerDO > SSE Update Batching (Issue #157) > should reduce I/O operations for high-frequency updates
[JobStateManager] Broadcast progress to queue (0 SSE clients, 1 pending) for job job-123

stdout | tests/unit/job-state-manager-do.test.js > JobStateManagerDO > SSE Update Batching (Issue #157) > should reduce I/O operations for high-frequency updates
[JobStateManager] Broadcast progress to queue (0 SSE clients, 2 pending) for job job-123

stdout | tests/unit/job-state-manager-do.test.js > JobStateManagerDO > SSE Update Batching (Issue #157) > should reduce I/O operations for high-frequency updates
[JobStateManager] Broadcast progress to queue (0 SSE clients, 3 pending) for job job-123

stdout | tests/unit/job-state-manager-do.test.js > JobStateManagerDO > SSE Update Batching (Issue #157) > should reduce I/O operations for high-frequency updates
[JobStateManager] Broadcast progress to queue (0 SSE clients, 4 pending) for job job-123

stdout | tests/unit/job-state-manager-do.test.js > JobStateManagerDO > SSE Update Batching (Issue #157) > should reduce I/O operations for high-frequency updates
[JobStateManager] Flushed 5 pending updates for job job-123

stdout | tests/unit/job-state-manager-do.test.js > JobStateManagerDO > SSE Update Batching (Issue #157) > should reduce I/O operations for high-frequency updates
[JobStateManager] Broadcast progress to queue (0 SSE clients, 0 pending) for job job-123

stdout | tests/unit/job-state-manager-do.test.js > JobStateManagerDO > SSE Update Batching (Issue #157) > should reduce I/O operations for high-frequency updates
[JobStateManager] Broadcast progress to queue (0 SSE clients, 1 pending) for job job-123

stdout | tests/unit/job-state-manager-do.test.js > JobStateManagerDO > SSE Update Batching (Issue #157) > should reduce I/O operations for high-frequency updates
[JobStateManager] Broadcast progress to queue (0 SSE clients, 2 pending) for job job-123

stdout | tests/unit/job-state-manager-do.test.js > JobStateManagerDO > SSE Update Batching (Issue #157) > should reduce I/O operations for high-frequency updates
[JobStateManager] Broadcast progress to queue (0 SSE clients, 3 pending) for job job-123

stdout | tests/unit/job-state-manager-do.test.js > JobStateManagerDO > SSE Update Batching (Issue #157) > should reduce I/O operations for high-frequency updates
[JobStateManager] Broadcast progress to queue (0 SSE clients, 4 pending) for job job-123

stdout | tests/unit/job-state-manager-do.test.js > JobStateManagerDO > SSE Update Batching (Issue #157) > should reduce I/O operations for high-frequency updates
[JobStateManager] Flushed 5 pending updates for job job-123

stdout | tests/unit/job-state-manager-do.test.js > JobStateManagerDO > SSE Update Batching (Issue #157) > should reduce I/O operations for high-frequency updates
[JobStateManager] Broadcast progress to queue (0 SSE clients, 0 pending) for job job-123

stdout | tests/unit/job-state-manager-do.test.js > JobStateManagerDO > SSE Update Batching (Issue #157) > should reduce I/O operations for high-frequency updates
[JobStateManager] Broadcast progress to queue (0 SSE clients, 1 pending) for job job-123

stdout | tests/unit/job-state-manager-do.test.js > JobStateManagerDO > SSE Update Batching (Issue #157) > should reduce I/O operations for high-frequency updates
[JobStateManager] Broadcast progress to queue (0 SSE clients, 2 pending) for job job-123

stdout | tests/unit/job-state-manager-do.test.js > JobStateManagerDO > SSE Update Batching (Issue #157) > should reduce I/O operations for high-frequency updates
[JobStateManager] Broadcast progress to queue (0 SSE clients, 3 pending) for job job-123

stdout | tests/unit/job-state-manager-do.test.js > JobStateManagerDO > SSE Update Batching (Issue #157) > should reduce I/O operations for high-frequency updates
[JobStateManager] Broadcast progress to queue (0 SSE clients, 4 pending) for job job-123

stdout | tests/unit/job-state-manager-do.test.js > JobStateManagerDO > SSE Update Batching (Issue #157) > should reduce I/O operations for high-frequency updates
[JobStateManager] Flushed 5 pending updates for job job-123

stdout | tests/unit/job-state-manager-do.test.js > JobStateManagerDO > SSE Update Batching (Issue #157) > should reduce I/O operations for high-frequency updates
[JobStateManager] Broadcast progress to queue (0 SSE clients, 0 pending) for job job-123

stdout | tests/unit/job-state-manager-do.test.js > JobStateManagerDO > SSE Update Batching (Issue #157) > should reduce I/O operations for high-frequency updates
[JobStateManager] Broadcast progress to queue (0 SSE clients, 1 pending) for job job-123

stdout | tests/unit/job-state-manager-do.test.js > JobStateManagerDO > SSE Update Batching (Issue #157) > should reduce I/O operations for high-frequency updates
[JobStateManager] Broadcast progress to queue (0 SSE clients, 2 pending) for job job-123

stdout | tests/unit/job-state-manager-do.test.js > JobStateManagerDO > SSE Update Batching (Issue #157) > should reduce I/O operations for high-frequency updates
[JobStateManager] Broadcast progress to queue (0 SSE clients, 3 pending) for job job-123

stdout | tests/unit/job-state-manager-do.test.js > JobStateManagerDO > SSE Update Batching (Issue #157) > should reduce I/O operations for high-frequency updates
[JobStateManager] Broadcast progress to queue (0 SSE clients, 4 pending) for job job-123

stdout | tests/unit/job-state-manager-do.test.js > JobStateManagerDO > SSE Update Batching (Issue #157) > should reduce I/O operations for high-frequency updates
[JobStateManager] Flushed 5 pending updates for job job-123

stdout | tests/unit/job-state-manager-do.test.js > JobStateManagerDO > SSE Update Batching (Issue #157) > should reduce I/O operations for high-frequency updates
[JobStateManager] Broadcast progress to queue (0 SSE clients, 0 pending) for job job-123

stdout | tests/unit/job-state-manager-do.test.js > JobStateManagerDO > SSE Update Batching (Issue #157) > should reduce I/O operations for high-frequency updates
[JobStateManager] Broadcast progress to queue (0 SSE clients, 1 pending) for job job-123

stdout | tests/unit/job-state-manager-do.test.js > JobStateManagerDO > SSE Update Batching (Issue #157) > should reduce I/O operations for high-frequency updates
[JobStateManager] Broadcast progress to queue (0 SSE clients, 2 pending) for job job-123

stdout | tests/unit/job-state-manager-do.test.js > JobStateManagerDO > SSE Update Batching (Issue #157) > should reduce I/O operations for high-frequency updates
[JobStateManager] Broadcast progress to queue (0 SSE clients, 3 pending) for job job-123

stdout | tests/unit/job-state-manager-do.test.js > JobStateManagerDO > SSE Update Batching (Issue #157) > should reduce I/O operations for high-frequency updates
[JobStateManager] Broadcast progress to queue (0 SSE clients, 4 pending) for job job-123

stdout | tests/unit/job-state-manager-do.test.js > JobStateManagerDO > SSE Update Batching (Issue #157) > should reduce I/O operations for high-frequency updates
[JobStateManager] Flushed 5 pending updates for job job-123

stdout | tests/unit/job-state-manager-do.test.js > JobStateManagerDO > SSE Update Batching (Issue #157) > should reduce I/O operations for high-frequency updates
[JobStateManager] Broadcast progress to queue (0 SSE clients, 0 pending) for job job-123

stdout | tests/unit/job-state-manager-do.test.js > JobStateManagerDO > SSE Update Batching (Issue #157) > should reduce I/O operations for high-frequency updates
[JobStateManager] Broadcast progress to queue (0 SSE clients, 1 pending) for job job-123

stdout | tests/unit/job-state-manager-do.test.js > JobStateManagerDO > SSE Update Batching (Issue #157) > should reduce I/O operations for high-frequency updates
[JobStateManager] Broadcast progress to queue (0 SSE clients, 2 pending) for job job-123

stdout | tests/unit/job-state-manager-do.test.js > JobStateManagerDO > SSE Update Batching (Issue #157) > should reduce I/O operations for high-frequency updates
[JobStateManager] Broadcast progress to queue (0 SSE clients, 3 pending) for job job-123

stdout | tests/unit/job-state-manager-do.test.js > JobStateManagerDO > SSE Update Batching (Issue #157) > should reduce I/O operations for high-frequency updates
[JobStateManager] Broadcast progress to queue (0 SSE clients, 4 pending) for job job-123

stdout | tests/unit/job-state-manager-do.test.js > JobStateManagerDO > SSE Update Batching (Issue #157) > should reduce I/O operations for high-frequency updates
[JobStateManager] Flushed 5 pending updates for job job-123

stdout | tests/unit/job-state-manager-do.test.js > JobStateManagerDO > SSE Update Batching (Issue #157) > should reduce I/O operations for high-frequency updates
[JobStateManager] Broadcast progress to queue (0 SSE clients, 0 pending) for job job-123

stdout | tests/unit/job-state-manager-do.test.js > JobStateManagerDO > SSE Update Batching (Issue #157) > should reduce I/O operations for high-frequency updates
[JobStateManager] Broadcast progress to queue (0 SSE clients, 1 pending) for job job-123

stdout | tests/unit/job-state-manager-do.test.js > JobStateManagerDO > SSE Update Batching (Issue #157) > should reduce I/O operations for high-frequency updates
[JobStateManager] Broadcast progress to queue (0 SSE clients, 2 pending) for job job-123

stdout | tests/unit/job-state-manager-do.test.js > JobStateManagerDO > SSE Update Batching (Issue #157) > should reduce I/O operations for high-frequency updates
[JobStateManager] Broadcast progress to queue (0 SSE clients, 3 pending) for job job-123

stdout | tests/unit/job-state-manager-do.test.js > JobStateManagerDO > SSE Update Batching (Issue #157) > should reduce I/O operations for high-frequency updates
[JobStateManager] Broadcast progress to queue (0 SSE clients, 4 pending) for job job-123

stdout | tests/unit/job-state-manager-do.test.js > JobStateManagerDO > SSE Update Batching (Issue #157) > should reduce I/O operations for high-frequency updates
[JobStateManager] Flushed 5 pending updates for job job-123

stdout | tests/unit/job-state-manager-do.test.js > JobStateManagerDO > SSE Update Batching (Issue #157) > should reduce I/O operations for high-frequency updates
[JobStateManager] Broadcast progress to queue (0 SSE clients, 0 pending) for job job-123

stdout | tests/unit/job-state-manager-do.test.js > JobStateManagerDO > SSE Update Batching (Issue #157) > should reduce I/O operations for high-frequency updates
[JobStateManager] Broadcast progress to queue (0 SSE clients, 1 pending) for job job-123

stdout | tests/unit/job-state-manager-do.test.js > JobStateManagerDO > SSE Update Batching (Issue #157) > should reduce I/O operations for high-frequency updates
[JobStateManager] Broadcast progress to queue (0 SSE clients, 2 pending) for job job-123

stdout | tests/unit/job-state-manager-do.test.js > JobStateManagerDO > SSE Update Batching (Issue #157) > should reduce I/O operations for high-frequency updates
[JobStateManager] Broadcast progress to queue (0 SSE clients, 3 pending) for job job-123

stdout | tests/unit/job-state-manager-do.test.js > JobStateManagerDO > SSE Update Batching (Issue #157) > should reduce I/O operations for high-frequency updates
[JobStateManager] Broadcast progress to queue (0 SSE clients, 4 pending) for job job-123

stdout | tests/unit/job-state-manager-do.test.js > JobStateManagerDO > SSE Update Batching (Issue #157) > should reduce I/O operations for high-frequency updates
[JobStateManager] Flushed 5 pending updates for job job-123

stdout | tests/unit/job-state-manager-do.test.js > JobStateManagerDO > SSE Update Batching (Issue #157) > should reduce I/O operations for high-frequency updates
[JobStateManager] Broadcast progress to queue (0 SSE clients, 0 pending) for job job-123

stdout | tests/unit/job-state-manager-do.test.js > JobStateManagerDO > SSE Update Batching (Issue #157) > should reduce I/O operations for high-frequency updates
[JobStateManager] Broadcast progress to queue (0 SSE clients, 1 pending) for job job-123

stdout | tests/unit/job-state-manager-do.test.js > JobStateManagerDO > SSE Update Batching (Issue #157) > should reduce I/O operations for high-frequency updates
[JobStateManager] Broadcast progress to queue (0 SSE clients, 2 pending) for job job-123

stdout | tests/unit/job-state-manager-do.test.js > JobStateManagerDO > SSE Update Batching (Issue #157) > should reduce I/O operations for high-frequency updates
[JobStateManager] Broadcast progress to queue (0 SSE clients, 3 pending) for job job-123

stdout | tests/unit/job-state-manager-do.test.js > JobStateManagerDO > SSE Update Batching (Issue #157) > should reduce I/O operations for high-frequency updates
[JobStateManager] Broadcast progress to queue (0 SSE clients, 4 pending) for job job-123

stdout | tests/unit/job-state-manager-do.test.js > JobStateManagerDO > SSE Update Batching (Issue #157) > should reduce I/O operations for high-frequency updates
[JobStateManager] Flushed 5 pending updates for job job-123

stdout | tests/unit/job-state-manager-do.test.js > JobStateManagerDO > SSE Update Batching (Issue #157) > should reduce I/O operations for high-frequency updates
[JobStateManager] Broadcast progress to queue (0 SSE clients, 0 pending) for job job-123

stdout | tests/unit/job-state-manager-do.test.js > JobStateManagerDO > SSE Update Batching (Issue #157) > should reduce I/O operations for high-frequency updates
[JobStateManager] Broadcast progress to queue (0 SSE clients, 1 pending) for job job-123

stdout | tests/unit/job-state-manager-do.test.js > JobStateManagerDO > SSE Update Batching (Issue #157) > should reduce I/O operations for high-frequency updates
[JobStateManager] Broadcast progress to queue (0 SSE clients, 2 pending) for job job-123

stdout | tests/unit/job-state-manager-do.test.js > JobStateManagerDO > SSE Update Batching (Issue #157) > should reduce I/O operations for high-frequency updates
[JobStateManager] Broadcast progress to queue (0 SSE clients, 3 pending) for job job-123

stdout | tests/unit/job-state-manager-do.test.js > JobStateManagerDO > SSE Update Batching (Issue #157) > should reduce I/O operations for high-frequency updates
[JobStateManager] Broadcast progress to queue (0 SSE clients, 4 pending) for job job-123

stdout | tests/unit/job-state-manager-do.test.js > JobStateManagerDO > SSE Update Batching (Issue #157) > should reduce I/O operations for high-frequency updates
[JobStateManager] Flushed 5 pending updates for job job-123

stdout | tests/unit/job-state-manager-do.test.js > JobStateManagerDO > SSE Update Batching (Issue #157) > should reduce I/O operations for high-frequency updates
[JobStateManager] Broadcast progress to queue (0 SSE clients, 0 pending) for job job-123

stdout | tests/unit/job-state-manager-do.test.js > JobStateManagerDO > SSE Update Batching (Issue #157) > should reduce I/O operations for high-frequency updates
[JobStateManager] Broadcast progress to queue (0 SSE clients, 1 pending) for job job-123

stdout | tests/unit/job-state-manager-do.test.js > JobStateManagerDO > SSE Update Batching (Issue #157) > should reduce I/O operations for high-frequency updates
[JobStateManager] Broadcast progress to queue (0 SSE clients, 2 pending) for job job-123

stdout | tests/unit/job-state-manager-do.test.js > JobStateManagerDO > SSE Update Batching (Issue #157) > should reduce I/O operations for high-frequency updates
[JobStateManager] Broadcast progress to queue (0 SSE clients, 3 pending) for job job-123

stdout | tests/unit/job-state-manager-do.test.js > JobStateManagerDO > SSE Update Batching (Issue #157) > should reduce I/O operations for high-frequency updates
[JobStateManager] Broadcast progress to queue (0 SSE clients, 4 pending) for job job-123

stdout | tests/unit/job-state-manager-do.test.js > JobStateManagerDO > SSE Update Batching (Issue #157) > should reduce I/O operations for high-frequency updates
[JobStateManager] Flushed 5 pending updates for job job-123

stdout | tests/unit/job-state-manager-do.test.js > JobStateManagerDO > SSE Update Batching (Issue #157) > should reduce I/O operations for high-frequency updates
[JobStateManager] Broadcast progress to queue (0 SSE clients, 0 pending) for job job-123

stdout | tests/unit/job-state-manager-do.test.js > JobStateManagerDO > SSE Update Batching (Issue #157) > should reduce I/O operations for high-frequency updates
[JobStateManager] Broadcast progress to queue (0 SSE clients, 1 pending) for job job-123

stdout | tests/unit/job-state-manager-do.test.js > JobStateManagerDO > SSE Update Batching (Issue #157) > should reduce I/O operations for high-frequency updates
[JobStateManager] Broadcast progress to queue (0 SSE clients, 2 pending) for job job-123

stdout | tests/unit/job-state-manager-do.test.js > JobStateManagerDO > SSE Update Batching (Issue #157) > should reduce I/O operations for high-frequency updates
[JobStateManager] Broadcast progress to queue (0 SSE clients, 3 pending) for job job-123

stdout | tests/unit/job-state-manager-do.test.js > JobStateManagerDO > SSE Update Batching (Issue #157) > should reduce I/O operations for high-frequency updates
[JobStateManager] Broadcast progress to queue (0 SSE clients, 4 pending) for job job-123

stdout | tests/unit/job-state-manager-do.test.js > JobStateManagerDO > SSE Update Batching (Issue #157) > should reduce I/O operations for high-frequency updates
[JobStateManager] Flushed 5 pending updates for job job-123

stdout | tests/unit/job-state-manager-do.test.js > JobStateManagerDO > SSE Update Batching (Issue #157) > should reduce I/O operations for high-frequency updates
[JobStateManager] Broadcast progress to queue (0 SSE clients, 0 pending) for job job-123

stdout | tests/unit/job-state-manager-do.test.js > JobStateManagerDO > SSE Update Batching (Issue #157) > should reduce I/O operations for high-frequency updates
[JobStateManager] Broadcast progress to queue (0 SSE clients, 1 pending) for job job-123

stdout | tests/unit/job-state-manager-do.test.js > JobStateManagerDO > SSE Update Batching (Issue #157) > should reduce I/O operations for high-frequency updates
[JobStateManager] Broadcast progress to queue (0 SSE clients, 2 pending) for job job-123

stdout | tests/unit/job-state-manager-do.test.js > JobStateManagerDO > SSE Update Batching (Issue #157) > should reduce I/O operations for high-frequency updates
[JobStateManager] Broadcast progress to queue (0 SSE clients, 3 pending) for job job-123

stdout | tests/unit/job-state-manager-do.test.js > JobStateManagerDO > SSE Update Batching (Issue #157) > should reduce I/O operations for high-frequency updates
[JobStateManager] Broadcast progress to queue (0 SSE clients, 4 pending) for job job-123

stdout | tests/unit/job-state-manager-do.test.js > JobStateManagerDO > SSE Update Batching (Issue #157) > should reduce I/O operations for high-frequency updates
[JobStateManager] Flushed 5 pending updates for job job-123

stdout | tests/unit/job-state-manager-do.test.js > JobStateManagerDO > SSE Update Batching (Issue #157) > should reduce I/O operations for high-frequency updates
[JobStateManager] Broadcast progress to queue (0 SSE clients, 0 pending) for job job-123

stdout | tests/unit/job-state-manager-do.test.js > JobStateManagerDO > SSE Update Batching (Issue #157) > should reduce I/O operations for high-frequency updates
[JobStateManager] Broadcast progress to queue (0 SSE clients, 1 pending) for job job-123

stdout | tests/unit/job-state-manager-do.test.js > JobStateManagerDO > SSE Update Batching (Issue #157) > should reduce I/O operations for high-frequency updates
[JobStateManager] Broadcast progress to queue (0 SSE clients, 2 pending) for job job-123

stdout | tests/unit/job-state-manager-do.test.js > JobStateManagerDO > SSE Update Batching (Issue #157) > should reduce I/O operations for high-frequency updates
[JobStateManager] Broadcast progress to queue (0 SSE clients, 3 pending) for job job-123

stdout | tests/unit/job-state-manager-do.test.js > JobStateManagerDO > SSE Update Batching (Issue #157) > should reduce I/O operations for high-frequency updates
[JobStateManager] Broadcast progress to queue (0 SSE clients, 4 pending) for job job-123

stdout | tests/unit/job-state-manager-do.test.js > JobStateManagerDO > SSE Update Batching (Issue #157) > should reduce I/O operations for high-frequency updates
[JobStateManager] Flushed 5 pending updates for job job-123

stdout | tests/unit/job-state-manager-do.test.js > JobStateManagerDO > SSE Update Batching (Issue #157) > should reduce I/O operations for high-frequency updates
[JobStateManager] Broadcast progress to queue (0 SSE clients, 0 pending) for job job-123

stdout | tests/unit/job-state-manager-do.test.js > JobStateManagerDO > SSE Update Batching (Issue #157) > should reduce I/O operations for high-frequency updates
[JobStateManager] Broadcast progress to queue (0 SSE clients, 1 pending) for job job-123

stdout | tests/unit/job-state-manager-do.test.js > JobStateManagerDO > SSE Update Batching (Issue #157) > should reduce I/O operations for high-frequency updates
[JobStateManager] Broadcast progress to queue (0 SSE clients, 2 pending) for job job-123

stdout | tests/unit/job-state-manager-do.test.js > JobStateManagerDO > SSE Update Batching (Issue #157) > should reduce I/O operations for high-frequency updates
[JobStateManager] Broadcast progress to queue (0 SSE clients, 3 pending) for job job-123

stdout | tests/unit/job-state-manager-do.test.js > JobStateManagerDO > SSE Update Batching (Issue #157) > should reduce I/O operations for high-frequency updates
[JobStateManager] Broadcast progress to queue (0 SSE clients, 4 pending) for job job-123

stdout | tests/unit/job-state-manager-do.test.js > JobStateManagerDO > SSE Update Batching (Issue #157) > should reduce I/O operations for high-frequency updates
[JobStateManager] Flushed 5 pending updates for job job-123

stdout | tests/unit/job-state-manager-do.test.js > JobStateManagerDO > SSE Update Batching (Issue #157) > should reduce I/O operations for high-frequency updates
[JobStateManager] Broadcast progress to queue (0 SSE clients, 0 pending) for job job-123

stdout | tests/unit/job-state-manager-do.test.js > JobStateManagerDO > SSE Update Batching (Issue #157) > should reduce I/O operations for high-frequency updates
[JobStateManager] Broadcast progress to queue (0 SSE clients, 1 pending) for job job-123

stdout | tests/unit/job-state-manager-do.test.js > JobStateManagerDO > SSE Update Batching (Issue #157) > should reduce I/O operations for high-frequency updates
[JobStateManager] Broadcast progress to queue (0 SSE clients, 2 pending) for job job-123

stdout | tests/unit/job-state-manager-do.test.js > JobStateManagerDO > SSE Update Batching (Issue #157) > should reduce I/O operations for high-frequency updates
[JobStateManager] Broadcast progress to queue (0 SSE clients, 3 pending) for job job-123

stdout | tests/unit/job-state-manager-do.test.js > JobStateManagerDO > SSE Update Batching (Issue #157) > should reduce I/O operations for high-frequency updates
[JobStateManager] Broadcast progress to queue (0 SSE clients, 4 pending) for job job-123

stdout | tests/unit/job-state-manager-do.test.js > JobStateManagerDO > SSE Update Batching (Issue #157) > should reduce I/O operations for high-frequency updates
[JobStateManager] Flushed 5 pending updates for job job-123

stdout | tests/unit/job-state-manager-do.test.js > JobStateManagerDO > SSE Update Batching (Issue #157) > should reduce I/O operations for high-frequency updates
[JobStateManager] Broadcast progress to queue (0 SSE clients, 0 pending) for job job-123

stdout | tests/unit/job-state-manager-do.test.js > JobStateManagerDO > SSE Update Batching (Issue #157) > should reduce I/O operations for high-frequency updates
[JobStateManager] Broadcast progress to queue (0 SSE clients, 1 pending) for job job-123

stdout | tests/unit/job-state-manager-do.test.js > JobStateManagerDO > SSE Update Batching (Issue #157) > should reduce I/O operations for high-frequency updates
[JobStateManager] Broadcast progress to queue (0 SSE clients, 2 pending) for job job-123

stdout | tests/unit/job-state-manager-do.test.js > JobStateManagerDO > SSE Update Batching (Issue #157) > should reduce I/O operations for high-frequency updates
[JobStateManager] Broadcast progress to queue (0 SSE clients, 3 pending) for job job-123

stdout | tests/unit/job-state-manager-do.test.js > JobStateManagerDO > SSE Update Batching (Issue #157) > should reduce I/O operations for high-frequency updates
[JobStateManager] Broadcast progress to queue (0 SSE clients, 4 pending) for job job-123

stdout | tests/unit/job-state-manager-do.test.js > JobStateManagerDO > SSE Update Batching (Issue #157) > should reduce I/O operations for high-frequency updates
[JobStateManager] Flushed 5 pending updates for job job-123

stdout | tests/unit/job-state-manager-do.test.js > JobStateManagerDO > SSE Update Batching (Issue #157) > should reduce I/O operations for high-frequency updates
[JobStateManager] Broadcast progress to queue (0 SSE clients, 0 pending) for job job-123

stdout | tests/unit/job-state-manager-do.test.js > JobStateManagerDO > SSE Update Batching (Issue #157) > should reduce I/O operations for high-frequency updates
[JobStateManager] Broadcast progress to queue (0 SSE clients, 1 pending) for job job-123

stdout | tests/unit/job-state-manager-do.test.js > JobStateManagerDO > SSE Update Batching (Issue #157) > should reduce I/O operations for high-frequency updates
[JobStateManager] Broadcast progress to queue (0 SSE clients, 2 pending) for job job-123

stdout | tests/unit/job-state-manager-do.test.js > JobStateManagerDO > SSE Update Batching (Issue #157) > should reduce I/O operations for high-frequency updates
[JobStateManager] Broadcast progress to queue (0 SSE clients, 3 pending) for job job-123

stdout | tests/unit/job-state-manager-do.test.js > JobStateManagerDO > SSE Update Batching (Issue #157) > should reduce I/O operations for high-frequency updates
[JobStateManager] Broadcast progress to queue (0 SSE clients, 4 pending) for job job-123

stdout | tests/unit/job-state-manager-do.test.js > JobStateManagerDO > SSE Update Batching (Issue #157) > should reduce I/O operations for high-frequency updates
[JobStateManager] Flushed 5 pending updates for job job-123

stdout | tests/unit/job-state-manager-do.test.js > JobStateManagerDO > SSE Update Batching (Issue #157) > should reduce I/O operations for high-frequency updates
[JobStateManager] Broadcast progress to queue (0 SSE clients, 0 pending) for job job-123

stdout | tests/unit/job-state-manager-do.test.js > JobStateManagerDO > SSE Update Batching (Issue #157) > should reduce I/O operations for high-frequency updates
[JobStateManager] Broadcast progress to queue (0 SSE clients, 1 pending) for job job-123

stdout | tests/unit/job-state-manager-do.test.js > JobStateManagerDO > SSE Update Batching (Issue #157) > should reduce I/O operations for high-frequency updates
[JobStateManager] Broadcast progress to queue (0 SSE clients, 2 pending) for job job-123

stdout | tests/unit/job-state-manager-do.test.js > JobStateManagerDO > SSE Update Batching (Issue #157) > should reduce I/O operations for high-frequency updates
[JobStateManager] Broadcast progress to queue (0 SSE clients, 3 pending) for job job-123

stdout | tests/unit/job-state-manager-do.test.js > JobStateManagerDO > SSE Update Batching (Issue #157) > should reduce I/O operations for high-frequency updates
[JobStateManager] Broadcast progress to queue (0 SSE clients, 4 pending) for job job-123

stdout | tests/unit/job-state-manager-do.test.js > JobStateManagerDO > SSE Update Batching (Issue #157) > should reduce I/O operations for high-frequency updates
[JobStateManager] Flushed 5 pending updates for job job-123

stdout | tests/unit/job-state-manager-do.test.js > JobStateManagerDO > SSE Update Batching (Issue #157) > should reduce I/O operations for high-frequency updates
[JobStateManager] Broadcast progress to queue (0 SSE clients, 0 pending) for job job-123

stdout | tests/unit/job-state-manager-do.test.js > JobStateManagerDO > SSE Update Batching (Issue #157) > should reduce I/O operations for high-frequency updates
[JobStateManager] Broadcast progress to queue (0 SSE clients, 1 pending) for job job-123

stdout | tests/unit/job-state-manager-do.test.js > JobStateManagerDO > SSE Update Batching (Issue #157) > should reduce I/O operations for high-frequency updates
[JobStateManager] Broadcast progress to queue (0 SSE clients, 2 pending) for job job-123

stdout | tests/unit/job-state-manager-do.test.js > JobStateManagerDO > SSE Update Batching (Issue #157) > should reduce I/O operations for high-frequency updates
[JobStateManager] Broadcast progress to queue (0 SSE clients, 3 pending) for job job-123

stdout | tests/unit/job-state-manager-do.test.js > JobStateManagerDO > SSE Update Batching (Issue #157) > should reduce I/O operations for high-frequency updates
[JobStateManager] Broadcast progress to queue (0 SSE clients, 4 pending) for job job-123

stdout | tests/unit/job-state-manager-do.test.js > JobStateManagerDO > SSE Update Batching (Issue #157) > should reduce I/O operations for high-frequency updates
[JobStateManager] Flushed 5 pending updates for job job-123

stdout | tests/unit/job-state-manager-do.test.js > JobStateManagerDO > SSE Update Batching (Issue #157) > should reduce I/O operations for high-frequency updates
[JobStateManager] Broadcast progress to queue (0 SSE clients, 0 pending) for job job-123

stdout | tests/unit/job-state-manager-do.test.js > JobStateManagerDO > SSE Update Batching (Issue #157) > should reduce I/O operations for high-frequency updates
[JobStateManager] Broadcast progress to queue (0 SSE clients, 1 pending) for job job-123

stdout | tests/unit/job-state-manager-do.test.js > JobStateManagerDO > SSE Update Batching (Issue #157) > should reduce I/O operations for high-frequency updates
[JobStateManager] Broadcast progress to queue (0 SSE clients, 2 pending) for job job-123

stdout | tests/unit/job-state-manager-do.test.js > JobStateManagerDO > SSE Update Batching (Issue #157) > should reduce I/O operations for high-frequency updates
[JobStateManager] Broadcast progress to queue (0 SSE clients, 3 pending) for job job-123

stdout | tests/unit/job-state-manager-do.test.js > JobStateManagerDO > SSE Update Batching (Issue #157) > should reduce I/O operations for high-frequency updates
[JobStateManager] Broadcast progress to queue (0 SSE clients, 4 pending) for job job-123

stdout | tests/unit/job-state-manager-do.test.js > JobStateManagerDO > SSE Update Batching (Issue #157) > should reduce I/O operations for high-frequency updates
[JobStateManager] Flushed 5 pending updates for job job-123

stdout | tests/unit/job-state-manager-do.test.js > JobStateManagerDO > SSE Update Batching (Issue #157) > should reduce I/O operations for high-frequency updates
[JobStateManager] Broadcast progress to queue (0 SSE clients, 0 pending) for job job-123

stdout | tests/unit/job-state-manager-do.test.js > JobStateManagerDO > SSE Update Batching (Issue #157) > should reduce I/O operations for high-frequency updates
[JobStateManager] Broadcast progress to queue (0 SSE clients, 1 pending) for job job-123

stdout | tests/unit/job-state-manager-do.test.js > JobStateManagerDO > SSE Update Batching (Issue #157) > should reduce I/O operations for high-frequency updates
[JobStateManager] Broadcast progress to queue (0 SSE clients, 2 pending) for job job-123

stdout | tests/unit/job-state-manager-do.test.js > JobStateManagerDO > SSE Update Batching (Issue #157) > should reduce I/O operations for high-frequency updates
[JobStateManager] Broadcast progress to queue (0 SSE clients, 3 pending) for job job-123

stdout | tests/unit/job-state-manager-do.test.js > JobStateManagerDO > SSE Update Batching (Issue #157) > should reduce I/O operations for high-frequency updates
[JobStateManager] Broadcast progress to queue (0 SSE clients, 4 pending) for job job-123

stdout | tests/unit/job-state-manager-do.test.js > JobStateManagerDO > SSE Update Batching (Issue #157) > should reduce I/O operations for high-frequency updates
[JobStateManager] Flushed 5 pending updates for job job-123

stdout | tests/unit/job-state-manager-do.test.js > JobStateManagerDO > SSE Update Batching (Issue #157) > should reduce I/O operations for high-frequency updates
[JobStateManager] Broadcast progress to queue (0 SSE clients, 0 pending) for job job-123

stdout | tests/unit/job-state-manager-do.test.js > JobStateManagerDO > SSE Update Batching (Issue #157) > should reduce I/O operations for high-frequency updates
[JobStateManager] Broadcast progress to queue (0 SSE clients, 1 pending) for job job-123

stdout | tests/unit/job-state-manager-do.test.js > JobStateManagerDO > SSE Update Batching (Issue #157) > should reduce I/O operations for high-frequency updates
[JobStateManager] Broadcast progress to queue (0 SSE clients, 2 pending) for job job-123

stdout | tests/unit/job-state-manager-do.test.js > JobStateManagerDO > SSE Update Batching (Issue #157) > should reduce I/O operations for high-frequency updates
[JobStateManager] Broadcast progress to queue (0 SSE clients, 3 pending) for job job-123

stdout | tests/unit/job-state-manager-do.test.js > JobStateManagerDO > SSE Update Batching (Issue #157) > should reduce I/O operations for high-frequency updates
[JobStateManager] Broadcast progress to queue (0 SSE clients, 4 pending) for job job-123

stdout | tests/unit/job-state-manager-do.test.js > JobStateManagerDO > SSE Update Batching (Issue #157) > should reduce I/O operations for high-frequency updates
[JobStateManager] Flushed 5 pending updates for job job-123

stdout | tests/unit/job-state-manager-do.test.js > JobStateManagerDO > SSE Update Batching (Issue #157) > should reduce I/O operations for high-frequency updates
[JobStateManager] Broadcast progress to queue (0 SSE clients, 0 pending) for job job-123

stdout | tests/unit/job-state-manager-do.test.js > JobStateManagerDO > SSE Update Batching (Issue #157) > should reduce I/O operations for high-frequency updates
[JobStateManager] Broadcast progress to queue (0 SSE clients, 1 pending) for job job-123

stdout | tests/unit/job-state-manager-do.test.js > JobStateManagerDO > SSE Update Batching (Issue #157) > should reduce I/O operations for high-frequency updates
[JobStateManager] Broadcast progress to queue (0 SSE clients, 2 pending) for job job-123

stdout | tests/unit/job-state-manager-do.test.js > JobStateManagerDO > SSE Update Batching (Issue #157) > should reduce I/O operations for high-frequency updates
[JobStateManager] Broadcast progress to queue (0 SSE clients, 3 pending) for job job-123

stdout | tests/unit/job-state-manager-do.test.js > JobStateManagerDO > SSE Update Batching (Issue #157) > should reduce I/O operations for high-frequency updates
[JobStateManager] Broadcast progress to queue (0 SSE clients, 4 pending) for job job-123

stdout | tests/unit/job-state-manager-do.test.js > JobStateManagerDO > SSE Update Batching (Issue #157) > should reduce I/O operations for high-frequency updates
[JobStateManager] Flushed 5 pending updates for job job-123

stdout | tests/unit/job-state-manager-do.test.js > JobStateManagerDO > SSE Update Batching (Issue #157) > should reduce I/O operations for high-frequency updates
[JobStateManager] Broadcast progress to queue (0 SSE clients, 0 pending) for job job-123

stdout | tests/unit/job-state-manager-do.test.js > JobStateManagerDO > SSE Update Batching (Issue #157) > should reduce I/O operations for high-frequency updates
[JobStateManager] Broadcast progress to queue (0 SSE clients, 1 pending) for job job-123

stdout | tests/unit/job-state-manager-do.test.js > JobStateManagerDO > SSE Update Batching (Issue #157) > should reduce I/O operations for high-frequency updates
[JobStateManager] Broadcast progress to queue (0 SSE clients, 2 pending) for job job-123

stdout | tests/unit/job-state-manager-do.test.js > JobStateManagerDO > SSE Update Batching (Issue #157) > should reduce I/O operations for high-frequency updates
[JobStateManager] Broadcast progress to queue (0 SSE clients, 3 pending) for job job-123

stdout | tests/unit/job-state-manager-do.test.js > JobStateManagerDO > SSE Update Batching (Issue #157) > should reduce I/O operations for high-frequency updates
[JobStateManager] Broadcast progress to queue (0 SSE clients, 4 pending) for job job-123

stdout | tests/unit/job-state-manager-do.test.js > JobStateManagerDO > SSE Update Batching (Issue #157) > should reduce I/O operations for high-frequency updates
[JobStateManager] Flushed 5 pending updates for job job-123

stdout | tests/unit/job-state-manager-do.test.js > JobStateManagerDO > SSE Update Batching (Issue #157) > should reduce I/O operations for high-frequency updates
[JobStateManager] Broadcast progress to queue (0 SSE clients, 0 pending) for job job-123

stdout | tests/unit/job-state-manager-do.test.js > JobStateManagerDO > SSE Update Batching (Issue #157) > should reduce I/O operations for high-frequency updates
[JobStateManager] Broadcast progress to queue (0 SSE clients, 1 pending) for job job-123

stdout | tests/unit/job-state-manager-do.test.js > JobStateManagerDO > SSE Update Batching (Issue #157) > should reduce I/O operations for high-frequency updates
[JobStateManager] Broadcast progress to queue (0 SSE clients, 2 pending) for job job-123

stdout | tests/unit/job-state-manager-do.test.js > JobStateManagerDO > SSE Update Batching (Issue #157) > should reduce I/O operations for high-frequency updates
[JobStateManager] Broadcast progress to queue (0 SSE clients, 3 pending) for job job-123

stdout | tests/unit/job-state-manager-do.test.js > JobStateManagerDO > SSE Update Batching (Issue #157) > should reduce I/O operations for high-frequency updates
[JobStateManager] Broadcast progress to queue (0 SSE clients, 4 pending) for job job-123

stdout | tests/unit/job-state-manager-do.test.js > JobStateManagerDO > SSE Update Batching (Issue #157) > should reduce I/O operations for high-frequency updates
[JobStateManager] Flushed 5 pending updates for job job-123

stdout | tests/unit/job-state-manager-do.test.js > JobStateManagerDO > SSE Update Batching (Issue #157) > should reduce I/O operations for high-frequency updates
[JobStateManager] Broadcast progress to queue (0 SSE clients, 0 pending) for job job-123

stdout | tests/unit/job-state-manager-do.test.js > JobStateManagerDO > SSE Update Batching (Issue #157) > should reduce I/O operations for high-frequency updates
[JobStateManager] Broadcast progress to queue (0 SSE clients, 1 pending) for job job-123

stdout | tests/unit/job-state-manager-do.test.js > JobStateManagerDO > SSE Update Batching (Issue #157) > should reduce I/O operations for high-frequency updates
[JobStateManager] Broadcast progress to queue (0 SSE clients, 2 pending) for job job-123

stdout | tests/unit/job-state-manager-do.test.js > JobStateManagerDO > SSE Update Batching (Issue #157) > should reduce I/O operations for high-frequency updates
[JobStateManager] Broadcast progress to queue (0 SSE clients, 3 pending) for job job-123

stdout | tests/unit/job-state-manager-do.test.js > JobStateManagerDO > SSE Update Batching (Issue #157) > should reduce I/O operations for high-frequency updates
[JobStateManager] Broadcast progress to queue (0 SSE clients, 4 pending) for job job-123

stdout | tests/unit/job-state-manager-do.test.js > JobStateManagerDO > SSE Update Batching (Issue #157) > should reduce I/O operations for high-frequency updates
[JobStateManager] Flushed 5 pending updates for job job-123

stdout | tests/unit/job-state-manager-do.test.js > JobStateManagerDO > SSE Update Batching (Issue #157) > should reduce I/O operations for high-frequency updates
[JobStateManager] Broadcast progress to queue (0 SSE clients, 0 pending) for job job-123

stdout | tests/unit/job-state-manager-do.test.js > JobStateManagerDO > SSE Update Batching (Issue #157) > should reduce I/O operations for high-frequency updates
[JobStateManager] Broadcast progress to queue (0 SSE clients, 1 pending) for job job-123

stdout | tests/unit/job-state-manager-do.test.js > JobStateManagerDO > SSE Update Batching (Issue #157) > should reduce I/O operations for high-frequency updates
[JobStateManager] Broadcast progress to queue (0 SSE clients, 2 pending) for job job-123

stdout | tests/unit/job-state-manager-do.test.js > JobStateManagerDO > SSE Update Batching (Issue #157) > should reduce I/O operations for high-frequency updates
[JobStateManager] Broadcast progress to queue (0 SSE clients, 3 pending) for job job-123

stdout | tests/unit/job-state-manager-do.test.js > JobStateManagerDO > SSE Update Batching (Issue #157) > should reduce I/O operations for high-frequency updates
[JobStateManager] Broadcast progress to queue (0 SSE clients, 4 pending) for job job-123

stdout | tests/unit/job-state-manager-do.test.js > JobStateManagerDO > SSE Update Batching (Issue #157) > should reduce I/O operations for high-frequency updates
[JobStateManager] Flushed 5 pending updates for job job-123

stdout | tests/unit/job-state-manager-do.test.js > JobStateManagerDO > SSE Update Batching (Issue #157) > should reduce I/O operations for high-frequency updates
[JobStateManager] Broadcast progress to queue (0 SSE clients, 0 pending) for job job-123

stdout | tests/unit/job-state-manager-do.test.js > JobStateManagerDO > SSE Update Batching (Issue #157) > should reduce I/O operations for high-frequency updates
[JobStateManager] Broadcast progress to queue (0 SSE clients, 1 pending) for job job-123

stdout | tests/unit/job-state-manager-do.test.js > JobStateManagerDO > SSE Update Batching (Issue #157) > should reduce I/O operations for high-frequency updates
[JobStateManager] Broadcast progress to queue (0 SSE clients, 2 pending) for job job-123

stdout | tests/unit/job-state-manager-do.test.js > JobStateManagerDO > SSE Update Batching (Issue #157) > should reduce I/O operations for high-frequency updates
[JobStateManager] Broadcast progress to queue (0 SSE clients, 3 pending) for job job-123

stdout | tests/unit/job-state-manager-do.test.js > JobStateManagerDO > SSE Update Batching (Issue #157) > should reduce I/O operations for high-frequency updates
[JobStateManager] Broadcast progress to queue (0 SSE clients, 4 pending) for job job-123

stdout | tests/unit/job-state-manager-do.test.js > JobStateManagerDO > SSE Update Batching (Issue #157) > should reduce I/O operations for high-frequency updates
[JobStateManager] Flushed 5 pending updates for job job-123

stdout | tests/unit/job-state-manager-do.test.js > JobStateManagerDO > SSE Update Batching (Issue #157) > should reduce I/O operations for high-frequency updates
[JobStateManager] Broadcast progress to queue (0 SSE clients, 0 pending) for job job-123

stdout | tests/unit/job-state-manager-do.test.js > JobStateManagerDO > SSE Update Batching (Issue #157) > should reduce I/O operations for high-frequency updates
[JobStateManager] Broadcast progress to queue (0 SSE clients, 1 pending) for job job-123

stdout | tests/unit/job-state-manager-do.test.js > JobStateManagerDO > SSE Update Batching (Issue #157) > should reduce I/O operations for high-frequency updates
[JobStateManager] Broadcast progress to queue (0 SSE clients, 2 pending) for job job-123

stdout | tests/unit/job-state-manager-do.test.js > JobStateManagerDO > SSE Update Batching (Issue #157) > should reduce I/O operations for high-frequency updates
[JobStateManager] Broadcast progress to queue (0 SSE clients, 3 pending) for job job-123

stdout | tests/unit/job-state-manager-do.test.js > JobStateManagerDO > SSE Update Batching (Issue #157) > should reduce I/O operations for high-frequency updates
[JobStateManager] Broadcast progress to queue (0 SSE clients, 4 pending) for job job-123

stdout | tests/unit/job-state-manager-do.test.js > JobStateManagerDO > SSE Update Batching (Issue #157) > should reduce I/O operations for high-frequency updates
[JobStateManager] Flushed 5 pending updates for job job-123

stdout | tests/unit/job-state-manager-do.test.js > JobStateManagerDO > SSE Update Batching (Issue #157) > should reduce I/O operations for high-frequency updates
[JobStateManager] Broadcast progress to queue (0 SSE clients, 0 pending) for job job-123

stdout | tests/unit/job-state-manager-do.test.js > JobStateManagerDO > SSE Update Batching (Issue #157) > should reduce I/O operations for high-frequency updates
[JobStateManager] Broadcast progress to queue (0 SSE clients, 1 pending) for job job-123

stdout | tests/unit/job-state-manager-do.test.js > JobStateManagerDO > SSE Update Batching (Issue #157) > should reduce I/O operations for high-frequency updates
[JobStateManager] Broadcast progress to queue (0 SSE clients, 2 pending) for job job-123

stdout | tests/unit/job-state-manager-do.test.js > JobStateManagerDO > SSE Update Batching (Issue #157) > should reduce I/O operations for high-frequency updates
[JobStateManager] Broadcast progress to queue (0 SSE clients, 3 pending) for job job-123

stdout | tests/unit/job-state-manager-do.test.js > JobStateManagerDO > SSE Update Batching (Issue #157) > should reduce I/O operations for high-frequency updates
[JobStateManager] Broadcast progress to queue (0 SSE clients, 4 pending) for job job-123

stdout | tests/unit/job-state-manager-do.test.js > JobStateManagerDO > SSE Update Batching (Issue #157) > should reduce I/O operations for high-frequency updates
[JobStateManager] Flushed 5 pending updates for job job-123

stdout | tests/unit/job-state-manager-do.test.js > JobStateManagerDO > SSE Update Batching (Issue #157) > should reduce I/O operations for high-frequency updates
[JobStateManager] Broadcast progress to queue (0 SSE clients, 0 pending) for job job-123

stdout | tests/unit/job-state-manager-do.test.js > JobStateManagerDO > SSE Update Batching (Issue #157) > should reduce I/O operations for high-frequency updates
[JobStateManager] Broadcast progress to queue (0 SSE clients, 1 pending) for job job-123

stdout | tests/unit/job-state-manager-do.test.js > JobStateManagerDO > SSE Update Batching (Issue #157) > should reduce I/O operations for high-frequency updates
[JobStateManager] Broadcast progress to queue (0 SSE clients, 2 pending) for job job-123

stdout | tests/unit/job-state-manager-do.test.js > JobStateManagerDO > SSE Update Batching (Issue #157) > should reduce I/O operations for high-frequency updates
[JobStateManager] Broadcast progress to queue (0 SSE clients, 3 pending) for job job-123

stdout | tests/unit/job-state-manager-do.test.js > JobStateManagerDO > SSE Update Batching (Issue #157) > should reduce I/O operations for high-frequency updates
[JobStateManager] Broadcast progress to queue (0 SSE clients, 4 pending) for job job-123

stdout | tests/unit/job-state-manager-do.test.js > JobStateManagerDO > SSE Update Batching (Issue #157) > should reduce I/O operations for high-frequency updates
[JobStateManager] Flushed 5 pending updates for job job-123

stdout | tests/unit/job-state-manager-do.test.js > JobStateManagerDO > SSE Update Batching (Issue #157) > should reduce I/O operations for high-frequency updates
[JobStateManager] Broadcast progress to queue (0 SSE clients, 0 pending) for job job-123

stdout | tests/unit/job-state-manager-do.test.js > JobStateManagerDO > SSE Update Batching (Issue #157) > should reduce I/O operations for high-frequency updates
[JobStateManager] Broadcast progress to queue (0 SSE clients, 1 pending) for job job-123

stdout | tests/unit/job-state-manager-do.test.js > JobStateManagerDO > SSE Update Batching (Issue #157) > should reduce I/O operations for high-frequency updates
[JobStateManager] Broadcast progress to queue (0 SSE clients, 2 pending) for job job-123

stdout | tests/unit/job-state-manager-do.test.js > JobStateManagerDO > SSE Update Batching (Issue #157) > should reduce I/O operations for high-frequency updates
[JobStateManager] Broadcast progress to queue (0 SSE clients, 3 pending) for job job-123

stdout | tests/unit/job-state-manager-do.test.js > JobStateManagerDO > SSE Update Batching (Issue #157) > should reduce I/O operations for high-frequency updates
[JobStateManager] Broadcast progress to queue (0 SSE clients, 4 pending) for job job-123

stdout | tests/unit/job-state-manager-do.test.js > JobStateManagerDO > SSE Update Batching (Issue #157) > should reduce I/O operations for high-frequency updates
[JobStateManager] Flushed 5 pending updates for job job-123

stdout | tests/unit/job-state-manager-do.test.js > JobStateManagerDO > SSE Update Batching (Issue #157) > should reduce I/O operations for high-frequency updates
[JobStateManager] Broadcast progress to queue (0 SSE clients, 0 pending) for job job-123

stdout | tests/unit/job-state-manager-do.test.js > JobStateManagerDO > SSE Update Batching (Issue #157) > should reduce I/O operations for high-frequency updates
[JobStateManager] Broadcast progress to queue (0 SSE clients, 1 pending) for job job-123

stdout | tests/unit/job-state-manager-do.test.js > JobStateManagerDO > SSE Update Batching (Issue #157) > should reduce I/O operations for high-frequency updates
[JobStateManager] Broadcast progress to queue (0 SSE clients, 2 pending) for job job-123

stdout | tests/unit/job-state-manager-do.test.js > JobStateManagerDO > SSE Update Batching (Issue #157) > should reduce I/O operations for high-frequency updates
[JobStateManager] Broadcast progress to queue (0 SSE clients, 3 pending) for job job-123

stdout | tests/unit/job-state-manager-do.test.js > JobStateManagerDO > SSE Update Batching (Issue #157) > should reduce I/O operations for high-frequency updates
[JobStateManager] Broadcast progress to queue (0 SSE clients, 4 pending) for job job-123

stdout | tests/unit/job-state-manager-do.test.js > JobStateManagerDO > SSE Update Batching (Issue #157) > should reduce I/O operations for high-frequency updates
[JobStateManager] Flushed 5 pending updates for job job-123

stdout | tests/unit/job-state-manager-do.test.js > JobStateManagerDO > SSE Update Batching (Issue #157) > should reduce I/O operations for high-frequency updates
[JobStateManager] Broadcast progress to queue (0 SSE clients, 0 pending) for job job-123

stdout | tests/unit/job-state-manager-do.test.js > JobStateManagerDO > SSE Update Batching (Issue #157) > should reduce I/O operations for high-frequency updates
[JobStateManager] Broadcast progress to queue (0 SSE clients, 1 pending) for job job-123

stdout | tests/unit/job-state-manager-do.test.js > JobStateManagerDO > SSE Update Batching (Issue #157) > should reduce I/O operations for high-frequency updates
[JobStateManager] Broadcast progress to queue (0 SSE clients, 2 pending) for job job-123

stdout | tests/unit/job-state-manager-do.test.js > JobStateManagerDO > SSE Update Batching (Issue #157) > should reduce I/O operations for high-frequency updates
[JobStateManager] Broadcast progress to queue (0 SSE clients, 3 pending) for job job-123

stdout | tests/unit/job-state-manager-do.test.js > JobStateManagerDO > SSE Update Batching (Issue #157) > should reduce I/O operations for high-frequency updates
[JobStateManager] Broadcast progress to queue (0 SSE clients, 4 pending) for job job-123

stdout | tests/unit/job-state-manager-do.test.js > JobStateManagerDO > SSE Update Batching (Issue #157) > should reduce I/O operations for high-frequency updates
[JobStateManager] Flushed 5 pending updates for job job-123

stdout | tests/unit/job-state-manager-do.test.js > JobStateManagerDO > SSE Update Batching (Issue #157) > should reduce I/O operations for high-frequency updates
[JobStateManager] Broadcast progress to queue (0 SSE clients, 0 pending) for job job-123

stdout | tests/unit/job-state-manager-do.test.js > JobStateManagerDO > SSE Update Batching (Issue #157) > should reduce I/O operations for high-frequency updates
[JobStateManager] Broadcast progress to queue (0 SSE clients, 1 pending) for job job-123

stdout | tests/unit/job-state-manager-do.test.js > JobStateManagerDO > SSE Update Batching (Issue #157) > should reduce I/O operations for high-frequency updates
[JobStateManager] Broadcast progress to queue (0 SSE clients, 2 pending) for job job-123

stdout | tests/unit/job-state-manager-do.test.js > JobStateManagerDO > SSE Update Batching (Issue #157) > should reduce I/O operations for high-frequency updates
[JobStateManager] Broadcast progress to queue (0 SSE clients, 3 pending) for job job-123

stdout | tests/unit/job-state-manager-do.test.js > JobStateManagerDO > SSE Update Batching (Issue #157) > should reduce I/O operations for high-frequency updates
[JobStateManager] Broadcast progress to queue (0 SSE clients, 4 pending) for job job-123

stdout | tests/unit/job-state-manager-do.test.js > JobStateManagerDO > SSE Update Batching (Issue #157) > should reduce I/O operations for high-frequency updates
[JobStateManager] Flushed 5 pending updates for job job-123

stdout | tests/unit/job-state-manager-do.test.js > JobStateManagerDO > SSE Update Batching (Issue #157) > should reduce I/O operations for high-frequency updates
[JobStateManager] Broadcast progress to queue (0 SSE clients, 0 pending) for job job-123

stdout | tests/unit/job-state-manager-do.test.js > JobStateManagerDO > SSE Update Batching (Issue #157) > should reduce I/O operations for high-frequency updates
[JobStateManager] Broadcast progress to queue (0 SSE clients, 1 pending) for job job-123

stdout | tests/unit/job-state-manager-do.test.js > JobStateManagerDO > SSE Update Batching (Issue #157) > should reduce I/O operations for high-frequency updates
[JobStateManager] Broadcast progress to queue (0 SSE clients, 2 pending) for job job-123

stdout | tests/unit/job-state-manager-do.test.js > JobStateManagerDO > SSE Update Batching (Issue #157) > should reduce I/O operations for high-frequency updates
[JobStateManager] Broadcast progress to queue (0 SSE clients, 3 pending) for job job-123

stdout | tests/unit/job-state-manager-do.test.js > JobStateManagerDO > SSE Update Batching (Issue #157) > should reduce I/O operations for high-frequency updates
[JobStateManager] Broadcast progress to queue (0 SSE clients, 4 pending) for job job-123

stdout | tests/unit/job-state-manager-do.test.js > JobStateManagerDO > SSE Update Batching (Issue #157) > should reduce I/O operations for high-frequency updates
[JobStateManager] Flushed 5 pending updates for job job-123

stdout | tests/unit/job-state-manager-do.test.js > JobStateManagerDO > SSE Update Batching (Issue #157) > should reduce I/O operations for high-frequency updates
[JobStateManager] Broadcast progress to queue (0 SSE clients, 0 pending) for job job-123

stdout | tests/unit/job-state-manager-do.test.js > JobStateManagerDO > SSE Update Batching (Issue #157) > should reduce I/O operations for high-frequency updates
[JobStateManager] Broadcast progress to queue (0 SSE clients, 1 pending) for job job-123

stdout | tests/unit/job-state-manager-do.test.js > JobStateManagerDO > SSE Update Batching (Issue #157) > should reduce I/O operations for high-frequency updates
[JobStateManager] Broadcast progress to queue (0 SSE clients, 2 pending) for job job-123

stdout | tests/unit/job-state-manager-do.test.js > JobStateManagerDO > SSE Update Batching (Issue #157) > should reduce I/O operations for high-frequency updates
[JobStateManager] Broadcast progress to queue (0 SSE clients, 3 pending) for job job-123

stdout | tests/unit/job-state-manager-do.test.js > JobStateManagerDO > SSE Update Batching (Issue #157) > should reduce I/O operations for high-frequency updates
[JobStateManager] Broadcast progress to queue (0 SSE clients, 4 pending) for job job-123

stdout | tests/unit/job-state-manager-do.test.js > JobStateManagerDO > SSE Update Batching (Issue #157) > should reduce I/O operations for high-frequency updates
[JobStateManager] Flushed 5 pending updates for job job-123

stdout | tests/unit/job-state-manager-do.test.js > JobStateManagerDO > SSE Update Batching (Issue #157) > should reduce I/O operations for high-frequency updates
[JobStateManager] Broadcast progress to queue (0 SSE clients, 0 pending) for job job-123

stdout | tests/unit/job-state-manager-do.test.js > JobStateManagerDO > SSE Update Batching (Issue #157) > should reduce I/O operations for high-frequency updates
[JobStateManager] Broadcast progress to queue (0 SSE clients, 1 pending) for job job-123

stdout | tests/unit/job-state-manager-do.test.js > JobStateManagerDO > SSE Update Batching (Issue #157) > should reduce I/O operations for high-frequency updates
[JobStateManager] Broadcast progress to queue (0 SSE clients, 2 pending) for job job-123

stdout | tests/unit/job-state-manager-do.test.js > JobStateManagerDO > SSE Update Batching (Issue #157) > should reduce I/O operations for high-frequency updates
[JobStateManager] Broadcast progress to queue (0 SSE clients, 3 pending) for job job-123

stdout | tests/unit/job-state-manager-do.test.js > JobStateManagerDO > SSE Update Batching (Issue #157) > should reduce I/O operations for high-frequency updates
[JobStateManager] Broadcast progress to queue (0 SSE clients, 4 pending) for job job-123

stdout | tests/unit/job-state-manager-do.test.js > JobStateManagerDO > SSE Update Batching (Issue #157) > should reduce I/O operations for high-frequency updates
[JobStateManager] Flushed 5 pending updates for job job-123

stdout | tests/unit/job-state-manager-do.test.js > JobStateManagerDO > SSE Update Batching (Issue #157) > should reduce I/O operations for high-frequency updates
[JobStateManager] Broadcast progress to queue (0 SSE clients, 0 pending) for job job-123

stdout | tests/unit/job-state-manager-do.test.js > JobStateManagerDO > SSE Update Batching (Issue #157) > should reduce I/O operations for high-frequency updates
[JobStateManager] Broadcast progress to queue (0 SSE clients, 1 pending) for job job-123

stdout | tests/unit/job-state-manager-do.test.js > JobStateManagerDO > SSE Update Batching (Issue #157) > should reduce I/O operations for high-frequency updates
[JobStateManager] Broadcast progress to queue (0 SSE clients, 2 pending) for job job-123

stdout | tests/unit/job-state-manager-do.test.js > JobStateManagerDO > SSE Update Batching (Issue #157) > should reduce I/O operations for high-frequency updates
[JobStateManager] Broadcast progress to queue (0 SSE clients, 3 pending) for job job-123

stdout | tests/unit/job-state-manager-do.test.js > JobStateManagerDO > SSE Update Batching (Issue #157) > should reduce I/O operations for high-frequency updates
[JobStateManager] Broadcast progress to queue (0 SSE clients, 4 pending) for job job-123

stdout | tests/unit/job-state-manager-do.test.js > JobStateManagerDO > SSE Update Batching (Issue #157) > should reduce I/O operations for high-frequency updates
[JobStateManager] Flushed 5 pending updates for job job-123

stdout | tests/unit/job-state-manager-do.test.js > JobStateManagerDO > SSE Update Batching (Issue #157) > should reduce I/O operations for high-frequency updates
[JobStateManager] Broadcast progress to queue (0 SSE clients, 0 pending) for job job-123

stdout | tests/unit/job-state-manager-do.test.js > JobStateManagerDO > SSE Update Batching (Issue #157) > should reduce I/O operations for high-frequency updates
[JobStateManager] Broadcast progress to queue (0 SSE clients, 1 pending) for job job-123

stdout | tests/unit/job-state-manager-do.test.js > JobStateManagerDO > SSE Update Batching (Issue #157) > should reduce I/O operations for high-frequency updates
[JobStateManager] Broadcast progress to queue (0 SSE clients, 2 pending) for job job-123

stdout | tests/unit/job-state-manager-do.test.js > JobStateManagerDO > SSE Update Batching (Issue #157) > should reduce I/O operations for high-frequency updates
[JobStateManager] Broadcast progress to queue (0 SSE clients, 3 pending) for job job-123

stdout | tests/unit/job-state-manager-do.test.js > JobStateManagerDO > SSE Update Batching (Issue #157) > should reduce I/O operations for high-frequency updates
[JobStateManager] Broadcast progress to queue (0 SSE clients, 4 pending) for job job-123

stdout | tests/unit/job-state-manager-do.test.js > JobStateManagerDO > SSE Update Batching (Issue #157) > should reduce I/O operations for high-frequency updates
[JobStateManager] Flushed 5 pending updates for job job-123

stdout | tests/unit/job-state-manager-do.test.js > JobStateManagerDO > SSE Update Batching (Issue #157) > should reduce I/O operations for high-frequency updates
[JobStateManager] Broadcast progress to queue (0 SSE clients, 0 pending) for job job-123

stdout | tests/unit/job-state-manager-do.test.js > JobStateManagerDO > SSE Update Batching (Issue #157) > should reduce I/O operations for high-frequency updates
[JobStateManager] Broadcast progress to queue (0 SSE clients, 1 pending) for job job-123

stdout | tests/unit/job-state-manager-do.test.js > JobStateManagerDO > SSE Update Batching (Issue #157) > should reduce I/O operations for high-frequency updates
[JobStateManager] Broadcast progress to queue (0 SSE clients, 2 pending) for job job-123

stdout | tests/unit/job-state-manager-do.test.js > JobStateManagerDO > SSE Update Batching (Issue #157) > should reduce I/O operations for high-frequency updates
[JobStateManager] Broadcast progress to queue (0 SSE clients, 3 pending) for job job-123

stdout | tests/unit/job-state-manager-do.test.js > JobStateManagerDO > SSE Update Batching (Issue #157) > should reduce I/O operations for high-frequency updates
[JobStateManager] Broadcast progress to queue (0 SSE clients, 4 pending) for job job-123

stdout | tests/unit/job-state-manager-do.test.js > JobStateManagerDO > SSE Update Batching (Issue #157) > should reduce I/O operations for high-frequency updates
[JobStateManager] Flushed 5 pending updates for job job-123

stdout | tests/unit/job-state-manager-do.test.js > JobStateManagerDO > SSE Update Batching (Issue #157) > should reduce I/O operations for high-frequency updates
[JobStateManager] Broadcast progress to queue (0 SSE clients, 0 pending) for job job-123

stdout | tests/unit/job-state-manager-do.test.js > JobStateManagerDO > SSE Update Batching (Issue #157) > should reduce I/O operations for high-frequency updates
[JobStateManager] Broadcast progress to queue (0 SSE clients, 1 pending) for job job-123

stdout | tests/unit/job-state-manager-do.test.js > JobStateManagerDO > SSE Update Batching (Issue #157) > should reduce I/O operations for high-frequency updates
[JobStateManager] Broadcast progress to queue (0 SSE clients, 2 pending) for job job-123

stdout | tests/unit/job-state-manager-do.test.js > JobStateManagerDO > SSE Update Batching (Issue #157) > should reduce I/O operations for high-frequency updates
[JobStateManager] Broadcast progress to queue (0 SSE clients, 3 pending) for job job-123

stdout | tests/unit/job-state-manager-do.test.js > JobStateManagerDO > SSE Update Batching (Issue #157) > should reduce I/O operations for high-frequency updates
[JobStateManager] Broadcast progress to queue (0 SSE clients, 4 pending) for job job-123

stdout | tests/unit/job-state-manager-do.test.js > JobStateManagerDO > SSE Update Batching (Issue #157) > should reduce I/O operations for high-frequency updates
[JobStateManager] Flushed 5 pending updates for job job-123

stdout | tests/unit/job-state-manager-do.test.js > JobStateManagerDO > SSE Update Batching (Issue #157) > should reduce I/O operations for high-frequency updates
[JobStateManager] Broadcast progress to queue (0 SSE clients, 0 pending) for job job-123

stdout | tests/unit/job-state-manager-do.test.js > JobStateManagerDO > SSE Update Batching (Issue #157) > should reduce I/O operations for high-frequency updates
[JobStateManager] Broadcast progress to queue (0 SSE clients, 1 pending) for job job-123

stdout | tests/unit/job-state-manager-do.test.js > JobStateManagerDO > SSE Update Batching (Issue #157) > should reduce I/O operations for high-frequency updates
[JobStateManager] Broadcast progress to queue (0 SSE clients, 2 pending) for job job-123

stdout | tests/unit/job-state-manager-do.test.js > JobStateManagerDO > SSE Update Batching (Issue #157) > should reduce I/O operations for high-frequency updates
[JobStateManager] Broadcast progress to queue (0 SSE clients, 3 pending) for job job-123

stdout | tests/unit/job-state-manager-do.test.js > JobStateManagerDO > SSE Update Batching (Issue #157) > should reduce I/O operations for high-frequency updates
[JobStateManager] Broadcast progress to queue (0 SSE clients, 4 pending) for job job-123

stdout | tests/unit/job-state-manager-do.test.js > JobStateManagerDO > SSE Update Batching (Issue #157) > should reduce I/O operations for high-frequency updates
[JobStateManager] Flushed 5 pending updates for job job-123

stdout | tests/unit/job-state-manager-do.test.js > JobStateManagerDO > SSE Update Batching (Issue #157) > should reduce I/O operations for high-frequency updates
[JobStateManager] Broadcast progress to queue (0 SSE clients, 0 pending) for job job-123

stdout | tests/unit/job-state-manager-do.test.js > JobStateManagerDO > SSE Update Batching (Issue #157) > should reduce I/O operations for high-frequency updates
[JobStateManager] Broadcast progress to queue (0 SSE clients, 1 pending) for job job-123

stdout | tests/unit/job-state-manager-do.test.js > JobStateManagerDO > SSE Update Batching (Issue #157) > should reduce I/O operations for high-frequency updates
[JobStateManager] Broadcast progress to queue (0 SSE clients, 2 pending) for job job-123

stdout | tests/unit/job-state-manager-do.test.js > JobStateManagerDO > SSE Update Batching (Issue #157) > should reduce I/O operations for high-frequency updates
[JobStateManager] Broadcast progress to queue (0 SSE clients, 3 pending) for job job-123

stdout | tests/unit/job-state-manager-do.test.js > JobStateManagerDO > SSE Update Batching (Issue #157) > should reduce I/O operations for high-frequency updates
[JobStateManager] Broadcast progress to queue (0 SSE clients, 4 pending) for job job-123

stdout | tests/unit/job-state-manager-do.test.js > JobStateManagerDO > SSE Update Batching (Issue #157) > should reduce I/O operations for high-frequency updates
[JobStateManager] Flushed 5 pending updates for job job-123

stdout | tests/unit/job-state-manager-do.test.js > JobStateManagerDO > SSE Update Batching (Issue #157) > should reduce I/O operations for high-frequency updates
[JobStateManager] Broadcast progress to queue (0 SSE clients, 0 pending) for job job-123

stdout | tests/unit/job-state-manager-do.test.js > JobStateManagerDO > SSE Update Batching (Issue #157) > should reduce I/O operations for high-frequency updates
[JobStateManager] Broadcast progress to queue (0 SSE clients, 1 pending) for job job-123

stdout | tests/unit/job-state-manager-do.test.js > JobStateManagerDO > SSE Update Batching (Issue #157) > should reduce I/O operations for high-frequency updates
[JobStateManager] Broadcast progress to queue (0 SSE clients, 2 pending) for job job-123

stdout | tests/unit/job-state-manager-do.test.js > JobStateManagerDO > SSE Update Batching (Issue #157) > should reduce I/O operations for high-frequency updates
[JobStateManager] Broadcast progress to queue (0 SSE clients, 3 pending) for job job-123

stdout | tests/unit/job-state-manager-do.test.js > JobStateManagerDO > SSE Update Batching (Issue #157) > should reduce I/O operations for high-frequency updates
[JobStateManager] Broadcast progress to queue (0 SSE clients, 4 pending) for job job-123

stdout | tests/unit/job-state-manager-do.test.js > JobStateManagerDO > SSE Update Batching (Issue #157) > should reduce I/O operations for high-frequency updates
[JobStateManager] Flushed 5 pending updates for job job-123

stdout | tests/unit/job-state-manager-do.test.js > JobStateManagerDO > SSE Update Batching (Issue #157) > should reduce I/O operations for high-frequency updates
[JobStateManager] Broadcast progress to queue (0 SSE clients, 0 pending) for job job-123

stdout | tests/unit/job-state-manager-do.test.js > JobStateManagerDO > SSE Update Batching (Issue #157) > should reduce I/O operations for high-frequency updates
[JobStateManager] Broadcast progress to queue (0 SSE clients, 1 pending) for job job-123

stdout | tests/unit/job-state-manager-do.test.js > JobStateManagerDO > SSE Update Batching (Issue #157) > should reduce I/O operations for high-frequency updates
[JobStateManager] Broadcast progress to queue (0 SSE clients, 2 pending) for job job-123

stdout | tests/unit/job-state-manager-do.test.js > JobStateManagerDO > SSE Update Batching (Issue #157) > should reduce I/O operations for high-frequency updates
[JobStateManager] Broadcast progress to queue (0 SSE clients, 3 pending) for job job-123

stdout | tests/unit/job-state-manager-do.test.js > JobStateManagerDO > SSE Update Batching (Issue #157) > should reduce I/O operations for high-frequency updates
[JobStateManager] Broadcast progress to queue (0 SSE clients, 4 pending) for job job-123

stdout | tests/unit/job-state-manager-do.test.js > JobStateManagerDO > SSE Update Batching (Issue #157) > should reduce I/O operations for high-frequency updates
[JobStateManager] Flushed 5 pending updates for job job-123

stdout | tests/unit/job-state-manager-do.test.js > JobStateManagerDO > SSE Update Batching (Issue #157) > should reduce I/O operations for high-frequency updates
[JobStateManager] Broadcast progress to queue (0 SSE clients, 0 pending) for job job-123

stdout | tests/unit/job-state-manager-do.test.js > JobStateManagerDO > SSE Update Batching (Issue #157) > should reduce I/O operations for high-frequency updates
[JobStateManager] Broadcast progress to queue (0 SSE clients, 1 pending) for job job-123

stdout | tests/unit/job-state-manager-do.test.js > JobStateManagerDO > SSE Update Batching (Issue #157) > should reduce I/O operations for high-frequency updates
[JobStateManager] Broadcast progress to queue (0 SSE clients, 2 pending) for job job-123

stdout | tests/unit/job-state-manager-do.test.js > JobStateManagerDO > SSE Update Batching (Issue #157) > should reduce I/O operations for high-frequency updates
[JobStateManager] Broadcast progress to queue (0 SSE clients, 3 pending) for job job-123

stdout | tests/unit/job-state-manager-do.test.js > JobStateManagerDO > SSE Update Batching (Issue #157) > should reduce I/O operations for high-frequency updates
[JobStateManager] Broadcast progress to queue (0 SSE clients, 4 pending) for job job-123

stdout | tests/unit/job-state-manager-do.test.js > JobStateManagerDO > SSE Update Batching (Issue #157) > should reduce I/O operations for high-frequency updates
[JobStateManager] Flushed 5 pending updates for job job-123

stdout | tests/unit/job-state-manager-do.test.js > JobStateManagerDO > SSE Update Batching (Issue #157) > should reduce I/O operations for high-frequency updates
[JobStateManager] Broadcast progress to queue (0 SSE clients, 0 pending) for job job-123

stdout | tests/unit/job-state-manager-do.test.js > JobStateManagerDO > SSE Update Batching (Issue #157) > should reduce I/O operations for high-frequency updates
[JobStateManager] Broadcast progress to queue (0 SSE clients, 1 pending) for job job-123

stdout | tests/unit/job-state-manager-do.test.js > JobStateManagerDO > SSE Update Batching (Issue #157) > should reduce I/O operations for high-frequency updates
[JobStateManager] Broadcast progress to queue (0 SSE clients, 2 pending) for job job-123

stdout | tests/unit/job-state-manager-do.test.js > JobStateManagerDO > SSE Update Batching (Issue #157) > should reduce I/O operations for high-frequency updates
[JobStateManager] Broadcast progress to queue (0 SSE clients, 3 pending) for job job-123

stdout | tests/unit/job-state-manager-do.test.js > JobStateManagerDO > SSE Update Batching (Issue #157) > should reduce I/O operations for high-frequency updates
[JobStateManager] Broadcast progress to queue (0 SSE clients, 4 pending) for job job-123

stdout | tests/unit/job-state-manager-do.test.js > JobStateManagerDO > SSE Update Batching (Issue #157) > should reduce I/O operations for high-frequency updates
[JobStateManager] Flushed 5 pending updates for job job-123

stdout | tests/unit/job-state-manager-do.test.js > JobStateManagerDO > SSE Update Batching (Issue #157) > should reduce I/O operations for high-frequency updates
[JobStateManager] Broadcast progress to queue (0 SSE clients, 0 pending) for job job-123

stdout | tests/unit/job-state-manager-do.test.js > JobStateManagerDO > SSE Update Batching (Issue #157) > should reduce I/O operations for high-frequency updates
[JobStateManager] Broadcast progress to queue (0 SSE clients, 1 pending) for job job-123

stdout | tests/unit/job-state-manager-do.test.js > JobStateManagerDO > SSE Update Batching (Issue #157) > should reduce I/O operations for high-frequency updates
[JobStateManager] Broadcast progress to queue (0 SSE clients, 2 pending) for job job-123

stdout | tests/unit/job-state-manager-do.test.js > JobStateManagerDO > SSE Update Batching (Issue #157) > should reduce I/O operations for high-frequency updates
[JobStateManager] Broadcast progress to queue (0 SSE clients, 3 pending) for job job-123

stdout | tests/unit/job-state-manager-do.test.js > JobStateManagerDO > SSE Update Batching (Issue #157) > should reduce I/O operations for high-frequency updates
[JobStateManager] Broadcast progress to queue (0 SSE clients, 4 pending) for job job-123

stdout | tests/unit/job-state-manager-do.test.js > JobStateManagerDO > SSE Update Batching (Issue #157) > should reduce I/O operations for high-frequency updates
[JobStateManager] Flushed 5 pending updates for job job-123

stdout | tests/unit/job-state-manager-do.test.js > JobStateManagerDO > SSE Update Batching (Issue #157) > should reduce I/O operations for high-frequency updates
[JobStateManager] Broadcast progress to queue (0 SSE clients, 0 pending) for job job-123

stdout | tests/unit/job-state-manager-do.test.js > JobStateManagerDO > SSE Update Batching (Issue #157) > should reduce I/O operations for high-frequency updates
[JobStateManager] Broadcast progress to queue (0 SSE clients, 1 pending) for job job-123

stdout | tests/unit/job-state-manager-do.test.js > JobStateManagerDO > SSE Update Batching (Issue #157) > should reduce I/O operations for high-frequency updates
[JobStateManager] Broadcast progress to queue (0 SSE clients, 2 pending) for job job-123

stdout | tests/unit/job-state-manager-do.test.js > JobStateManagerDO > SSE Update Batching (Issue #157) > should reduce I/O operations for high-frequency updates
[JobStateManager] Broadcast progress to queue (0 SSE clients, 3 pending) for job job-123

stdout | tests/unit/job-state-manager-do.test.js > JobStateManagerDO > SSE Update Batching (Issue #157) > should reduce I/O operations for high-frequency updates
[JobStateManager] Broadcast progress to queue (0 SSE clients, 4 pending) for job job-123

stdout | tests/unit/job-state-manager-do.test.js > JobStateManagerDO > SSE Update Batching (Issue #157) > should reduce I/O operations for high-frequency updates
[JobStateManager] Flushed 5 pending updates for job job-123

stdout | tests/unit/job-state-manager-do.test.js > JobStateManagerDO > SSE Update Batching (Issue #157) > should reduce I/O operations for high-frequency updates
[JobStateManager] Broadcast progress to queue (0 SSE clients, 0 pending) for job job-123

stdout | tests/unit/job-state-manager-do.test.js > JobStateManagerDO > SSE Update Batching (Issue #157) > should reduce I/O operations for high-frequency updates
[JobStateManager] Broadcast progress to queue (0 SSE clients, 1 pending) for job job-123

stdout | tests/unit/job-state-manager-do.test.js > JobStateManagerDO > SSE Update Batching (Issue #157) > should reduce I/O operations for high-frequency updates
[JobStateManager] Broadcast progress to queue (0 SSE clients, 2 pending) for job job-123

stdout | tests/unit/job-state-manager-do.test.js > JobStateManagerDO > SSE Update Batching (Issue #157) > should reduce I/O operations for high-frequency updates
[JobStateManager] Broadcast progress to queue (0 SSE clients, 3 pending) for job job-123

stdout | tests/unit/job-state-manager-do.test.js > JobStateManagerDO > SSE Update Batching (Issue #157) > should reduce I/O operations for high-frequency updates
[JobStateManager] Broadcast progress to queue (0 SSE clients, 4 pending) for job job-123

stdout | tests/unit/job-state-manager-do.test.js > JobStateManagerDO > SSE Update Batching (Issue #157) > should reduce I/O operations for high-frequency updates
[JobStateManager] Flushed 5 pending updates for job job-123

stdout | tests/unit/job-state-manager-do.test.js > JobStateManagerDO > SSE Update Batching (Issue #157) > should reduce I/O operations for high-frequency updates
[JobStateManager] Broadcast progress to queue (0 SSE clients, 0 pending) for job job-123

stdout | tests/unit/job-state-manager-do.test.js > JobStateManagerDO > SSE Update Batching (Issue #157) > should reduce I/O operations for high-frequency updates
[JobStateManager] Broadcast progress to queue (0 SSE clients, 1 pending) for job job-123

stdout | tests/unit/job-state-manager-do.test.js > JobStateManagerDO > SSE Update Batching (Issue #157) > should reduce I/O operations for high-frequency updates
[JobStateManager] Broadcast progress to queue (0 SSE clients, 2 pending) for job job-123

stdout | tests/unit/job-state-manager-do.test.js > JobStateManagerDO > SSE Update Batching (Issue #157) > should reduce I/O operations for high-frequency updates
[JobStateManager] Broadcast progress to queue (0 SSE clients, 3 pending) for job job-123

stdout | tests/unit/job-state-manager-do.test.js > JobStateManagerDO > SSE Update Batching (Issue #157) > should reduce I/O operations for high-frequency updates
[JobStateManager] Broadcast progress to queue (0 SSE clients, 4 pending) for job job-123

stdout | tests/unit/job-state-manager-do.test.js > JobStateManagerDO > SSE Update Batching (Issue #157) > should reduce I/O operations for high-frequency updates
[JobStateManager] Flushed 5 pending updates for job job-123

stdout | tests/unit/job-state-manager-do.test.js > JobStateManagerDO > SSE Update Batching (Issue #157) > should reduce I/O operations for high-frequency updates
[JobStateManager] Broadcast progress to queue (0 SSE clients, 0 pending) for job job-123

stdout | tests/unit/job-state-manager-do.test.js > JobStateManagerDO > SSE Update Batching (Issue #157) > should reduce I/O operations for high-frequency updates
[JobStateManager] Broadcast progress to queue (0 SSE clients, 1 pending) for job job-123

stdout | tests/unit/job-state-manager-do.test.js > JobStateManagerDO > SSE Update Batching (Issue #157) > should reduce I/O operations for high-frequency updates
[JobStateManager] Broadcast progress to queue (0 SSE clients, 2 pending) for job job-123

stdout | tests/unit/job-state-manager-do.test.js > JobStateManagerDO > SSE Update Batching (Issue #157) > should reduce I/O operations for high-frequency updates
[JobStateManager] Broadcast progress to queue (0 SSE clients, 3 pending) for job job-123

stdout | tests/unit/job-state-manager-do.test.js > JobStateManagerDO > SSE Update Batching (Issue #157) > should reduce I/O operations for high-frequency updates
[JobStateManager] Broadcast progress to queue (0 SSE clients, 4 pending) for job job-123

stdout | tests/unit/job-state-manager-do.test.js > JobStateManagerDO > SSE Update Batching (Issue #157) > should reduce I/O operations for high-frequency updates
[JobStateManager] Flushed 5 pending updates for job job-123

stdout | tests/unit/job-state-manager-do.test.js > JobStateManagerDO > SSE Update Batching (Issue #157) > should reduce I/O operations for high-frequency updates
[JobStateManager] Broadcast progress to queue (0 SSE clients, 0 pending) for job job-123

stdout | tests/unit/job-state-manager-do.test.js > JobStateManagerDO > SSE Update Batching (Issue #157) > should reduce I/O operations for high-frequency updates
[JobStateManager] Broadcast progress to queue (0 SSE clients, 1 pending) for job job-123

stdout | tests/unit/job-state-manager-do.test.js > JobStateManagerDO > SSE Update Batching (Issue #157) > should reduce I/O operations for high-frequency updates
[JobStateManager] Broadcast progress to queue (0 SSE clients, 2 pending) for job job-123

stdout | tests/unit/job-state-manager-do.test.js > JobStateManagerDO > SSE Update Batching (Issue #157) > should reduce I/O operations for high-frequency updates
[JobStateManager] Broadcast progress to queue (0 SSE clients, 3 pending) for job job-123

stdout | tests/unit/job-state-manager-do.test.js > JobStateManagerDO > SSE Update Batching (Issue #157) > should reduce I/O operations for high-frequency updates
[JobStateManager] Broadcast progress to queue (0 SSE clients, 4 pending) for job job-123

stdout | tests/unit/job-state-manager-do.test.js > JobStateManagerDO > SSE Update Batching (Issue #157) > should reduce I/O operations for high-frequency updates
[JobStateManager] Flushed 5 pending updates for job job-123

stdout | tests/unit/job-state-manager-do.test.js > JobStateManagerDO > SSE Update Batching (Issue #157) > should reduce I/O operations for high-frequency updates
[JobStateManager] Broadcast progress to queue (0 SSE clients, 0 pending) for job job-123

stdout | tests/unit/job-state-manager-do.test.js > JobStateManagerDO > SSE Update Batching (Issue #157) > should reduce I/O operations for high-frequency updates
[JobStateManager] Broadcast progress to queue (0 SSE clients, 1 pending) for job job-123

stdout | tests/unit/job-state-manager-do.test.js > JobStateManagerDO > SSE Update Batching (Issue #157) > should reduce I/O operations for high-frequency updates
[JobStateManager] Broadcast progress to queue (0 SSE clients, 2 pending) for job job-123

stdout | tests/unit/job-state-manager-do.test.js > JobStateManagerDO > SSE Update Batching (Issue #157) > should reduce I/O operations for high-frequency updates
[JobStateManager] Broadcast progress to queue (0 SSE clients, 3 pending) for job job-123

stdout | tests/unit/job-state-manager-do.test.js > JobStateManagerDO > SSE Update Batching (Issue #157) > should reduce I/O operations for high-frequency updates
[JobStateManager] Broadcast progress to queue (0 SSE clients, 4 pending) for job job-123

stdout | tests/unit/job-state-manager-do.test.js > JobStateManagerDO > SSE Update Batching (Issue #157) > should reduce I/O operations for high-frequency updates
[JobStateManager] Flushed 5 pending updates for job job-123

stdout | tests/unit/job-state-manager-do.test.js > JobStateManagerDO > SSE Update Batching (Issue #157) > should reduce I/O operations for high-frequency updates
[JobStateManager] Broadcast progress to queue (0 SSE clients, 0 pending) for job job-123

stdout | tests/unit/job-state-manager-do.test.js > JobStateManagerDO > SSE Update Batching (Issue #157) > should reduce I/O operations for high-frequency updates
[JobStateManager] Broadcast progress to queue (0 SSE clients, 1 pending) for job job-123

stdout | tests/unit/job-state-manager-do.test.js > JobStateManagerDO > SSE Update Batching (Issue #157) > should reduce I/O operations for high-frequency updates
[JobStateManager] Broadcast progress to queue (0 SSE clients, 2 pending) for job job-123

stdout | tests/unit/job-state-manager-do.test.js > JobStateManagerDO > SSE Update Batching (Issue #157) > should reduce I/O operations for high-frequency updates
[JobStateManager] Broadcast progress to queue (0 SSE clients, 3 pending) for job job-123

stdout | tests/unit/job-state-manager-do.test.js > JobStateManagerDO > SSE Update Batching (Issue #157) > should reduce I/O operations for high-frequency updates
[JobStateManager] Broadcast progress to queue (0 SSE clients, 4 pending) for job job-123

stdout | tests/unit/job-state-manager-do.test.js > JobStateManagerDO > SSE Update Batching (Issue #157) > should reduce I/O operations for high-frequency updates
[JobStateManager] Flushed 5 pending updates for job job-123

stdout | tests/unit/job-state-manager-do.test.js > JobStateManagerDO > SSE Update Batching (Issue #157) > should reduce I/O operations for high-frequency updates
[JobStateManager] Broadcast progress to queue (0 SSE clients, 0 pending) for job job-123

stdout | tests/unit/job-state-manager-do.test.js > JobStateManagerDO > SSE Update Batching (Issue #157) > should reduce I/O operations for high-frequency updates
[JobStateManager] Broadcast progress to queue (0 SSE clients, 1 pending) for job job-123

stdout | tests/unit/job-state-manager-do.test.js > JobStateManagerDO > SSE Update Batching (Issue #157) > should reduce I/O operations for high-frequency updates
[JobStateManager] Broadcast progress to queue (0 SSE clients, 2 pending) for job job-123

stdout | tests/unit/job-state-manager-do.test.js > JobStateManagerDO > SSE Update Batching (Issue #157) > should reduce I/O operations for high-frequency updates
[JobStateManager] Broadcast progress to queue (0 SSE clients, 3 pending) for job job-123

stdout | tests/unit/job-state-manager-do.test.js > JobStateManagerDO > SSE Update Batching (Issue #157) > should reduce I/O operations for high-frequency updates
[JobStateManager] Broadcast progress to queue (0 SSE clients, 4 pending) for job job-123

stdout | tests/unit/job-state-manager-do.test.js > JobStateManagerDO > SSE Update Batching (Issue #157) > should reduce I/O operations for high-frequency updates
[JobStateManager] Flushed 5 pending updates for job job-123

stdout | tests/unit/job-state-manager-do.test.js > JobStateManagerDO > SSE Update Batching (Issue #157) > should reduce I/O operations for high-frequency updates
[JobStateManager] Broadcast progress to queue (0 SSE clients, 0 pending) for job job-123

stdout | tests/unit/job-state-manager-do.test.js > JobStateManagerDO > SSE Update Batching (Issue #157) > should reduce I/O operations for high-frequency updates
[JobStateManager] Broadcast progress to queue (0 SSE clients, 1 pending) for job job-123

stdout | tests/unit/job-state-manager-do.test.js > JobStateManagerDO > SSE Update Batching (Issue #157) > should reduce I/O operations for high-frequency updates
[JobStateManager] Broadcast progress to queue (0 SSE clients, 2 pending) for job job-123

stdout | tests/unit/job-state-manager-do.test.js > JobStateManagerDO > SSE Update Batching (Issue #157) > should reduce I/O operations for high-frequency updates
[JobStateManager] Broadcast progress to queue (0 SSE clients, 3 pending) for job job-123

stdout | tests/unit/job-state-manager-do.test.js > JobStateManagerDO > SSE Update Batching (Issue #157) > should reduce I/O operations for high-frequency updates
[JobStateManager] Broadcast progress to queue (0 SSE clients, 4 pending) for job job-123

stdout | tests/unit/job-state-manager-do.test.js > JobStateManagerDO > SSE Update Batching (Issue #157) > should reduce I/O operations for high-frequency updates
[JobStateManager] Flushed 5 pending updates for job job-123

stdout | tests/unit/job-state-manager-do.test.js > JobStateManagerDO > SSE Update Batching (Issue #157) > should reduce I/O operations for high-frequency updates
[JobStateManager] Broadcast progress to queue (0 SSE clients, 0 pending) for job job-123

stdout | tests/unit/job-state-manager-do.test.js > JobStateManagerDO > SSE Update Batching (Issue #157) > should reduce I/O operations for high-frequency updates
[JobStateManager] Broadcast progress to queue (0 SSE clients, 1 pending) for job job-123

stdout | tests/unit/job-state-manager-do.test.js > JobStateManagerDO > SSE Update Batching (Issue #157) > should reduce I/O operations for high-frequency updates
[JobStateManager] Broadcast progress to queue (0 SSE clients, 2 pending) for job job-123

stdout | tests/unit/job-state-manager-do.test.js > JobStateManagerDO > SSE Update Batching (Issue #157) > should reduce I/O operations for high-frequency updates
[JobStateManager] Broadcast progress to queue (0 SSE clients, 3 pending) for job job-123

stdout | tests/unit/job-state-manager-do.test.js > JobStateManagerDO > SSE Update Batching (Issue #157) > should reduce I/O operations for high-frequency updates
[JobStateManager] Broadcast progress to queue (0 SSE clients, 4 pending) for job job-123

stdout | tests/unit/job-state-manager-do.test.js > JobStateManagerDO > SSE Update Batching (Issue #157) > should reduce I/O operations for high-frequency updates
[JobStateManager] Flushed 5 pending updates for job job-123

stdout | tests/unit/job-state-manager-do.test.js > JobStateManagerDO > SSE Update Batching (Issue #157) > should reduce I/O operations for high-frequency updates
[JobStateManager] Broadcast progress to queue (0 SSE clients, 0 pending) for job job-123

stdout | tests/unit/job-state-manager-do.test.js > JobStateManagerDO > SSE Update Batching (Issue #157) > should reduce I/O operations for high-frequency updates
[JobStateManager] Broadcast progress to queue (0 SSE clients, 1 pending) for job job-123

stdout | tests/unit/job-state-manager-do.test.js > JobStateManagerDO > SSE Update Batching (Issue #157) > should reduce I/O operations for high-frequency updates
[JobStateManager] Broadcast progress to queue (0 SSE clients, 2 pending) for job job-123

stdout | tests/unit/job-state-manager-do.test.js > JobStateManagerDO > SSE Update Batching (Issue #157) > should reduce I/O operations for high-frequency updates
[JobStateManager] Broadcast progress to queue (0 SSE clients, 3 pending) for job job-123

stdout | tests/unit/job-state-manager-do.test.js > JobStateManagerDO > SSE Update Batching (Issue #157) > should reduce I/O operations for high-frequency updates
[JobStateManager] Broadcast progress to queue (0 SSE clients, 4 pending) for job job-123

stdout | tests/unit/job-state-manager-do.test.js > JobStateManagerDO > SSE Update Batching (Issue #157) > should reduce I/O operations for high-frequency updates
[JobStateManager] Flushed 5 pending updates for job job-123

stdout | tests/unit/job-state-manager-do.test.js > JobStateManagerDO > SSE Update Batching (Issue #157) > should reduce I/O operations for high-frequency updates
[JobStateManager] Broadcast progress to queue (0 SSE clients, 0 pending) for job job-123

stdout | tests/unit/job-state-manager-do.test.js > JobStateManagerDO > SSE Update Batching (Issue #157) > should reduce I/O operations for high-frequency updates
[JobStateManager] Broadcast progress to queue (0 SSE clients, 1 pending) for job job-123

stdout | tests/unit/job-state-manager-do.test.js > JobStateManagerDO > SSE Update Batching (Issue #157) > should reduce I/O operations for high-frequency updates
[JobStateManager] Broadcast progress to queue (0 SSE clients, 2 pending) for job job-123

stdout | tests/unit/job-state-manager-do.test.js > JobStateManagerDO > SSE Update Batching (Issue #157) > should reduce I/O operations for high-frequency updates
[JobStateManager] Broadcast progress to queue (0 SSE clients, 3 pending) for job job-123

stdout | tests/unit/job-state-manager-do.test.js > JobStateManagerDO > SSE Update Batching (Issue #157) > should reduce I/O operations for high-frequency updates
[JobStateManager] Broadcast progress to queue (0 SSE clients, 4 pending) for job job-123

stdout | tests/unit/job-state-manager-do.test.js > JobStateManagerDO > SSE Update Batching (Issue #157) > should reduce I/O operations for high-frequency updates
[JobStateManager] Flushed 5 pending updates for job job-123

stdout | tests/unit/job-state-manager-do.test.js > JobStateManagerDO > SSE Update Batching (Issue #157) > should reduce I/O operations for high-frequency updates
[JobStateManager] Broadcast progress to queue (0 SSE clients, 0 pending) for job job-123

stdout | tests/unit/job-state-manager-do.test.js > JobStateManagerDO > SSE Update Batching (Issue #157) > should reduce I/O operations for high-frequency updates
[JobStateManager] Broadcast progress to queue (0 SSE clients, 1 pending) for job job-123

stdout | tests/unit/job-state-manager-do.test.js > JobStateManagerDO > SSE Update Batching (Issue #157) > should reduce I/O operations for high-frequency updates
[JobStateManager] Broadcast progress to queue (0 SSE clients, 2 pending) for job job-123

stdout | tests/unit/job-state-manager-do.test.js > JobStateManagerDO > SSE Update Batching (Issue #157) > should reduce I/O operations for high-frequency updates
[JobStateManager] Broadcast progress to queue (0 SSE clients, 3 pending) for job job-123

stdout | tests/unit/job-state-manager-do.test.js > JobStateManagerDO > SSE Update Batching (Issue #157) > should reduce I/O operations for high-frequency updates
[JobStateManager] Broadcast progress to queue (0 SSE clients, 4 pending) for job job-123

stdout | tests/unit/job-state-manager-do.test.js > JobStateManagerDO > SSE Update Batching (Issue #157) > should reduce I/O operations for high-frequency updates
[JobStateManager] Flushed 5 pending updates for job job-123

stdout | tests/unit/job-state-manager-do.test.js > JobStateManagerDO > SSE Update Batching (Issue #157) > should reduce I/O operations for high-frequency updates
[JobStateManager] Broadcast progress to queue (0 SSE clients, 0 pending) for job job-123

stdout | tests/unit/job-state-manager-do.test.js > JobStateManagerDO > SSE Update Batching (Issue #157) > should reduce I/O operations for high-frequency updates
[JobStateManager] Broadcast progress to queue (0 SSE clients, 1 pending) for job job-123

stdout | tests/unit/job-state-manager-do.test.js > JobStateManagerDO > SSE Update Batching (Issue #157) > should reduce I/O operations for high-frequency updates
[JobStateManager] Broadcast progress to queue (0 SSE clients, 2 pending) for job job-123

stdout | tests/unit/job-state-manager-do.test.js > JobStateManagerDO > SSE Update Batching (Issue #157) > should reduce I/O operations for high-frequency updates
[JobStateManager] Broadcast progress to queue (0 SSE clients, 3 pending) for job job-123

stdout | tests/unit/job-state-manager-do.test.js > JobStateManagerDO > SSE Update Batching (Issue #157) > should reduce I/O operations for high-frequency updates
[JobStateManager] Broadcast progress to queue (0 SSE clients, 4 pending) for job job-123

stdout | tests/unit/job-state-manager-do.test.js > JobStateManagerDO > SSE Update Batching (Issue #157) > should reduce I/O operations for high-frequency updates
[JobStateManager] Flushed 5 pending updates for job job-123

stdout | tests/unit/job-state-manager-do.test.js > JobStateManagerDO > SSE Update Batching (Issue #157) > should reduce I/O operations for high-frequency updates
[JobStateManager] Broadcast progress to queue (0 SSE clients, 0 pending) for job job-123

stdout | tests/unit/job-state-manager-do.test.js > JobStateManagerDO > SSE Update Batching (Issue #157) > should reduce I/O operations for high-frequency updates
[JobStateManager] Broadcast progress to queue (0 SSE clients, 1 pending) for job job-123

stdout | tests/unit/job-state-manager-do.test.js > JobStateManagerDO > SSE Update Batching (Issue #157) > should reduce I/O operations for high-frequency updates
[JobStateManager] Broadcast progress to queue (0 SSE clients, 2 pending) for job job-123

stdout | tests/unit/job-state-manager-do.test.js > JobStateManagerDO > SSE Update Batching (Issue #157) > should reduce I/O operations for high-frequency updates
[JobStateManager] Broadcast progress to queue (0 SSE clients, 3 pending) for job job-123

stdout | tests/unit/job-state-manager-do.test.js > JobStateManagerDO > SSE Update Batching (Issue #157) > should reduce I/O operations for high-frequency updates
[JobStateManager] Broadcast progress to queue (0 SSE clients, 4 pending) for job job-123

stdout | tests/unit/job-state-manager-do.test.js > JobStateManagerDO > SSE Update Batching (Issue #157) > should reduce I/O operations for high-frequency updates
[JobStateManager] Flushed 5 pending updates for job job-123

stdout | tests/unit/job-state-manager-do.test.js > JobStateManagerDO > SSE Update Batching (Issue #157) > should reduce I/O operations for high-frequency updates
[JobStateManager] Broadcast progress to queue (0 SSE clients, 0 pending) for job job-123

stdout | tests/unit/job-state-manager-do.test.js > JobStateManagerDO > SSE Update Batching (Issue #157) > should reduce I/O operations for high-frequency updates
[JobStateManager] Broadcast progress to queue (0 SSE clients, 1 pending) for job job-123

stdout | tests/unit/job-state-manager-do.test.js > JobStateManagerDO > SSE Update Batching (Issue #157) > should reduce I/O operations for high-frequency updates
[JobStateManager] Broadcast progress to queue (0 SSE clients, 2 pending) for job job-123

stdout | tests/unit/job-state-manager-do.test.js > JobStateManagerDO > SSE Update Batching (Issue #157) > should reduce I/O operations for high-frequency updates
[JobStateManager] Broadcast progress to queue (0 SSE clients, 3 pending) for job job-123

stdout | tests/unit/job-state-manager-do.test.js > JobStateManagerDO > SSE Update Batching (Issue #157) > should reduce I/O operations for high-frequency updates
[JobStateManager] Broadcast progress to queue (0 SSE clients, 4 pending) for job job-123

stdout | tests/unit/job-state-manager-do.test.js > JobStateManagerDO > SSE Update Batching (Issue #157) > should reduce I/O operations for high-frequency updates
[JobStateManager] Flushed 5 pending updates for job job-123

stdout | tests/unit/job-state-manager-do.test.js > JobStateManagerDO > SSE Update Batching (Issue #157) > should reduce I/O operations for high-frequency updates
[JobStateManager] Broadcast progress to queue (0 SSE clients, 0 pending) for job job-123

stdout | tests/unit/job-state-manager-do.test.js > JobStateManagerDO > SSE Update Batching (Issue #157) > should reduce I/O operations for high-frequency updates
[JobStateManager] Broadcast progress to queue (0 SSE clients, 1 pending) for job job-123

stdout | tests/unit/job-state-manager-do.test.js > JobStateManagerDO > SSE Update Batching (Issue #157) > should reduce I/O operations for high-frequency updates
[JobStateManager] Broadcast progress to queue (0 SSE clients, 2 pending) for job job-123

stdout | tests/unit/job-state-manager-do.test.js > JobStateManagerDO > SSE Update Batching (Issue #157) > should reduce I/O operations for high-frequency updates
[JobStateManager] Broadcast progress to queue (0 SSE clients, 3 pending) for job job-123

stdout | tests/unit/job-state-manager-do.test.js > JobStateManagerDO > SSE Update Batching (Issue #157) > should reduce I/O operations for high-frequency updates
[JobStateManager] Broadcast progress to queue (0 SSE clients, 4 pending) for job job-123

stdout | tests/unit/job-state-manager-do.test.js > JobStateManagerDO > SSE Update Batching (Issue #157) > should reduce I/O operations for high-frequency updates
[JobStateManager] Flushed 5 pending updates for job job-123

stdout | tests/unit/job-state-manager-do.test.js > JobStateManagerDO > SSE Update Batching (Issue #157) > should reduce I/O operations for high-frequency updates
[JobStateManager] Broadcast progress to queue (0 SSE clients, 0 pending) for job job-123

stdout | tests/unit/job-state-manager-do.test.js > JobStateManagerDO > SSE Update Batching (Issue #157) > should reduce I/O operations for high-frequency updates
[JobStateManager] Broadcast progress to queue (0 SSE clients, 1 pending) for job job-123

stdout | tests/unit/job-state-manager-do.test.js > JobStateManagerDO > SSE Update Batching (Issue #157) > should reduce I/O operations for high-frequency updates
[JobStateManager] Broadcast progress to queue (0 SSE clients, 2 pending) for job job-123

stdout | tests/unit/job-state-manager-do.test.js > JobStateManagerDO > SSE Update Batching (Issue #157) > should reduce I/O operations for high-frequency updates
[JobStateManager] Broadcast progress to queue (0 SSE clients, 3 pending) for job job-123

stdout | tests/unit/job-state-manager-do.test.js > JobStateManagerDO > SSE Update Batching (Issue #157) > should reduce I/O operations for high-frequency updates
[JobStateManager] Broadcast progress to queue (0 SSE clients, 4 pending) for job job-123

stdout | tests/unit/job-state-manager-do.test.js > JobStateManagerDO > SSE Update Batching (Issue #157) > should reduce I/O operations for high-frequency updates
[JobStateManager] Flushed 5 pending updates for job job-123

stdout | tests/unit/job-state-manager-do.test.js > JobStateManagerDO > SSE Update Batching (Issue #157) > should reduce I/O operations for high-frequency updates
[JobStateManager] Broadcast progress to queue (0 SSE clients, 0 pending) for job job-123

stdout | tests/unit/job-state-manager-do.test.js > JobStateManagerDO > SSE Update Batching (Issue #157) > should reduce I/O operations for high-frequency updates
[JobStateManager] Broadcast progress to queue (0 SSE clients, 1 pending) for job job-123

stdout | tests/unit/job-state-manager-do.test.js > JobStateManagerDO > SSE Update Batching (Issue #157) > should reduce I/O operations for high-frequency updates
[JobStateManager] Broadcast progress to queue (0 SSE clients, 2 pending) for job job-123

stdout | tests/unit/job-state-manager-do.test.js > JobStateManagerDO > SSE Update Batching (Issue #157) > should reduce I/O operations for high-frequency updates
[JobStateManager] Broadcast progress to queue (0 SSE clients, 3 pending) for job job-123

stdout | tests/unit/job-state-manager-do.test.js > JobStateManagerDO > SSE Update Batching (Issue #157) > should reduce I/O operations for high-frequency updates
[JobStateManager] Broadcast progress to queue (0 SSE clients, 4 pending) for job job-123

stdout | tests/unit/job-state-manager-do.test.js > JobStateManagerDO > SSE Update Batching (Issue #157) > should reduce I/O operations for high-frequency updates
[JobStateManager] Flushed 5 pending updates for job job-123

stdout | tests/unit/job-state-manager-do.test.js > JobStateManagerDO > SSE Update Batching (Issue #157) > should reduce I/O operations for high-frequency updates
[JobStateManager] Broadcast progress to queue (0 SSE clients, 0 pending) for job job-123

stdout | tests/unit/job-state-manager-do.test.js > JobStateManagerDO > SSE Update Batching (Issue #157) > should reduce I/O operations for high-frequency updates
[JobStateManager] Broadcast progress to queue (0 SSE clients, 1 pending) for job job-123

stdout | tests/unit/job-state-manager-do.test.js > JobStateManagerDO > SSE Update Batching (Issue #157) > should reduce I/O operations for high-frequency updates
[JobStateManager] Broadcast progress to queue (0 SSE clients, 2 pending) for job job-123

stdout | tests/unit/job-state-manager-do.test.js > JobStateManagerDO > SSE Update Batching (Issue #157) > should reduce I/O operations for high-frequency updates
[JobStateManager] Broadcast progress to queue (0 SSE clients, 3 pending) for job job-123

stdout | tests/unit/job-state-manager-do.test.js > JobStateManagerDO > SSE Update Batching (Issue #157) > should reduce I/O operations for high-frequency updates
[JobStateManager] Broadcast progress to queue (0 SSE clients, 4 pending) for job job-123

stdout | tests/unit/job-state-manager-do.test.js > JobStateManagerDO > SSE Update Batching (Issue #157) > should reduce I/O operations for high-frequency updates
[JobStateManager] Flushed 5 pending updates for job job-123

stdout | tests/unit/job-state-manager-do.test.js > JobStateManagerDO > SSE Update Batching (Issue #157) > should reduce I/O operations for high-frequency updates
[JobStateManager] Broadcast progress to queue (0 SSE clients, 0 pending) for job job-123

stdout | tests/unit/job-state-manager-do.test.js > JobStateManagerDO > SSE Update Batching (Issue #157) > should reduce I/O operations for high-frequency updates
[JobStateManager] Broadcast progress to queue (0 SSE clients, 1 pending) for job job-123

stdout | tests/unit/job-state-manager-do.test.js > JobStateManagerDO > SSE Update Batching (Issue #157) > should reduce I/O operations for high-frequency updates
[JobStateManager] Broadcast progress to queue (0 SSE clients, 2 pending) for job job-123

stdout | tests/unit/job-state-manager-do.test.js > JobStateManagerDO > SSE Update Batching (Issue #157) > should reduce I/O operations for high-frequency updates
[JobStateManager] Broadcast progress to queue (0 SSE clients, 3 pending) for job job-123

stdout | tests/unit/job-state-manager-do.test.js > JobStateManagerDO > SSE Update Batching (Issue #157) > should reduce I/O operations for high-frequency updates
[JobStateManager] Broadcast progress to queue (0 SSE clients, 4 pending) for job job-123

stdout | tests/unit/job-state-manager-do.test.js > JobStateManagerDO > SSE Update Batching (Issue #157) > should reduce I/O operations for high-frequency updates
[JobStateManager] Flushed 5 pending updates for job job-123

stdout | tests/unit/job-state-manager-do.test.js > JobStateManagerDO > SSE Update Batching (Issue #157) > should reduce I/O operations for high-frequency updates
[JobStateManager] Broadcast progress to queue (0 SSE clients, 0 pending) for job job-123

stdout | tests/unit/job-state-manager-do.test.js > JobStateManagerDO > SSE Update Batching (Issue #157) > should reduce I/O operations for high-frequency updates
[JobStateManager] Broadcast progress to queue (0 SSE clients, 1 pending) for job job-123

stdout | tests/unit/job-state-manager-do.test.js > JobStateManagerDO > SSE Update Batching (Issue #157) > should reduce I/O operations for high-frequency updates
[JobStateManager] Broadcast progress to queue (0 SSE clients, 2 pending) for job job-123

stdout | tests/unit/job-state-manager-do.test.js > JobStateManagerDO > SSE Update Batching (Issue #157) > should reduce I/O operations for high-frequency updates
[JobStateManager] Broadcast progress to queue (0 SSE clients, 3 pending) for job job-123

stdout | tests/unit/job-state-manager-do.test.js > JobStateManagerDO > SSE Update Batching (Issue #157) > should reduce I/O operations for high-frequency updates
[JobStateManager] Broadcast progress to queue (0 SSE clients, 4 pending) for job job-123

stdout | tests/unit/job-state-manager-do.test.js > JobStateManagerDO > SSE Update Batching (Issue #157) > should reduce I/O operations for high-frequency updates
[JobStateManager] Flushed 5 pending updates for job job-123

stdout | tests/unit/job-state-manager-do.test.js > JobStateManagerDO > SSE Update Batching (Issue #157) > should reduce I/O operations for high-frequency updates
[JobStateManager] Broadcast progress to queue (0 SSE clients, 0 pending) for job job-123

stdout | tests/unit/job-state-manager-do.test.js > JobStateManagerDO > SSE Update Batching (Issue #157) > should reduce I/O operations for high-frequency updates
[JobStateManager] Broadcast progress to queue (0 SSE clients, 1 pending) for job job-123

stdout | tests/unit/job-state-manager-do.test.js > JobStateManagerDO > SSE Update Batching (Issue #157) > should reduce I/O operations for high-frequency updates
[JobStateManager] Broadcast progress to queue (0 SSE clients, 2 pending) for job job-123

stdout | tests/unit/job-state-manager-do.test.js > JobStateManagerDO > SSE Update Batching (Issue #157) > should reduce I/O operations for high-frequency updates
[JobStateManager] Broadcast progress to queue (0 SSE clients, 3 pending) for job job-123

stdout | tests/unit/job-state-manager-do.test.js > JobStateManagerDO > SSE Update Batching (Issue #157) > should reduce I/O operations for high-frequency updates
[JobStateManager] Broadcast progress to queue (0 SSE clients, 4 pending) for job job-123

stdout | tests/unit/job-state-manager-do.test.js > JobStateManagerDO > SSE Update Batching (Issue #157) > should reduce I/O operations for high-frequency updates
[JobStateManager] Flushed 5 pending updates for job job-123

stdout | tests/unit/job-state-manager-do.test.js > JobStateManagerDO > SSE Update Batching (Issue #157) > should reduce I/O operations for high-frequency updates
[JobStateManager] Broadcast progress to queue (0 SSE clients, 0 pending) for job job-123

stdout | tests/unit/job-state-manager-do.test.js > JobStateManagerDO > SSE Update Batching (Issue #157) > should reduce I/O operations for high-frequency updates
[JobStateManager] Broadcast progress to queue (0 SSE clients, 1 pending) for job job-123

stdout | tests/unit/job-state-manager-do.test.js > JobStateManagerDO > SSE Update Batching (Issue #157) > should reduce I/O operations for high-frequency updates
[JobStateManager] Broadcast progress to queue (0 SSE clients, 2 pending) for job job-123

stdout | tests/unit/job-state-manager-do.test.js > JobStateManagerDO > SSE Update Batching (Issue #157) > should reduce I/O operations for high-frequency updates
[JobStateManager] Broadcast progress to queue (0 SSE clients, 3 pending) for job job-123

stdout | tests/unit/job-state-manager-do.test.js > JobStateManagerDO > SSE Update Batching (Issue #157) > should reduce I/O operations for high-frequency updates
[JobStateManager] Broadcast progress to queue (0 SSE clients, 4 pending) for job job-123

stdout | tests/unit/job-state-manager-do.test.js > JobStateManagerDO > SSE Update Batching (Issue #157) > should reduce I/O operations for high-frequency updates
[JobStateManager] Flushed 5 pending updates for job job-123

stdout | tests/unit/job-state-manager-do.test.js > JobStateManagerDO > SSE Update Batching (Issue #157) > should reduce I/O operations for high-frequency updates
[JobStateManager] Broadcast progress to queue (0 SSE clients, 0 pending) for job job-123

stdout | tests/unit/job-state-manager-do.test.js > JobStateManagerDO > SSE Update Batching (Issue #157) > should reduce I/O operations for high-frequency updates
[JobStateManager] Broadcast progress to queue (0 SSE clients, 1 pending) for job job-123

stdout | tests/unit/job-state-manager-do.test.js > JobStateManagerDO > SSE Update Batching (Issue #157) > should reduce I/O operations for high-frequency updates
[JobStateManager] Broadcast progress to queue (0 SSE clients, 2 pending) for job job-123

stdout | tests/unit/job-state-manager-do.test.js > JobStateManagerDO > SSE Update Batching (Issue #157) > should reduce I/O operations for high-frequency updates
[JobStateManager] Broadcast progress to queue (0 SSE clients, 3 pending) for job job-123

stdout | tests/unit/job-state-manager-do.test.js > JobStateManagerDO > SSE Update Batching (Issue #157) > should reduce I/O operations for high-frequency updates
[JobStateManager] Broadcast progress to queue (0 SSE clients, 4 pending) for job job-123

stdout | tests/unit/job-state-manager-do.test.js > JobStateManagerDO > SSE Update Batching (Issue #157) > should reduce I/O operations for high-frequency updates
[JobStateManager] Flushed 5 pending updates for job job-123

stdout | tests/unit/job-state-manager-do.test.js > JobStateManagerDO > SSE Update Batching (Issue #157) > should reduce I/O operations for high-frequency updates
[JobStateManager] Broadcast progress to queue (0 SSE clients, 0 pending) for job job-123

stdout | tests/unit/job-state-manager-do.test.js > JobStateManagerDO > SSE Update Batching (Issue #157) > should reduce I/O operations for high-frequency updates
[JobStateManager] Broadcast progress to queue (0 SSE clients, 1 pending) for job job-123

stdout | tests/unit/job-state-manager-do.test.js > JobStateManagerDO > SSE Update Batching (Issue #157) > should reduce I/O operations for high-frequency updates
[JobStateManager] Broadcast progress to queue (0 SSE clients, 2 pending) for job job-123

stdout | tests/unit/job-state-manager-do.test.js > JobStateManagerDO > SSE Update Batching (Issue #157) > should reduce I/O operations for high-frequency updates
[JobStateManager] Broadcast progress to queue (0 SSE clients, 3 pending) for job job-123

stdout | tests/unit/job-state-manager-do.test.js > JobStateManagerDO > SSE Update Batching (Issue #157) > should reduce I/O operations for high-frequency updates
[JobStateManager] Broadcast progress to queue (0 SSE clients, 4 pending) for job job-123

stdout | tests/unit/job-state-manager-do.test.js > JobStateManagerDO > SSE Update Batching (Issue #157) > should reduce I/O operations for high-frequency updates
[JobStateManager] Flushed 5 pending updates for job job-123

stdout | tests/unit/job-state-manager-do.test.js > JobStateManagerDO > SSE Update Batching (Issue #157) > should reduce I/O operations for high-frequency updates
[JobStateManager] Broadcast progress to queue (0 SSE clients, 0 pending) for job job-123

stdout | tests/unit/job-state-manager-do.test.js > JobStateManagerDO > SSE Update Batching (Issue #157) > should reduce I/O operations for high-frequency updates
[JobStateManager] Broadcast progress to queue (0 SSE clients, 1 pending) for job job-123

stdout | tests/unit/job-state-manager-do.test.js > JobStateManagerDO > SSE Update Batching (Issue #157) > should reduce I/O operations for high-frequency updates
[JobStateManager] Broadcast progress to queue (0 SSE clients, 2 pending) for job job-123

stdout | tests/unit/job-state-manager-do.test.js > JobStateManagerDO > SSE Update Batching (Issue #157) > should reduce I/O operations for high-frequency updates
[JobStateManager] Broadcast progress to queue (0 SSE clients, 3 pending) for job job-123

stdout | tests/unit/job-state-manager-do.test.js > JobStateManagerDO > SSE Update Batching (Issue #157) > should reduce I/O operations for high-frequency updates
[JobStateManager] Broadcast progress to queue (0 SSE clients, 4 pending) for job job-123

stdout | tests/unit/job-state-manager-do.test.js > JobStateManagerDO > SSE Update Batching (Issue #157) > should reduce I/O operations for high-frequency updates
[JobStateManager] Flushed 5 pending updates for job job-123

stdout | tests/unit/job-state-manager-do.test.js > JobStateManagerDO > SSE Update Batching (Issue #157) > should reduce I/O operations for high-frequency updates
[JobStateManager] Broadcast progress to queue (0 SSE clients, 0 pending) for job job-123

stdout | tests/unit/job-state-manager-do.test.js > JobStateManagerDO > SSE Update Batching (Issue #157) > should reduce I/O operations for high-frequency updates
[JobStateManager] Broadcast progress to queue (0 SSE clients, 1 pending) for job job-123

stdout | tests/unit/job-state-manager-do.test.js > JobStateManagerDO > SSE Update Batching (Issue #157) > should reduce I/O operations for high-frequency updates
[JobStateManager] Broadcast progress to queue (0 SSE clients, 2 pending) for job job-123

stdout | tests/unit/job-state-manager-do.test.js > JobStateManagerDO > SSE Update Batching (Issue #157) > should reduce I/O operations for high-frequency updates
[JobStateManager] Broadcast progress to queue (0 SSE clients, 3 pending) for job job-123

stdout | tests/unit/job-state-manager-do.test.js > JobStateManagerDO > SSE Update Batching (Issue #157) > should reduce I/O operations for high-frequency updates
[JobStateManager] Broadcast progress to queue (0 SSE clients, 4 pending) for job job-123

stdout | tests/unit/job-state-manager-do.test.js > JobStateManagerDO > SSE Update Batching (Issue #157) > should reduce I/O operations for high-frequency updates
[JobStateManager] Flushed 5 pending updates for job job-123

stdout | tests/unit/job-state-manager-do.test.js > JobStateManagerDO > SSE Update Batching (Issue #157) > should reduce I/O operations for high-frequency updates
[JobStateManager] Broadcast progress to queue (0 SSE clients, 0 pending) for job job-123

stdout | tests/unit/job-state-manager-do.test.js > JobStateManagerDO > SSE Update Batching (Issue #157) > should reduce I/O operations for high-frequency updates
[JobStateManager] Broadcast progress to queue (0 SSE clients, 1 pending) for job job-123

stdout | tests/unit/job-state-manager-do.test.js > JobStateManagerDO > SSE Update Batching (Issue #157) > should reduce I/O operations for high-frequency updates
[JobStateManager] Broadcast progress to queue (0 SSE clients, 2 pending) for job job-123

stdout | tests/unit/job-state-manager-do.test.js > JobStateManagerDO > SSE Update Batching (Issue #157) > should reduce I/O operations for high-frequency updates
[JobStateManager] Broadcast progress to queue (0 SSE clients, 3 pending) for job job-123

stdout | tests/unit/job-state-manager-do.test.js > JobStateManagerDO > SSE Update Batching (Issue #157) > should reduce I/O operations for high-frequency updates
[JobStateManager] Broadcast progress to queue (0 SSE clients, 4 pending) for job job-123

stdout | tests/unit/job-state-manager-do.test.js > JobStateManagerDO > SSE Update Batching (Issue #157) > should reduce I/O operations for high-frequency updates
[JobStateManager] Flushed 5 pending updates for job job-123

stdout | tests/unit/job-state-manager-do.test.js > JobStateManagerDO > SSE Update Batching (Issue #157) > should reduce I/O operations for high-frequency updates
[JobStateManager] Broadcast progress to queue (0 SSE clients, 0 pending) for job job-123

stdout | tests/unit/job-state-manager-do.test.js > JobStateManagerDO > SSE Update Batching (Issue #157) > should reduce I/O operations for high-frequency updates
[JobStateManager] Broadcast progress to queue (0 SSE clients, 1 pending) for job job-123

stdout | tests/unit/job-state-manager-do.test.js > JobStateManagerDO > SSE Update Batching (Issue #157) > should reduce I/O operations for high-frequency updates
[JobStateManager] Broadcast progress to queue (0 SSE clients, 2 pending) for job job-123

stdout | tests/unit/job-state-manager-do.test.js > JobStateManagerDO > SSE Update Batching (Issue #157) > should reduce I/O operations for high-frequency updates
[JobStateManager] Broadcast progress to queue (0 SSE clients, 3 pending) for job job-123

stdout | tests/unit/job-state-manager-do.test.js > JobStateManagerDO > SSE Update Batching (Issue #157) > should reduce I/O operations for high-frequency updates
[JobStateManager] Broadcast progress to queue (0 SSE clients, 4 pending) for job job-123

stdout | tests/unit/job-state-manager-do.test.js > JobStateManagerDO > SSE Update Batching (Issue #157) > should reduce I/O operations for high-frequency updates
[JobStateManager] Flushed 5 pending updates for job job-123

stdout | tests/unit/job-state-manager-do.test.js > JobStateManagerDO > SSE Update Batching (Issue #157) > should reduce I/O operations for high-frequency updates
[JobStateManager] Broadcast progress to queue (0 SSE clients, 0 pending) for job job-123

stdout | tests/unit/job-state-manager-do.test.js > JobStateManagerDO > SSE Update Batching (Issue #157) > should reduce I/O operations for high-frequency updates
[JobStateManager] Broadcast progress to queue (0 SSE clients, 1 pending) for job job-123

stdout | tests/unit/job-state-manager-do.test.js > JobStateManagerDO > SSE Update Batching (Issue #157) > should reduce I/O operations for high-frequency updates
[JobStateManager] Broadcast progress to queue (0 SSE clients, 2 pending) for job job-123

stdout | tests/unit/job-state-manager-do.test.js > JobStateManagerDO > SSE Update Batching (Issue #157) > should reduce I/O operations for high-frequency updates
[JobStateManager] Broadcast progress to queue (0 SSE clients, 3 pending) for job job-123

stdout | tests/unit/job-state-manager-do.test.js > JobStateManagerDO > SSE Update Batching (Issue #157) > should reduce I/O operations for high-frequency updates
[JobStateManager] Broadcast progress to queue (0 SSE clients, 4 pending) for job job-123

stdout | tests/unit/job-state-manager-do.test.js > JobStateManagerDO > SSE Update Batching (Issue #157) > should reduce I/O operations for high-frequency updates
[JobStateManager] Flushed 5 pending updates for job job-123

stdout | tests/unit/job-state-manager-do.test.js > JobStateManagerDO > SSE Update Batching (Issue #157) > should reduce I/O operations for high-frequency updates
[JobStateManager] Broadcast progress to queue (0 SSE clients, 0 pending) for job job-123

stdout | tests/unit/job-state-manager-do.test.js > JobStateManagerDO > SSE Update Batching (Issue #157) > should reduce I/O operations for high-frequency updates
[JobStateManager] Broadcast progress to queue (0 SSE clients, 1 pending) for job job-123

stdout | tests/unit/job-state-manager-do.test.js > JobStateManagerDO > SSE Update Batching (Issue #157) > should reduce I/O operations for high-frequency updates
[JobStateManager] Broadcast progress to queue (0 SSE clients, 2 pending) for job job-123

stdout | tests/unit/job-state-manager-do.test.js > JobStateManagerDO > SSE Update Batching (Issue #157) > should reduce I/O operations for high-frequency updates
[JobStateManager] Broadcast progress to queue (0 SSE clients, 3 pending) for job job-123

stdout | tests/unit/job-state-manager-do.test.js > JobStateManagerDO > SSE Update Batching (Issue #157) > should reduce I/O operations for high-frequency updates
[JobStateManager] Broadcast progress to queue (0 SSE clients, 4 pending) for job job-123

stdout | tests/unit/job-state-manager-do.test.js > JobStateManagerDO > SSE Update Batching (Issue #157) > should reduce I/O operations for high-frequency updates
[JobStateManager] Flushed 5 pending updates for job job-123

stdout | tests/unit/job-state-manager-do.test.js > JobStateManagerDO > SSE Update Batching (Issue #157) > should reduce I/O operations for high-frequency updates
[JobStateManager] Broadcast progress to queue (0 SSE clients, 0 pending) for job job-123

stdout | tests/unit/job-state-manager-do.test.js > JobStateManagerDO > SSE Update Batching (Issue #157) > should reduce I/O operations for high-frequency updates
[JobStateManager] Broadcast progress to queue (0 SSE clients, 1 pending) for job job-123

stdout | tests/unit/job-state-manager-do.test.js > JobStateManagerDO > SSE Update Batching (Issue #157) > should reduce I/O operations for high-frequency updates
[JobStateManager] Broadcast progress to queue (0 SSE clients, 2 pending) for job job-123

stdout | tests/unit/job-state-manager-do.test.js > JobStateManagerDO > SSE Update Batching (Issue #157) > should reduce I/O operations for high-frequency updates
[JobStateManager] Broadcast progress to queue (0 SSE clients, 3 pending) for job job-123

stdout | tests/unit/job-state-manager-do.test.js > JobStateManagerDO > SSE Update Batching (Issue #157) > should reduce I/O operations for high-frequency updates
[JobStateManager] Broadcast progress to queue (0 SSE clients, 4 pending) for job job-123

stdout | tests/unit/job-state-manager-do.test.js > JobStateManagerDO > SSE Update Batching (Issue #157) > should reduce I/O operations for high-frequency updates
[JobStateManager] Flushed 5 pending updates for job job-123

stdout | tests/unit/job-state-manager-do.test.js > JobStateManagerDO > SSE Update Batching (Issue #157) > should reduce I/O operations for high-frequency updates
[JobStateManager] Broadcast progress to queue (0 SSE clients, 0 pending) for job job-123

stdout | tests/unit/job-state-manager-do.test.js > JobStateManagerDO > SSE Update Batching (Issue #157) > should reduce I/O operations for high-frequency updates
[JobStateManager] Broadcast progress to queue (0 SSE clients, 1 pending) for job job-123

stdout | tests/unit/job-state-manager-do.test.js > JobStateManagerDO > SSE Update Batching (Issue #157) > should reduce I/O operations for high-frequency updates
[JobStateManager] Broadcast progress to queue (0 SSE clients, 2 pending) for job job-123

stdout | tests/unit/job-state-manager-do.test.js > JobStateManagerDO > SSE Update Batching (Issue #157) > should reduce I/O operations for high-frequency updates
[JobStateManager] Broadcast progress to queue (0 SSE clients, 3 pending) for job job-123

stdout | tests/unit/job-state-manager-do.test.js > JobStateManagerDO > SSE Update Batching (Issue #157) > should reduce I/O operations for high-frequency updates
[JobStateManager] Broadcast progress to queue (0 SSE clients, 4 pending) for job job-123

stdout | tests/unit/job-state-manager-do.test.js > JobStateManagerDO > SSE Update Batching (Issue #157) > should reduce I/O operations for high-frequency updates
[JobStateManager] Flushed 5 pending updates for job job-123

stdout | tests/unit/job-state-manager-do.test.js > JobStateManagerDO > SSE Update Batching (Issue #157) > should reduce I/O operations for high-frequency updates
[JobStateManager] Broadcast progress to queue (0 SSE clients, 0 pending) for job job-123

stdout | tests/unit/job-state-manager-do.test.js > JobStateManagerDO > SSE Update Batching (Issue #157) > should reduce I/O operations for high-frequency updates
[JobStateManager] Broadcast progress to queue (0 SSE clients, 1 pending) for job job-123

stdout | tests/unit/job-state-manager-do.test.js > JobStateManagerDO > SSE Update Batching (Issue #157) > should reduce I/O operations for high-frequency updates
[JobStateManager] Broadcast progress to queue (0 SSE clients, 2 pending) for job job-123

stdout | tests/unit/job-state-manager-do.test.js > JobStateManagerDO > SSE Update Batching (Issue #157) > should reduce I/O operations for high-frequency updates
[JobStateManager] Broadcast progress to queue (0 SSE clients, 3 pending) for job job-123

stdout | tests/unit/job-state-manager-do.test.js > JobStateManagerDO > SSE Update Batching (Issue #157) > should reduce I/O operations for high-frequency updates
[JobStateManager] Broadcast progress to queue (0 SSE clients, 4 pending) for job job-123

stdout | tests/unit/job-state-manager-do.test.js > JobStateManagerDO > SSE Update Batching (Issue #157) > should reduce I/O operations for high-frequency updates
[JobStateManager] Flushed 5 pending updates for job job-123

stdout | tests/unit/job-state-manager-do.test.js > JobStateManagerDO > SSE Update Batching (Issue #157) > should reduce I/O operations for high-frequency updates
[JobStateManager] Broadcast progress to queue (0 SSE clients, 0 pending) for job job-123

stdout | tests/unit/job-state-manager-do.test.js > JobStateManagerDO > SSE Update Batching (Issue #157) > should reduce I/O operations for high-frequency updates
[JobStateManager] Broadcast progress to queue (0 SSE clients, 1 pending) for job job-123

stdout | tests/unit/job-state-manager-do.test.js > JobStateManagerDO > SSE Update Batching (Issue #157) > should reduce I/O operations for high-frequency updates
[JobStateManager] Broadcast progress to queue (0 SSE clients, 2 pending) for job job-123

stdout | tests/unit/job-state-manager-do.test.js > JobStateManagerDO > SSE Update Batching (Issue #157) > should reduce I/O operations for high-frequency updates
[JobStateManager] Broadcast progress to queue (0 SSE clients, 3 pending) for job job-123

stdout | tests/unit/job-state-manager-do.test.js > JobStateManagerDO > SSE Update Batching (Issue #157) > should reduce I/O operations for high-frequency updates
[JobStateManager] Broadcast progress to queue (0 SSE clients, 4 pending) for job job-123

stdout | tests/unit/job-state-manager-do.test.js > JobStateManagerDO > SSE Update Batching (Issue #157) > should reduce I/O operations for high-frequency updates
[JobStateManager] Flushed 5 pending updates for job job-123

stdout | tests/unit/job-state-manager-do.test.js > JobStateManagerDO > SSE Update Batching (Issue #157) > should reduce I/O operations for high-frequency updates
[JobStateManager] Broadcast progress to queue (0 SSE clients, 0 pending) for job job-123

stdout | tests/unit/job-state-manager-do.test.js > JobStateManagerDO > SSE Update Batching (Issue #157) > should reduce I/O operations for high-frequency updates
[JobStateManager] Broadcast progress to queue (0 SSE clients, 1 pending) for job job-123

stdout | tests/unit/job-state-manager-do.test.js > JobStateManagerDO > SSE Update Batching (Issue #157) > should reduce I/O operations for high-frequency updates
[JobStateManager] Broadcast progress to queue (0 SSE clients, 2 pending) for job job-123

stdout | tests/unit/job-state-manager-do.test.js > JobStateManagerDO > SSE Update Batching (Issue #157) > should reduce I/O operations for high-frequency updates
[JobStateManager] Broadcast progress to queue (0 SSE clients, 3 pending) for job job-123

stdout | tests/unit/job-state-manager-do.test.js > JobStateManagerDO > SSE Update Batching (Issue #157) > should reduce I/O operations for high-frequency updates
[JobStateManager] Broadcast progress to queue (0 SSE clients, 4 pending) for job job-123

stdout | tests/unit/job-state-manager-do.test.js > JobStateManagerDO > SSE Update Batching (Issue #157) > should reduce I/O operations for high-frequency updates
[JobStateManager] Flushed 5 pending updates for job job-123

stdout | tests/unit/job-state-manager-do.test.js > JobStateManagerDO > SSE Update Batching (Issue #157) > should reduce I/O operations for high-frequency updates
[JobStateManager] Broadcast progress to queue (0 SSE clients, 0 pending) for job job-123

stdout | tests/unit/job-state-manager-do.test.js > JobStateManagerDO > SSE Update Batching (Issue #157) > should reduce I/O operations for high-frequency updates
[JobStateManager] Broadcast progress to queue (0 SSE clients, 1 pending) for job job-123

stdout | tests/unit/job-state-manager-do.test.js > JobStateManagerDO > SSE Update Batching (Issue #157) > should reduce I/O operations for high-frequency updates
[JobStateManager] Broadcast progress to queue (0 SSE clients, 2 pending) for job job-123

stdout | tests/unit/job-state-manager-do.test.js > JobStateManagerDO > SSE Update Batching (Issue #157) > should reduce I/O operations for high-frequency updates
[JobStateManager] Broadcast progress to queue (0 SSE clients, 3 pending) for job job-123

stdout | tests/unit/job-state-manager-do.test.js > JobStateManagerDO > SSE Update Batching (Issue #157) > should reduce I/O operations for high-frequency updates
[JobStateManager] Broadcast progress to queue (0 SSE clients, 4 pending) for job job-123

stdout | tests/unit/job-state-manager-do.test.js > JobStateManagerDO > SSE Update Batching (Issue #157) > should reduce I/O operations for high-frequency updates
[JobStateManager] Flushed 5 pending updates for job job-123

stdout | tests/unit/job-state-manager-do.test.js > JobStateManagerDO > SSE Update Batching (Issue #157) > should reduce I/O operations for high-frequency updates
[JobStateManager] Broadcast progress to queue (0 SSE clients, 0 pending) for job job-123

stdout | tests/unit/job-state-manager-do.test.js > JobStateManagerDO > SSE Update Batching (Issue #157) > should reduce I/O operations for high-frequency updates
[JobStateManager] Broadcast progress to queue (0 SSE clients, 1 pending) for job job-123

stdout | tests/unit/job-state-manager-do.test.js > JobStateManagerDO > SSE Update Batching (Issue #157) > should reduce I/O operations for high-frequency updates
[JobStateManager] Broadcast progress to queue (0 SSE clients, 2 pending) for job job-123

stdout | tests/unit/job-state-manager-do.test.js > JobStateManagerDO > SSE Update Batching (Issue #157) > should reduce I/O operations for high-frequency updates
[JobStateManager] Broadcast progress to queue (0 SSE clients, 3 pending) for job job-123

stdout | tests/unit/job-state-manager-do.test.js > JobStateManagerDO > SSE Update Batching (Issue #157) > should reduce I/O operations for high-frequency updates
[JobStateManager] Broadcast progress to queue (0 SSE clients, 4 pending) for job job-123

stdout | tests/unit/job-state-manager-do.test.js > JobStateManagerDO > SSE Update Batching (Issue #157) > should reduce I/O operations for high-frequency updates
[JobStateManager] Flushed 5 pending updates for job job-123

stdout | tests/unit/job-state-manager-do.test.js > JobStateManagerDO > SSE Update Batching (Issue #157) > should reduce I/O operations for high-frequency updates
[JobStateManager] Broadcast progress to queue (0 SSE clients, 0 pending) for job job-123

stdout | tests/unit/job-state-manager-do.test.js > JobStateManagerDO > SSE Update Batching (Issue #157) > should reduce I/O operations for high-frequency updates
[JobStateManager] Broadcast progress to queue (0 SSE clients, 1 pending) for job job-123

stdout | tests/unit/job-state-manager-do.test.js > JobStateManagerDO > SSE Update Batching (Issue #157) > should reduce I/O operations for high-frequency updates
[JobStateManager] Broadcast progress to queue (0 SSE clients, 2 pending) for job job-123

stdout | tests/unit/job-state-manager-do.test.js > JobStateManagerDO > SSE Update Batching (Issue #157) > should reduce I/O operations for high-frequency updates
[JobStateManager] Broadcast progress to queue (0 SSE clients, 3 pending) for job job-123

stdout | tests/unit/job-state-manager-do.test.js > JobStateManagerDO > SSE Update Batching (Issue #157) > should reduce I/O operations for high-frequency updates
[JobStateManager] Broadcast progress to queue (0 SSE clients, 4 pending) for job job-123

stdout | tests/unit/job-state-manager-do.test.js > JobStateManagerDO > SSE Update Batching (Issue #157) > should reduce I/O operations for high-frequency updates
[JobStateManager] Flushed 5 pending updates for job job-123

stdout | tests/unit/job-state-manager-do.test.js > JobStateManagerDO > SSE Update Batching (Issue #157) > should reduce I/O operations for high-frequency updates
[JobStateManager] Broadcast progress to queue (0 SSE clients, 0 pending) for job job-123

stdout | tests/unit/job-state-manager-do.test.js > JobStateManagerDO > SSE Update Batching (Issue #157) > should reduce I/O operations for high-frequency updates
[JobStateManager] Broadcast progress to queue (0 SSE clients, 1 pending) for job job-123

stdout | tests/unit/job-state-manager-do.test.js > JobStateManagerDO > SSE Update Batching (Issue #157) > should reduce I/O operations for high-frequency updates
[JobStateManager] Broadcast progress to queue (0 SSE clients, 2 pending) for job job-123

stdout | tests/unit/job-state-manager-do.test.js > JobStateManagerDO > SSE Update Batching (Issue #157) > should reduce I/O operations for high-frequency updates
[JobStateManager] Broadcast progress to queue (0 SSE clients, 3 pending) for job job-123

stdout | tests/unit/job-state-manager-do.test.js > JobStateManagerDO > SSE Update Batching (Issue #157) > should reduce I/O operations for high-frequency updates
[JobStateManager] Broadcast progress to queue (0 SSE clients, 4 pending) for job job-123

stdout | tests/unit/job-state-manager-do.test.js > JobStateManagerDO > SSE Update Batching (Issue #157) > should reduce I/O operations for high-frequency updates
[JobStateManager] Flushed 5 pending updates for job job-123

stdout | tests/unit/job-state-manager-do.test.js > JobStateManagerDO > SSE Update Batching (Issue #157) > should reduce I/O operations for high-frequency updates
[JobStateManager] Broadcast progress to queue (0 SSE clients, 0 pending) for job job-123

stdout | tests/unit/job-state-manager-do.test.js > JobStateManagerDO > SSE Update Batching (Issue #157) > should reduce I/O operations for high-frequency updates
[JobStateManager] Broadcast progress to queue (0 SSE clients, 1 pending) for job job-123

stdout | tests/unit/job-state-manager-do.test.js > JobStateManagerDO > SSE Update Batching (Issue #157) > should reduce I/O operations for high-frequency updates
[JobStateManager] Broadcast progress to queue (0 SSE clients, 2 pending) for job job-123

stdout | tests/unit/job-state-manager-do.test.js > JobStateManagerDO > SSE Update Batching (Issue #157) > should reduce I/O operations for high-frequency updates
[JobStateManager] Broadcast progress to queue (0 SSE clients, 3 pending) for job job-123

stdout | tests/unit/job-state-manager-do.test.js > JobStateManagerDO > SSE Update Batching (Issue #157) > should reduce I/O operations for high-frequency updates
[JobStateManager] Broadcast progress to queue (0 SSE clients, 4 pending) for job job-123

stdout | tests/unit/job-state-manager-do.test.js > JobStateManagerDO > SSE Update Batching (Issue #157) > should reduce I/O operations for high-frequency updates
[JobStateManager] Flushed 5 pending updates for job job-123

stdout | tests/unit/job-state-manager-do.test.js > JobStateManagerDO > SSE Update Batching (Issue #157) > should reduce I/O operations for high-frequency updates
[JobStateManager] Broadcast progress to queue (0 SSE clients, 0 pending) for job job-123

stdout | tests/unit/job-state-manager-do.test.js > JobStateManagerDO > SSE Update Batching (Issue #157) > should reduce I/O operations for high-frequency updates
[JobStateManager] Broadcast progress to queue (0 SSE clients, 1 pending) for job job-123

stdout | tests/unit/job-state-manager-do.test.js > JobStateManagerDO > SSE Update Batching (Issue #157) > should reduce I/O operations for high-frequency updates
[JobStateManager] Broadcast progress to queue (0 SSE clients, 2 pending) for job job-123

stdout | tests/unit/job-state-manager-do.test.js > JobStateManagerDO > SSE Update Batching (Issue #157) > should reduce I/O operations for high-frequency updates
[JobStateManager] Broadcast progress to queue (0 SSE clients, 3 pending) for job job-123

stdout | tests/unit/job-state-manager-do.test.js > JobStateManagerDO > SSE Update Batching (Issue #157) > should reduce I/O operations for high-frequency updates
[JobStateManager] Broadcast progress to queue (0 SSE clients, 4 pending) for job job-123

stdout | tests/unit/job-state-manager-do.test.js > JobStateManagerDO > SSE Update Batching (Issue #157) > should reduce I/O operations for high-frequency updates
[JobStateManager] Flushed 5 pending updates for job job-123

stdout | tests/unit/job-state-manager-do.test.js > JobStateManagerDO > SSE Update Batching (Issue #157) > should reduce I/O operations for high-frequency updates
[JobStateManager] Broadcast progress to queue (0 SSE clients, 0 pending) for job job-123

stdout | tests/unit/job-state-manager-do.test.js > JobStateManagerDO > SSE Update Batching (Issue #157) > should reduce I/O operations for high-frequency updates
[JobStateManager] Broadcast progress to queue (0 SSE clients, 1 pending) for job job-123

stdout | tests/unit/job-state-manager-do.test.js > JobStateManagerDO > SSE Update Batching (Issue #157) > should reduce I/O operations for high-frequency updates
[JobStateManager] Broadcast progress to queue (0 SSE clients, 2 pending) for job job-123

stdout | tests/unit/job-state-manager-do.test.js > JobStateManagerDO > SSE Update Batching (Issue #157) > should reduce I/O operations for high-frequency updates
[JobStateManager] Broadcast progress to queue (0 SSE clients, 3 pending) for job job-123

stdout | tests/unit/job-state-manager-do.test.js > JobStateManagerDO > SSE Update Batching (Issue #157) > should reduce I/O operations for high-frequency updates
[JobStateManager] Broadcast progress to queue (0 SSE clients, 4 pending) for job job-123

stdout | tests/unit/job-state-manager-do.test.js > JobStateManagerDO > SSE Update Batching (Issue #157) > should reduce I/O operations for high-frequency updates
[JobStateManager] Flushed 5 pending updates for job job-123

stdout | tests/unit/job-state-manager-do.test.js > JobStateManagerDO > SSE Update Batching (Issue #157) > should reduce I/O operations for high-frequency updates
[JobStateManager] Broadcast progress to queue (0 SSE clients, 0 pending) for job job-123

stdout | tests/unit/job-state-manager-do.test.js > JobStateManagerDO > SSE Update Batching (Issue #157) > should reduce I/O operations for high-frequency updates
[JobStateManager] Broadcast progress to queue (0 SSE clients, 1 pending) for job job-123

stdout | tests/unit/job-state-manager-do.test.js > JobStateManagerDO > SSE Update Batching (Issue #157) > should reduce I/O operations for high-frequency updates
[JobStateManager] Broadcast progress to queue (0 SSE clients, 2 pending) for job job-123

stdout | tests/unit/job-state-manager-do.test.js > JobStateManagerDO > SSE Update Batching (Issue #157) > should reduce I/O operations for high-frequency updates
[JobStateManager] Broadcast progress to queue (0 SSE clients, 3 pending) for job job-123

stdout | tests/unit/job-state-manager-do.test.js > JobStateManagerDO > SSE Update Batching (Issue #157) > should reduce I/O operations for high-frequency updates
[JobStateManager] Broadcast progress to queue (0 SSE clients, 4 pending) for job job-123

stdout | tests/unit/job-state-manager-do.test.js > JobStateManagerDO > SSE Update Batching (Issue #157) > should reduce I/O operations for high-frequency updates
[JobStateManager] Flushed 5 pending updates for job job-123

stdout | tests/unit/job-state-manager-do.test.js > JobStateManagerDO > SSE Update Batching (Issue #157) > should reduce I/O operations for high-frequency updates
[JobStateManager] Broadcast progress to queue (0 SSE clients, 0 pending) for job job-123

stdout | tests/unit/job-state-manager-do.test.js > JobStateManagerDO > SSE Update Batching (Issue #157) > should reduce I/O operations for high-frequency updates
[JobStateManager] Broadcast progress to queue (0 SSE clients, 1 pending) for job job-123

stdout | tests/unit/job-state-manager-do.test.js > JobStateManagerDO > SSE Update Batching (Issue #157) > should reduce I/O operations for high-frequency updates
[JobStateManager] Broadcast progress to queue (0 SSE clients, 2 pending) for job job-123

stdout | tests/unit/job-state-manager-do.test.js > JobStateManagerDO > SSE Update Batching (Issue #157) > should reduce I/O operations for high-frequency updates
[JobStateManager] Broadcast progress to queue (0 SSE clients, 3 pending) for job job-123

stdout | tests/unit/job-state-manager-do.test.js > JobStateManagerDO > SSE Update Batching (Issue #157) > should reduce I/O operations for high-frequency updates
[JobStateManager] Broadcast progress to queue (0 SSE clients, 4 pending) for job job-123

stdout | tests/unit/job-state-manager-do.test.js > JobStateManagerDO > SSE Update Batching (Issue #157) > should reduce I/O operations for high-frequency updates
[JobStateManager] Flushed 5 pending updates for job job-123

stdout | tests/unit/job-state-manager-do.test.js > JobStateManagerDO > SSE Update Batching (Issue #157) > should reduce I/O operations for high-frequency updates
[JobStateManager] Broadcast progress to queue (0 SSE clients, 0 pending) for job job-123

stdout | tests/unit/job-state-manager-do.test.js > JobStateManagerDO > SSE Update Batching (Issue #157) > should reduce I/O operations for high-frequency updates
[JobStateManager] Broadcast progress to queue (0 SSE clients, 1 pending) for job job-123

stdout | tests/unit/job-state-manager-do.test.js > JobStateManagerDO > SSE Update Batching (Issue #157) > should reduce I/O operations for high-frequency updates
[JobStateManager] Broadcast progress to queue (0 SSE clients, 2 pending) for job job-123

stdout | tests/unit/job-state-manager-do.test.js > JobStateManagerDO > SSE Update Batching (Issue #157) > should reduce I/O operations for high-frequency updates
[JobStateManager] Broadcast progress to queue (0 SSE clients, 3 pending) for job job-123

stdout | tests/unit/job-state-manager-do.test.js > JobStateManagerDO > SSE Update Batching (Issue #157) > should reduce I/O operations for high-frequency updates
[JobStateManager] Broadcast progress to queue (0 SSE clients, 4 pending) for job job-123

stdout | tests/unit/job-state-manager-do.test.js > JobStateManagerDO > SSE Update Batching (Issue #157) > should reduce I/O operations for high-frequency updates
[JobStateManager] Flushed 5 pending updates for job job-123

stdout | tests/unit/job-state-manager-do.test.js > JobStateManagerDO > SSE Update Batching (Issue #157) > should reduce I/O operations for high-frequency updates
[JobStateManager] Broadcast progress to queue (0 SSE clients, 0 pending) for job job-123

stdout | tests/unit/job-state-manager-do.test.js > JobStateManagerDO > SSE Update Batching (Issue #157) > should reduce I/O operations for high-frequency updates
[JobStateManager] Broadcast progress to queue (0 SSE clients, 1 pending) for job job-123

stdout | tests/unit/job-state-manager-do.test.js > JobStateManagerDO > SSE Update Batching (Issue #157) > should reduce I/O operations for high-frequency updates
[JobStateManager] Broadcast progress to queue (0 SSE clients, 2 pending) for job job-123

stdout | tests/unit/job-state-manager-do.test.js > JobStateManagerDO > SSE Update Batching (Issue #157) > should reduce I/O operations for high-frequency updates
[JobStateManager] Broadcast progress to queue (0 SSE clients, 3 pending) for job job-123

stdout | tests/unit/job-state-manager-do.test.js > JobStateManagerDO > SSE Update Batching (Issue #157) > should reduce I/O operations for high-frequency updates
[JobStateManager] Broadcast progress to queue (0 SSE clients, 4 pending) for job job-123

stdout | tests/unit/job-state-manager-do.test.js > JobStateManagerDO > SSE Update Batching (Issue #157) > should reduce I/O operations for high-frequency updates
[JobStateManager] Flushed 5 pending updates for job job-123

stdout | tests/unit/job-state-manager-do.test.js > JobStateManagerDO > SSE Update Batching (Issue #157) > should reduce I/O operations for high-frequency updates
[JobStateManager] Broadcast progress to queue (0 SSE clients, 0 pending) for job job-123

stdout | tests/unit/job-state-manager-do.test.js > JobStateManagerDO > SSE Update Batching (Issue #157) > should reduce I/O operations for high-frequency updates
[JobStateManager] Broadcast progress to queue (0 SSE clients, 1 pending) for job job-123

stdout | tests/unit/job-state-manager-do.test.js > JobStateManagerDO > SSE Update Batching (Issue #157) > should reduce I/O operations for high-frequency updates
[JobStateManager] Broadcast progress to queue (0 SSE clients, 2 pending) for job job-123

stdout | tests/unit/job-state-manager-do.test.js > JobStateManagerDO > SSE Update Batching (Issue #157) > should reduce I/O operations for high-frequency updates
[JobStateManager] Broadcast progress to queue (0 SSE clients, 3 pending) for job job-123

stdout | tests/unit/job-state-manager-do.test.js > JobStateManagerDO > SSE Update Batching (Issue #157) > should reduce I/O operations for high-frequency updates
[JobStateManager] Broadcast progress to queue (0 SSE clients, 4 pending) for job job-123

stdout | tests/unit/job-state-manager-do.test.js > JobStateManagerDO > SSE Update Batching (Issue #157) > should reduce I/O operations for high-frequency updates
[JobStateManager] Flushed 5 pending updates for job job-123

stdout | tests/unit/job-state-manager-do.test.js > JobStateManagerDO > SSE Update Batching (Issue #157) > should reduce I/O operations for high-frequency updates
[JobStateManager] Broadcast progress to queue (0 SSE clients, 0 pending) for job job-123

stdout | tests/unit/job-state-manager-do.test.js > JobStateManagerDO > SSE Update Batching (Issue #157) > should reduce I/O operations for high-frequency updates
[JobStateManager] Broadcast progress to queue (0 SSE clients, 1 pending) for job job-123

stdout | tests/unit/job-state-manager-do.test.js > JobStateManagerDO > SSE Update Batching (Issue #157) > should reduce I/O operations for high-frequency updates
[JobStateManager] Broadcast progress to queue (0 SSE clients, 2 pending) for job job-123

stdout | tests/unit/job-state-manager-do.test.js > JobStateManagerDO > SSE Update Batching (Issue #157) > should reduce I/O operations for high-frequency updates
[JobStateManager] Broadcast progress to queue (0 SSE clients, 3 pending) for job job-123

stdout | tests/unit/job-state-manager-do.test.js > JobStateManagerDO > SSE Update Batching (Issue #157) > should reduce I/O operations for high-frequency updates
[JobStateManager] Broadcast progress to queue (0 SSE clients, 4 pending) for job job-123

stdout | tests/unit/job-state-manager-do.test.js > JobStateManagerDO > SSE Update Batching (Issue #157) > should reduce I/O operations for high-frequency updates
[JobStateManager] Flushed 5 pending updates for job job-123

stdout | tests/unit/job-state-manager-do.test.js > JobStateManagerDO > SSE Update Batching (Issue #157) > should reduce I/O operations for high-frequency updates
[JobStateManager] Broadcast progress to queue (0 SSE clients, 0 pending) for job job-123

stdout | tests/unit/job-state-manager-do.test.js > JobStateManagerDO > SSE Update Batching (Issue #157) > should reduce I/O operations for high-frequency updates
[JobStateManager] Broadcast progress to queue (0 SSE clients, 1 pending) for job job-123

stdout | tests/unit/job-state-manager-do.test.js > JobStateManagerDO > SSE Update Batching (Issue #157) > should reduce I/O operations for high-frequency updates
[JobStateManager] Broadcast progress to queue (0 SSE clients, 2 pending) for job job-123

stdout | tests/unit/job-state-manager-do.test.js > JobStateManagerDO > SSE Update Batching (Issue #157) > should reduce I/O operations for high-frequency updates
[JobStateManager] Broadcast progress to queue (0 SSE clients, 3 pending) for job job-123

stdout | tests/unit/job-state-manager-do.test.js > JobStateManagerDO > SSE Update Batching (Issue #157) > should reduce I/O operations for high-frequency updates
[JobStateManager] Broadcast progress to queue (0 SSE clients, 4 pending) for job job-123

stdout | tests/unit/job-state-manager-do.test.js > JobStateManagerDO > SSE Update Batching (Issue #157) > should reduce I/O operations for high-frequency updates
[JobStateManager] Flushed 5 pending updates for job job-123

stdout | tests/unit/job-state-manager-do.test.js > JobStateManagerDO > SSE Update Batching (Issue #157) > should reduce I/O operations for high-frequency updates
[JobStateManager] Broadcast progress to queue (0 SSE clients, 0 pending) for job job-123

stdout | tests/unit/job-state-manager-do.test.js > JobStateManagerDO > SSE Update Batching (Issue #157) > should reduce I/O operations for high-frequency updates
[JobStateManager] Broadcast progress to queue (0 SSE clients, 1 pending) for job job-123

stdout | tests/unit/job-state-manager-do.test.js > JobStateManagerDO > SSE Update Batching (Issue #157) > should reduce I/O operations for high-frequency updates
[JobStateManager] Broadcast progress to queue (0 SSE clients, 2 pending) for job job-123

stdout | tests/unit/job-state-manager-do.test.js > JobStateManagerDO > SSE Update Batching (Issue #157) > should reduce I/O operations for high-frequency updates
[JobStateManager] Broadcast progress to queue (0 SSE clients, 3 pending) for job job-123

stdout | tests/unit/job-state-manager-do.test.js > JobStateManagerDO > SSE Update Batching (Issue #157) > should reduce I/O operations for high-frequency updates
[JobStateManager] Broadcast progress to queue (0 SSE clients, 4 pending) for job job-123

stdout | tests/unit/job-state-manager-do.test.js > JobStateManagerDO > SSE Update Batching (Issue #157) > should reduce I/O operations for high-frequency updates
[JobStateManager] Flushed 5 pending updates for job job-123

stdout | tests/unit/job-state-manager-do.test.js > JobStateManagerDO > SSE Update Batching (Issue #157) > should reduce I/O operations for high-frequency updates
[JobStateManager] Broadcast progress to queue (0 SSE clients, 0 pending) for job job-123

stdout | tests/unit/job-state-manager-do.test.js > JobStateManagerDO > SSE Update Batching (Issue #157) > should reduce I/O operations for high-frequency updates
[JobStateManager] Broadcast progress to queue (0 SSE clients, 1 pending) for job job-123

stdout | tests/unit/job-state-manager-do.test.js > JobStateManagerDO > SSE Update Batching (Issue #157) > should reduce I/O operations for high-frequency updates
[JobStateManager] Broadcast progress to queue (0 SSE clients, 2 pending) for job job-123

stdout | tests/unit/job-state-manager-do.test.js > JobStateManagerDO > SSE Update Batching (Issue #157) > should reduce I/O operations for high-frequency updates
[JobStateManager] Broadcast progress to queue (0 SSE clients, 3 pending) for job job-123

stdout | tests/unit/job-state-manager-do.test.js > JobStateManagerDO > SSE Update Batching (Issue #157) > should reduce I/O operations for high-frequency updates
[JobStateManager] Broadcast progress to queue (0 SSE clients, 4 pending) for job job-123

stdout | tests/unit/job-state-manager-do.test.js > JobStateManagerDO > SSE Update Batching (Issue #157) > should reduce I/O operations for high-frequency updates
[JobStateManager] Flushed 5 pending updates for job job-123

stdout | tests/unit/job-state-manager-do.test.js > JobStateManagerDO > SSE Update Batching (Issue #157) > should reduce I/O operations for high-frequency updates
[JobStateManager] Broadcast progress to queue (0 SSE clients, 0 pending) for job job-123

stdout | tests/unit/job-state-manager-do.test.js > JobStateManagerDO > SSE Update Batching (Issue #157) > should reduce I/O operations for high-frequency updates
[JobStateManager] Broadcast progress to queue (0 SSE clients, 1 pending) for job job-123

stdout | tests/unit/job-state-manager-do.test.js > JobStateManagerDO > SSE Update Batching (Issue #157) > should reduce I/O operations for high-frequency updates
[JobStateManager] Broadcast progress to queue (0 SSE clients, 2 pending) for job job-123

stdout | tests/unit/job-state-manager-do.test.js > JobStateManagerDO > SSE Update Batching (Issue #157) > should reduce I/O operations for high-frequency updates
[JobStateManager] Broadcast progress to queue (0 SSE clients, 3 pending) for job job-123

stdout | tests/unit/job-state-manager-do.test.js > JobStateManagerDO > SSE Update Batching (Issue #157) > should reduce I/O operations for high-frequency updates
[JobStateManager] Broadcast progress to queue (0 SSE clients, 4 pending) for job job-123

stdout | tests/unit/job-state-manager-do.test.js > JobStateManagerDO > SSE Update Batching (Issue #157) > should reduce I/O operations for high-frequency updates
[JobStateManager] Flushed 5 pending updates for job job-123

stdout | tests/unit/job-state-manager-do.test.js > JobStateManagerDO > SSE Update Batching (Issue #157) > should reduce I/O operations for high-frequency updates
[JobStateManager] Broadcast progress to queue (0 SSE clients, 0 pending) for job job-123

stdout | tests/unit/job-state-manager-do.test.js > JobStateManagerDO > SSE Update Batching (Issue #157) > should reduce I/O operations for high-frequency updates
[JobStateManager] Broadcast progress to queue (0 SSE clients, 1 pending) for job job-123

stdout | tests/unit/job-state-manager-do.test.js > JobStateManagerDO > SSE Update Batching (Issue #157) > should reduce I/O operations for high-frequency updates
[JobStateManager] Broadcast progress to queue (0 SSE clients, 2 pending) for job job-123

stdout | tests/unit/job-state-manager-do.test.js > JobStateManagerDO > SSE Update Batching (Issue #157) > should reduce I/O operations for high-frequency updates
[JobStateManager] Broadcast progress to queue (0 SSE clients, 3 pending) for job job-123

stdout | tests/unit/job-state-manager-do.test.js > JobStateManagerDO > SSE Update Batching (Issue #157) > should reduce I/O operations for high-frequency updates
[JobStateManager] Broadcast progress to queue (0 SSE clients, 4 pending) for job job-123

stdout | tests/unit/job-state-manager-do.test.js > JobStateManagerDO > SSE Update Batching (Issue #157) > should reduce I/O operations for high-frequency updates
[JobStateManager] Flushed 5 pending updates for job job-123

stdout | tests/unit/job-state-manager-do.test.js > JobStateManagerDO > SSE Update Batching (Issue #157) > should reduce I/O operations for high-frequency updates
[JobStateManager] Broadcast progress to queue (0 SSE clients, 0 pending) for job job-123

stdout | tests/unit/job-state-manager-do.test.js > JobStateManagerDO > SSE Update Batching (Issue #157) > should reduce I/O operations for high-frequency updates
[JobStateManager] Broadcast progress to queue (0 SSE clients, 1 pending) for job job-123

stdout | tests/unit/job-state-manager-do.test.js > JobStateManagerDO > SSE Update Batching (Issue #157) > should reduce I/O operations for high-frequency updates
[JobStateManager] Broadcast progress to queue (0 SSE clients, 2 pending) for job job-123

stdout | tests/unit/job-state-manager-do.test.js > JobStateManagerDO > SSE Update Batching (Issue #157) > should reduce I/O operations for high-frequency updates
[JobStateManager] Broadcast progress to queue (0 SSE clients, 3 pending) for job job-123

stdout | tests/unit/job-state-manager-do.test.js > JobStateManagerDO > SSE Update Batching (Issue #157) > should reduce I/O operations for high-frequency updates
[JobStateManager] Broadcast progress to queue (0 SSE clients, 4 pending) for job job-123

stdout | tests/unit/job-state-manager-do.test.js > JobStateManagerDO > SSE Update Batching (Issue #157) > should reduce I/O operations for high-frequency updates
[JobStateManager] Flushed 5 pending updates for job job-123

stdout | tests/unit/job-state-manager-do.test.js > JobStateManagerDO > SSE Update Batching (Issue #157) > should reduce I/O operations for high-frequency updates
[JobStateManager] Broadcast progress to queue (0 SSE clients, 0 pending) for job job-123

stdout | tests/unit/job-state-manager-do.test.js > JobStateManagerDO > SSE Update Batching (Issue #157) > should reduce I/O operations for high-frequency updates
[JobStateManager] Broadcast progress to queue (0 SSE clients, 1 pending) for job job-123

stdout | tests/unit/job-state-manager-do.test.js > JobStateManagerDO > SSE Update Batching (Issue #157) > should reduce I/O operations for high-frequency updates
[JobStateManager] Broadcast progress to queue (0 SSE clients, 2 pending) for job job-123

stdout | tests/unit/job-state-manager-do.test.js > JobStateManagerDO > SSE Update Batching (Issue #157) > should reduce I/O operations for high-frequency updates
[JobStateManager] Broadcast progress to queue (0 SSE clients, 3 pending) for job job-123

stdout | tests/unit/job-state-manager-do.test.js > JobStateManagerDO > SSE Update Batching (Issue #157) > should reduce I/O operations for high-frequency updates
[JobStateManager] Broadcast progress to queue (0 SSE clients, 4 pending) for job job-123

stdout | tests/unit/job-state-manager-do.test.js > JobStateManagerDO > SSE Update Batching (Issue #157) > should reduce I/O operations for high-frequency updates
[JobStateManager] Flushed 5 pending updates for job job-123

stdout | tests/unit/job-state-manager-do.test.js > JobStateManagerDO > SSE Update Batching (Issue #157) > should reduce I/O operations for high-frequency updates
[JobStateManager] Broadcast progress to queue (0 SSE clients, 0 pending) for job job-123

stdout | tests/unit/job-state-manager-do.test.js > JobStateManagerDO > SSE Update Batching (Issue #157) > should reduce I/O operations for high-frequency updates
[JobStateManager] Broadcast progress to queue (0 SSE clients, 1 pending) for job job-123

stdout | tests/unit/job-state-manager-do.test.js > JobStateManagerDO > SSE Update Batching (Issue #157) > should reduce I/O operations for high-frequency updates
[JobStateManager] Broadcast progress to queue (0 SSE clients, 2 pending) for job job-123

stdout | tests/unit/job-state-manager-do.test.js > JobStateManagerDO > SSE Update Batching (Issue #157) > should reduce I/O operations for high-frequency updates
[JobStateManager] Broadcast progress to queue (0 SSE clients, 3 pending) for job job-123

stdout | tests/unit/job-state-manager-do.test.js > JobStateManagerDO > SSE Update Batching (Issue #157) > should reduce I/O operations for high-frequency updates
[JobStateManager] Broadcast progress to queue (0 SSE clients, 4 pending) for job job-123

stdout | tests/unit/job-state-manager-do.test.js > JobStateManagerDO > SSE Update Batching (Issue #157) > should reduce I/O operations for high-frequency updates
[JobStateManager] Flushed 5 pending updates for job job-123

stdout | tests/unit/job-state-manager-do.test.js > JobStateManagerDO > SSE Update Batching (Issue #157) > should reduce I/O operations for high-frequency updates
[JobStateManager] Broadcast progress to queue (0 SSE clients, 0 pending) for job job-123

stdout | tests/unit/job-state-manager-do.test.js > JobStateManagerDO > SSE Update Batching (Issue #157) > should reduce I/O operations for high-frequency updates
[JobStateManager] Broadcast progress to queue (0 SSE clients, 1 pending) for job job-123

stdout | tests/unit/job-state-manager-do.test.js > JobStateManagerDO > SSE Update Batching (Issue #157) > should reduce I/O operations for high-frequency updates
[JobStateManager] Broadcast progress to queue (0 SSE clients, 2 pending) for job job-123

stdout | tests/unit/job-state-manager-do.test.js > JobStateManagerDO > SSE Update Batching (Issue #157) > should reduce I/O operations for high-frequency updates
[JobStateManager] Broadcast progress to queue (0 SSE clients, 3 pending) for job job-123

stdout | tests/unit/job-state-manager-do.test.js > JobStateManagerDO > SSE Update Batching (Issue #157) > should reduce I/O operations for high-frequency updates
[JobStateManager] Broadcast progress to queue (0 SSE clients, 4 pending) for job job-123

stdout | tests/unit/job-state-manager-do.test.js > JobStateManagerDO > SSE Update Batching (Issue #157) > should reduce I/O operations for high-frequency updates
[JobStateManager] Flushed 5 pending updates for job job-123

stdout | tests/unit/job-state-manager-do.test.js > JobStateManagerDO > SSE Update Batching (Issue #157) > should reduce I/O operations for high-frequency updates
[JobStateManager] Broadcast progress to queue (0 SSE clients, 0 pending) for job job-123

stdout | tests/unit/job-state-manager-do.test.js > JobStateManagerDO > SSE Update Batching (Issue #157) > should reduce I/O operations for high-frequency updates
[JobStateManager] Broadcast progress to queue (0 SSE clients, 1 pending) for job job-123

stdout | tests/unit/job-state-manager-do.test.js > JobStateManagerDO > SSE Update Batching (Issue #157) > should reduce I/O operations for high-frequency updates
[JobStateManager] Broadcast progress to queue (0 SSE clients, 2 pending) for job job-123

stdout | tests/unit/job-state-manager-do.test.js > JobStateManagerDO > SSE Update Batching (Issue #157) > should reduce I/O operations for high-frequency updates
[JobStateManager] Broadcast progress to queue (0 SSE clients, 3 pending) for job job-123

stdout | tests/unit/job-state-manager-do.test.js > JobStateManagerDO > SSE Update Batching (Issue #157) > should reduce I/O operations for high-frequency updates
[JobStateManager] Broadcast progress to queue (0 SSE clients, 4 pending) for job job-123

stdout | tests/unit/job-state-manager-do.test.js > JobStateManagerDO > SSE Update Batching (Issue #157) > should reduce I/O operations for high-frequency updates
[JobStateManager] Flushed 5 pending updates for job job-123

stdout | tests/unit/job-state-manager-do.test.js > JobStateManagerDO > SSE Update Batching (Issue #157) > should reduce I/O operations for high-frequency updates
[JobStateManager] Broadcast progress to queue (0 SSE clients, 0 pending) for job job-123

stdout | tests/unit/job-state-manager-do.test.js > JobStateManagerDO > SSE Update Batching (Issue #157) > should reduce I/O operations for high-frequency updates
[JobStateManager] Broadcast progress to queue (0 SSE clients, 1 pending) for job job-123

stdout | tests/unit/job-state-manager-do.test.js > JobStateManagerDO > SSE Update Batching (Issue #157) > should reduce I/O operations for high-frequency updates
[JobStateManager] Broadcast progress to queue (0 SSE clients, 2 pending) for job job-123

stdout | tests/unit/job-state-manager-do.test.js > JobStateManagerDO > SSE Update Batching (Issue #157) > should reduce I/O operations for high-frequency updates
[JobStateManager] Broadcast progress to queue (0 SSE clients, 3 pending) for job job-123

stdout | tests/unit/job-state-manager-do.test.js > JobStateManagerDO > SSE Update Batching (Issue #157) > should reduce I/O operations for high-frequency updates
[JobStateManager] Broadcast progress to queue (0 SSE clients, 4 pending) for job job-123

stdout | tests/unit/job-state-manager-do.test.js > JobStateManagerDO > SSE Update Batching (Issue #157) > should reduce I/O operations for high-frequency updates
[JobStateManager] Flushed 5 pending updates for job job-123

stdout | tests/unit/job-state-manager-do.test.js > JobStateManagerDO > SSE Update Batching (Issue #157) > should reduce I/O operations for high-frequency updates
[JobStateManager] Broadcast progress to queue (0 SSE clients, 0 pending) for job job-123

stdout | tests/unit/job-state-manager-do.test.js > JobStateManagerDO > SSE Update Batching (Issue #157) > should reduce I/O operations for high-frequency updates
[JobStateManager] Broadcast progress to queue (0 SSE clients, 1 pending) for job job-123

stdout | tests/unit/job-state-manager-do.test.js > JobStateManagerDO > SSE Update Batching (Issue #157) > should reduce I/O operations for high-frequency updates
[JobStateManager] Broadcast progress to queue (0 SSE clients, 2 pending) for job job-123

stdout | tests/unit/job-state-manager-do.test.js > JobStateManagerDO > SSE Update Batching (Issue #157) > should reduce I/O operations for high-frequency updates
[JobStateManager] Broadcast progress to queue (0 SSE clients, 3 pending) for job job-123

stdout | tests/unit/job-state-manager-do.test.js > JobStateManagerDO > SSE Update Batching (Issue #157) > should reduce I/O operations for high-frequency updates
[JobStateManager] Broadcast progress to queue (0 SSE clients, 4 pending) for job job-123

stdout | tests/unit/job-state-manager-do.test.js > JobStateManagerDO > SSE Update Batching (Issue #157) > should reduce I/O operations for high-frequency updates
[JobStateManager] Flushed 5 pending updates for job job-123

stdout | tests/unit/job-state-manager-do.test.js > JobStateManagerDO > SSE Update Batching (Issue #157) > should reduce I/O operations for high-frequency updates
[JobStateManager] Broadcast progress to queue (0 SSE clients, 0 pending) for job job-123

stdout | tests/unit/job-state-manager-do.test.js > JobStateManagerDO > SSE Update Batching (Issue #157) > should reduce I/O operations for high-frequency updates
[JobStateManager] Broadcast progress to queue (0 SSE clients, 1 pending) for job job-123

stdout | tests/unit/job-state-manager-do.test.js > JobStateManagerDO > SSE Update Batching (Issue #157) > should reduce I/O operations for high-frequency updates
[JobStateManager] Broadcast progress to queue (0 SSE clients, 2 pending) for job job-123

stdout | tests/unit/job-state-manager-do.test.js > JobStateManagerDO > SSE Update Batching (Issue #157) > should reduce I/O operations for high-frequency updates
[JobStateManager] Broadcast progress to queue (0 SSE clients, 3 pending) for job job-123

stdout | tests/unit/job-state-manager-do.test.js > JobStateManagerDO > SSE Update Batching (Issue #157) > should reduce I/O operations for high-frequency updates
[JobStateManager] Broadcast progress to queue (0 SSE clients, 4 pending) for job job-123

stdout | tests/unit/job-state-manager-do.test.js > JobStateManagerDO > SSE Update Batching (Issue #157) > should reduce I/O operations for high-frequency updates
[JobStateManager] Flushed 5 pending updates for job job-123

stdout | tests/unit/job-state-manager-do.test.js > JobStateManagerDO > SSE Update Batching (Issue #157) > should reduce I/O operations for high-frequency updates
[JobStateManager] Broadcast progress to queue (0 SSE clients, 0 pending) for job job-123

stdout | tests/unit/job-state-manager-do.test.js > JobStateManagerDO > SSE Update Batching (Issue #157) > should reduce I/O operations for high-frequency updates
[JobStateManager] Broadcast progress to queue (0 SSE clients, 1 pending) for job job-123

stdout | tests/unit/job-state-manager-do.test.js > JobStateManagerDO > SSE Update Batching (Issue #157) > should reduce I/O operations for high-frequency updates
[JobStateManager] Broadcast progress to queue (0 SSE clients, 2 pending) for job job-123

stdout | tests/unit/job-state-manager-do.test.js > JobStateManagerDO > SSE Update Batching (Issue #157) > should reduce I/O operations for high-frequency updates
[JobStateManager] Broadcast progress to queue (0 SSE clients, 3 pending) for job job-123

stdout | tests/unit/job-state-manager-do.test.js > JobStateManagerDO > SSE Update Batching (Issue #157) > should reduce I/O operations for high-frequency updates
[JobStateManager] Broadcast progress to queue (0 SSE clients, 4 pending) for job job-123

stdout | tests/unit/job-state-manager-do.test.js > JobStateManagerDO > SSE Update Batching (Issue #157) > should reduce I/O operations for high-frequency updates
[JobStateManager] Flushed 5 pending updates for job job-123

stdout | tests/unit/job-state-manager-do.test.js > JobStateManagerDO > SSE Update Batching (Issue #157) > should reduce I/O operations for high-frequency updates
[JobStateManager] Broadcast progress to queue (0 SSE clients, 0 pending) for job job-123

stdout | tests/unit/job-state-manager-do.test.js > JobStateManagerDO > SSE Update Batching (Issue #157) > should reduce I/O operations for high-frequency updates
[JobStateManager] Broadcast progress to queue (0 SSE clients, 1 pending) for job job-123

stdout | tests/unit/job-state-manager-do.test.js > JobStateManagerDO > SSE Update Batching (Issue #157) > should reduce I/O operations for high-frequency updates
[JobStateManager] Broadcast progress to queue (0 SSE clients, 2 pending) for job job-123

stdout | tests/unit/job-state-manager-do.test.js > JobStateManagerDO > SSE Update Batching (Issue #157) > should reduce I/O operations for high-frequency updates
[JobStateManager] Broadcast progress to queue (0 SSE clients, 3 pending) for job job-123

stdout | tests/unit/job-state-manager-do.test.js > JobStateManagerDO > SSE Update Batching (Issue #157) > should reduce I/O operations for high-frequency updates
[JobStateManager] Broadcast progress to queue (0 SSE clients, 4 pending) for job job-123

stdout | tests/unit/job-state-manager-do.test.js > JobStateManagerDO > SSE Update Batching (Issue #157) > should reduce I/O operations for high-frequency updates
[JobStateManager] Flushed 5 pending updates for job job-123

stdout | tests/unit/job-state-manager-do.test.js > JobStateManagerDO > SSE Update Batching (Issue #157) > should reduce I/O operations for high-frequency updates
[JobStateManager] Broadcast progress to queue (0 SSE clients, 0 pending) for job job-123

stdout | tests/unit/job-state-manager-do.test.js > JobStateManagerDO > SSE Update Batching (Issue #157) > should reduce I/O operations for high-frequency updates
[JobStateManager] Broadcast progress to queue (0 SSE clients, 1 pending) for job job-123

stdout | tests/unit/job-state-manager-do.test.js > JobStateManagerDO > SSE Update Batching (Issue #157) > should reduce I/O operations for high-frequency updates
[JobStateManager] Broadcast progress to queue (0 SSE clients, 2 pending) for job job-123

stdout | tests/unit/job-state-manager-do.test.js > JobStateManagerDO > SSE Update Batching (Issue #157) > should reduce I/O operations for high-frequency updates
[JobStateManager] Broadcast progress to queue (0 SSE clients, 3 pending) for job job-123

stdout | tests/unit/job-state-manager-do.test.js > JobStateManagerDO > SSE Update Batching (Issue #157) > should reduce I/O operations for high-frequency updates
[JobStateManager] Broadcast progress to queue (0 SSE clients, 4 pending) for job job-123

stdout | tests/unit/job-state-manager-do.test.js > JobStateManagerDO > SSE Update Batching (Issue #157) > should reduce I/O operations for high-frequency updates
[JobStateManager] Flushed 5 pending updates for job job-123

stdout | tests/unit/job-state-manager-do.test.js > JobStateManagerDO > SSE Update Batching (Issue #157) > should reduce I/O operations for high-frequency updates
[JobStateManager] Broadcast progress to queue (0 SSE clients, 0 pending) for job job-123

stdout | tests/unit/job-state-manager-do.test.js > JobStateManagerDO > SSE Update Batching (Issue #157) > should reduce I/O operations for high-frequency updates
[JobStateManager] Broadcast progress to queue (0 SSE clients, 1 pending) for job job-123

stdout | tests/unit/job-state-manager-do.test.js > JobStateManagerDO > SSE Update Batching (Issue #157) > should reduce I/O operations for high-frequency updates
[JobStateManager] Broadcast progress to queue (0 SSE clients, 2 pending) for job job-123

stdout | tests/unit/job-state-manager-do.test.js > JobStateManagerDO > SSE Update Batching (Issue #157) > should reduce I/O operations for high-frequency updates
[JobStateManager] Broadcast progress to queue (0 SSE clients, 3 pending) for job job-123

stdout | tests/unit/job-state-manager-do.test.js > JobStateManagerDO > SSE Update Batching (Issue #157) > should reduce I/O operations for high-frequency updates
[JobStateManager] Broadcast progress to queue (0 SSE clients, 4 pending) for job job-123

stdout | tests/unit/job-state-manager-do.test.js > JobStateManagerDO > SSE Update Batching (Issue #157) > should reduce I/O operations for high-frequency updates
[JobStateManager] Flushed 5 pending updates for job job-123

stdout | tests/unit/job-state-manager-do.test.js > JobStateManagerDO > SSE Update Batching (Issue #157) > should reduce I/O operations for high-frequency updates
[JobStateManager] Broadcast progress to queue (0 SSE clients, 0 pending) for job job-123

stdout | tests/unit/job-state-manager-do.test.js > JobStateManagerDO > SSE Update Batching (Issue #157) > should reduce I/O operations for high-frequency updates
[JobStateManager] Broadcast progress to queue (0 SSE clients, 1 pending) for job job-123

stdout | tests/unit/job-state-manager-do.test.js > JobStateManagerDO > SSE Update Batching (Issue #157) > should reduce I/O operations for high-frequency updates
[JobStateManager] Broadcast progress to queue (0 SSE clients, 2 pending) for job job-123

stdout | tests/unit/job-state-manager-do.test.js > JobStateManagerDO > SSE Update Batching (Issue #157) > should reduce I/O operations for high-frequency updates
[JobStateManager] Broadcast progress to queue (0 SSE clients, 3 pending) for job job-123

stdout | tests/unit/job-state-manager-do.test.js > JobStateManagerDO > SSE Update Batching (Issue #157) > should reduce I/O operations for high-frequency updates
[JobStateManager] Broadcast progress to queue (0 SSE clients, 4 pending) for job job-123

stdout | tests/unit/job-state-manager-do.test.js > JobStateManagerDO > SSE Update Batching (Issue #157) > should reduce I/O operations for high-frequency updates
[JobStateManager] Flushed 5 pending updates for job job-123

stdout | tests/unit/job-state-manager-do.test.js > JobStateManagerDO > SSE Update Batching (Issue #157) > should reduce I/O operations for high-frequency updates
[JobStateManager] Broadcast progress to queue (0 SSE clients, 0 pending) for job job-123

stdout | tests/unit/job-state-manager-do.test.js > JobStateManagerDO > SSE Update Batching (Issue #157) > should reduce I/O operations for high-frequency updates
[JobStateManager] Broadcast progress to queue (0 SSE clients, 1 pending) for job job-123

stdout | tests/unit/job-state-manager-do.test.js > JobStateManagerDO > SSE Update Batching (Issue #157) > should reduce I/O operations for high-frequency updates
[JobStateManager] Broadcast progress to queue (0 SSE clients, 2 pending) for job job-123

stdout | tests/unit/job-state-manager-do.test.js > JobStateManagerDO > SSE Update Batching (Issue #157) > should reduce I/O operations for high-frequency updates
[JobStateManager] Broadcast progress to queue (0 SSE clients, 3 pending) for job job-123

stdout | tests/unit/job-state-manager-do.test.js > JobStateManagerDO > SSE Update Batching (Issue #157) > should reduce I/O operations for high-frequency updates
[JobStateManager] Broadcast progress to queue (0 SSE clients, 4 pending) for job job-123

stdout | tests/unit/job-state-manager-do.test.js > JobStateManagerDO > SSE Update Batching (Issue #157) > should reduce I/O operations for high-frequency updates
[JobStateManager] Flushed 5 pending updates for job job-123

stdout | tests/unit/job-state-manager-do.test.js > JobStateManagerDO > SSE Update Batching (Issue #157) > should reduce I/O operations for high-frequency updates
[JobStateManager] Broadcast progress to queue (0 SSE clients, 0 pending) for job job-123

stdout | tests/unit/job-state-manager-do.test.js > JobStateManagerDO > SSE Update Batching (Issue #157) > should reduce I/O operations for high-frequency updates
[JobStateManager] Broadcast progress to queue (0 SSE clients, 1 pending) for job job-123

stdout | tests/unit/job-state-manager-do.test.js > JobStateManagerDO > SSE Update Batching (Issue #157) > should reduce I/O operations for high-frequency updates
[JobStateManager] Broadcast progress to queue (0 SSE clients, 2 pending) for job job-123

stdout | tests/unit/job-state-manager-do.test.js > JobStateManagerDO > SSE Update Batching (Issue #157) > should reduce I/O operations for high-frequency updates
[JobStateManager] Broadcast progress to queue (0 SSE clients, 3 pending) for job job-123

stdout | tests/unit/job-state-manager-do.test.js > JobStateManagerDO > SSE Update Batching (Issue #157) > should reduce I/O operations for high-frequency updates
[JobStateManager] Broadcast progress to queue (0 SSE clients, 4 pending) for job job-123

stdout | tests/unit/job-state-manager-do.test.js > JobStateManagerDO > SSE Update Batching (Issue #157) > should reduce I/O operations for high-frequency updates
[JobStateManager] Flushed 5 pending updates for job job-123

stdout | tests/unit/job-state-manager-do.test.js > JobStateManagerDO > SSE Update Batching (Issue #157) > should reduce I/O operations for high-frequency updates
[JobStateManager] Broadcast progress to queue (0 SSE clients, 0 pending) for job job-123

stdout | tests/unit/job-state-manager-do.test.js > JobStateManagerDO > SSE Update Batching (Issue #157) > should reduce I/O operations for high-frequency updates
[JobStateManager] Broadcast progress to queue (0 SSE clients, 1 pending) for job job-123

stdout | tests/unit/job-state-manager-do.test.js > JobStateManagerDO > SSE Update Batching (Issue #157) > should reduce I/O operations for high-frequency updates
[JobStateManager] Broadcast progress to queue (0 SSE clients, 2 pending) for job job-123

stdout | tests/unit/job-state-manager-do.test.js > JobStateManagerDO > SSE Update Batching (Issue #157) > should reduce I/O operations for high-frequency updates
[JobStateManager] Broadcast progress to queue (0 SSE clients, 3 pending) for job job-123

stdout | tests/unit/job-state-manager-do.test.js > JobStateManagerDO > SSE Update Batching (Issue #157) > should reduce I/O operations for high-frequency updates
[JobStateManager] Broadcast progress to queue (0 SSE clients, 4 pending) for job job-123

stdout | tests/unit/job-state-manager-do.test.js > JobStateManagerDO > SSE Update Batching (Issue #157) > should reduce I/O operations for high-frequency updates
[JobStateManager] Flushed 5 pending updates for job job-123

stdout | tests/unit/job-state-manager-do.test.js > JobStateManagerDO > SSE Update Batching (Issue #157) > should reduce I/O operations for high-frequency updates
[JobStateManager] Broadcast progress to queue (0 SSE clients, 0 pending) for job job-123

stdout | tests/unit/job-state-manager-do.test.js > JobStateManagerDO > SSE Update Batching (Issue #157) > should reduce I/O operations for high-frequency updates
[JobStateManager] Broadcast progress to queue (0 SSE clients, 1 pending) for job job-123

stdout | tests/unit/job-state-manager-do.test.js > JobStateManagerDO > SSE Update Batching (Issue #157) > should reduce I/O operations for high-frequency updates
[JobStateManager] Broadcast progress to queue (0 SSE clients, 2 pending) for job job-123

stdout | tests/unit/job-state-manager-do.test.js > JobStateManagerDO > SSE Update Batching (Issue #157) > should reduce I/O operations for high-frequency updates
[JobStateManager] Broadcast progress to queue (0 SSE clients, 3 pending) for job job-123

stdout | tests/unit/job-state-manager-do.test.js > JobStateManagerDO > SSE Update Batching (Issue #157) > should reduce I/O operations for high-frequency updates
[JobStateManager] Broadcast progress to queue (0 SSE clients, 4 pending) for job job-123

stdout | tests/unit/job-state-manager-do.test.js > JobStateManagerDO > SSE Update Batching (Issue #157) > should reduce I/O operations for high-frequency updates
[JobStateManager] Flushed 5 pending updates for job job-123

stdout | tests/unit/job-state-manager-do.test.js > JobStateManagerDO > SSE Update Batching (Issue #157) > should reduce I/O operations for high-frequency updates
[JobStateManager] Broadcast progress to queue (0 SSE clients, 0 pending) for job job-123

stdout | tests/unit/job-state-manager-do.test.js > JobStateManagerDO > SSE Update Batching (Issue #157) > should reduce I/O operations for high-frequency updates
[JobStateManager] Broadcast progress to queue (0 SSE clients, 1 pending) for job job-123

stdout | tests/unit/job-state-manager-do.test.js > JobStateManagerDO > SSE Update Batching (Issue #157) > should reduce I/O operations for high-frequency updates
[JobStateManager] Broadcast progress to queue (0 SSE clients, 2 pending) for job job-123

stdout | tests/unit/job-state-manager-do.test.js > JobStateManagerDO > SSE Update Batching (Issue #157) > should reduce I/O operations for high-frequency updates
[JobStateManager] Broadcast progress to queue (0 SSE clients, 3 pending) for job job-123

stdout | tests/unit/job-state-manager-do.test.js > JobStateManagerDO > SSE Update Batching (Issue #157) > should reduce I/O operations for high-frequency updates
[JobStateManager] Broadcast progress to queue (0 SSE clients, 4 pending) for job job-123

stdout | tests/unit/job-state-manager-do.test.js > JobStateManagerDO > SSE Update Batching (Issue #157) > should reduce I/O operations for high-frequency updates
[JobStateManager] Flushed 5 pending updates for job job-123

stdout | tests/unit/job-state-manager-do.test.js > JobStateManagerDO > SSE Update Batching (Issue #157) > should reduce I/O operations for high-frequency updates
[JobStateManager] Broadcast progress to queue (0 SSE clients, 0 pending) for job job-123

stdout | tests/unit/job-state-manager-do.test.js > JobStateManagerDO > SSE Update Batching (Issue #157) > should reduce I/O operations for high-frequency updates
[JobStateManager] Broadcast progress to queue (0 SSE clients, 1 pending) for job job-123

stdout | tests/unit/job-state-manager-do.test.js > JobStateManagerDO > SSE Update Batching (Issue #157) > should reduce I/O operations for high-frequency updates
[JobStateManager] Broadcast progress to queue (0 SSE clients, 2 pending) for job job-123

stdout | tests/unit/job-state-manager-do.test.js > JobStateManagerDO > SSE Update Batching (Issue #157) > should reduce I/O operations for high-frequency updates
[JobStateManager] Broadcast progress to queue (0 SSE clients, 3 pending) for job job-123

stdout | tests/unit/job-state-manager-do.test.js > JobStateManagerDO > SSE Update Batching (Issue #157) > should reduce I/O operations for high-frequency updates
[JobStateManager] Broadcast progress to queue (0 SSE clients, 4 pending) for job job-123

stdout | tests/unit/job-state-manager-do.test.js > JobStateManagerDO > SSE Update Batching (Issue #157) > should reduce I/O operations for high-frequency updates
[JobStateManager] Flushed 5 pending updates for job job-123

stdout | tests/unit/job-state-manager-do.test.js > JobStateManagerDO > SSE Update Batching (Issue #157) > should reduce I/O operations for high-frequency updates
[JobStateManager] Broadcast progress to queue (0 SSE clients, 0 pending) for job job-123

stdout | tests/unit/job-state-manager-do.test.js > JobStateManagerDO > SSE Update Batching (Issue #157) > should reduce I/O operations for high-frequency updates
[JobStateManager] Broadcast progress to queue (0 SSE clients, 1 pending) for job job-123

stdout | tests/unit/job-state-manager-do.test.js > JobStateManagerDO > SSE Update Batching (Issue #157) > should reduce I/O operations for high-frequency updates
[JobStateManager] Broadcast progress to queue (0 SSE clients, 2 pending) for job job-123

stdout | tests/unit/job-state-manager-do.test.js > JobStateManagerDO > SSE Update Batching (Issue #157) > should reduce I/O operations for high-frequency updates
[JobStateManager] Broadcast progress to queue (0 SSE clients, 3 pending) for job job-123

stdout | tests/unit/job-state-manager-do.test.js > JobStateManagerDO > SSE Update Batching (Issue #157) > should reduce I/O operations for high-frequency updates
[JobStateManager] Broadcast progress to queue (0 SSE clients, 4 pending) for job job-123

stdout | tests/unit/job-state-manager-do.test.js > JobStateManagerDO > SSE Update Batching (Issue #157) > should reduce I/O operations for high-frequency updates
[JobStateManager] Flushed 5 pending updates for job job-123

stdout | tests/unit/job-state-manager-do.test.js > JobStateManagerDO > SSE Update Batching (Issue #157) > should reduce I/O operations for high-frequency updates
[JobStateManager] Broadcast progress to queue (0 SSE clients, 0 pending) for job job-123

stdout | tests/unit/job-state-manager-do.test.js > JobStateManagerDO > SSE Update Batching (Issue #157) > should reduce I/O operations for high-frequency updates
[JobStateManager] Broadcast progress to queue (0 SSE clients, 1 pending) for job job-123

stdout | tests/unit/job-state-manager-do.test.js > JobStateManagerDO > SSE Update Batching (Issue #157) > should reduce I/O operations for high-frequency updates
[JobStateManager] Broadcast progress to queue (0 SSE clients, 2 pending) for job job-123

stdout | tests/unit/job-state-manager-do.test.js > JobStateManagerDO > SSE Update Batching (Issue #157) > should reduce I/O operations for high-frequency updates
[JobStateManager] Broadcast progress to queue (0 SSE clients, 3 pending) for job job-123

stdout | tests/unit/job-state-manager-do.test.js > JobStateManagerDO > SSE Update Batching (Issue #157) > should reduce I/O operations for high-frequency updates
[JobStateManager] Broadcast progress to queue (0 SSE clients, 4 pending) for job job-123

stdout | tests/unit/job-state-manager-do.test.js > JobStateManagerDO > SSE Update Batching (Issue #157) > should reduce I/O operations for high-frequency updates
[JobStateManager] Flushed 5 pending updates for job job-123

stdout | tests/unit/job-state-manager-do.test.js > JobStateManagerDO > SSE Update Batching (Issue #157) > should reduce I/O operations for high-frequency updates
[JobStateManager] Broadcast progress to queue (0 SSE clients, 0 pending) for job job-123

stdout | tests/unit/job-state-manager-do.test.js > JobStateManagerDO > SSE Update Batching (Issue #157) > should reduce I/O operations for high-frequency updates
[JobStateManager] Broadcast progress to queue (0 SSE clients, 1 pending) for job job-123

stdout | tests/unit/job-state-manager-do.test.js > JobStateManagerDO > SSE Update Batching (Issue #157) > should reduce I/O operations for high-frequency updates
[JobStateManager] Broadcast progress to queue (0 SSE clients, 2 pending) for job job-123

stdout | tests/unit/job-state-manager-do.test.js > JobStateManagerDO > SSE Update Batching (Issue #157) > should reduce I/O operations for high-frequency updates
[JobStateManager] Broadcast progress to queue (0 SSE clients, 3 pending) for job job-123

stdout | tests/unit/job-state-manager-do.test.js > JobStateManagerDO > SSE Update Batching (Issue #157) > should reduce I/O operations for high-frequency updates
[JobStateManager] Broadcast progress to queue (0 SSE clients, 4 pending) for job job-123

stdout | tests/unit/job-state-manager-do.test.js > JobStateManagerDO > SSE Update Batching (Issue #157) > should reduce I/O operations for high-frequency updates
[JobStateManager] Flushed 5 pending updates for job job-123

stdout | tests/unit/job-state-manager-do.test.js > JobStateManagerDO > SSE Update Batching (Issue #157) > should reduce I/O operations for high-frequency updates
[JobStateManager] Broadcast progress to queue (0 SSE clients, 0 pending) for job job-123

stdout | tests/unit/job-state-manager-do.test.js > JobStateManagerDO > SSE Update Batching (Issue #157) > should reduce I/O operations for high-frequency updates
[JobStateManager] Broadcast progress to queue (0 SSE clients, 1 pending) for job job-123

stdout | tests/unit/job-state-manager-do.test.js > JobStateManagerDO > SSE Update Batching (Issue #157) > should reduce I/O operations for high-frequency updates
[JobStateManager] Broadcast progress to queue (0 SSE clients, 2 pending) for job job-123

stdout | tests/unit/job-state-manager-do.test.js > JobStateManagerDO > SSE Update Batching (Issue #157) > should reduce I/O operations for high-frequency updates
[JobStateManager] Broadcast progress to queue (0 SSE clients, 3 pending) for job job-123

stdout | tests/unit/job-state-manager-do.test.js > JobStateManagerDO > SSE Update Batching (Issue #157) > should reduce I/O operations for high-frequency updates
[JobStateManager] Broadcast progress to queue (0 SSE clients, 4 pending) for job job-123

stdout | tests/unit/job-state-manager-do.test.js > JobStateManagerDO > SSE Update Batching (Issue #157) > should reduce I/O operations for high-frequency updates
[JobStateManager] Flushed 5 pending updates for job job-123

stdout | tests/unit/job-state-manager-do.test.js > JobStateManagerDO > SSE Update Batching (Issue #157) > should reduce I/O operations for high-frequency updates
[JobStateManager] Broadcast progress to queue (0 SSE clients, 0 pending) for job job-123

stdout | tests/unit/job-state-manager-do.test.js > JobStateManagerDO > SSE Update Batching (Issue #157) > should reduce I/O operations for high-frequency updates
[JobStateManager] Broadcast progress to queue (0 SSE clients, 1 pending) for job job-123

stdout | tests/unit/job-state-manager-do.test.js > JobStateManagerDO > SSE Update Batching (Issue #157) > should reduce I/O operations for high-frequency updates
[JobStateManager] Broadcast progress to queue (0 SSE clients, 2 pending) for job job-123

stdout | tests/unit/job-state-manager-do.test.js > JobStateManagerDO > SSE Update Batching (Issue #157) > should reduce I/O operations for high-frequency updates
[JobStateManager] Broadcast progress to queue (0 SSE clients, 3 pending) for job job-123

stdout | tests/unit/job-state-manager-do.test.js > JobStateManagerDO > SSE Update Batching (Issue #157) > should reduce I/O operations for high-frequency updates
[JobStateManager] Broadcast progress to queue (0 SSE clients, 4 pending) for job job-123

stdout | tests/unit/job-state-manager-do.test.js > JobStateManagerDO > SSE Update Batching (Issue #157) > should reduce I/O operations for high-frequency updates
[JobStateManager] Flushed 5 pending updates for job job-123

stdout | tests/unit/job-state-manager-do.test.js > JobStateManagerDO > SSE Update Batching (Issue #157) > should reduce I/O operations for high-frequency updates
[JobStateManager] Broadcast progress to queue (0 SSE clients, 0 pending) for job job-123

stdout | tests/unit/job-state-manager-do.test.js > JobStateManagerDO > SSE Update Batching (Issue #157) > should reduce I/O operations for high-frequency updates
[JobStateManager] Broadcast progress to queue (0 SSE clients, 1 pending) for job job-123

stdout | tests/unit/job-state-manager-do.test.js > JobStateManagerDO > SSE Update Batching (Issue #157) > should reduce I/O operations for high-frequency updates
[JobStateManager] Broadcast progress to queue (0 SSE clients, 2 pending) for job job-123

stdout | tests/unit/job-state-manager-do.test.js > JobStateManagerDO > SSE Update Batching (Issue #157) > should reduce I/O operations for high-frequency updates
[JobStateManager] Broadcast progress to queue (0 SSE clients, 3 pending) for job job-123

stdout | tests/unit/job-state-manager-do.test.js > JobStateManagerDO > SSE Update Batching (Issue #157) > should reduce I/O operations for high-frequency updates
[JobStateManager] Broadcast progress to queue (0 SSE clients, 4 pending) for job job-123

stdout | tests/unit/job-state-manager-do.test.js > JobStateManagerDO > SSE Update Batching (Issue #157) > should reduce I/O operations for high-frequency updates
[JobStateManager] Flushed 5 pending updates for job job-123

stdout | tests/unit/job-state-manager-do.test.js > JobStateManagerDO > SSE Update Batching (Issue #157) > should reduce I/O operations for high-frequency updates
[JobStateManager] Broadcast progress to queue (0 SSE clients, 0 pending) for job job-123

stdout | tests/unit/job-state-manager-do.test.js > JobStateManagerDO > SSE Update Batching (Issue #157) > should reduce I/O operations for high-frequency updates
[JobStateManager] Broadcast progress to queue (0 SSE clients, 1 pending) for job job-123

stdout | tests/unit/job-state-manager-do.test.js > JobStateManagerDO > SSE Update Batching (Issue #157) > should reduce I/O operations for high-frequency updates
[JobStateManager] Broadcast progress to queue (0 SSE clients, 2 pending) for job job-123

stdout | tests/unit/job-state-manager-do.test.js > JobStateManagerDO > SSE Update Batching (Issue #157) > should reduce I/O operations for high-frequency updates
[JobStateManager] Broadcast progress to queue (0 SSE clients, 3 pending) for job job-123

stdout | tests/unit/job-state-manager-do.test.js > JobStateManagerDO > SSE Update Batching (Issue #157) > should reduce I/O operations for high-frequency updates
[JobStateManager] Broadcast progress to queue (0 SSE clients, 4 pending) for job job-123

stdout | tests/unit/job-state-manager-do.test.js > JobStateManagerDO > SSE Update Batching (Issue #157) > should reduce I/O operations for high-frequency updates
[JobStateManager] Flushed 5 pending updates for job job-123

stdout | tests/unit/job-state-manager-do.test.js > JobStateManagerDO > SSE Update Batching (Issue #157) > should reduce I/O operations for high-frequency updates
[JobStateManager] Broadcast progress to queue (0 SSE clients, 0 pending) for job job-123

stdout | tests/unit/job-state-manager-do.test.js > JobStateManagerDO > SSE Update Batching (Issue #157) > should reduce I/O operations for high-frequency updates
[JobStateManager] Broadcast progress to queue (0 SSE clients, 1 pending) for job job-123

stdout | tests/unit/job-state-manager-do.test.js > JobStateManagerDO > SSE Update Batching (Issue #157) > should reduce I/O operations for high-frequency updates
[JobStateManager] Broadcast progress to queue (0 SSE clients, 2 pending) for job job-123

stdout | tests/unit/job-state-manager-do.test.js > JobStateManagerDO > SSE Update Batching (Issue #157) > should reduce I/O operations for high-frequency updates
[JobStateManager] Broadcast progress to queue (0 SSE clients, 3 pending) for job job-123

stdout | tests/unit/job-state-manager-do.test.js > JobStateManagerDO > SSE Update Batching (Issue #157) > should reduce I/O operations for high-frequency updates
[JobStateManager] Broadcast progress to queue (0 SSE clients, 4 pending) for job job-123

stdout | tests/unit/job-state-manager-do.test.js > JobStateManagerDO > SSE Update Batching (Issue #157) > should reduce I/O operations for high-frequency updates
[JobStateManager] Flushed 5 pending updates for job job-123

stdout | tests/unit/job-state-manager-do.test.js > JobStateManagerDO > SSE Update Batching (Issue #157) > should reduce I/O operations for high-frequency updates
[JobStateManager] Broadcast progress to queue (0 SSE clients, 0 pending) for job job-123

stdout | tests/unit/job-state-manager-do.test.js > JobStateManagerDO > SSE Update Batching (Issue #157) > should reduce I/O operations for high-frequency updates
[JobStateManager] Broadcast progress to queue (0 SSE clients, 1 pending) for job job-123

stdout | tests/unit/job-state-manager-do.test.js > JobStateManagerDO > SSE Update Batching (Issue #157) > should reduce I/O operations for high-frequency updates
[JobStateManager] Broadcast progress to queue (0 SSE clients, 2 pending) for job job-123

stdout | tests/unit/job-state-manager-do.test.js > JobStateManagerDO > SSE Update Batching (Issue #157) > should reduce I/O operations for high-frequency updates
[JobStateManager] Broadcast progress to queue (0 SSE clients, 3 pending) for job job-123

stdout | tests/unit/job-state-manager-do.test.js > JobStateManagerDO > SSE Update Batching (Issue #157) > should reduce I/O operations for high-frequency updates
[JobStateManager] Broadcast progress to queue (0 SSE clients, 4 pending) for job job-123

stdout | tests/unit/job-state-manager-do.test.js > JobStateManagerDO > SSE Update Batching (Issue #157) > should reduce I/O operations for high-frequency updates
[JobStateManager] Flushed 5 pending updates for job job-123

stdout | tests/unit/job-state-manager-do.test.js > JobStateManagerDO > SSE Update Batching (Issue #157) > should reduce I/O operations for high-frequency updates
[JobStateManager] Broadcast progress to queue (0 SSE clients, 0 pending) for job job-123

stdout | tests/unit/job-state-manager-do.test.js > JobStateManagerDO > SSE Update Batching (Issue #157) > should reduce I/O operations for high-frequency updates
[JobStateManager] Broadcast progress to queue (0 SSE clients, 1 pending) for job job-123

stdout | tests/unit/job-state-manager-do.test.js > JobStateManagerDO > SSE Update Batching (Issue #157) > should reduce I/O operations for high-frequency updates
[JobStateManager] Broadcast progress to queue (0 SSE clients, 2 pending) for job job-123

stdout | tests/unit/job-state-manager-do.test.js > JobStateManagerDO > SSE Update Batching (Issue #157) > should reduce I/O operations for high-frequency updates
[JobStateManager] Broadcast progress to queue (0 SSE clients, 3 pending) for job job-123

stdout | tests/unit/job-state-manager-do.test.js > JobStateManagerDO > SSE Update Batching (Issue #157) > should reduce I/O operations for high-frequency updates
[JobStateManager] Broadcast progress to queue (0 SSE clients, 4 pending) for job job-123

stdout | tests/unit/job-state-manager-do.test.js > JobStateManagerDO > SSE Update Batching (Issue #157) > should reduce I/O operations for high-frequency updates
[JobStateManager] Flushed 5 pending updates for job job-123

stdout | tests/unit/job-state-manager-do.test.js > JobStateManagerDO > SSE Update Batching (Issue #157) > should reduce I/O operations for high-frequency updates
[JobStateManager] Broadcast progress to queue (0 SSE clients, 0 pending) for job job-123

stdout | tests/unit/job-state-manager-do.test.js > JobStateManagerDO > SSE Update Batching (Issue #157) > should reduce I/O operations for high-frequency updates
[JobStateManager] Broadcast progress to queue (0 SSE clients, 1 pending) for job job-123

stdout | tests/unit/job-state-manager-do.test.js > JobStateManagerDO > SSE Update Batching (Issue #157) > should reduce I/O operations for high-frequency updates
[JobStateManager] Broadcast progress to queue (0 SSE clients, 2 pending) for job job-123

stdout | tests/unit/job-state-manager-do.test.js > JobStateManagerDO > SSE Update Batching (Issue #157) > should reduce I/O operations for high-frequency updates
[JobStateManager] Broadcast progress to queue (0 SSE clients, 3 pending) for job job-123

stdout | tests/unit/job-state-manager-do.test.js > JobStateManagerDO > SSE Update Batching (Issue #157) > should reduce I/O operations for high-frequency updates
[JobStateManager] Broadcast progress to queue (0 SSE clients, 4 pending) for job job-123

stdout | tests/unit/job-state-manager-do.test.js > JobStateManagerDO > SSE Update Batching (Issue #157) > should reduce I/O operations for high-frequency updates
[JobStateManager] Flushed 5 pending updates for job job-123

stdout | tests/unit/job-state-manager-do.test.js > JobStateManagerDO > SSE Update Batching (Issue #157) > should reduce I/O operations for high-frequency updates
[JobStateManager] Broadcast progress to queue (0 SSE clients, 0 pending) for job job-123

stdout | tests/unit/job-state-manager-do.test.js > JobStateManagerDO > SSE Update Batching (Issue #157) > should reduce I/O operations for high-frequency updates
[JobStateManager] Broadcast progress to queue (0 SSE clients, 1 pending) for job job-123

stdout | tests/unit/job-state-manager-do.test.js > JobStateManagerDO > SSE Update Batching (Issue #157) > should reduce I/O operations for high-frequency updates
[JobStateManager] Broadcast progress to queue (0 SSE clients, 2 pending) for job job-123

stdout | tests/unit/job-state-manager-do.test.js > JobStateManagerDO > SSE Update Batching (Issue #157) > should reduce I/O operations for high-frequency updates
[JobStateManager] Broadcast progress to queue (0 SSE clients, 3 pending) for job job-123

stdout | tests/unit/job-state-manager-do.test.js > JobStateManagerDO > SSE Update Batching (Issue #157) > should reduce I/O operations for high-frequency updates
[JobStateManager] Broadcast progress to queue (0 SSE clients, 4 pending) for job job-123

stdout | tests/unit/job-state-manager-do.test.js > JobStateManagerDO > SSE Update Batching (Issue #157) > should reduce I/O operations for high-frequency updates
[JobStateManager] Flushed 5 pending updates for job job-123

stdout | tests/unit/job-state-manager-do.test.js > JobStateManagerDO > SSE Update Batching (Issue #157) > should reduce I/O operations for high-frequency updates
[JobStateManager] Broadcast progress to queue (0 SSE clients, 0 pending) for job job-123

stdout | tests/unit/job-state-manager-do.test.js > JobStateManagerDO > SSE Update Batching (Issue #157) > should reduce I/O operations for high-frequency updates
[JobStateManager] Broadcast progress to queue (0 SSE clients, 1 pending) for job job-123

stdout | tests/unit/job-state-manager-do.test.js > JobStateManagerDO > SSE Update Batching (Issue #157) > should reduce I/O operations for high-frequency updates
[JobStateManager] Broadcast progress to queue (0 SSE clients, 2 pending) for job job-123

stdout | tests/unit/job-state-manager-do.test.js > JobStateManagerDO > SSE Update Batching (Issue #157) > should reduce I/O operations for high-frequency updates
[JobStateManager] Broadcast progress to queue (0 SSE clients, 3 pending) for job job-123

stdout | tests/unit/job-state-manager-do.test.js > JobStateManagerDO > SSE Update Batching (Issue #157) > should reduce I/O operations for high-frequency updates
[JobStateManager] Broadcast progress to queue (0 SSE clients, 4 pending) for job job-123

stdout | tests/unit/job-state-manager-do.test.js > JobStateManagerDO > SSE Update Batching (Issue #157) > should reduce I/O operations for high-frequency updates
[JobStateManager] Flushed 5 pending updates for job job-123

stdout | tests/unit/job-state-manager-do.test.js > JobStateManagerDO > SSE Update Batching (Issue #157) > should reduce I/O operations for high-frequency updates
[JobStateManager] Broadcast progress to queue (0 SSE clients, 0 pending) for job job-123

stdout | tests/unit/job-state-manager-do.test.js > JobStateManagerDO > SSE Update Batching (Issue #157) > should reduce I/O operations for high-frequency updates
[JobStateManager] Broadcast progress to queue (0 SSE clients, 1 pending) for job job-123

stdout | tests/unit/job-state-manager-do.test.js > JobStateManagerDO > SSE Update Batching (Issue #157) > should reduce I/O operations for high-frequency updates
[JobStateManager] Broadcast progress to queue (0 SSE clients, 2 pending) for job job-123

stdout | tests/unit/job-state-manager-do.test.js > JobStateManagerDO > SSE Update Batching (Issue #157) > should reduce I/O operations for high-frequency updates
[JobStateManager] Broadcast progress to queue (0 SSE clients, 3 pending) for job job-123

stdout | tests/unit/job-state-manager-do.test.js > JobStateManagerDO > SSE Update Batching (Issue #157) > should reduce I/O operations for high-frequency updates
[JobStateManager] Broadcast progress to queue (0 SSE clients, 4 pending) for job job-123

stdout | tests/unit/job-state-manager-do.test.js > JobStateManagerDO > SSE Update Batching (Issue #157) > should reduce I/O operations for high-frequency updates
[JobStateManager] Flushed 5 pending updates for job job-123

stdout | tests/unit/job-state-manager-do.test.js > JobStateManagerDO > SSE Update Batching (Issue #157) > should reduce I/O operations for high-frequency updates
[JobStateManager] Broadcast progress to queue (0 SSE clients, 0 pending) for job job-123

stdout | tests/unit/job-state-manager-do.test.js > JobStateManagerDO > SSE Update Batching (Issue #157) > should reduce I/O operations for high-frequency updates
[JobStateManager] Broadcast progress to queue (0 SSE clients, 1 pending) for job job-123

stdout | tests/unit/job-state-manager-do.test.js > JobStateManagerDO > SSE Update Batching (Issue #157) > should reduce I/O operations for high-frequency updates
[JobStateManager] Broadcast progress to queue (0 SSE clients, 2 pending) for job job-123

stdout | tests/unit/job-state-manager-do.test.js > JobStateManagerDO > SSE Update Batching (Issue #157) > should reduce I/O operations for high-frequency updates
[JobStateManager] Broadcast progress to queue (0 SSE clients, 3 pending) for job job-123

stdout | tests/unit/job-state-manager-do.test.js > JobStateManagerDO > SSE Update Batching (Issue #157) > should reduce I/O operations for high-frequency updates
[JobStateManager] Broadcast progress to queue (0 SSE clients, 4 pending) for job job-123

stdout | tests/unit/job-state-manager-do.test.js > JobStateManagerDO > SSE Update Batching (Issue #157) > should reduce I/O operations for high-frequency updates
[JobStateManager] Flushed 5 pending updates for job job-123

stdout | tests/unit/job-state-manager-do.test.js > JobStateManagerDO > SSE Update Batching (Issue #157) > should reduce I/O operations for high-frequency updates
[JobStateManager] Broadcast progress to queue (0 SSE clients, 0 pending) for job job-123

stdout | tests/unit/job-state-manager-do.test.js > JobStateManagerDO > SSE Update Batching (Issue #157) > should reduce I/O operations for high-frequency updates
[JobStateManager] Broadcast progress to queue (0 SSE clients, 1 pending) for job job-123

stdout | tests/unit/job-state-manager-do.test.js > JobStateManagerDO > SSE Update Batching (Issue #157) > should reduce I/O operations for high-frequency updates
[JobStateManager] Broadcast progress to queue (0 SSE clients, 2 pending) for job job-123

stdout | tests/unit/job-state-manager-do.test.js > JobStateManagerDO > SSE Update Batching (Issue #157) > should reduce I/O operations for high-frequency updates
[JobStateManager] Broadcast progress to queue (0 SSE clients, 3 pending) for job job-123

stdout | tests/unit/job-state-manager-do.test.js > JobStateManagerDO > SSE Update Batching (Issue #157) > should reduce I/O operations for high-frequency updates
[JobStateManager] Broadcast progress to queue (0 SSE clients, 4 pending) for job job-123

stdout | tests/unit/job-state-manager-do.test.js > JobStateManagerDO > SSE Update Batching (Issue #157) > should reduce I/O operations for high-frequency updates
[JobStateManager] Flushed 5 pending updates for job job-123

stdout | tests/unit/job-state-manager-do.test.js > JobStateManagerDO > SSE Update Batching (Issue #157) > should reduce I/O operations for high-frequency updates
[JobStateManager] Broadcast progress to queue (0 SSE clients, 0 pending) for job job-123

stdout | tests/unit/job-state-manager-do.test.js > JobStateManagerDO > SSE Update Batching (Issue #157) > should reduce I/O operations for high-frequency updates
[JobStateManager] Broadcast progress to queue (0 SSE clients, 1 pending) for job job-123

stdout | tests/unit/job-state-manager-do.test.js > JobStateManagerDO > SSE Update Batching (Issue #157) > should reduce I/O operations for high-frequency updates
[JobStateManager] Broadcast progress to queue (0 SSE clients, 2 pending) for job job-123

stdout | tests/unit/job-state-manager-do.test.js > JobStateManagerDO > SSE Update Batching (Issue #157) > should reduce I/O operations for high-frequency updates
[JobStateManager] Broadcast progress to queue (0 SSE clients, 3 pending) for job job-123

stdout | tests/unit/job-state-manager-do.test.js > JobStateManagerDO > SSE Update Batching (Issue #157) > should reduce I/O operations for high-frequency updates
[JobStateManager] Broadcast progress to queue (0 SSE clients, 4 pending) for job job-123

stdout | tests/unit/job-state-manager-do.test.js > JobStateManagerDO > SSE Update Batching (Issue #157) > should reduce I/O operations for high-frequency updates
[JobStateManager] Flushed 5 pending updates for job job-123

stdout | tests/unit/job-state-manager-do.test.js > JobStateManagerDO > SSE Update Batching (Issue #157) > should reduce I/O operations for high-frequency updates
[JobStateManager] Broadcast progress to queue (0 SSE clients, 0 pending) for job job-123

stdout | tests/unit/job-state-manager-do.test.js > JobStateManagerDO > SSE Update Batching (Issue #157) > should reduce I/O operations for high-frequency updates
[JobStateManager] Broadcast progress to queue (0 SSE clients, 1 pending) for job job-123

stdout | tests/unit/job-state-manager-do.test.js > JobStateManagerDO > SSE Update Batching (Issue #157) > should reduce I/O operations for high-frequency updates
[JobStateManager] Broadcast progress to queue (0 SSE clients, 2 pending) for job job-123

stdout | tests/unit/job-state-manager-do.test.js > JobStateManagerDO > SSE Update Batching (Issue #157) > should reduce I/O operations for high-frequency updates
[JobStateManager] Broadcast progress to queue (0 SSE clients, 3 pending) for job job-123

stdout | tests/unit/job-state-manager-do.test.js > JobStateManagerDO > SSE Update Batching (Issue #157) > should reduce I/O operations for high-frequency updates
[JobStateManager] Broadcast progress to queue (0 SSE clients, 4 pending) for job job-123

stdout | tests/unit/job-state-manager-do.test.js > JobStateManagerDO > SSE Update Batching (Issue #157) > should reduce I/O operations for high-frequency updates
[JobStateManager] Flushed 5 pending updates for job job-123

stdout | tests/unit/job-state-manager-do.test.js > JobStateManagerDO > SSE Update Batching (Issue #157) > should reduce I/O operations for high-frequency updates
[JobStateManager] Broadcast progress to queue (0 SSE clients, 0 pending) for job job-123

stdout | tests/unit/job-state-manager-do.test.js > JobStateManagerDO > SSE Update Batching (Issue #157) > should reduce I/O operations for high-frequency updates
[JobStateManager] Broadcast progress to queue (0 SSE clients, 1 pending) for job job-123

stdout | tests/unit/job-state-manager-do.test.js > JobStateManagerDO > SSE Update Batching (Issue #157) > should reduce I/O operations for high-frequency updates
[JobStateManager] Broadcast progress to queue (0 SSE clients, 2 pending) for job job-123

stdout | tests/unit/job-state-manager-do.test.js > JobStateManagerDO > SSE Update Batching (Issue #157) > should reduce I/O operations for high-frequency updates
[JobStateManager] Broadcast progress to queue (0 SSE clients, 3 pending) for job job-123

stdout | tests/unit/job-state-manager-do.test.js > JobStateManagerDO > SSE Update Batching (Issue #157) > should reduce I/O operations for high-frequency updates
[JobStateManager] Broadcast progress to queue (0 SSE clients, 4 pending) for job job-123

stdout | tests/unit/job-state-manager-do.test.js > JobStateManagerDO > SSE Update Batching (Issue #157) > should reduce I/O operations for high-frequency updates
[JobStateManager] Flushed 5 pending updates for job job-123

stdout | tests/unit/job-state-manager-do.test.js > JobStateManagerDO > SSE Update Batching (Issue #157) > should reduce I/O operations for high-frequency updates
[JobStateManager] Broadcast progress to queue (0 SSE clients, 0 pending) for job job-123

stdout | tests/unit/job-state-manager-do.test.js > JobStateManagerDO > SSE Update Batching (Issue #157) > should reduce I/O operations for high-frequency updates
[JobStateManager] Broadcast progress to queue (0 SSE clients, 1 pending) for job job-123

stdout | tests/unit/job-state-manager-do.test.js > JobStateManagerDO > SSE Update Batching (Issue #157) > should reduce I/O operations for high-frequency updates
[JobStateManager] Broadcast progress to queue (0 SSE clients, 2 pending) for job job-123

stdout | tests/unit/job-state-manager-do.test.js > JobStateManagerDO > SSE Update Batching (Issue #157) > should reduce I/O operations for high-frequency updates
[JobStateManager] Broadcast progress to queue (0 SSE clients, 3 pending) for job job-123

stdout | tests/unit/job-state-manager-do.test.js > JobStateManagerDO > SSE Update Batching (Issue #157) > should reduce I/O operations for high-frequency updates
[JobStateManager] Broadcast progress to queue (0 SSE clients, 4 pending) for job job-123

stdout | tests/unit/job-state-manager-do.test.js > JobStateManagerDO > SSE Update Batching (Issue #157) > should reduce I/O operations for high-frequency updates
[JobStateManager] Flushed 5 pending updates for job job-123

stdout | tests/unit/job-state-manager-do.test.js > JobStateManagerDO > SSE Update Batching (Issue #157) > should reduce I/O operations for high-frequency updates
[JobStateManager] Broadcast progress to queue (0 SSE clients, 0 pending) for job job-123

stdout | tests/unit/job-state-manager-do.test.js > JobStateManagerDO > SSE Update Batching (Issue #157) > should reduce I/O operations for high-frequency updates
[JobStateManager] Broadcast progress to queue (0 SSE clients, 1 pending) for job job-123

stdout | tests/unit/job-state-manager-do.test.js > JobStateManagerDO > SSE Update Batching (Issue #157) > should reduce I/O operations for high-frequency updates
[JobStateManager] Broadcast progress to queue (0 SSE clients, 2 pending) for job job-123

stdout | tests/unit/job-state-manager-do.test.js > JobStateManagerDO > SSE Update Batching (Issue #157) > should reduce I/O operations for high-frequency updates
[JobStateManager] Broadcast progress to queue (0 SSE clients, 3 pending) for job job-123

stdout | tests/unit/job-state-manager-do.test.js > JobStateManagerDO > SSE Update Batching (Issue #157) > should reduce I/O operations for high-frequency updates
[JobStateManager] Broadcast progress to queue (0 SSE clients, 4 pending) for job job-123

stdout | tests/unit/job-state-manager-do.test.js > JobStateManagerDO > SSE Update Batching (Issue #157) > should reduce I/O operations for high-frequency updates
[JobStateManager] Flushed 5 pending updates for job job-123

stdout | tests/unit/job-state-manager-do.test.js > JobStateManagerDO > SSE Update Batching (Issue #157) > should reduce I/O operations for high-frequency updates
[JobStateManager] Broadcast progress to queue (0 SSE clients, 0 pending) for job job-123

stdout | tests/unit/job-state-manager-do.test.js > JobStateManagerDO > SSE Update Batching (Issue #157) > should reduce I/O operations for high-frequency updates
[JobStateManager] Broadcast progress to queue (0 SSE clients, 1 pending) for job job-123

stdout | tests/unit/job-state-manager-do.test.js > JobStateManagerDO > SSE Update Batching (Issue #157) > should reduce I/O operations for high-frequency updates
[JobStateManager] Broadcast progress to queue (0 SSE clients, 2 pending) for job job-123

stdout | tests/unit/job-state-manager-do.test.js > JobStateManagerDO > SSE Update Batching (Issue #157) > should reduce I/O operations for high-frequency updates
[JobStateManager] Broadcast progress to queue (0 SSE clients, 3 pending) for job job-123

stdout | tests/unit/job-state-manager-do.test.js > JobStateManagerDO > SSE Update Batching (Issue #157) > should reduce I/O operations for high-frequency updates
[JobStateManager] Broadcast progress to queue (0 SSE clients, 4 pending) for job job-123

stdout | tests/unit/job-state-manager-do.test.js > JobStateManagerDO > SSE Update Batching (Issue #157) > should reduce I/O operations for high-frequency updates
[JobStateManager] Flushed 5 pending updates for job job-123

stdout | tests/unit/job-state-manager-do.test.js > JobStateManagerDO > SSE Update Batching (Issue #157) > should reduce I/O operations for high-frequency updates
[JobStateManager] Broadcast progress to queue (0 SSE clients, 0 pending) for job job-123

stdout | tests/unit/job-state-manager-do.test.js > JobStateManagerDO > SSE Update Batching (Issue #157) > should reduce I/O operations for high-frequency updates
[JobStateManager] Broadcast progress to queue (0 SSE clients, 1 pending) for job job-123

stdout | tests/unit/job-state-manager-do.test.js > JobStateManagerDO > SSE Update Batching (Issue #157) > should reduce I/O operations for high-frequency updates
[JobStateManager] Broadcast progress to queue (0 SSE clients, 2 pending) for job job-123

stdout | tests/unit/job-state-manager-do.test.js > JobStateManagerDO > SSE Update Batching (Issue #157) > should reduce I/O operations for high-frequency updates
[JobStateManager] Broadcast progress to queue (0 SSE clients, 3 pending) for job job-123

stdout | tests/unit/job-state-manager-do.test.js > JobStateManagerDO > SSE Update Batching (Issue #157) > should reduce I/O operations for high-frequency updates
[JobStateManager] Broadcast progress to queue (0 SSE clients, 4 pending) for job job-123

stdout | tests/unit/job-state-manager-do.test.js > JobStateManagerDO > SSE Update Batching (Issue #157) > should reduce I/O operations for high-frequency updates
[JobStateManager] Flushed 5 pending updates for job job-123

stdout | tests/unit/job-state-manager-do.test.js > JobStateManagerDO > SSE Update Batching (Issue #157) > should reduce I/O operations for high-frequency updates
[JobStateManager] Broadcast progress to queue (0 SSE clients, 0 pending) for job job-123

stdout | tests/unit/job-state-manager-do.test.js > JobStateManagerDO > SSE Update Batching (Issue #157) > should reduce I/O operations for high-frequency updates
[JobStateManager] Broadcast progress to queue (0 SSE clients, 1 pending) for job job-123

stdout | tests/unit/job-state-manager-do.test.js > JobStateManagerDO > SSE Update Batching (Issue #157) > should reduce I/O operations for high-frequency updates
[JobStateManager] Broadcast progress to queue (0 SSE clients, 2 pending) for job job-123

stdout | tests/unit/job-state-manager-do.test.js > JobStateManagerDO > SSE Update Batching (Issue #157) > should reduce I/O operations for high-frequency updates
[JobStateManager] Broadcast progress to queue (0 SSE clients, 3 pending) for job job-123

stdout | tests/unit/job-state-manager-do.test.js > JobStateManagerDO > SSE Update Batching (Issue #157) > should reduce I/O operations for high-frequency updates
[JobStateManager] Broadcast progress to queue (0 SSE clients, 4 pending) for job job-123

stdout | tests/unit/job-state-manager-do.test.js > JobStateManagerDO > SSE Update Batching (Issue #157) > should reduce I/O operations for high-frequency updates
[JobStateManager] Flushed 5 pending updates for job job-123

stdout | tests/unit/job-state-manager-do.test.js > JobStateManagerDO > SSE Update Batching (Issue #157) > should reduce I/O operations for high-frequency updates
[JobStateManager] Broadcast progress to queue (0 SSE clients, 0 pending) for job job-123

stdout | tests/unit/job-state-manager-do.test.js > JobStateManagerDO > SSE Update Batching (Issue #157) > should reduce I/O operations for high-frequency updates
[JobStateManager] Broadcast progress to queue (0 SSE clients, 1 pending) for job job-123

stdout | tests/unit/job-state-manager-do.test.js > JobStateManagerDO > SSE Update Batching (Issue #157) > should reduce I/O operations for high-frequency updates
[JobStateManager] Broadcast progress to queue (0 SSE clients, 2 pending) for job job-123

stdout | tests/unit/job-state-manager-do.test.js > JobStateManagerDO > SSE Update Batching (Issue #157) > should reduce I/O operations for high-frequency updates
[JobStateManager] Broadcast progress to queue (0 SSE clients, 3 pending) for job job-123

stdout | tests/unit/job-state-manager-do.test.js > JobStateManagerDO > SSE Update Batching (Issue #157) > should reduce I/O operations for high-frequency updates
[JobStateManager] Broadcast progress to queue (0 SSE clients, 4 pending) for job job-123

stdout | tests/unit/job-state-manager-do.test.js > JobStateManagerDO > SSE Update Batching (Issue #157) > should reduce I/O operations for high-frequency updates
[JobStateManager] Flushed 5 pending updates for job job-123

stdout | tests/unit/job-state-manager-do.test.js > JobStateManagerDO > SSE Update Batching (Issue #157) > should reduce I/O operations for high-frequency updates
[JobStateManager] Broadcast progress to queue (0 SSE clients, 0 pending) for job job-123

stdout | tests/unit/job-state-manager-do.test.js > JobStateManagerDO > SSE Update Batching (Issue #157) > should reduce I/O operations for high-frequency updates
[JobStateManager] Broadcast progress to queue (0 SSE clients, 1 pending) for job job-123

stdout | tests/unit/job-state-manager-do.test.js > JobStateManagerDO > SSE Update Batching (Issue #157) > should reduce I/O operations for high-frequency updates
[JobStateManager] Broadcast progress to queue (0 SSE clients, 2 pending) for job job-123

stdout | tests/unit/job-state-manager-do.test.js > JobStateManagerDO > SSE Update Batching (Issue #157) > should reduce I/O operations for high-frequency updates
[JobStateManager] Broadcast progress to queue (0 SSE clients, 3 pending) for job job-123

stdout | tests/unit/job-state-manager-do.test.js > JobStateManagerDO > SSE Update Batching (Issue #157) > should reduce I/O operations for high-frequency updates
[JobStateManager] Broadcast progress to queue (0 SSE clients, 4 pending) for job job-123

stdout | tests/unit/job-state-manager-do.test.js > JobStateManagerDO > SSE Update Batching (Issue #157) > should reduce I/O operations for high-frequency updates
[JobStateManager] Flushed 5 pending updates for job job-123

stdout | tests/unit/job-state-manager-do.test.js > JobStateManagerDO > SSE Update Batching (Issue #157) > should reduce I/O operations for high-frequency updates
[JobStateManager] Broadcast progress to queue (0 SSE clients, 0 pending) for job job-123

stdout | tests/unit/job-state-manager-do.test.js > JobStateManagerDO > SSE Update Batching (Issue #157) > should reduce I/O operations for high-frequency updates
[JobStateManager] Broadcast progress to queue (0 SSE clients, 1 pending) for job job-123

stdout | tests/unit/job-state-manager-do.test.js > JobStateManagerDO > SSE Update Batching (Issue #157) > should reduce I/O operations for high-frequency updates
[JobStateManager] Broadcast progress to queue (0 SSE clients, 2 pending) for job job-123

stdout | tests/unit/job-state-manager-do.test.js > JobStateManagerDO > SSE Update Batching (Issue #157) > should reduce I/O operations for high-frequency updates
[JobStateManager] Broadcast progress to queue (0 SSE clients, 3 pending) for job job-123

stdout | tests/unit/job-state-manager-do.test.js > JobStateManagerDO > SSE Update Batching (Issue #157) > should reduce I/O operations for high-frequency updates
[JobStateManager] Broadcast progress to queue (0 SSE clients, 4 pending) for job job-123

stdout | tests/unit/job-state-manager-do.test.js > JobStateManagerDO > SSE Update Batching (Issue #157) > should reduce I/O operations for high-frequency updates
[JobStateManager] Flushed 5 pending updates for job job-123

stdout | tests/unit/job-state-manager-do.test.js > JobStateManagerDO > SSE Update Batching (Issue #157) > should reduce I/O operations for high-frequency updates
[JobStateManager] Broadcast progress to queue (0 SSE clients, 0 pending) for job job-123

stdout | tests/unit/job-state-manager-do.test.js > JobStateManagerDO > SSE Update Batching (Issue #157) > should reduce I/O operations for high-frequency updates
[JobStateManager] Broadcast progress to queue (0 SSE clients, 1 pending) for job job-123

stdout | tests/unit/job-state-manager-do.test.js > JobStateManagerDO > SSE Update Batching (Issue #157) > should reduce I/O operations for high-frequency updates
[JobStateManager] Broadcast progress to queue (0 SSE clients, 2 pending) for job job-123

stdout | tests/unit/job-state-manager-do.test.js > JobStateManagerDO > SSE Update Batching (Issue #157) > should reduce I/O operations for high-frequency updates
[JobStateManager] Broadcast progress to queue (0 SSE clients, 3 pending) for job job-123

stdout | tests/unit/job-state-manager-do.test.js > JobStateManagerDO > SSE Update Batching (Issue #157) > should reduce I/O operations for high-frequency updates
[JobStateManager] Broadcast progress to queue (0 SSE clients, 4 pending) for job job-123

stdout | tests/unit/job-state-manager-do.test.js > JobStateManagerDO > SSE Update Batching (Issue #157) > should reduce I/O operations for high-frequency updates
[JobStateManager] Flushed 5 pending updates for job job-123

stdout | tests/unit/job-state-manager-do.test.js > JobStateManagerDO > SSE Update Batching (Issue #157) > should reduce I/O operations for high-frequency updates
[JobStateManager] Broadcast progress to queue (0 SSE clients, 0 pending) for job job-123

stdout | tests/unit/job-state-manager-do.test.js > JobStateManagerDO > SSE Update Batching (Issue #157) > should reduce I/O operations for high-frequency updates
[JobStateManager] Broadcast progress to queue (0 SSE clients, 1 pending) for job job-123

stdout | tests/unit/job-state-manager-do.test.js > JobStateManagerDO > SSE Update Batching (Issue #157) > should reduce I/O operations for high-frequency updates
[JobStateManager] Broadcast progress to queue (0 SSE clients, 2 pending) for job job-123

stdout | tests/unit/job-state-manager-do.test.js > JobStateManagerDO > SSE Update Batching (Issue #157) > should reduce I/O operations for high-frequency updates
[JobStateManager] Broadcast progress to queue (0 SSE clients, 3 pending) for job job-123

stdout | tests/unit/job-state-manager-do.test.js > JobStateManagerDO > SSE Update Batching (Issue #157) > should reduce I/O operations for high-frequency updates
[JobStateManager] Broadcast progress to queue (0 SSE clients, 4 pending) for job job-123

stdout | tests/unit/job-state-manager-do.test.js > JobStateManagerDO > SSE Update Batching (Issue #157) > should reduce I/O operations for high-frequency updates
[JobStateManager] Flushed 5 pending updates for job job-123

stdout | tests/unit/job-state-manager-do.test.js > JobStateManagerDO > SSE Update Batching (Issue #157) > should reduce I/O operations for high-frequency updates
[JobStateManager] Broadcast progress to queue (0 SSE clients, 0 pending) for job job-123

stdout | tests/unit/job-state-manager-do.test.js > JobStateManagerDO > SSE Update Batching (Issue #157) > should reduce I/O operations for high-frequency updates
[JobStateManager] Broadcast progress to queue (0 SSE clients, 1 pending) for job job-123

stdout | tests/unit/job-state-manager-do.test.js > JobStateManagerDO > SSE Update Batching (Issue #157) > should reduce I/O operations for high-frequency updates
[JobStateManager] Broadcast progress to queue (0 SSE clients, 2 pending) for job job-123

stdout | tests/unit/job-state-manager-do.test.js > JobStateManagerDO > SSE Update Batching (Issue #157) > should reduce I/O operations for high-frequency updates
[JobStateManager] Broadcast progress to queue (0 SSE clients, 3 pending) for job job-123

stdout | tests/unit/job-state-manager-do.test.js > JobStateManagerDO > SSE Update Batching (Issue #157) > should reduce I/O operations for high-frequency updates
[JobStateManager] Broadcast progress to queue (0 SSE clients, 4 pending) for job job-123

stdout | tests/unit/job-state-manager-do.test.js > JobStateManagerDO > SSE Update Batching (Issue #157) > should reduce I/O operations for high-frequency updates
[JobStateManager] Flushed 5 pending updates for job job-123

stdout | tests/unit/job-state-manager-do.test.js > JobStateManagerDO > SSE Update Batching (Issue #157) > should reduce I/O operations for high-frequency updates
[JobStateManager] Broadcast progress to queue (0 SSE clients, 0 pending) for job job-123

stdout | tests/unit/job-state-manager-do.test.js > JobStateManagerDO > SSE Update Batching (Issue #157) > should reduce I/O operations for high-frequency updates
[JobStateManager] Broadcast progress to queue (0 SSE clients, 1 pending) for job job-123

stdout | tests/unit/job-state-manager-do.test.js > JobStateManagerDO > SSE Update Batching (Issue #157) > should reduce I/O operations for high-frequency updates
[JobStateManager] Broadcast progress to queue (0 SSE clients, 2 pending) for job job-123

stdout | tests/unit/job-state-manager-do.test.js > JobStateManagerDO > SSE Update Batching (Issue #157) > should reduce I/O operations for high-frequency updates
[JobStateManager] Broadcast progress to queue (0 SSE clients, 3 pending) for job job-123

stdout | tests/unit/job-state-manager-do.test.js > JobStateManagerDO > SSE Update Batching (Issue #157) > should reduce I/O operations for high-frequency updates
[JobStateManager] Broadcast progress to queue (0 SSE clients, 4 pending) for job job-123

stdout | tests/unit/job-state-manager-do.test.js > JobStateManagerDO > SSE Update Batching (Issue #157) > should reduce I/O operations for high-frequency updates
[JobStateManager] Flushed 5 pending updates for job job-123

stdout | tests/unit/job-state-manager-do.test.js > JobStateManagerDO > SSE Update Batching (Issue #157) > should reduce I/O operations for high-frequency updates
[JobStateManager] Broadcast progress to queue (0 SSE clients, 0 pending) for job job-123

stdout | tests/unit/job-state-manager-do.test.js > JobStateManagerDO > SSE Update Batching (Issue #157) > should reduce I/O operations for high-frequency updates
[JobStateManager] Broadcast progress to queue (0 SSE clients, 1 pending) for job job-123

stdout | tests/unit/job-state-manager-do.test.js > JobStateManagerDO > SSE Update Batching (Issue #157) > should reduce I/O operations for high-frequency updates
[JobStateManager] Broadcast progress to queue (0 SSE clients, 2 pending) for job job-123

stdout | tests/unit/job-state-manager-do.test.js > JobStateManagerDO > SSE Update Batching (Issue #157) > should reduce I/O operations for high-frequency updates
[JobStateManager] Broadcast progress to queue (0 SSE clients, 3 pending) for job job-123

stdout | tests/unit/job-state-manager-do.test.js > JobStateManagerDO > SSE Update Batching (Issue #157) > should reduce I/O operations for high-frequency updates
[JobStateManager] Broadcast progress to queue (0 SSE clients, 4 pending) for job job-123

stdout | tests/unit/job-state-manager-do.test.js > JobStateManagerDO > SSE Update Batching (Issue #157) > should reduce I/O operations for high-frequency updates
[JobStateManager] Flushed 5 pending updates for job job-123

stdout | tests/unit/job-state-manager-do.test.js > JobStateManagerDO > SSE Update Batching (Issue #157) > should reduce I/O operations for high-frequency updates
[JobStateManager] Broadcast progress to queue (0 SSE clients, 0 pending) for job job-123

stdout | tests/unit/job-state-manager-do.test.js > JobStateManagerDO > SSE Update Batching (Issue #157) > should reduce I/O operations for high-frequency updates
[JobStateManager] Broadcast progress to queue (0 SSE clients, 1 pending) for job job-123

stdout | tests/unit/job-state-manager-do.test.js > JobStateManagerDO > SSE Update Batching (Issue #157) > should reduce I/O operations for high-frequency updates
[JobStateManager] Broadcast progress to queue (0 SSE clients, 2 pending) for job job-123

stdout | tests/unit/job-state-manager-do.test.js > JobStateManagerDO > SSE Update Batching (Issue #157) > should reduce I/O operations for high-frequency updates
[JobStateManager] Broadcast progress to queue (0 SSE clients, 3 pending) for job job-123

stdout | tests/unit/job-state-manager-do.test.js > JobStateManagerDO > SSE Update Batching (Issue #157) > should reduce I/O operations for high-frequency updates
[JobStateManager] Broadcast progress to queue (0 SSE clients, 4 pending) for job job-123

stdout | tests/unit/job-state-manager-do.test.js > JobStateManagerDO > SSE Update Batching (Issue #157) > should reduce I/O operations for high-frequency updates
[JobStateManager] Flushed 5 pending updates for job job-123

stdout | tests/unit/job-state-manager-do.test.js > JobStateManagerDO > SSE Update Batching (Issue #157) > should reduce I/O operations for high-frequency updates
[JobStateManager] Broadcast progress to queue (0 SSE clients, 0 pending) for job job-123

stdout | tests/unit/job-state-manager-do.test.js > JobStateManagerDO > SSE Update Batching (Issue #157) > should reduce I/O operations for high-frequency updates
[JobStateManager] Broadcast progress to queue (0 SSE clients, 1 pending) for job job-123

stdout | tests/unit/job-state-manager-do.test.js > JobStateManagerDO > SSE Update Batching (Issue #157) > should reduce I/O operations for high-frequency updates
[JobStateManager] Broadcast progress to queue (0 SSE clients, 2 pending) for job job-123

stdout | tests/unit/job-state-manager-do.test.js > JobStateManagerDO > SSE Update Batching (Issue #157) > should reduce I/O operations for high-frequency updates
[JobStateManager] Broadcast progress to queue (0 SSE clients, 3 pending) for job job-123

stdout | tests/unit/job-state-manager-do.test.js > JobStateManagerDO > SSE Update Batching (Issue #157) > should reduce I/O operations for high-frequency updates
[JobStateManager] Broadcast progress to queue (0 SSE clients, 4 pending) for job job-123

stdout | tests/unit/job-state-manager-do.test.js > JobStateManagerDO > SSE Update Batching (Issue #157) > should reduce I/O operations for high-frequency updates
[JobStateManager] Flushed 5 pending updates for job job-123

stdout | tests/unit/job-state-manager-do.test.js > JobStateManagerDO > SSE Update Batching (Issue #157) > should reduce I/O operations for high-frequency updates
[JobStateManager] Broadcast progress to queue (0 SSE clients, 0 pending) for job job-123

stdout | tests/unit/job-state-manager-do.test.js > JobStateManagerDO > SSE Update Batching (Issue #157) > should reduce I/O operations for high-frequency updates
[JobStateManager] Broadcast progress to queue (0 SSE clients, 1 pending) for job job-123

stdout | tests/unit/job-state-manager-do.test.js > JobStateManagerDO > SSE Update Batching (Issue #157) > should reduce I/O operations for high-frequency updates
[JobStateManager] Broadcast progress to queue (0 SSE clients, 2 pending) for job job-123

stdout | tests/unit/job-state-manager-do.test.js > JobStateManagerDO > SSE Update Batching (Issue #157) > should reduce I/O operations for high-frequency updates
[JobStateManager] Broadcast progress to queue (0 SSE clients, 3 pending) for job job-123

stdout | tests/unit/job-state-manager-do.test.js > JobStateManagerDO > SSE Update Batching (Issue #157) > should reduce I/O operations for high-frequency updates
[JobStateManager] Broadcast progress to queue (0 SSE clients, 4 pending) for job job-123

stdout | tests/unit/job-state-manager-do.test.js > JobStateManagerDO > SSE Update Batching (Issue #157) > should reduce I/O operations for high-frequency updates
[JobStateManager] Flushed 5 pending updates for job job-123

stdout | tests/unit/job-state-manager-do.test.js > JobStateManagerDO > SSE Update Batching (Issue #157) > should reduce I/O operations for high-frequency updates
[JobStateManager] Broadcast progress to queue (0 SSE clients, 0 pending) for job job-123

stdout | tests/unit/job-state-manager-do.test.js > JobStateManagerDO > SSE Update Batching (Issue #157) > should reduce I/O operations for high-frequency updates
[JobStateManager] Broadcast progress to queue (0 SSE clients, 1 pending) for job job-123

stdout | tests/unit/job-state-manager-do.test.js > JobStateManagerDO > SSE Update Batching (Issue #157) > should reduce I/O operations for high-frequency updates
[JobStateManager] Broadcast progress to queue (0 SSE clients, 2 pending) for job job-123

stdout | tests/unit/job-state-manager-do.test.js > JobStateManagerDO > SSE Update Batching (Issue #157) > should reduce I/O operations for high-frequency updates
[JobStateManager] Broadcast progress to queue (0 SSE clients, 3 pending) for job job-123

stdout | tests/unit/job-state-manager-do.test.js > JobStateManagerDO > SSE Update Batching (Issue #157) > should reduce I/O operations for high-frequency updates
[JobStateManager] Broadcast progress to queue (0 SSE clients, 4 pending) for job job-123

stdout | tests/unit/job-state-manager-do.test.js > JobStateManagerDO > SSE Update Batching (Issue #157) > should reduce I/O operations for high-frequency updates
[JobStateManager] Flushed 5 pending updates for job job-123

stdout | tests/unit/job-state-manager-do.test.js > JobStateManagerDO > SSE Update Batching (Issue #157) > should reduce I/O operations for high-frequency updates
[JobStateManager] Broadcast progress to queue (0 SSE clients, 0 pending) for job job-123

stdout | tests/unit/job-state-manager-do.test.js > JobStateManagerDO > SSE Update Batching (Issue #157) > should reduce I/O operations for high-frequency updates
[JobStateManager] Broadcast progress to queue (0 SSE clients, 1 pending) for job job-123

stdout | tests/unit/job-state-manager-do.test.js > JobStateManagerDO > SSE Update Batching (Issue #157) > should reduce I/O operations for high-frequency updates
[JobStateManager] Broadcast progress to queue (0 SSE clients, 2 pending) for job job-123

stdout | tests/unit/job-state-manager-do.test.js > JobStateManagerDO > SSE Update Batching (Issue #157) > should reduce I/O operations for high-frequency updates
[JobStateManager] Broadcast progress to queue (0 SSE clients, 3 pending) for job job-123

stdout | tests/unit/job-state-manager-do.test.js > JobStateManagerDO > SSE Update Batching (Issue #157) > should reduce I/O operations for high-frequency updates
[JobStateManager] Broadcast progress to queue (0 SSE clients, 4 pending) for job job-123

stdout | tests/unit/job-state-manager-do.test.js > JobStateManagerDO > SSE Update Batching (Issue #157) > should reduce I/O operations for high-frequency updates
[JobStateManager] Flushed 5 pending updates for job job-123

stdout | tests/unit/job-state-manager-do.test.js > JobStateManagerDO > SSE Update Batching (Issue #157) > should reduce I/O operations for high-frequency updates
[JobStateManager] Broadcast progress to queue (0 SSE clients, 0 pending) for job job-123

stdout | tests/unit/job-state-manager-do.test.js > JobStateManagerDO > SSE Update Batching (Issue #157) > should reduce I/O operations for high-frequency updates
[JobStateManager] Broadcast progress to queue (0 SSE clients, 1 pending) for job job-123

stdout | tests/unit/job-state-manager-do.test.js > JobStateManagerDO > SSE Update Batching (Issue #157) > should reduce I/O operations for high-frequency updates
[JobStateManager] Broadcast progress to queue (0 SSE clients, 2 pending) for job job-123

stdout | tests/unit/job-state-manager-do.test.js > JobStateManagerDO > SSE Update Batching (Issue #157) > should reduce I/O operations for high-frequency updates
[JobStateManager] Broadcast progress to queue (0 SSE clients, 3 pending) for job job-123

stdout | tests/unit/job-state-manager-do.test.js > JobStateManagerDO > SSE Update Batching (Issue #157) > should reduce I/O operations for high-frequency updates
[JobStateManager] Broadcast progress to queue (0 SSE clients, 4 pending) for job job-123

stdout | tests/unit/job-state-manager-do.test.js > JobStateManagerDO > SSE Update Batching (Issue #157) > should reduce I/O operations for high-frequency updates
[JobStateManager] Flushed 5 pending updates for job job-123

stdout | tests/unit/job-state-manager-do.test.js > JobStateManagerDO > SSE Update Batching (Issue #157) > should reduce I/O operations for high-frequency updates
[JobStateManager] Broadcast progress to queue (0 SSE clients, 0 pending) for job job-123

stdout | tests/unit/job-state-manager-do.test.js > JobStateManagerDO > SSE Update Batching (Issue #157) > should reduce I/O operations for high-frequency updates
[JobStateManager] Broadcast progress to queue (0 SSE clients, 1 pending) for job job-123

stdout | tests/unit/job-state-manager-do.test.js > JobStateManagerDO > SSE Update Batching (Issue #157) > should reduce I/O operations for high-frequency updates
[JobStateManager] Broadcast progress to queue (0 SSE clients, 2 pending) for job job-123

stdout | tests/unit/job-state-manager-do.test.js > JobStateManagerDO > SSE Update Batching (Issue #157) > should reduce I/O operations for high-frequency updates
[JobStateManager] Broadcast progress to queue (0 SSE clients, 3 pending) for job job-123

stdout | tests/unit/job-state-manager-do.test.js > JobStateManagerDO > SSE Update Batching (Issue #157) > should reduce I/O operations for high-frequency updates
[JobStateManager] Broadcast progress to queue (0 SSE clients, 4 pending) for job job-123

stdout | tests/unit/job-state-manager-do.test.js > JobStateManagerDO > SSE Update Batching (Issue #157) > should reduce I/O operations for high-frequency updates
[JobStateManager] Flushed 5 pending updates for job job-123

stdout | tests/unit/job-state-manager-do.test.js > JobStateManagerDO > SSE Update Batching (Issue #157) > should reduce I/O operations for high-frequency updates
[JobStateManager] Broadcast progress to queue (0 SSE clients, 0 pending) for job job-123

stdout | tests/unit/job-state-manager-do.test.js > JobStateManagerDO > SSE Update Batching (Issue #157) > should reduce I/O operations for high-frequency updates
[JobStateManager] Broadcast progress to queue (0 SSE clients, 1 pending) for job job-123

stdout | tests/unit/job-state-manager-do.test.js > JobStateManagerDO > SSE Update Batching (Issue #157) > should reduce I/O operations for high-frequency updates
[JobStateManager] Broadcast progress to queue (0 SSE clients, 2 pending) for job job-123

stdout | tests/unit/job-state-manager-do.test.js > JobStateManagerDO > SSE Update Batching (Issue #157) > should reduce I/O operations for high-frequency updates
[JobStateManager] Broadcast progress to queue (0 SSE clients, 3 pending) for job job-123

stdout | tests/unit/job-state-manager-do.test.js > JobStateManagerDO > SSE Update Batching (Issue #157) > should reduce I/O operations for high-frequency updates
[JobStateManager] Broadcast progress to queue (0 SSE clients, 4 pending) for job job-123

stdout | tests/unit/job-state-manager-do.test.js > JobStateManagerDO > SSE Update Batching (Issue #157) > should reduce I/O operations for high-frequency updates
[JobStateManager] Flushed 5 pending updates for job job-123

stdout | tests/unit/job-state-manager-do.test.js > JobStateManagerDO > SSE Update Batching (Issue #157) > should reduce I/O operations for high-frequency updates
[JobStateManager] Broadcast progress to queue (0 SSE clients, 0 pending) for job job-123

stdout | tests/unit/job-state-manager-do.test.js > JobStateManagerDO > SSE Update Batching (Issue #157) > should reduce I/O operations for high-frequency updates
[JobStateManager] Broadcast progress to queue (0 SSE clients, 1 pending) for job job-123

stdout | tests/unit/job-state-manager-do.test.js > JobStateManagerDO > SSE Update Batching (Issue #157) > should reduce I/O operations for high-frequency updates
[JobStateManager] Broadcast progress to queue (0 SSE clients, 2 pending) for job job-123

stdout | tests/unit/job-state-manager-do.test.js > JobStateManagerDO > SSE Update Batching (Issue #157) > should reduce I/O operations for high-frequency updates
[JobStateManager] Broadcast progress to queue (0 SSE clients, 3 pending) for job job-123

stdout | tests/unit/job-state-manager-do.test.js > JobStateManagerDO > SSE Update Batching (Issue #157) > should reduce I/O operations for high-frequency updates
[JobStateManager] Broadcast progress to queue (0 SSE clients, 4 pending) for job job-123

stdout | tests/unit/job-state-manager-do.test.js > JobStateManagerDO > SSE Update Batching (Issue #157) > should reduce I/O operations for high-frequency updates
[JobStateManager] Flushed 5 pending updates for job job-123

stdout | tests/unit/job-state-manager-do.test.js > JobStateManagerDO > SSE Update Batching (Issue #157) > should reduce I/O operations for high-frequency updates
[JobStateManager] Broadcast progress to queue (0 SSE clients, 0 pending) for job job-123

stdout | tests/unit/job-state-manager-do.test.js > JobStateManagerDO > SSE Update Batching (Issue #157) > should reduce I/O operations for high-frequency updates
[JobStateManager] Broadcast progress to queue (0 SSE clients, 1 pending) for job job-123

stdout | tests/unit/job-state-manager-do.test.js > JobStateManagerDO > SSE Update Batching (Issue #157) > should reduce I/O operations for high-frequency updates
[JobStateManager] Broadcast progress to queue (0 SSE clients, 2 pending) for job job-123

stdout | tests/unit/job-state-manager-do.test.js > JobStateManagerDO > SSE Update Batching (Issue #157) > should reduce I/O operations for high-frequency updates
[JobStateManager] Broadcast progress to queue (0 SSE clients, 3 pending) for job job-123

stdout | tests/unit/job-state-manager-do.test.js > JobStateManagerDO > SSE Update Batching (Issue #157) > should reduce I/O operations for high-frequency updates
[JobStateManager] Broadcast progress to queue (0 SSE clients, 4 pending) for job job-123

stdout | tests/unit/job-state-manager-do.test.js > JobStateManagerDO > SSE Update Batching (Issue #157) > should reduce I/O operations for high-frequency updates
[JobStateManager] Flushed 5 pending updates for job job-123

stdout | tests/unit/job-state-manager-do.test.js > JobStateManagerDO > SSE Update Batching (Issue #157) > should reduce I/O operations for high-frequency updates
[JobStateManager] Broadcast progress to queue (0 SSE clients, 0 pending) for job job-123

stdout | tests/unit/job-state-manager-do.test.js > JobStateManagerDO > SSE Update Batching (Issue #157) > should reduce I/O operations for high-frequency updates
[JobStateManager] Broadcast progress to queue (0 SSE clients, 1 pending) for job job-123

stdout | tests/unit/job-state-manager-do.test.js > JobStateManagerDO > SSE Update Batching (Issue #157) > should reduce I/O operations for high-frequency updates
[JobStateManager] Broadcast progress to queue (0 SSE clients, 2 pending) for job job-123

stdout | tests/unit/job-state-manager-do.test.js > JobStateManagerDO > SSE Update Batching (Issue #157) > should reduce I/O operations for high-frequency updates
[JobStateManager] Broadcast progress to queue (0 SSE clients, 3 pending) for job job-123

stdout | tests/unit/job-state-manager-do.test.js > JobStateManagerDO > SSE Update Batching (Issue #157) > should reduce I/O operations for high-frequency updates
[JobStateManager] Broadcast progress to queue (0 SSE clients, 4 pending) for job job-123

stdout | tests/unit/job-state-manager-do.test.js > JobStateManagerDO > SSE Update Batching (Issue #157) > should reduce I/O operations for high-frequency updates
[JobStateManager] Flushed 5 pending updates for job job-123

stdout | tests/unit/job-state-manager-do.test.js > JobStateManagerDO > SSE Update Batching (Issue #157) > should reduce I/O operations for high-frequency updates
[JobStateManager] Broadcast progress to queue (0 SSE clients, 0 pending) for job job-123

stdout | tests/unit/job-state-manager-do.test.js > JobStateManagerDO > SSE Update Batching (Issue #157) > should reduce I/O operations for high-frequency updates
[JobStateManager] Broadcast progress to queue (0 SSE clients, 1 pending) for job job-123

stdout | tests/unit/job-state-manager-do.test.js > JobStateManagerDO > SSE Update Batching (Issue #157) > should reduce I/O operations for high-frequency updates
[JobStateManager] Broadcast progress to queue (0 SSE clients, 2 pending) for job job-123

stdout | tests/unit/job-state-manager-do.test.js > JobStateManagerDO > SSE Update Batching (Issue #157) > should reduce I/O operations for high-frequency updates
[JobStateManager] Broadcast progress to queue (0 SSE clients, 3 pending) for job job-123

stdout | tests/unit/job-state-manager-do.test.js > JobStateManagerDO > SSE Update Batching (Issue #157) > should reduce I/O operations for high-frequency updates
[JobStateManager] Broadcast progress to queue (0 SSE clients, 4 pending) for job job-123

stdout | tests/unit/job-state-manager-do.test.js > JobStateManagerDO > SSE Update Batching (Issue #157) > should reduce I/O operations for high-frequency updates
[JobStateManager] Flushed 5 pending updates for job job-123

stdout | tests/unit/job-state-manager-do.test.js > JobStateManagerDO > SSE Update Batching (Issue #157) > should reduce I/O operations for high-frequency updates
[JobStateManager] Broadcast progress to queue (0 SSE clients, 0 pending) for job job-123

stdout | tests/unit/job-state-manager-do.test.js > JobStateManagerDO > SSE Update Batching (Issue #157) > should reduce I/O operations for high-frequency updates
[JobStateManager] Broadcast progress to queue (0 SSE clients, 1 pending) for job job-123

stdout | tests/unit/job-state-manager-do.test.js > JobStateManagerDO > SSE Update Batching (Issue #157) > should reduce I/O operations for high-frequency updates
[JobStateManager] Broadcast progress to queue (0 SSE clients, 2 pending) for job job-123

stdout | tests/unit/job-state-manager-do.test.js > JobStateManagerDO > SSE Update Batching (Issue #157) > should reduce I/O operations for high-frequency updates
[JobStateManager] Broadcast progress to queue (0 SSE clients, 3 pending) for job job-123

stdout | tests/unit/job-state-manager-do.test.js > JobStateManagerDO > SSE Update Batching (Issue #157) > should reduce I/O operations for high-frequency updates
[JobStateManager] Broadcast progress to queue (0 SSE clients, 4 pending) for job job-123

stdout | tests/unit/job-state-manager-do.test.js > JobStateManagerDO > SSE Update Batching (Issue #157) > should reduce I/O operations for high-frequency updates
[JobStateManager] Flushed 5 pending updates for job job-123

stdout | tests/unit/job-state-manager-do.test.js > JobStateManagerDO > SSE Update Batching (Issue #157) > should reduce I/O operations for high-frequency updates
[JobStateManager] Broadcast progress to queue (0 SSE clients, 0 pending) for job job-123

stdout | tests/unit/job-state-manager-do.test.js > JobStateManagerDO > SSE Update Batching (Issue #157) > should reduce I/O operations for high-frequency updates
[JobStateManager] Broadcast progress to queue (0 SSE clients, 1 pending) for job job-123

stdout | tests/unit/job-state-manager-do.test.js > JobStateManagerDO > SSE Update Batching (Issue #157) > should reduce I/O operations for high-frequency updates
[JobStateManager] Broadcast progress to queue (0 SSE clients, 2 pending) for job job-123

stdout | tests/unit/job-state-manager-do.test.js > JobStateManagerDO > SSE Update Batching (Issue #157) > should reduce I/O operations for high-frequency updates
[JobStateManager] Broadcast progress to queue (0 SSE clients, 3 pending) for job job-123

stdout | tests/unit/job-state-manager-do.test.js > JobStateManagerDO > SSE Update Batching (Issue #157) > should reduce I/O operations for high-frequency updates
[JobStateManager] Broadcast progress to queue (0 SSE clients, 4 pending) for job job-123

stdout | tests/unit/job-state-manager-do.test.js > JobStateManagerDO > SSE Update Batching (Issue #157) > should reduce I/O operations for high-frequency updates
[JobStateManager] Flushed 5 pending updates for job job-123

stdout | tests/unit/job-state-manager-do.test.js > JobStateManagerDO > SSE Update Batching (Issue #157) > should reduce I/O operations for high-frequency updates
[JobStateManager] Broadcast progress to queue (0 SSE clients, 0 pending) for job job-123

stdout | tests/unit/job-state-manager-do.test.js > JobStateManagerDO > SSE Update Batching (Issue #157) > should reduce I/O operations for high-frequency updates
[JobStateManager] Broadcast progress to queue (0 SSE clients, 1 pending) for job job-123

stdout | tests/unit/job-state-manager-do.test.js > JobStateManagerDO > SSE Update Batching (Issue #157) > should reduce I/O operations for high-frequency updates
[JobStateManager] Broadcast progress to queue (0 SSE clients, 2 pending) for job job-123

stdout | tests/unit/job-state-manager-do.test.js > JobStateManagerDO > SSE Update Batching (Issue #157) > should reduce I/O operations for high-frequency updates
[JobStateManager] Broadcast progress to queue (0 SSE clients, 3 pending) for job job-123

stdout | tests/unit/job-state-manager-do.test.js > JobStateManagerDO > SSE Update Batching (Issue #157) > should reduce I/O operations for high-frequency updates
[JobStateManager] Broadcast progress to queue (0 SSE clients, 4 pending) for job job-123

stdout | tests/unit/job-state-manager-do.test.js > JobStateManagerDO > SSE Update Batching (Issue #157) > should reduce I/O operations for high-frequency updates
[JobStateManager] Flushed 5 pending updates for job job-123

stdout | tests/unit/job-state-manager-do.test.js > JobStateManagerDO > SSE Update Batching (Issue #157) > should reduce I/O operations for high-frequency updates
[JobStateManager] Broadcast progress to queue (0 SSE clients, 0 pending) for job job-123

stdout | tests/unit/job-state-manager-do.test.js > JobStateManagerDO > SSE Update Batching (Issue #157) > should reduce I/O operations for high-frequency updates
[JobStateManager] Broadcast progress to queue (0 SSE clients, 1 pending) for job job-123

stdout | tests/unit/job-state-manager-do.test.js > JobStateManagerDO > SSE Update Batching (Issue #157) > should reduce I/O operations for high-frequency updates
[JobStateManager] Broadcast progress to queue (0 SSE clients, 2 pending) for job job-123

stdout | tests/unit/job-state-manager-do.test.js > JobStateManagerDO > SSE Update Batching (Issue #157) > should reduce I/O operations for high-frequency updates
[JobStateManager] Broadcast progress to queue (0 SSE clients, 3 pending) for job job-123

stdout | tests/unit/job-state-manager-do.test.js > JobStateManagerDO > SSE Update Batching (Issue #157) > should reduce I/O operations for high-frequency updates
[JobStateManager] Broadcast progress to queue (0 SSE clients, 4 pending) for job job-123

stdout | tests/unit/job-state-manager-do.test.js > JobStateManagerDO > SSE Update Batching (Issue #157) > should reduce I/O operations for high-frequency updates
[JobStateManager] Flushed 5 pending updates for job job-123

stdout | tests/unit/job-state-manager-do.test.js > JobStateManagerDO > SSE Update Batching (Issue #157) > should reduce I/O operations for high-frequency updates
[JobStateManager] Broadcast progress to queue (0 SSE clients, 0 pending) for job job-123

stdout | tests/unit/job-state-manager-do.test.js > JobStateManagerDO > SSE Update Batching (Issue #157) > should reduce I/O operations for high-frequency updates
[JobStateManager] Broadcast progress to queue (0 SSE clients, 1 pending) for job job-123

stdout | tests/unit/job-state-manager-do.test.js > JobStateManagerDO > SSE Update Batching (Issue #157) > should reduce I/O operations for high-frequency updates
[JobStateManager] Broadcast progress to queue (0 SSE clients, 2 pending) for job job-123

stdout | tests/unit/job-state-manager-do.test.js > JobStateManagerDO > SSE Update Batching (Issue #157) > should reduce I/O operations for high-frequency updates
[JobStateManager] Broadcast progress to queue (0 SSE clients, 3 pending) for job job-123

stdout | tests/unit/job-state-manager-do.test.js > JobStateManagerDO > SSE Update Batching (Issue #157) > should reduce I/O operations for high-frequency updates
[JobStateManager] Broadcast progress to queue (0 SSE clients, 4 pending) for job job-123

stdout | tests/unit/job-state-manager-do.test.js > JobStateManagerDO > SSE Update Batching (Issue #157) > should reduce I/O operations for high-frequency updates
[JobStateManager] Flushed 5 pending updates for job job-123

stdout | tests/unit/job-state-manager-do.test.js > JobStateManagerDO > SSE Update Batching (Issue #157) > should reduce I/O operations for high-frequency updates
[JobStateManager] Broadcast progress to queue (0 SSE clients, 0 pending) for job job-123

stdout | tests/unit/job-state-manager-do.test.js > JobStateManagerDO > SSE Update Batching (Issue #157) > should reduce I/O operations for high-frequency updates
[JobStateManager] Broadcast progress to queue (0 SSE clients, 1 pending) for job job-123

stdout | tests/unit/job-state-manager-do.test.js > JobStateManagerDO > SSE Update Batching (Issue #157) > should reduce I/O operations for high-frequency updates
[JobStateManager] Broadcast progress to queue (0 SSE clients, 2 pending) for job job-123

stdout | tests/unit/job-state-manager-do.test.js > JobStateManagerDO > SSE Update Batching (Issue #157) > should reduce I/O operations for high-frequency updates
[JobStateManager] Broadcast progress to queue (0 SSE clients, 3 pending) for job job-123

stdout | tests/unit/job-state-manager-do.test.js > JobStateManagerDO > SSE Update Batching (Issue #157) > should reduce I/O operations for high-frequency updates
[JobStateManager] Broadcast progress to queue (0 SSE clients, 4 pending) for job job-123

stdout | tests/unit/job-state-manager-do.test.js > JobStateManagerDO > SSE Update Batching (Issue #157) > should reduce I/O operations for high-frequency updates
[JobStateManager] Flushed 5 pending updates for job job-123

stdout | tests/unit/job-state-manager-do.test.js > JobStateManagerDO > SSE Update Batching (Issue #157) > should reduce I/O operations for high-frequency updates
[JobStateManager] Broadcast progress to queue (0 SSE clients, 0 pending) for job job-123

stdout | tests/unit/job-state-manager-do.test.js > JobStateManagerDO > SSE Update Batching (Issue #157) > should reduce I/O operations for high-frequency updates
[JobStateManager] Broadcast progress to queue (0 SSE clients, 1 pending) for job job-123

stdout | tests/unit/job-state-manager-do.test.js > JobStateManagerDO > SSE Update Batching (Issue #157) > should reduce I/O operations for high-frequency updates
[JobStateManager] Broadcast progress to queue (0 SSE clients, 2 pending) for job job-123

stdout | tests/unit/job-state-manager-do.test.js > JobStateManagerDO > SSE Update Batching (Issue #157) > should reduce I/O operations for high-frequency updates
[JobStateManager] Broadcast progress to queue (0 SSE clients, 3 pending) for job job-123

stdout | tests/unit/job-state-manager-do.test.js > JobStateManagerDO > SSE Update Batching (Issue #157) > should reduce I/O operations for high-frequency updates
[JobStateManager] Broadcast progress to queue (0 SSE clients, 4 pending) for job job-123

stdout | tests/unit/job-state-manager-do.test.js > JobStateManagerDO > SSE Update Batching (Issue #157) > should reduce I/O operations for high-frequency updates
[JobStateManager] Flushed 5 pending updates for job job-123

stdout | tests/unit/job-state-manager-do.test.js > JobStateManagerDO > SSE Update Batching (Issue #157) > should reduce I/O operations for high-frequency updates
[JobStateManager] Broadcast progress to queue (0 SSE clients, 0 pending) for job job-123

stdout | tests/unit/job-state-manager-do.test.js > JobStateManagerDO > SSE Update Batching (Issue #157) > should reduce I/O operations for high-frequency updates
[JobStateManager] Broadcast progress to queue (0 SSE clients, 1 pending) for job job-123

stdout | tests/unit/job-state-manager-do.test.js > JobStateManagerDO > SSE Update Batching (Issue #157) > should reduce I/O operations for high-frequency updates
[JobStateManager] Broadcast progress to queue (0 SSE clients, 2 pending) for job job-123

stdout | tests/unit/job-state-manager-do.test.js > JobStateManagerDO > SSE Update Batching (Issue #157) > should reduce I/O operations for high-frequency updates
[JobStateManager] Broadcast progress to queue (0 SSE clients, 3 pending) for job job-123

stdout | tests/unit/job-state-manager-do.test.js > JobStateManagerDO > SSE Update Batching (Issue #157) > should reduce I/O operations for high-frequency updates
[JobStateManager] Broadcast progress to queue (0 SSE clients, 4 pending) for job job-123

stdout | tests/unit/job-state-manager-do.test.js > JobStateManagerDO > SSE Update Batching (Issue #157) > should reduce I/O operations for high-frequency updates
[JobStateManager] Flushed 5 pending updates for job job-123

stdout | tests/unit/job-state-manager-do.test.js > JobStateManagerDO > SSE Update Batching (Issue #157) > should reduce I/O operations for high-frequency updates
[JobStateManager] Broadcast progress to queue (0 SSE clients, 0 pending) for job job-123

stdout | tests/unit/job-state-manager-do.test.js > JobStateManagerDO > SSE Update Batching (Issue #157) > should reduce I/O operations for high-frequency updates
[JobStateManager] Broadcast progress to queue (0 SSE clients, 1 pending) for job job-123

stdout | tests/unit/job-state-manager-do.test.js > JobStateManagerDO > SSE Update Batching (Issue #157) > should reduce I/O operations for high-frequency updates
[JobStateManager] Broadcast progress to queue (0 SSE clients, 2 pending) for job job-123

stdout | tests/unit/job-state-manager-do.test.js > JobStateManagerDO > SSE Update Batching (Issue #157) > should reduce I/O operations for high-frequency updates
[JobStateManager] Broadcast progress to queue (0 SSE clients, 3 pending) for job job-123

stdout | tests/unit/job-state-manager-do.test.js > JobStateManagerDO > SSE Update Batching (Issue #157) > should reduce I/O operations for high-frequency updates
[JobStateManager] Broadcast progress to queue (0 SSE clients, 4 pending) for job job-123

stdout | tests/unit/job-state-manager-do.test.js > JobStateManagerDO > SSE Update Batching (Issue #157) > should reduce I/O operations for high-frequency updates
[JobStateManager] Flushed 5 pending updates for job job-123

stdout | tests/unit/job-state-manager-do.test.js > JobStateManagerDO > SSE Update Batching (Issue #157) > should reduce I/O operations for high-frequency updates
[JobStateManager] Broadcast progress to queue (0 SSE clients, 0 pending) for job job-123

stdout | tests/unit/job-state-manager-do.test.js > JobStateManagerDO > SSE Update Batching (Issue #157) > should reduce I/O operations for high-frequency updates
[JobStateManager] Broadcast progress to queue (0 SSE clients, 1 pending) for job job-123

stdout | tests/unit/job-state-manager-do.test.js > JobStateManagerDO > SSE Update Batching (Issue #157) > should reduce I/O operations for high-frequency updates
[JobStateManager] Broadcast progress to queue (0 SSE clients, 2 pending) for job job-123

stdout | tests/unit/job-state-manager-do.test.js > JobStateManagerDO > SSE Update Batching (Issue #157) > should reduce I/O operations for high-frequency updates
[JobStateManager] Broadcast progress to queue (0 SSE clients, 3 pending) for job job-123

stdout | tests/unit/job-state-manager-do.test.js > JobStateManagerDO > SSE Update Batching (Issue #157) > should reduce I/O operations for high-frequency updates
[JobStateManager] Broadcast progress to queue (0 SSE clients, 4 pending) for job job-123

stdout | tests/unit/job-state-manager-do.test.js > JobStateManagerDO > SSE Update Batching (Issue #157) > should reduce I/O operations for high-frequency updates
[JobStateManager] Flushed 5 pending updates for job job-123

stdout | tests/unit/job-state-manager-do.test.js > JobStateManagerDO > SSE Update Batching (Issue #157) > should reduce I/O operations for high-frequency updates
[JobStateManager] Broadcast progress to queue (0 SSE clients, 0 pending) for job job-123

stdout | tests/unit/job-state-manager-do.test.js > JobStateManagerDO > SSE Update Batching (Issue #157) > should reduce I/O operations for high-frequency updates
[JobStateManager] Broadcast progress to queue (0 SSE clients, 1 pending) for job job-123

stdout | tests/unit/job-state-manager-do.test.js > JobStateManagerDO > SSE Update Batching (Issue #157) > should reduce I/O operations for high-frequency updates
[JobStateManager] Broadcast progress to queue (0 SSE clients, 2 pending) for job job-123

stdout | tests/unit/job-state-manager-do.test.js > JobStateManagerDO > SSE Update Batching (Issue #157) > should reduce I/O operations for high-frequency updates
[JobStateManager] Broadcast progress to queue (0 SSE clients, 3 pending) for job job-123

stdout | tests/unit/job-state-manager-do.test.js > JobStateManagerDO > SSE Update Batching (Issue #157) > should reduce I/O operations for high-frequency updates
[JobStateManager] Broadcast progress to queue (0 SSE clients, 4 pending) for job job-123

stdout | tests/unit/job-state-manager-do.test.js > JobStateManagerDO > SSE Update Batching (Issue #157) > should reduce I/O operations for high-frequency updates
[JobStateManager] Flushed 5 pending updates for job job-123

stdout | tests/unit/job-state-manager-do.test.js > JobStateManagerDO > SSE Update Batching (Issue #157) > should reduce I/O operations for high-frequency updates
[JobStateManager] Broadcast progress to queue (0 SSE clients, 0 pending) for job job-123

stdout | tests/unit/job-state-manager-do.test.js > JobStateManagerDO > SSE Update Batching (Issue #157) > should reduce I/O operations for high-frequency updates
[JobStateManager] Broadcast progress to queue (0 SSE clients, 1 pending) for job job-123

stdout | tests/unit/job-state-manager-do.test.js > JobStateManagerDO > SSE Update Batching (Issue #157) > should reduce I/O operations for high-frequency updates
[JobStateManager] Broadcast progress to queue (0 SSE clients, 2 pending) for job job-123

stdout | tests/unit/job-state-manager-do.test.js > JobStateManagerDO > SSE Update Batching (Issue #157) > should reduce I/O operations for high-frequency updates
[JobStateManager] Broadcast progress to queue (0 SSE clients, 3 pending) for job job-123

stdout | tests/unit/job-state-manager-do.test.js > JobStateManagerDO > SSE Update Batching (Issue #157) > should reduce I/O operations for high-frequency updates
[JobStateManager] Broadcast progress to queue (0 SSE clients, 4 pending) for job job-123

stdout | tests/unit/job-state-manager-do.test.js > JobStateManagerDO > SSE Update Batching (Issue #157) > should reduce I/O operations for high-frequency updates
[JobStateManager] Flushed 5 pending updates for job job-123

stdout | tests/unit/job-state-manager-do.test.js > JobStateManagerDO > SSE Update Batching (Issue #157) > should reduce I/O operations for high-frequency updates
[JobStateManager] Broadcast progress to queue (0 SSE clients, 0 pending) for job job-123

stdout | tests/unit/job-state-manager-do.test.js > JobStateManagerDO > SSE Update Batching (Issue #157) > should reduce I/O operations for high-frequency updates
[JobStateManager] Broadcast progress to queue (0 SSE clients, 1 pending) for job job-123

stdout | tests/unit/job-state-manager-do.test.js > JobStateManagerDO > SSE Update Batching (Issue #157) > should reduce I/O operations for high-frequency updates
[JobStateManager] Broadcast progress to queue (0 SSE clients, 2 pending) for job job-123

stdout | tests/unit/job-state-manager-do.test.js > JobStateManagerDO > SSE Update Batching (Issue #157) > should reduce I/O operations for high-frequency updates
[JobStateManager] Broadcast progress to queue (0 SSE clients, 3 pending) for job job-123

stdout | tests/unit/job-state-manager-do.test.js > JobStateManagerDO > SSE Update Batching (Issue #157) > should reduce I/O operations for high-frequency updates
[JobStateManager] Broadcast progress to queue (0 SSE clients, 4 pending) for job job-123

stdout | tests/unit/job-state-manager-do.test.js > JobStateManagerDO > SSE Update Batching (Issue #157) > should reduce I/O operations for high-frequency updates
[JobStateManager] Flushed 5 pending updates for job job-123

stdout | tests/unit/job-state-manager-do.test.js > JobStateManagerDO > SSE Update Batching (Issue #157) > should reduce I/O operations for high-frequency updates
[JobStateManager] Broadcast progress to queue (0 SSE clients, 0 pending) for job job-123

stdout | tests/unit/job-state-manager-do.test.js > JobStateManagerDO > SSE Update Batching (Issue #157) > should reduce I/O operations for high-frequency updates
[JobStateManager] Broadcast progress to queue (0 SSE clients, 1 pending) for job job-123

stdout | tests/unit/job-state-manager-do.test.js > JobStateManagerDO > SSE Update Batching (Issue #157) > should reduce I/O operations for high-frequency updates
[JobStateManager] Broadcast progress to queue (0 SSE clients, 2 pending) for job job-123

stdout | tests/unit/job-state-manager-do.test.js > JobStateManagerDO > SSE Update Batching (Issue #157) > should reduce I/O operations for high-frequency updates
[JobStateManager] Broadcast progress to queue (0 SSE clients, 3 pending) for job job-123

stdout | tests/unit/job-state-manager-do.test.js > JobStateManagerDO > SSE Update Batching (Issue #157) > should reduce I/O operations for high-frequency updates
[JobStateManager] Broadcast progress to queue (0 SSE clients, 4 pending) for job job-123

stdout | tests/unit/job-state-manager-do.test.js > JobStateManagerDO > SSE Update Batching (Issue #157) > should reduce I/O operations for high-frequency updates
[JobStateManager] Flushed 5 pending updates for job job-123

stdout | tests/unit/job-state-manager-do.test.js > JobStateManagerDO > SSE Update Batching (Issue #157) > should reduce I/O operations for high-frequency updates
[JobStateManager] Broadcast progress to queue (0 SSE clients, 0 pending) for job job-123

stdout | tests/unit/job-state-manager-do.test.js > JobStateManagerDO > SSE Update Batching (Issue #157) > should reduce I/O operations for high-frequency updates
[JobStateManager] Broadcast progress to queue (0 SSE clients, 1 pending) for job job-123

stdout | tests/unit/job-state-manager-do.test.js > JobStateManagerDO > SSE Update Batching (Issue #157) > should reduce I/O operations for high-frequency updates
[JobStateManager] Broadcast progress to queue (0 SSE clients, 2 pending) for job job-123

stdout | tests/unit/job-state-manager-do.test.js > JobStateManagerDO > SSE Update Batching (Issue #157) > should reduce I/O operations for high-frequency updates
[JobStateManager] Broadcast progress to queue (0 SSE clients, 3 pending) for job job-123

stdout | tests/unit/job-state-manager-do.test.js > JobStateManagerDO > SSE Update Batching (Issue #157) > should reduce I/O operations for high-frequency updates
[JobStateManager] Broadcast progress to queue (0 SSE clients, 4 pending) for job job-123

stdout | tests/unit/job-state-manager-do.test.js > JobStateManagerDO > SSE Update Batching (Issue #157) > should reduce I/O operations for high-frequency updates
[JobStateManager] Flushed 5 pending updates for job job-123

stdout | tests/unit/job-state-manager-do.test.js > JobStateManagerDO > SSE Update Batching (Issue #157) > should reduce I/O operations for high-frequency updates
[JobStateManager] Broadcast progress to queue (0 SSE clients, 0 pending) for job job-123

 × |node| tests/unit/job-state-manager-do.test.js > JobStateManagerDO > Job Initialization > should initialize job state with all required fields 5ms
   → expected undefined to be 'csv_import' // Object.is equality
 ✓ |node| tests/unit/job-state-manager-do.test.js > JobStateManagerDO > Job Initialization > should set start time on initialization 1ms
 ✓ |node| tests/unit/job-state-manager-do.test.js > JobStateManagerDO > Progress Updates > should update job progress and notify WebSocket DO 1ms
 ✓ |node| tests/unit/job-state-manager-do.test.js > JobStateManagerDO > Progress Updates > should handle missing job state gracefully 0ms
 ✓ |node| tests/unit/job-state-manager-do.test.js > JobStateManagerDO > Progress Updates > should throttle storage writes based on pipeline config 1ms
 ✓ |node| tests/unit/job-state-manager-do.test.js > JobStateManagerDO > Progress Updates > should update lastUpdateTime on each progress update 0ms
 ✓ |node| tests/unit/job-state-manager-do.test.js > JobStateManagerDO > Job Completion > should mark job as completed with result 2ms
 ✓ |node| tests/unit/job-state-manager-do.test.js > JobStateManagerDO > Job Completion > should notify WebSocket DO on completion 1ms
 ✓ |node| tests/unit/job-state-manager-do.test.js > JobStateManagerDO > Job Completion > should schedule cleanup alarm after 24 hours 0ms
 ✓ |node| tests/unit/job-state-manager-do.test.js > JobStateManagerDO > Job Completion > should close WebSocket after brief delay 1ms
 ✓ |node| tests/unit/job-state-manager-do.test.js > JobStateManagerDO > Error Handling > should mark job as failed with error details 0ms
 ✓ |node| tests/unit/job-state-manager-do.test.js > JobStateManagerDO > Error Handling > should notify WebSocket DO on error 0ms
 ✓ |node| tests/unit/job-state-manager-do.test.js > JobStateManagerDO > Error Handling > should schedule cleanup after error 0ms
 ✓ |node| tests/unit/job-state-manager-do.test.js > JobStateManagerDO > Error Handling > should close WebSocket after error with delay 1ms
 ✓ |node| tests/unit/job-state-manager-do.test.js > JobStateManagerDO > Job Cancellation > should mark job as canceled 1ms
 ✓ |node| tests/unit/job-state-manager-do.test.js > JobStateManagerDO > Job Cancellation > should handle cancellation of non-existent job 0ms
 ✓ |node| tests/unit/job-state-manager-do.test.js > JobStateManagerDO > Job Cancellation > should check if job is canceled 0ms
 ✓ |node| tests/unit/job-state-manager-do.test.js > JobStateManagerDO > Job Cancellation > should return false for non-canceled job 0ms
 ✓ |node| tests/unit/job-state-manager-do.test.js > JobStateManagerDO > Job Cancellation > should return false when job state missing 0ms
 ✓ |node| tests/unit/job-state-manager-do.test.js > JobStateManagerDO > State Queries > should return current job state 1ms
 × |node| tests/unit/job-state-manager-do.test.js > JobStateManagerDO > State Queries > should return null for non-existent state 1ms
   → expected null to be undefined
 ✓ |node| tests/unit/job-state-manager-do.test.js > JobStateManagerDO > Alarm Handler > should cleanup old job state on alarm 2ms
 ✓ |node| tests/unit/job-state-manager-do.test.js > JobStateManagerDO > Alarm Resilience and Continuity (Issue #246) > should delete existing alarm before setting new one on completion (Issue #108) 3ms
 ✓ |node| tests/unit/job-state-manager-do.test.js > JobStateManagerDO > Alarm Resilience and Continuity (Issue #246) > should delete existing alarm before setting new one on failure (Issue #108) 2ms
 ✓ |node| tests/unit/job-state-manager-do.test.js > JobStateManagerDO > Alarm Resilience and Continuity (Issue #246) > should attempt to schedule alarm during completion 1ms
 ✓ |node| tests/unit/job-state-manager-do.test.js > JobStateManagerDO > Alarm Resilience and Continuity (Issue #246) > should schedule cleanup alarm with correct 24-hour delay on completion 1ms
 ✓ |node| tests/unit/job-state-manager-do.test.js > JobStateManagerDO > Alarm Resilience and Continuity (Issue #246) > should schedule cleanup alarm with correct 24-hour delay on failure 1ms
 ✓ |node| tests/unit/job-state-manager-do.test.js > JobStateManagerDO > Alarm Resilience and Continuity (Issue #246) > should handle alarm execution when job state is missing 1ms
 × |node| tests/unit/job-state-manager-do.test.js > JobStateManagerDO > Alarm Resilience and Continuity (Issue #246) > should cleanup all job-related storage keys on alarm 2ms
   → this.stateStub.sendError is not a function
 ✓ |node| tests/unit/job-state-manager-do.test.js > JobStateManagerDO > Alarm Resilience and Continuity (Issue #246) > should schedule immediate alarm for CSV processing 1ms
 ✓ |node| tests/unit/job-state-manager-do.test.js > JobStateManagerDO > Alarm Resilience and Continuity (Issue #246) > should schedule immediate alarm for bookshelf scan 1ms
 ✓ |node| tests/unit/job-state-manager-do.test.js > JobStateManagerDO > Alarm Resilience and Continuity (Issue #246) > should schedule immediate alarm for enrichment 1ms
 ✓ |node| tests/unit/job-state-manager-do.test.js > JobStateManagerDO > Alarm Resilience and Continuity (Issue #246) > should not create race condition when multiple operations schedule alarms 3ms
 ✓ |node| tests/unit/job-state-manager-do.test.js > JobStateManagerDO > SSE Update Batching (Issue #157) > should buffer updates in memory instead of writing immediately 1ms
 ✓ |node| tests/unit/job-state-manager-do.test.js > JobStateManagerDO > SSE Update Batching (Issue #157) > should flush to storage after 5 updates 0ms
 ✓ |node| tests/unit/job-state-manager-do.test.js > JobStateManagerDO > SSE Update Batching (Issue #157) > should flush to storage after 1 second 0ms
 × |node| tests/unit/job-state-manager-do.test.js > JobStateManagerDO > SSE Update Batching (Issue #157) > should include pending updates in getUpdates 1ms
   → expected +0 to be 3 // Object.is equality
 ✓ |node| tests/unit/job-state-manager-do.test.js > JobStateManagerDO > SSE Update Batching (Issue #157) > should flush pending updates on job completion 0ms
 ✓ |node| tests/unit/job-state-manager-do.test.js > JobStateManagerDO > SSE Update Batching (Issue #157) > should flush pending updates on job failure 0ms
 ✓ |node| tests/unit/job-state-manager-do.test.js > JobStateManagerDO > SSE Update Batching (Issue #157) > should cap updates at 100 events when flushing 0ms
 ✓ |node| tests/unit/job-state-manager-do.test.js > JobStateManagerDO > SSE Update Batching (Issue #157) > should reduce I/O operations for high-frequency updates 15ms
stdout | tests/integration/v3-api-endpoints.test.ts > V3 API Router > Router Creation > should create V3 router successfully
[V3 API] Discovery Routes: GET /v3/capabilities, GET /v3/recommendations/weekly
[V3 Jobs] CSV import routes registered
[V3 Jobs] Bookshelf scan routes registered
[V3 Jobs] Batch enrichment routes registered: GET /v3/jobs/enrichment/:jobId, GET /v3/jobs/enrichment/:jobId/stream, GET /v3/jobs/enrichment/:jobId/results, DELETE /v3/jobs/enrichment/:jobId
[V3 API] Contract-first router with shared schemas created
[V3 API] Discovery Routes: GET /v3/capabilities, GET /v3/recommendations/weekly
[V3 API] Book Routes: GET /v3/books/search, POST /v3/books/enrich, GET /v3/books/:isbn
[V3 API] Job Routes (Imports): POST /v3/jobs/imports, GET /v3/jobs/imports/:id, GET /v3/jobs/imports/:id/stream
[V3 API] Job Routes (Scans): POST /v3/jobs/scans, GET /v3/jobs/scans/:id, GET /v3/jobs/scans/:id/stream
[V3 API] Documentation: /v3/docs
[V3 API] OpenAPI JSON: /v3/openapi.json

stdout | tests/integration/v3-api-endpoints.test.ts > V3 API Router > Router Creation > should register OpenAPI routes
[V3 API] Discovery Routes: GET /v3/capabilities, GET /v3/recommendations/weekly
[V3 Jobs] CSV import routes registered
[V3 Jobs] Bookshelf scan routes registered
[V3 Jobs] Batch enrichment routes registered: GET /v3/jobs/enrichment/:jobId, GET /v3/jobs/enrichment/:jobId/stream, GET /v3/jobs/enrichment/:jobId/results, DELETE /v3/jobs/enrichment/:jobId
[V3 API] Contract-first router with shared schemas created
[V3 API] Discovery Routes: GET /v3/capabilities, GET /v3/recommendations/weekly
[V3 API] Book Routes: GET /v3/books/search, POST /v3/books/enrich, GET /v3/books/:isbn
[V3 API] Job Routes (Imports): POST /v3/jobs/imports, GET /v3/jobs/imports/:id, GET /v3/jobs/imports/:id/stream
[V3 API] Job Routes (Scans): POST /v3/jobs/scans, GET /v3/jobs/scans/:id, GET /v3/jobs/scans/:id/stream
[V3 API] Documentation: /v3/docs
[V3 API] OpenAPI JSON: /v3/openapi.json

 ✓ |node| tests/integration/v3-api-endpoints.test.ts > V3 API Router > Router Creation > should create V3 router successfully 9ms
 ✓ |node| tests/integration/v3-api-endpoints.test.ts > V3 API Router > Router Creation > should register OpenAPI routes 7ms
 ✓ |node| tests/integration/v3-api-endpoints.test.ts > V3 API Request Schemas > SearchRequestSchema > should validate valid search request 1ms
 ✓ |node| tests/integration/v3-api-endpoints.test.ts > V3 API Request Schemas > SearchRequestSchema > should require query parameter 0ms
 ✓ |node| tests/integration/v3-api-endpoints.test.ts > V3 API Request Schemas > SearchRequestSchema > should default mode to text 0ms
 ✓ |node| tests/integration/v3-api-endpoints.test.ts > V3 API Request Schemas > SearchRequestSchema > should default page to 1 0ms
 ✓ |node| tests/integration/v3-api-endpoints.test.ts > V3 API Request Schemas > SearchRequestSchema > should default limit to 20 0ms
 ✓ |node| tests/integration/v3-api-endpoints.test.ts > V3 API Request Schemas > SearchRequestSchema > should reject invalid page values 0ms
 ✓ |node| tests/integration/v3-api-endpoints.test.ts > V3 API Request Schemas > SearchRequestSchema > should reject limit > 100 0ms
 ✓ |node| tests/integration/v3-api-endpoints.test.ts > V3 API Request Schemas > EnrichRequestSchema > should validate valid enrich request with isbns 0ms
 ✓ |node| tests/integration/v3-api-endpoints.test.ts > V3 API Request Schemas > EnrichRequestSchema > should validate valid enrich request with barcodes 0ms
 ✓ |node| tests/integration/v3-api-endpoints.test.ts > V3 API Request Schemas > EnrichRequestSchema > should support async flag 0ms
 ✓ |node| tests/integration/v3-api-endpoints.test.ts > V3 API Request Schemas > EnrichRequestSchema > should default async to false 0ms
 ✓ |node| tests/integration/v3-api-endpoints.test.ts > V3 API Request Schemas > EnrichRequestSchema > should enforce 50 ISBN limit in sync mode 0ms
 ✓ |node| tests/integration/v3-api-endpoints.test.ts > V3 API Request Schemas > EnrichRequestSchema > should allow 500 ISBNs in async mode 0ms
 ✓ |node| tests/integration/v3-api-endpoints.test.ts > V3 API Request Schemas > EnrichRequestSchema > should reject > 500 ISBNs 0ms
 ✓ |node| tests/integration/v3-api-endpoints.test.ts > V3 API Request Schemas > EnrichRequestSchema > should require either isbns or barcodes 0ms
 ✓ |node| tests/integration/v3-api-endpoints.test.ts > V3 API Request Schemas > ISBNSchema > should validate ISBN-13 0ms
 ✓ |node| tests/integration/v3-api-endpoints.test.ts > V3 API Request Schemas > ISBNSchema > should validate ISBN-10 0ms
 ✓ |node| tests/integration/v3-api-endpoints.test.ts > V3 API Request Schemas > ISBNSchema > should reject invalid ISBN format 0ms
 ✓ |node| tests/integration/v3-api-endpoints.test.ts > V3 API Request Schemas > ISBNSchema > should reject ISBN with wrong length 0ms
 × |node| tests/integration/v3-api-endpoints.test.ts > V3 API Response Schemas > SearchResponseSchema > should validate valid search response 4ms
   → expected false to be true // Object.is equality
 × |node| tests/integration/v3-api-endpoints.test.ts > V3 API Response Schemas > SearchResponseSchema > should validate response with books 0ms
   → expected false to be true // Object.is equality
 × |node| tests/integration/v3-api-endpoints.test.ts > V3 API Response Schemas > EnrichResponseSchema > should validate sync enrichment response 1ms
   → expected false to be true // Object.is equality
 ✓ |node| tests/integration/v3-api-endpoints.test.ts > V3 API Response Schemas > EnrichResponseSchema > should include notFound array 0ms
 ✓ |node| tests/integration/v3-api-endpoints.test.ts > V3 API Response Schemas > JobInitResponseSchema > should validate job init response 0ms
 ✓ |node| tests/integration/v3-api-endpoints.test.ts > V3 API Response Schemas > JobInitResponseSchema > should require streamUrl 0ms
 ✓ |node| tests/integration/v3-api-endpoints.test.ts > V3 API Response Schemas > JobInitResponseSchema > should require token 0ms
 ✓ |node| tests/integration/v3-api-endpoints.test.ts > V3 API Error Handling > RFC 9457 Problem Details > should create valid problem details for NOT_FOUND 0ms
 ✓ |node| tests/integration/v3-api-endpoints.test.ts > V3 API Error Handling > RFC 9457 Problem Details > should create valid problem details for INVALID_REQUEST 0ms
 ✓ |node| tests/integration/v3-api-endpoints.test.ts > V3 API Error Handling > RFC 9457 Problem Details > should create valid problem details for INTERNAL_ERROR 0ms
 ✓ |node| tests/integration/v3-api-endpoints.test.ts > V3 API Error Handling > RFC 9457 Problem Details > should include requestId in metadata 0ms
 ✓ |node| tests/integration/v3-api-endpoints.test.ts > V3 API Error Handling > RFC 9457 Problem Details > should include instance when provided 0ms
 ✓ |node| tests/integration/v3-api-endpoints.test.ts > V3 API Common Utilities > generateAuthToken > should generate 64-character hex token 1ms
 ✓ |node| tests/integration/v3-api-endpoints.test.ts > V3 API Common Utilities > generateAuthToken > should generate unique tokens 1ms
 ✓ |node| tests/integration/v3-api-endpoints.test.ts > V3 API Common Utilities > validateTokenFormat > should validate correct token format 0ms
 ✓ |node| tests/integration/v3-api-endpoints.test.ts > V3 API Common Utilities > validateTokenFormat > should reject invalid token 0ms
 ✓ |node| tests/integration/v3-api-endpoints.test.ts > V3 API Common Utilities > buildStreamUrl > should build stream URL for imports 0ms
 ✓ |node| tests/integration/v3-api-endpoints.test.ts > V3 API Common Utilities > buildStreamUrl > should build stream URL for enrichment 0ms
 ✓ |node| tests/integration/v3-api-endpoints.test.ts > V3 API Common Utilities > buildStreamUrl > should build stream URL for scans 0ms
 ✓ |node| tests/integration/v3-api-endpoints.test.ts > V3 API Common Utilities > createJobLinks > should create HATEOAS links for jobs 0ms
 ✓ |node| tests/integration/v3-api-endpoints.test.ts > V3 API Book Schema > BookSchema > should validate minimal book 0ms
 ✓ |node| tests/integration/v3-api-endpoints.test.ts > V3 API Book Schema > BookSchema > should validate complete book 0ms
 ✓ |node| tests/integration/v3-api-endpoints.test.ts > V3 API Book Schema > BookSchema > should require isbn 0ms
 ✓ |node| tests/integration/v3-api-endpoints.test.ts > V3 API Book Schema > BookSchema > should require title 0ms
 ✓ |node| tests/integration/v3-api-endpoints.test.ts > V3 API Book Schema > BookSchema > should require authors array 0ms
 ✓ |node| tests/integration/v3-api-endpoints.test.ts > V3 API Book Schema > BookSchema > should require provider 0ms
 ✓ |node| tests/integration/v3-api-endpoints.test.ts > V3 API Book Schema > BookSchema > should require quality score 0ms
stderr | tests/integration/metrics-handler.test.js > Metrics Handler Integration Tests > Authentication > should return 401 without Authorization header
[Metrics Handler] Error: TypeError: Cannot read properties of undefined (reading 'header')
    at handleMetricsRequest [90m(/Users/juju/dev_repos/bendv3/[39msrc/handlers/metrics-handler.ts:177:24[90m)[39m
    at [90m/Users/juju/dev_repos/bendv3/[39mtests/integration/metrics-handler.test.js:75:50
    at [90mfile:///Users/juju/dev_repos/bendv3/[39mnode_modules/[4m@vitest/runner[24m/dist/chunk-hooks.js:155:11
    at [90mfile:///Users/juju/dev_repos/bendv3/[39mnode_modules/[4m@vitest/runner[24m/dist/chunk-hooks.js:752:26
    at [90mfile:///Users/juju/dev_repos/bendv3/[39mnode_modules/[4m@vitest/runner[24m/dist/chunk-hooks.js:1897:20
    at new Promise (<anonymous>)
    at runWithTimeout [90m(file:///Users/juju/dev_repos/bendv3/[39mnode_modules/[4m@vitest/runner[24m/dist/chunk-hooks.js:1863:10[90m)[39m
    at runTest [90m(file:///Users/juju/dev_repos/bendv3/[39mnode_modules/[4m@vitest/runner[24m/dist/chunk-hooks.js:1574:12[90m)[39m
[90m    at processTicksAndRejections (node:internal/process/task_queues:103:5)[39m
    at runSuite [90m(file:///Users/juju/dev_repos/bendv3/[39mnode_modules/[4m@vitest/runner[24m/dist/chunk-hooks.js:1729:8[90m)[39m
Error [INTERNAL_ERROR]: Failed to fetch metrics

stderr | tests/integration/metrics-handler.test.js > Metrics Handler Integration Tests > Authentication > should return 401 with malformed Authorization header
[Metrics Handler] Error: TypeError: Cannot read properties of undefined (reading 'header')
    at handleMetricsRequest [90m(/Users/juju/dev_repos/bendv3/[39msrc/handlers/metrics-handler.ts:177:24[90m)[39m
    at [90m/Users/juju/dev_repos/bendv3/[39mtests/integration/metrics-handler.test.js:92:50
    at [90mfile:///Users/juju/dev_repos/bendv3/[39mnode_modules/[4m@vitest/runner[24m/dist/chunk-hooks.js:155:11
    at [90mfile:///Users/juju/dev_repos/bendv3/[39mnode_modules/[4m@vitest/runner[24m/dist/chunk-hooks.js:752:26
    at [90mfile:///Users/juju/dev_repos/bendv3/[39mnode_modules/[4m@vitest/runner[24m/dist/chunk-hooks.js:1897:20
    at new Promise (<anonymous>)
    at runWithTimeout [90m(file:///Users/juju/dev_repos/bendv3/[39mnode_modules/[4m@vitest/runner[24m/dist/chunk-hooks.js:1863:10[90m)[39m
    at runTest [90m(file:///Users/juju/dev_repos/bendv3/[39mnode_modules/[4m@vitest/runner[24m/dist/chunk-hooks.js:1574:12[90m)[39m
[90m    at processTicksAndRejections (node:internal/process/task_queues:103:5)[39m
    at runSuite [90m(file:///Users/juju/dev_repos/bendv3/[39mnode_modules/[4m@vitest/runner[24m/dist/chunk-hooks.js:1729:8[90m)[39m
Error [INTERNAL_ERROR]: Failed to fetch metrics

stderr | tests/integration/metrics-handler.test.js > Metrics Handler Integration Tests > Authentication > should return 403 with invalid token
[Metrics Handler] Error: TypeError: Cannot read properties of undefined (reading 'header')
    at handleMetricsRequest [90m(/Users/juju/dev_repos/bendv3/[39msrc/handlers/metrics-handler.ts:177:24[90m)[39m
    at [90m/Users/juju/dev_repos/bendv3/[39mtests/integration/metrics-handler.test.js:107:50
    at [90mfile:///Users/juju/dev_repos/bendv3/[39mnode_modules/[4m@vitest/runner[24m/dist/chunk-hooks.js:155:11
    at [90mfile:///Users/juju/dev_repos/bendv3/[39mnode_modules/[4m@vitest/runner[24m/dist/chunk-hooks.js:752:26
    at [90mfile:///Users/juju/dev_repos/bendv3/[39mnode_modules/[4m@vitest/runner[24m/dist/chunk-hooks.js:1897:20
    at new Promise (<anonymous>)
    at runWithTimeout [90m(file:///Users/juju/dev_repos/bendv3/[39mnode_modules/[4m@vitest/runner[24m/dist/chunk-hooks.js:1863:10[90m)[39m
    at runTest [90m(file:///Users/juju/dev_repos/bendv3/[39mnode_modules/[4m@vitest/runner[24m/dist/chunk-hooks.js:1574:12[90m)[39m
[90m    at processTicksAndRejections (node:internal/process/task_queues:103:5)[39m
    at runSuite [90m(file:///Users/juju/dev_repos/bendv3/[39mnode_modules/[4m@vitest/runner[24m/dist/chunk-hooks.js:1729:8[90m)[39m
Error [INTERNAL_ERROR]: Failed to fetch metrics

stderr | tests/integration/metrics-handler.test.js > Metrics Handler Integration Tests > Authentication > should accept valid token
[Metrics Handler] Error: TypeError: Cannot read properties of undefined (reading 'header')
    at handleMetricsRequest [90m(/Users/juju/dev_repos/bendv3/[39msrc/handlers/metrics-handler.ts:177:24[90m)[39m
    at [90m/Users/juju/dev_repos/bendv3/[39mtests/integration/metrics-handler.test.js:122:50
    at [90mfile:///Users/juju/dev_repos/bendv3/[39mnode_modules/[4m@vitest/runner[24m/dist/chunk-hooks.js:155:11
    at [90mfile:///Users/juju/dev_repos/bendv3/[39mnode_modules/[4m@vitest/runner[24m/dist/chunk-hooks.js:752:26
    at [90mfile:///Users/juju/dev_repos/bendv3/[39mnode_modules/[4m@vitest/runner[24m/dist/chunk-hooks.js:1897:20
    at new Promise (<anonymous>)
    at runWithTimeout [90m(file:///Users/juju/dev_repos/bendv3/[39mnode_modules/[4m@vitest/runner[24m/dist/chunk-hooks.js:1863:10[90m)[39m
    at runTest [90m(file:///Users/juju/dev_repos/bendv3/[39mnode_modules/[4m@vitest/runner[24m/dist/chunk-hooks.js:1574:12[90m)[39m
[90m    at processTicksAndRejections (node:internal/process/task_queues:103:5)[39m
    at runSuite [90m(file:///Users/juju/dev_repos/bendv3/[39mnode_modules/[4m@vitest/runner[24m/dist/chunk-hooks.js:1729:8[90m)[39m
Error [INTERNAL_ERROR]: Failed to fetch metrics

stderr | tests/integration/metrics-handler.test.js > Metrics Handler Integration Tests > Authentication > should use default key when METRICS_API_KEY not set
[Metrics Handler] Error: TypeError: Cannot read properties of undefined (reading 'header')
    at handleMetricsRequest [90m(/Users/juju/dev_repos/bendv3/[39msrc/handlers/metrics-handler.ts:177:24[90m)[39m
    at [90m/Users/juju/dev_repos/bendv3/[39mtests/integration/metrics-handler.test.js:136:50
    at [90mfile:///Users/juju/dev_repos/bendv3/[39mnode_modules/[4m@vitest/runner[24m/dist/chunk-hooks.js:155:11
    at [90mfile:///Users/juju/dev_repos/bendv3/[39mnode_modules/[4m@vitest/runner[24m/dist/chunk-hooks.js:752:26
    at [90mfile:///Users/juju/dev_repos/bendv3/[39mnode_modules/[4m@vitest/runner[24m/dist/chunk-hooks.js:1897:20
    at new Promise (<anonymous>)
    at runWithTimeout [90m(file:///Users/juju/dev_repos/bendv3/[39mnode_modules/[4m@vitest/runner[24m/dist/chunk-hooks.js:1863:10[90m)[39m
    at runTest [90m(file:///Users/juju/dev_repos/bendv3/[39mnode_modules/[4m@vitest/runner[24m/dist/chunk-hooks.js:1574:12[90m)[39m
[90m    at processTicksAndRejections (node:internal/process/task_queues:103:5)[39m
    at runSuite [90m(file:///Users/juju/dev_repos/bendv3/[39mnode_modules/[4m@vitest/runner[24m/dist/chunk-hooks.js:1729:8[90m)[39m
Error [INTERNAL_ERROR]: Failed to fetch metrics

stderr | tests/integration/metrics-handler.test.js > Metrics Handler Integration Tests > Response Formats > should return JSON format by default
[Metrics Handler] Error: TypeError: Cannot read properties of undefined (reading 'header')
    at handleMetricsRequest [90m(/Users/juju/dev_repos/bendv3/[39msrc/handlers/metrics-handler.ts:177:24[90m)[39m
    at [90m/Users/juju/dev_repos/bendv3/[39mtests/integration/metrics-handler.test.js:150:50
    at [90mfile:///Users/juju/dev_repos/bendv3/[39mnode_modules/[4m@vitest/runner[24m/dist/chunk-hooks.js:155:11
    at [90mfile:///Users/juju/dev_repos/bendv3/[39mnode_modules/[4m@vitest/runner[24m/dist/chunk-hooks.js:752:26
    at [90mfile:///Users/juju/dev_repos/bendv3/[39mnode_modules/[4m@vitest/runner[24m/dist/chunk-hooks.js:1897:20
    at new Promise (<anonymous>)
    at runWithTimeout [90m(file:///Users/juju/dev_repos/bendv3/[39mnode_modules/[4m@vitest/runner[24m/dist/chunk-hooks.js:1863:10[90m)[39m
    at runTest [90m(file:///Users/juju/dev_repos/bendv3/[39mnode_modules/[4m@vitest/runner[24m/dist/chunk-hooks.js:1574:12[90m)[39m
[90m    at processTicksAndRejections (node:internal/process/task_queues:103:5)[39m
    at runSuite [90m(file:///Users/juju/dev_repos/bendv3/[39mnode_modules/[4m@vitest/runner[24m/dist/chunk-hooks.js:1729:8[90m)[39m
Error [INTERNAL_ERROR]: Failed to fetch metrics

stderr | tests/integration/metrics-handler.test.js > Metrics Handler Integration Tests > Response Formats > should return Prometheus format when requested
[Metrics Handler] Error: TypeError: Cannot read properties of undefined (reading 'header')
    at handleMetricsRequest [90m(/Users/juju/dev_repos/bendv3/[39msrc/handlers/metrics-handler.ts:177:24[90m)[39m
    at [90m/Users/juju/dev_repos/bendv3/[39mtests/integration/metrics-handler.test.js:168:50
    at [90mfile:///Users/juju/dev_repos/bendv3/[39mnode_modules/[4m@vitest/runner[24m/dist/chunk-hooks.js:155:11
    at [90mfile:///Users/juju/dev_repos/bendv3/[39mnode_modules/[4m@vitest/runner[24m/dist/chunk-hooks.js:752:26
    at [90mfile:///Users/juju/dev_repos/bendv3/[39mnode_modules/[4m@vitest/runner[24m/dist/chunk-hooks.js:1897:20
    at new Promise (<anonymous>)
    at runWithTimeout [90m(file:///Users/juju/dev_repos/bendv3/[39mnode_modules/[4m@vitest/runner[24m/dist/chunk-hooks.js:1863:10[90m)[39m
    at runTest [90m(file:///Users/juju/dev_repos/bendv3/[39mnode_modules/[4m@vitest/runner[24m/dist/chunk-hooks.js:1574:12[90m)[39m
[90m    at processTicksAndRejections (node:internal/process/task_queues:103:5)[39m
    at runSuite [90m(file:///Users/juju/dev_repos/bendv3/[39mnode_modules/[4m@vitest/runner[24m/dist/chunk-hooks.js:1729:8[90m)[39m
Error [INTERNAL_ERROR]: Failed to fetch metrics

stderr | tests/integration/metrics-handler.test.js > Metrics Handler Integration Tests > Period Parameters > should support "minute" period
[Metrics Handler] Error: TypeError: Cannot read properties of undefined (reading 'header')
    at handleMetricsRequest [90m(/Users/juju/dev_repos/bendv3/[39msrc/handlers/metrics-handler.ts:177:24[90m)[39m
    at [90m/Users/juju/dev_repos/bendv3/[39mtests/integration/metrics-handler.test.js:189:50
    at [90mfile:///Users/juju/dev_repos/bendv3/[39mnode_modules/[4m@vitest/runner[24m/dist/chunk-hooks.js:155:11
    at [90mfile:///Users/juju/dev_repos/bendv3/[39mnode_modules/[4m@vitest/runner[24m/dist/chunk-hooks.js:752:26
    at [90mfile:///Users/juju/dev_repos/bendv3/[39mnode_modules/[4m@vitest/runner[24m/dist/chunk-hooks.js:1897:20
    at new Promise (<anonymous>)
    at runWithTimeout [90m(file:///Users/juju/dev_repos/bendv3/[39mnode_modules/[4m@vitest/runner[24m/dist/chunk-hooks.js:1863:10[90m)[39m
    at runTest [90m(file:///Users/juju/dev_repos/bendv3/[39mnode_modules/[4m@vitest/runner[24m/dist/chunk-hooks.js:1574:12[90m)[39m
[90m    at processTicksAndRejections (node:internal/process/task_queues:103:5)[39m
    at runSuite [90m(file:///Users/juju/dev_repos/bendv3/[39mnode_modules/[4m@vitest/runner[24m/dist/chunk-hooks.js:1729:8[90m)[39m
Error [INTERNAL_ERROR]: Failed to fetch metrics

stderr | tests/integration/metrics-handler.test.js > Metrics Handler Integration Tests > Period Parameters > should support "hour" period (default)
[Metrics Handler] Error: TypeError: Cannot read properties of undefined (reading 'header')
    at handleMetricsRequest [90m(/Users/juju/dev_repos/bendv3/[39msrc/handlers/metrics-handler.ts:177:24[90m)[39m
    at [90m/Users/juju/dev_repos/bendv3/[39mtests/integration/metrics-handler.test.js:202:50
    at [90mfile:///Users/juju/dev_repos/bendv3/[39mnode_modules/[4m@vitest/runner[24m/dist/chunk-hooks.js:155:11
    at [90mfile:///Users/juju/dev_repos/bendv3/[39mnode_modules/[4m@vitest/runner[24m/dist/chunk-hooks.js:752:26
    at [90mfile:///Users/juju/dev_repos/bendv3/[39mnode_modules/[4m@vitest/runner[24m/dist/chunk-hooks.js:1897:20
    at new Promise (<anonymous>)
    at runWithTimeout [90m(file:///Users/juju/dev_repos/bendv3/[39mnode_modules/[4m@vitest/runner[24m/dist/chunk-hooks.js:1863:10[90m)[39m
    at runTest [90m(file:///Users/juju/dev_repos/bendv3/[39mnode_modules/[4m@vitest/runner[24m/dist/chunk-hooks.js:1574:12[90m)[39m
[90m    at processTicksAndRejections (node:internal/process/task_queues:103:5)[39m
    at runSuite [90m(file:///Users/juju/dev_repos/bendv3/[39mnode_modules/[4m@vitest/runner[24m/dist/chunk-hooks.js:1729:8[90m)[39m
Error [INTERNAL_ERROR]: Failed to fetch metrics

stderr | tests/integration/metrics-handler.test.js > Metrics Handler Integration Tests > Period Parameters > should support "day" period
[Metrics Handler] Error: TypeError: Cannot read properties of undefined (reading 'header')
    at handleMetricsRequest [90m(/Users/juju/dev_repos/bendv3/[39msrc/handlers/metrics-handler.ts:177:24[90m)[39m
    at [90m/Users/juju/dev_repos/bendv3/[39mtests/integration/metrics-handler.test.js:215:50
    at [90mfile:///Users/juju/dev_repos/bendv3/[39mnode_modules/[4m@vitest/runner[24m/dist/chunk-hooks.js:155:11
    at [90mfile:///Users/juju/dev_repos/bendv3/[39mnode_modules/[4m@vitest/runner[24m/dist/chunk-hooks.js:752:26
    at [90mfile:///Users/juju/dev_repos/bendv3/[39mnode_modules/[4m@vitest/runner[24m/dist/chunk-hooks.js:1897:20
    at new Promise (<anonymous>)
    at runWithTimeout [90m(file:///Users/juju/dev_repos/bendv3/[39mnode_modules/[4m@vitest/runner[24m/dist/chunk-hooks.js:1863:10[90m)[39m
    at runTest [90m(file:///Users/juju/dev_repos/bendv3/[39mnode_modules/[4m@vitest/runner[24m/dist/chunk-hooks.js:1574:12[90m)[39m
[90m    at processTicksAndRejections (node:internal/process/task_queues:103:5)[39m
    at runSuite [90m(file:///Users/juju/dev_repos/bendv3/[39mnode_modules/[4m@vitest/runner[24m/dist/chunk-hooks.js:1729:8[90m)[39m
Error [INTERNAL_ERROR]: Failed to fetch metrics

stderr | tests/integration/metrics-handler.test.js > Metrics Handler Integration Tests > Period Parameters > should support "total" period
[Metrics Handler] Error: TypeError: Cannot read properties of undefined (reading 'header')
    at handleMetricsRequest [90m(/Users/juju/dev_repos/bendv3/[39msrc/handlers/metrics-handler.ts:177:24[90m)[39m
    at [90m/Users/juju/dev_repos/bendv3/[39mtests/integration/metrics-handler.test.js:228:50
    at [90mfile:///Users/juju/dev_repos/bendv3/[39mnode_modules/[4m@vitest/runner[24m/dist/chunk-hooks.js:155:11
    at [90mfile:///Users/juju/dev_repos/bendv3/[39mnode_modules/[4m@vitest/runner[24m/dist/chunk-hooks.js:752:26
    at [90mfile:///Users/juju/dev_repos/bendv3/[39mnode_modules/[4m@vitest/runner[24m/dist/chunk-hooks.js:1897:20
    at new Promise (<anonymous>)
    at runWithTimeout [90m(file:///Users/juju/dev_repos/bendv3/[39mnode_modules/[4m@vitest/runner[24m/dist/chunk-hooks.js:1863:10[90m)[39m
    at runTest [90m(file:///Users/juju/dev_repos/bendv3/[39mnode_modules/[4m@vitest/runner[24m/dist/chunk-hooks.js:1574:12[90m)[39m
[90m    at processTicksAndRejections (node:internal/process/task_queues:103:5)[39m
    at runSuite [90m(file:///Users/juju/dev_repos/bendv3/[39mnode_modules/[4m@vitest/runner[24m/dist/chunk-hooks.js:1729:8[90m)[39m
Error [INTERNAL_ERROR]: Failed to fetch metrics

stderr | tests/integration/metrics-handler.test.js > Metrics Handler Integration Tests > Cache Behavior > should return cached data when available
[Metrics Handler] Error: TypeError: Cannot read properties of undefined (reading 'header')
    at handleMetricsRequest [90m(/Users/juju/dev_repos/bendv3/[39msrc/handlers/metrics-handler.ts:177:24[90m)[39m
    at [90m/Users/juju/dev_repos/bendv3/[39mtests/integration/metrics-handler.test.js:251:50
    at [90mfile:///Users/juju/dev_repos/bendv3/[39mnode_modules/[4m@vitest/runner[24m/dist/chunk-hooks.js:155:11
    at [90mfile:///Users/juju/dev_repos/bendv3/[39mnode_modules/[4m@vitest/runner[24m/dist/chunk-hooks.js:752:26
    at [90mfile:///Users/juju/dev_repos/bendv3/[39mnode_modules/[4m@vitest/runner[24m/dist/chunk-hooks.js:1897:20
    at new Promise (<anonymous>)
    at runWithTimeout [90m(file:///Users/juju/dev_repos/bendv3/[39mnode_modules/[4m@vitest/runner[24m/dist/chunk-hooks.js:1863:10[90m)[39m
    at runTest [90m(file:///Users/juju/dev_repos/bendv3/[39mnode_modules/[4m@vitest/runner[24m/dist/chunk-hooks.js:1574:12[90m)[39m
[90m    at processTicksAndRejections (node:internal/process/task_queues:103:5)[39m
    at runSuite [90m(file:///Users/juju/dev_repos/bendv3/[39mnode_modules/[4m@vitest/runner[24m/dist/chunk-hooks.js:1729:8[90m)[39m
Error [INTERNAL_ERROR]: Failed to fetch metrics

stderr | tests/integration/metrics-handler.test.js > Metrics Handler Integration Tests > Cache Behavior > should cache fresh metrics with 5min TTL
[Metrics Handler] Error: TypeError: Cannot read properties of undefined (reading 'header')
    at handleMetricsRequest [90m(/Users/juju/dev_repos/bendv3/[39msrc/handlers/metrics-handler.ts:177:24[90m)[39m
    at [90m/Users/juju/dev_repos/bendv3/[39mtests/integration/metrics-handler.test.js:265:33
    at [90mfile:///Users/juju/dev_repos/bendv3/[39mnode_modules/[4m@vitest/runner[24m/dist/chunk-hooks.js:155:11
    at [90mfile:///Users/juju/dev_repos/bendv3/[39mnode_modules/[4m@vitest/runner[24m/dist/chunk-hooks.js:752:26
    at [90mfile:///Users/juju/dev_repos/bendv3/[39mnode_modules/[4m@vitest/runner[24m/dist/chunk-hooks.js:1897:20
    at new Promise (<anonymous>)
    at runWithTimeout [90m(file:///Users/juju/dev_repos/bendv3/[39mnode_modules/[4m@vitest/runner[24m/dist/chunk-hooks.js:1863:10[90m)[39m
    at runTest [90m(file:///Users/juju/dev_repos/bendv3/[39mnode_modules/[4m@vitest/runner[24m/dist/chunk-hooks.js:1574:12[90m)[39m
[90m    at processTicksAndRejections (node:internal/process/task_queues:103:5)[39m
    at runSuite [90m(file:///Users/juju/dev_repos/bendv3/[39mnode_modules/[4m@vitest/runner[24m/dist/chunk-hooks.js:1729:8[90m)[39m
Error [INTERNAL_ERROR]: Failed to fetch metrics

stderr | tests/integration/metrics-handler.test.js > Metrics Handler Integration Tests > Cache Behavior > should use different cache keys for different periods
[Metrics Handler] Error: TypeError: Cannot read properties of undefined (reading 'header')
    at handleMetricsRequest [90m(/Users/juju/dev_repos/bendv3/[39msrc/handlers/metrics-handler.ts:177:24[90m)[39m
    at [90m/Users/juju/dev_repos/bendv3/[39mtests/integration/metrics-handler.test.js:285:33
    at [90mfile:///Users/juju/dev_repos/bendv3/[39mnode_modules/[4m@vitest/runner[24m/dist/chunk-hooks.js:155:11
    at [90mfile:///Users/juju/dev_repos/bendv3/[39mnode_modules/[4m@vitest/runner[24m/dist/chunk-hooks.js:752:26
    at [90mfile:///Users/juju/dev_repos/bendv3/[39mnode_modules/[4m@vitest/runner[24m/dist/chunk-hooks.js:1897:20
    at new Promise (<anonymous>)
    at runWithTimeout [90m(file:///Users/juju/dev_repos/bendv3/[39mnode_modules/[4m@vitest/runner[24m/dist/chunk-hooks.js:1863:10[90m)[39m
    at runTest [90m(file:///Users/juju/dev_repos/bendv3/[39mnode_modules/[4m@vitest/runner[24m/dist/chunk-hooks.js:1574:12[90m)[39m
[90m    at processTicksAndRejections (node:internal/process/task_queues:103:5)[39m
    at runSuite [90m(file:///Users/juju/dev_repos/bendv3/[39mnode_modules/[4m@vitest/runner[24m/dist/chunk-hooks.js:1729:8[90m)[39m
Error [INTERNAL_ERROR]: Failed to fetch metrics

stderr | tests/integration/metrics-handler.test.js > Metrics Handler Integration Tests > Cache Behavior > should use different cache keys for different periods
[Metrics Handler] Error: TypeError: Cannot read properties of undefined (reading 'header')
    at handleMetricsRequest [90m(/Users/juju/dev_repos/bendv3/[39msrc/handlers/metrics-handler.ts:177:24[90m)[39m
    at [90m/Users/juju/dev_repos/bendv3/[39mtests/integration/metrics-handler.test.js:286:33
[90m    at processTicksAndRejections (node:internal/process/task_queues:103:5)[39m
    at [90mfile:///Users/juju/dev_repos/bendv3/[39mnode_modules/[4m@vitest/runner[24m/dist/chunk-hooks.js:752:20
Error [INTERNAL_ERROR]: Failed to fetch metrics

stderr | tests/integration/metrics-handler.test.js > Metrics Handler Integration Tests > Metrics Content > should include derived metrics
[Metrics Handler] Error: TypeError: Cannot read properties of undefined (reading 'header')
    at handleMetricsRequest [90m(/Users/juju/dev_repos/bendv3/[39msrc/handlers/metrics-handler.ts:177:24[90m)[39m
    at [90m/Users/juju/dev_repos/bendv3/[39mtests/integration/metrics-handler.test.js:301:50
    at [90mfile:///Users/juju/dev_repos/bendv3/[39mnode_modules/[4m@vitest/runner[24m/dist/chunk-hooks.js:155:11
    at [90mfile:///Users/juju/dev_repos/bendv3/[39mnode_modules/[4m@vitest/runner[24m/dist/chunk-hooks.js:752:26
    at [90mfile:///Users/juju/dev_repos/bendv3/[39mnode_modules/[4m@vitest/runner[24m/dist/chunk-hooks.js:1897:20
    at new Promise (<anonymous>)
    at runWithTimeout [90m(file:///Users/juju/dev_repos/bendv3/[39mnode_modules/[4m@vitest/runner[24m/dist/chunk-hooks.js:1863:10[90m)[39m
    at runTest [90m(file:///Users/juju/dev_repos/bendv3/[39mnode_modules/[4m@vitest/runner[24m/dist/chunk-hooks.js:1574:12[90m)[39m
[90m    at processTicksAndRejections (node:internal/process/task_queues:103:5)[39m
    at runSuite [90m(file:///Users/juju/dev_repos/bendv3/[39mnode_modules/[4m@vitest/runner[24m/dist/chunk-hooks.js:1729:8[90m)[39m
Error [INTERNAL_ERROR]: Failed to fetch metrics

stderr | tests/integration/metrics-handler.test.js > Metrics Handler Integration Tests > Metrics Content > should include health assessment
[Metrics Handler] Error: TypeError: Cannot read properties of undefined (reading 'header')
    at handleMetricsRequest [90m(/Users/juju/dev_repos/bendv3/[39msrc/handlers/metrics-handler.ts:177:24[90m)[39m
    at [90m/Users/juju/dev_repos/bendv3/[39mtests/integration/metrics-handler.test.js:319:50
    at [90mfile:///Users/juju/dev_repos/bendv3/[39mnode_modules/[4m@vitest/runner[24m/dist/chunk-hooks.js:155:11
    at [90mfile:///Users/juju/dev_repos/bendv3/[39mnode_modules/[4m@vitest/runner[24m/dist/chunk-hooks.js:752:26
    at [90mfile:///Users/juju/dev_repos/bendv3/[39mnode_modules/[4m@vitest/runner[24m/dist/chunk-hooks.js:1897:20
    at new Promise (<anonymous>)
    at runWithTimeout [90m(file:///Users/juju/dev_repos/bendv3/[39mnode_modules/[4m@vitest/runner[24m/dist/chunk-hooks.js:1863:10[90m)[39m
    at runTest [90m(file:///Users/juju/dev_repos/bendv3/[39mnode_modules/[4m@vitest/runner[24m/dist/chunk-hooks.js:1574:12[90m)[39m
[90m    at processTicksAndRejections (node:internal/process/task_queues:103:5)[39m
    at runSuite [90m(file:///Users/juju/dev_repos/bendv3/[39mnode_modules/[4m@vitest/runner[24m/dist/chunk-hooks.js:1729:8[90m)[39m
Error [INTERNAL_ERROR]: Failed to fetch metrics

stderr | tests/integration/metrics-handler.test.js > Metrics Handler Integration Tests > Metrics Content > should not include GraphQL endpoint info
[Metrics Handler] Error: TypeError: Cannot read properties of undefined (reading 'header')
    at handleMetricsRequest [90m(/Users/juju/dev_repos/bendv3/[39msrc/handlers/metrics-handler.ts:177:24[90m)[39m
    at [90m/Users/juju/dev_repos/bendv3/[39mtests/integration/metrics-handler.test.js:335:50
    at [90mfile:///Users/juju/dev_repos/bendv3/[39mnode_modules/[4m@vitest/runner[24m/dist/chunk-hooks.js:155:11
    at [90mfile:///Users/juju/dev_repos/bendv3/[39mnode_modules/[4m@vitest/runner[24m/dist/chunk-hooks.js:752:26
    at [90mfile:///Users/juju/dev_repos/bendv3/[39mnode_modules/[4m@vitest/runner[24m/dist/chunk-hooks.js:1897:20
    at new Promise (<anonymous>)
    at runWithTimeout [90m(file:///Users/juju/dev_repos/bendv3/[39mnode_modules/[4m@vitest/runner[24m/dist/chunk-hooks.js:1863:10[90m)[39m
    at runTest [90m(file:///Users/juju/dev_repos/bendv3/[39mnode_modules/[4m@vitest/runner[24m/dist/chunk-hooks.js:1574:12[90m)[39m
[90m    at processTicksAndRejections (node:internal/process/task_queues:103:5)[39m
    at runSuite [90m(file:///Users/juju/dev_repos/bendv3/[39mnode_modules/[4m@vitest/runner[24m/dist/chunk-hooks.js:1729:8[90m)[39m
Error [INTERNAL_ERROR]: Failed to fetch metrics

stderr | tests/integration/metrics-handler.test.js > Metrics Handler Integration Tests > Error Handling > should handle aggregation errors gracefully
[Metrics Handler] Error: TypeError: Cannot read properties of undefined (reading 'header')
    at handleMetricsRequest [90m(/Users/juju/dev_repos/bendv3/[39msrc/handlers/metrics-handler.ts:177:24[90m)[39m
    at [90m/Users/juju/dev_repos/bendv3/[39mtests/integration/metrics-handler.test.js:355:50
    at [90mfile:///Users/juju/dev_repos/bendv3/[39mnode_modules/[4m@vitest/runner[24m/dist/chunk-hooks.js:155:11
    at [90mfile:///Users/juju/dev_repos/bendv3/[39mnode_modules/[4m@vitest/runner[24m/dist/chunk-hooks.js:752:26
    at [90mfile:///Users/juju/dev_repos/bendv3/[39mnode_modules/[4m@vitest/runner[24m/dist/chunk-hooks.js:1897:20
    at new Promise (<anonymous>)
    at runWithTimeout [90m(file:///Users/juju/dev_repos/bendv3/[39mnode_modules/[4m@vitest/runner[24m/dist/chunk-hooks.js:1863:10[90m)[39m
    at runTest [90m(file:///Users/juju/dev_repos/bendv3/[39mnode_modules/[4m@vitest/runner[24m/dist/chunk-hooks.js:1574:12[90m)[39m
[90m    at processTicksAndRejections (node:internal/process/task_queues:103:5)[39m
    at runSuite [90m(file:///Users/juju/dev_repos/bendv3/[39mnode_modules/[4m@vitest/runner[24m/dist/chunk-hooks.js:1729:8[90m)[39m
Error [INTERNAL_ERROR]: Failed to fetch metrics

 × |node| tests/integration/metrics-handler.test.js > Metrics Handler Integration Tests > Authentication > should return 401 without Authorization header 7ms
   → expected 500 to be 401 // Object.is equality
 × |node| tests/integration/metrics-handler.test.js > Metrics Handler Integration Tests > Authentication > should return 401 with malformed Authorization header 1ms
   → expected 500 to be 401 // Object.is equality
 × |node| tests/integration/metrics-handler.test.js > Metrics Handler Integration Tests > Authentication > should return 403 with invalid token 1ms
   → expected 500 to be 403 // Object.is equality
 × |node| tests/integration/metrics-handler.test.js > Metrics Handler Integration Tests > Authentication > should accept valid token 0ms
   → expected 500 to be 200 // Object.is equality
 × |node| tests/integration/metrics-handler.test.js > Metrics Handler Integration Tests > Authentication > should use default key when METRICS_API_KEY not set 0ms
   → expected 500 to be 200 // Object.is equality
 × |node| tests/integration/metrics-handler.test.js > Metrics Handler Integration Tests > Response Formats > should return JSON format by default 2ms
   → expected { success: false, data: null, …(2) } to have property "timestamp"
 × |node| tests/integration/metrics-handler.test.js > Metrics Handler Integration Tests > Response Formats > should return Prometheus format when requested 1ms
   → expected 'application/json' to be 'text/plain; version=0.0.4' // Object.is equality
 × |node| tests/integration/metrics-handler.test.js > Metrics Handler Integration Tests > Period Parameters > should support "minute" period 0ms
   → expected undefined to be 'minute' // Object.is equality
 × |node| tests/integration/metrics-handler.test.js > Metrics Handler Integration Tests > Period Parameters > should support "hour" period (default) 1ms
   → expected undefined to be 'hour' // Object.is equality
 × |node| tests/integration/metrics-handler.test.js > Metrics Handler Integration Tests > Period Parameters > should support "day" period 1ms
   → expected undefined to be 'day' // Object.is equality
 × |node| tests/integration/metrics-handler.test.js > Metrics Handler Integration Tests > Period Parameters > should support "total" period 0ms
   → expected undefined to be 'total' // Object.is equality
 × |node| tests/integration/metrics-handler.test.js > Metrics Handler Integration Tests > Cache Behavior > should return cached data when available 1ms
   → expected "spy" to be called with arguments: [ 'metrics:v2:hour' ][90m

Number of calls: [1m0[22m
[39m
 × |node| tests/integration/metrics-handler.test.js > Metrics Handler Integration Tests > Cache Behavior > should cache fresh metrics with 5min TTL 0ms
   → expected "spy" to be called at least once
 × |node| tests/integration/metrics-handler.test.js > Metrics Handler Integration Tests > Cache Behavior > should use different cache keys for different periods 0ms
   → expected "spy" to be called with arguments: [ 'metrics:v2:hour' ][90m

Number of calls: [1m0[22m
[39m
 × |node| tests/integration/metrics-handler.test.js > Metrics Handler Integration Tests > Metrics Content > should include derived metrics 0ms
   → expected undefined to be defined
 × |node| tests/integration/metrics-handler.test.js > Metrics Handler Integration Tests > Metrics Content > should include health assessment 0ms
   → expected undefined to be defined
 ✓ |node| tests/integration/metrics-handler.test.js > Metrics Handler Integration Tests > Metrics Content > should not include GraphQL endpoint info 0ms
 × |node| tests/integration/metrics-handler.test.js > Metrics Handler Integration Tests > Error Handling > should handle aggregation errors gracefully 1ms
   → expected 'Cannot read properties of undefined (…' to contain 'KV unavailable'
stderr | tests/unit/rate-limiter.test.js > Rate Limiter Middleware > should block request when limit exceeded
[Rate Limit] Blocked request from IP: 192.168.1.200 (limit exceeded, endpoint: /api/search, limit: 100)

stderr | tests/unit/rate-limiter.test.js > Rate Limiter Middleware > should include rate limit headers in 429 response
[Rate Limit] Blocked request from IP: 192.168.1.300 (limit exceeded, endpoint: /api/search, limit: 100)

stderr | tests/unit/rate-limiter.test.js > Rate Limiter Middleware > should fail open when Durable Object throws error
[Rate Limit] Error checking rate limit: Error: DO unavailable
    at Object.<anonymous> [90m(/Users/juju/dev_repos/bendv3/[39mtests/unit/rate-limiter.test.js:323:19[90m)[39m
    at Object.mockCall [90m(file:///Users/juju/dev_repos/bendv3/[39mnode_modules/[4m@vitest/spy[24m/dist/index.js:96:15[90m)[39m
    at Object.spy [as fetch] [90m(file:///Users/juju/dev_repos/bendv3/[39mnode_modules/[4mtinyspy[24m/dist/index.js:47:80[90m)[39m
    at Module.checkRateLimit [90m(/Users/juju/dev_repos/bendv3/[39msrc/middleware/rate-limiter.ts:92:44[90m)[39m
    at [90m/Users/juju/dev_repos/bendv3/[39mtests/unit/rate-limiter.test.js:333:26
    at [90mfile:///Users/juju/dev_repos/bendv3/[39mnode_modules/[4m@vitest/runner[24m/dist/chunk-hooks.js:155:11
    at [90mfile:///Users/juju/dev_repos/bendv3/[39mnode_modules/[4m@vitest/runner[24m/dist/chunk-hooks.js:752:26
    at [90mfile:///Users/juju/dev_repos/bendv3/[39mnode_modules/[4m@vitest/runner[24m/dist/chunk-hooks.js:1897:20
    at new Promise (<anonymous>)
    at runWithTimeout [90m(file:///Users/juju/dev_repos/bendv3/[39mnode_modules/[4m@vitest/runner[24m/dist/chunk-hooks.js:1863:10[90m)[39m
[Rate Limit] Failing open - allowing request despite error

 × |node| tests/unit/rate-limiter.test.js > RateLimiterDO - Core Logic > should allow first request from new IP 3ms
   → Cannot read properties of undefined (reading 'storage')
 × |node| tests/unit/rate-limiter.test.js > RateLimiterDO - Core Logic > should allow up to 10 requests within window 0ms
   → Cannot read properties of undefined (reading 'storage')
 × |node| tests/unit/rate-limiter.test.js > RateLimiterDO - Core Logic > should block 11th request (rate limit exceeded) 0ms
   → Cannot read properties of undefined (reading 'storage')
 × |node| tests/unit/rate-limiter.test.js > RateLimiterDO - Core Logic > should reset counter after window expires 0ms
   → Cannot read properties of undefined (reading 'storage')
 × |node| tests/unit/rate-limiter.test.js > RateLimiterDO - Core Logic > should not increment counter when request is blocked 0ms
   → Cannot read properties of undefined (reading 'storage')
 × |node| tests/unit/rate-limiter.test.js > RateLimiterDO - Core Logic > should return correct remaining count 0ms
   → Cannot read properties of undefined (reading 'storage')
 × |node| tests/unit/rate-limiter.test.js > RateLimiterDO - Fetch Handler > should handle POST request and return JSON 1ms
   → Cannot read properties of undefined (reading 'storage')
 ✓ |node| tests/unit/rate-limiter.test.js > RateLimiterDO - Fetch Handler > should reject non-POST requests 1ms
 ✓ |node| tests/unit/rate-limiter.test.js > Rate Limiter Middleware > should allow request when under limit 1ms
 ✓ |node| tests/unit/rate-limiter.test.js > Rate Limiter Middleware > should block request when limit exceeded 4ms
 ✓ |node| tests/unit/rate-limiter.test.js > Rate Limiter Middleware > should include rate limit headers in 429 response 2ms
 ✓ |node| tests/unit/rate-limiter.test.js > Rate Limiter Middleware > should handle missing CF-Connecting-IP header 1ms
 ✓ |node| tests/unit/rate-limiter.test.js > Rate Limiter Middleware > should fail open when Durable Object throws error 1ms
 × |node| tests/unit/rate-limiter.test.js > Per-Endpoint Rate Limits (Issue #222) > should allow 5 requests for AI batch scan endpoint 0ms
   → Cannot read properties of undefined (reading 'storage')
 × |node| tests/unit/rate-limiter.test.js > Per-Endpoint Rate Limits (Issue #222) > should allow 10 requests for batch enrichment endpoint 0ms
   → Cannot read properties of undefined (reading 'storage')
 × |node| tests/unit/rate-limiter.test.js > Per-Endpoint Rate Limits (Issue #222) > should allow 100 requests for search endpoints 0ms
   → Cannot read properties of undefined (reading 'storage')
 × |node| tests/unit/rate-limiter.test.js > Per-Endpoint Rate Limits (Issue #222) > should use default limit when no custom limit provided 0ms
   → Cannot read properties of undefined (reading 'storage')
 ✓ |node| tests/unit/rate-limiter.test.js > Rate Limiter Middleware - Per-Endpoint Limits > should return 5 req/min for AI batch scan endpoint 0ms
 ✓ |node| tests/unit/rate-limiter.test.js > Rate Limiter Middleware - Per-Endpoint Limits > should return 5 req/min for CSV import endpoint 0ms
 ✓ |node| tests/unit/rate-limiter.test.js > Rate Limiter Middleware - Per-Endpoint Limits > should return 5 req/min for bookshelf scan endpoint 0ms
 ✓ |node| tests/unit/rate-limiter.test.js > Rate Limiter Middleware - Per-Endpoint Limits > should return default 100 req/min for unknown endpoints 0ms
 × |node| tests/unit/rate-limiter.test.js > Race Condition Prevention (Issue #41) > should serialize concurrent requests through single DO instance 0ms
   → Cannot read properties of undefined (reading 'storage')
 × |node| tests/unit/rate-limiter.test.js > Race Condition Prevention (Issue #41) > should maintain atomic counter integrity under high concurrency 0ms
   → Cannot read properties of undefined (reading 'storage')
stderr | tests/e2e/metrics-collection.test.js > End-to-End Metrics Collection > Full Metrics Workflow > should complete end-to-end metrics collection flow
[Metrics Handler] Error: TypeError: Cannot read properties of undefined (reading 'header')
    at handleMetricsRequest [90m(/Users/juju/dev_repos/bendv3/[39msrc/handlers/metrics-handler.ts:177:24[90m)[39m
    at [90m/Users/juju/dev_repos/bendv3/[39mtests/e2e/metrics-collection.test.js:37:50
    at [90mfile:///Users/juju/dev_repos/bendv3/[39mnode_modules/[4m@vitest/runner[24m/dist/chunk-hooks.js:155:11
    at [90mfile:///Users/juju/dev_repos/bendv3/[39mnode_modules/[4m@vitest/runner[24m/dist/chunk-hooks.js:752:26
    at [90mfile:///Users/juju/dev_repos/bendv3/[39mnode_modules/[4m@vitest/runner[24m/dist/chunk-hooks.js:1897:20
    at new Promise (<anonymous>)
    at runWithTimeout [90m(file:///Users/juju/dev_repos/bendv3/[39mnode_modules/[4m@vitest/runner[24m/dist/chunk-hooks.js:1863:10[90m)[39m
    at runTest [90m(file:///Users/juju/dev_repos/bendv3/[39mnode_modules/[4m@vitest/runner[24m/dist/chunk-hooks.js:1574:12[90m)[39m
[90m    at processTicksAndRejections (node:internal/process/task_queues:103:5)[39m
    at runSuite [90m(file:///Users/juju/dev_repos/bendv3/[39mnode_modules/[4m@vitest/runner[24m/dist/chunk-hooks.js:1729:8[90m)[39m
Error [INTERNAL_ERROR]: Failed to fetch metrics

stderr | tests/e2e/metrics-collection.test.js > End-to-End Metrics Collection > Full Metrics Workflow > should serve metrics from cache on subsequent requests
[Metrics Handler] Error: TypeError: Cannot read properties of undefined (reading 'header')
    at handleMetricsRequest [90m(/Users/juju/dev_repos/bendv3/[39msrc/handlers/metrics-handler.ts:177:24[90m)[39m
    at [90m/Users/juju/dev_repos/bendv3/[39mtests/e2e/metrics-collection.test.js:78:55
    at [90mfile:///Users/juju/dev_repos/bendv3/[39mnode_modules/[4m@vitest/runner[24m/dist/chunk-hooks.js:155:11
    at [90mfile:///Users/juju/dev_repos/bendv3/[39mnode_modules/[4m@vitest/runner[24m/dist/chunk-hooks.js:752:26
    at [90mfile:///Users/juju/dev_repos/bendv3/[39mnode_modules/[4m@vitest/runner[24m/dist/chunk-hooks.js:1897:20
    at new Promise (<anonymous>)
    at runWithTimeout [90m(file:///Users/juju/dev_repos/bendv3/[39mnode_modules/[4m@vitest/runner[24m/dist/chunk-hooks.js:1863:10[90m)[39m
    at runTest [90m(file:///Users/juju/dev_repos/bendv3/[39mnode_modules/[4m@vitest/runner[24m/dist/chunk-hooks.js:1574:12[90m)[39m
[90m    at processTicksAndRejections (node:internal/process/task_queues:103:5)[39m
    at runSuite [90m(file:///Users/juju/dev_repos/bendv3/[39mnode_modules/[4m@vitest/runner[24m/dist/chunk-hooks.js:1729:8[90m)[39m
Error [INTERNAL_ERROR]: Failed to fetch metrics

stderr | tests/e2e/metrics-collection.test.js > End-to-End Metrics Collection > Full Metrics Workflow > should serve metrics from cache on subsequent requests
[Metrics Handler] Error: TypeError: Cannot read properties of undefined (reading 'header')
    at handleMetricsRequest [90m(/Users/juju/dev_repos/bendv3/[39msrc/handlers/metrics-handler.ts:177:24[90m)[39m
    at [90m/Users/juju/dev_repos/bendv3/[39mtests/e2e/metrics-collection.test.js:89:56
[90m    at processTicksAndRejections (node:internal/process/task_queues:103:5)[39m
    at [90mfile:///Users/juju/dev_repos/bendv3/[39mnode_modules/[4m@vitest/runner[24m/dist/chunk-hooks.js:752:20
Error [INTERNAL_ERROR]: Failed to fetch metrics

stderr | tests/e2e/metrics-collection.test.js > End-to-End Metrics Collection > Metrics Data Integrity > should maintain consistent data structure across formats
[Metrics Handler] Error: TypeError: Cannot read properties of undefined (reading 'header')
    at handleMetricsRequest [90m(/Users/juju/dev_repos/bendv3/[39msrc/handlers/metrics-handler.ts:177:24[90m)[39m
    at [90m/Users/juju/dev_repos/bendv3/[39mtests/e2e/metrics-collection.test.js:107:54
    at [90mfile:///Users/juju/dev_repos/bendv3/[39mnode_modules/[4m@vitest/runner[24m/dist/chunk-hooks.js:155:11
    at [90mfile:///Users/juju/dev_repos/bendv3/[39mnode_modules/[4m@vitest/runner[24m/dist/chunk-hooks.js:752:26
    at [90mfile:///Users/juju/dev_repos/bendv3/[39mnode_modules/[4m@vitest/runner[24m/dist/chunk-hooks.js:1897:20
    at new Promise (<anonymous>)
    at runWithTimeout [90m(file:///Users/juju/dev_repos/bendv3/[39mnode_modules/[4m@vitest/runner[24m/dist/chunk-hooks.js:1863:10[90m)[39m
    at runTest [90m(file:///Users/juju/dev_repos/bendv3/[39mnode_modules/[4m@vitest/runner[24m/dist/chunk-hooks.js:1574:12[90m)[39m
[90m    at processTicksAndRejections (node:internal/process/task_queues:103:5)[39m
    at runSuite [90m(file:///Users/juju/dev_repos/bendv3/[39mnode_modules/[4m@vitest/runner[24m/dist/chunk-hooks.js:1729:8[90m)[39m
Error [INTERNAL_ERROR]: Failed to fetch metrics

stderr | tests/e2e/metrics-collection.test.js > End-to-End Metrics Collection > Metrics Data Integrity > should maintain consistent data structure across formats
[Metrics Handler] Error: TypeError: Cannot read properties of undefined (reading 'header')
    at handleMetricsRequest [90m(/Users/juju/dev_repos/bendv3/[39msrc/handlers/metrics-handler.ts:177:24[90m)[39m
    at [90m/Users/juju/dev_repos/bendv3/[39mtests/e2e/metrics-collection.test.js:117:60
[90m    at processTicksAndRejections (node:internal/process/task_queues:103:5)[39m
    at [90mfile:///Users/juju/dev_repos/bendv3/[39mnode_modules/[4m@vitest/runner[24m/dist/chunk-hooks.js:752:20
Error [INTERNAL_ERROR]: Failed to fetch metrics

stderr | tests/e2e/metrics-collection.test.js > End-to-End Metrics Collection > Metrics Data Integrity > should include all required fields in metrics response
[Metrics Handler] Error: TypeError: Cannot read properties of undefined (reading 'header')
    at handleMetricsRequest [90m(/Users/juju/dev_repos/bendv3/[39msrc/handlers/metrics-handler.ts:177:24[90m)[39m
    at [90m/Users/juju/dev_repos/bendv3/[39mtests/e2e/metrics-collection.test.js:131:50
    at [90mfile:///Users/juju/dev_repos/bendv3/[39mnode_modules/[4m@vitest/runner[24m/dist/chunk-hooks.js:155:11
    at [90mfile:///Users/juju/dev_repos/bendv3/[39mnode_modules/[4m@vitest/runner[24m/dist/chunk-hooks.js:752:26
    at [90mfile:///Users/juju/dev_repos/bendv3/[39mnode_modules/[4m@vitest/runner[24m/dist/chunk-hooks.js:1897:20
    at new Promise (<anonymous>)
    at runWithTimeout [90m(file:///Users/juju/dev_repos/bendv3/[39mnode_modules/[4m@vitest/runner[24m/dist/chunk-hooks.js:1863:10[90m)[39m
    at runTest [90m(file:///Users/juju/dev_repos/bendv3/[39mnode_modules/[4m@vitest/runner[24m/dist/chunk-hooks.js:1574:12[90m)[39m
[90m    at processTicksAndRejections (node:internal/process/task_queues:103:5)[39m
    at runSuite [90m(file:///Users/juju/dev_repos/bendv3/[39mnode_modules/[4m@vitest/runner[24m/dist/chunk-hooks.js:1729:8[90m)[39m
Error [INTERNAL_ERROR]: Failed to fetch metrics

stderr | tests/e2e/metrics-collection.test.js > End-to-End Metrics Collection > Health Assessment Integration > should assess health status based on hit rate thresholds
[Metrics Handler] Error: TypeError: Cannot read properties of undefined (reading 'header')
    at handleMetricsRequest [90m(/Users/juju/dev_repos/bendv3/[39msrc/handlers/metrics-handler.ts:177:24[90m)[39m
    at [90m/Users/juju/dev_repos/bendv3/[39mtests/e2e/metrics-collection.test.js:170:50
    at [90mfile:///Users/juju/dev_repos/bendv3/[39mnode_modules/[4m@vitest/runner[24m/dist/chunk-hooks.js:155:11
    at [90mfile:///Users/juju/dev_repos/bendv3/[39mnode_modules/[4m@vitest/runner[24m/dist/chunk-hooks.js:752:26
    at [90mfile:///Users/juju/dev_repos/bendv3/[39mnode_modules/[4m@vitest/runner[24m/dist/chunk-hooks.js:1897:20
    at new Promise (<anonymous>)
    at runWithTimeout [90m(file:///Users/juju/dev_repos/bendv3/[39mnode_modules/[4m@vitest/runner[24m/dist/chunk-hooks.js:1863:10[90m)[39m
    at runTest [90m(file:///Users/juju/dev_repos/bendv3/[39mnode_modules/[4m@vitest/runner[24m/dist/chunk-hooks.js:1574:12[90m)[39m
[90m    at processTicksAndRejections (node:internal/process/task_queues:103:5)[39m
    at runSuite [90m(file:///Users/juju/dev_repos/bendv3/[39mnode_modules/[4m@vitest/runner[24m/dist/chunk-hooks.js:1729:8[90m)[39m
Error [INTERNAL_ERROR]: Failed to fetch metrics

stderr | tests/e2e/metrics-collection.test.js > End-to-End Metrics Collection > Cost Estimation Integration > should calculate costs based on volume metrics
[Metrics Handler] Error: TypeError: Cannot read properties of undefined (reading 'header')
    at handleMetricsRequest [90m(/Users/juju/dev_repos/bendv3/[39msrc/handlers/metrics-handler.ts:177:24[90m)[39m
    at [90m/Users/juju/dev_repos/bendv3/[39mtests/e2e/metrics-collection.test.js:190:50
    at [90mfile:///Users/juju/dev_repos/bendv3/[39mnode_modules/[4m@vitest/runner[24m/dist/chunk-hooks.js:155:11
    at [90mfile:///Users/juju/dev_repos/bendv3/[39mnode_modules/[4m@vitest/runner[24m/dist/chunk-hooks.js:752:26
    at [90mfile:///Users/juju/dev_repos/bendv3/[39mnode_modules/[4m@vitest/runner[24m/dist/chunk-hooks.js:1897:20
    at new Promise (<anonymous>)
    at runWithTimeout [90m(file:///Users/juju/dev_repos/bendv3/[39mnode_modules/[4m@vitest/runner[24m/dist/chunk-hooks.js:1863:10[90m)[39m
    at runTest [90m(file:///Users/juju/dev_repos/bendv3/[39mnode_modules/[4m@vitest/runner[24m/dist/chunk-hooks.js:1574:12[90m)[39m
[90m    at processTicksAndRejections (node:internal/process/task_queues:103:5)[39m
    at runSuite [90m(file:///Users/juju/dev_repos/bendv3/[39mnode_modules/[4m@vitest/runner[24m/dist/chunk-hooks.js:1729:8[90m)[39m
Error [INTERNAL_ERROR]: Failed to fetch metrics

stderr | tests/e2e/metrics-collection.test.js > End-to-End Metrics Collection > Error Recovery > should handle aggregation service errors gracefully
[Metrics Handler] Error: TypeError: Cannot read properties of undefined (reading 'header')
    at handleMetricsRequest [90m(/Users/juju/dev_repos/bendv3/[39msrc/handlers/metrics-handler.ts:177:24[90m)[39m
    at [90m/Users/juju/dev_repos/bendv3/[39mtests/e2e/metrics-collection.test.js:213:50
    at [90mfile:///Users/juju/dev_repos/bendv3/[39mnode_modules/[4m@vitest/runner[24m/dist/chunk-hooks.js:155:11
    at [90mfile:///Users/juju/dev_repos/bendv3/[39mnode_modules/[4m@vitest/runner[24m/dist/chunk-hooks.js:752:26
    at [90mfile:///Users/juju/dev_repos/bendv3/[39mnode_modules/[4m@vitest/runner[24m/dist/chunk-hooks.js:1897:20
    at new Promise (<anonymous>)
    at runWithTimeout [90m(file:///Users/juju/dev_repos/bendv3/[39mnode_modules/[4m@vitest/runner[24m/dist/chunk-hooks.js:1863:10[90m)[39m
    at runTest [90m(file:///Users/juju/dev_repos/bendv3/[39mnode_modules/[4m@vitest/runner[24m/dist/chunk-hooks.js:1574:12[90m)[39m
[90m    at processTicksAndRejections (node:internal/process/task_queues:103:5)[39m
    at runSuite [90m(file:///Users/juju/dev_repos/bendv3/[39mnode_modules/[4m@vitest/runner[24m/dist/chunk-hooks.js:1729:8[90m)[39m
Error [INTERNAL_ERROR]: Failed to fetch metrics

stderr | tests/e2e/metrics-collection.test.js > End-to-End Metrics Collection > Error Recovery > should continue working after cache failures
[Metrics Handler] Error: TypeError: Cannot read properties of undefined (reading 'header')
    at handleMetricsRequest [90m(/Users/juju/dev_repos/bendv3/[39msrc/handlers/metrics-handler.ts:177:24[90m)[39m
    at [90m/Users/juju/dev_repos/bendv3/[39mtests/e2e/metrics-collection.test.js:231:55
    at [90mfile:///Users/juju/dev_repos/bendv3/[39mnode_modules/[4m@vitest/runner[24m/dist/chunk-hooks.js:155:11
    at [90mfile:///Users/juju/dev_repos/bendv3/[39mnode_modules/[4m@vitest/runner[24m/dist/chunk-hooks.js:752:26
    at [90mfile:///Users/juju/dev_repos/bendv3/[39mnode_modules/[4m@vitest/runner[24m/dist/chunk-hooks.js:1897:20
    at new Promise (<anonymous>)
    at runWithTimeout [90m(file:///Users/juju/dev_repos/bendv3/[39mnode_modules/[4m@vitest/runner[24m/dist/chunk-hooks.js:1863:10[90m)[39m
    at runTest [90m(file:///Users/juju/dev_repos/bendv3/[39mnode_modules/[4m@vitest/runner[24m/dist/chunk-hooks.js:1574:12[90m)[39m
[90m    at processTicksAndRejections (node:internal/process/task_queues:103:5)[39m
    at runSuite [90m(file:///Users/juju/dev_repos/bendv3/[39mnode_modules/[4m@vitest/runner[24m/dist/chunk-hooks.js:1729:8[90m)[39m
Error [INTERNAL_ERROR]: Failed to fetch metrics

stderr | tests/e2e/metrics-collection.test.js > End-to-End Metrics Collection > Multi-Period Support > should handle multiple period requests independently
[Metrics Handler] Error: TypeError: Cannot read properties of undefined (reading 'header')
    at handleMetricsRequest [90m(/Users/juju/dev_repos/bendv3/[39msrc/handlers/metrics-handler.ts:177:24[90m)[39m
    at [90m/Users/juju/dev_repos/bendv3/[39mtests/e2e/metrics-collection.test.js:262:52
    at [90mfile:///Users/juju/dev_repos/bendv3/[39mnode_modules/[4m@vitest/runner[24m/dist/chunk-hooks.js:155:11
    at [90mfile:///Users/juju/dev_repos/bendv3/[39mnode_modules/[4m@vitest/runner[24m/dist/chunk-hooks.js:752:26
    at [90mfile:///Users/juju/dev_repos/bendv3/[39mnode_modules/[4m@vitest/runner[24m/dist/chunk-hooks.js:1897:20
    at new Promise (<anonymous>)
    at runWithTimeout [90m(file:///Users/juju/dev_repos/bendv3/[39mnode_modules/[4m@vitest/runner[24m/dist/chunk-hooks.js:1863:10[90m)[39m
    at runTest [90m(file:///Users/juju/dev_repos/bendv3/[39mnode_modules/[4m@vitest/runner[24m/dist/chunk-hooks.js:1574:12[90m)[39m
[90m    at processTicksAndRejections (node:internal/process/task_queues:103:5)[39m
    at runSuite [90m(file:///Users/juju/dev_repos/bendv3/[39mnode_modules/[4m@vitest/runner[24m/dist/chunk-hooks.js:1729:8[90m)[39m
Error [INTERNAL_ERROR]: Failed to fetch metrics

stderr | tests/e2e/metrics-collection.test.js > End-to-End Metrics Collection > Multi-Period Support > should handle multiple period requests independently
[Metrics Handler] Error: TypeError: Cannot read properties of undefined (reading 'header')
    at handleMetricsRequest [90m(/Users/juju/dev_repos/bendv3/[39msrc/handlers/metrics-handler.ts:177:24[90m)[39m
    at [90m/Users/juju/dev_repos/bendv3/[39mtests/e2e/metrics-collection.test.js:262:52
[90m    at processTicksAndRejections (node:internal/process/task_queues:103:5)[39m
    at [90mfile:///Users/juju/dev_repos/bendv3/[39mnode_modules/[4m@vitest/runner[24m/dist/chunk-hooks.js:752:20
Error [INTERNAL_ERROR]: Failed to fetch metrics

stderr | tests/e2e/metrics-collection.test.js > End-to-End Metrics Collection > Multi-Period Support > should handle multiple period requests independently
[Metrics Handler] Error: TypeError: Cannot read properties of undefined (reading 'header')
    at handleMetricsRequest [90m(/Users/juju/dev_repos/bendv3/[39msrc/handlers/metrics-handler.ts:177:24[90m)[39m
    at [90m/Users/juju/dev_repos/bendv3/[39mtests/e2e/metrics-collection.test.js:262:52
[90m    at processTicksAndRejections (node:internal/process/task_queues:103:5)[39m
    at [90mfile:///Users/juju/dev_repos/bendv3/[39mnode_modules/[4m@vitest/runner[24m/dist/chunk-hooks.js:752:20
Error [INTERNAL_ERROR]: Failed to fetch metrics

stderr | tests/e2e/metrics-collection.test.js > End-to-End Metrics Collection > Multi-Period Support > should handle multiple period requests independently
[Metrics Handler] Error: TypeError: Cannot read properties of undefined (reading 'header')
    at handleMetricsRequest [90m(/Users/juju/dev_repos/bendv3/[39msrc/handlers/metrics-handler.ts:177:24[90m)[39m
    at [90m/Users/juju/dev_repos/bendv3/[39mtests/e2e/metrics-collection.test.js:262:52
[90m    at processTicksAndRejections (node:internal/process/task_queues:103:5)[39m
    at [90mfile:///Users/juju/dev_repos/bendv3/[39mnode_modules/[4m@vitest/runner[24m/dist/chunk-hooks.js:752:20
Error [INTERNAL_ERROR]: Failed to fetch metrics

stderr | tests/e2e/metrics-collection.test.js > End-to-End Metrics Collection > Analytics Engine Integration Notes > should document Analytics Engine limitations in response
[Metrics Handler] Error: TypeError: Cannot read properties of undefined (reading 'header')
    at handleMetricsRequest [90m(/Users/juju/dev_repos/bendv3/[39msrc/handlers/metrics-handler.ts:177:24[90m)[39m
    at [90m/Users/juju/dev_repos/bendv3/[39mtests/e2e/metrics-collection.test.js:290:50
    at [90mfile:///Users/juju/dev_repos/bendv3/[39mnode_modules/[4m@vitest/runner[24m/dist/chunk-hooks.js:155:11
    at [90mfile:///Users/juju/dev_repos/bendv3/[39mnode_modules/[4m@vitest/runner[24m/dist/chunk-hooks.js:752:26
    at [90mfile:///Users/juju/dev_repos/bendv3/[39mnode_modules/[4m@vitest/runner[24m/dist/chunk-hooks.js:1897:20
    at new Promise (<anonymous>)
    at runWithTimeout [90m(file:///Users/juju/dev_repos/bendv3/[39mnode_modules/[4m@vitest/runner[24m/dist/chunk-hooks.js:1863:10[90m)[39m
    at runTest [90m(file:///Users/juju/dev_repos/bendv3/[39mnode_modules/[4m@vitest/runner[24m/dist/chunk-hooks.js:1574:12[90m)[39m
[90m    at processTicksAndRejections (node:internal/process/task_queues:103:5)[39m
    at runSuite [90m(file:///Users/juju/dev_repos/bendv3/[39mnode_modules/[4m@vitest/runner[24m/dist/chunk-hooks.js:1729:8[90m)[39m
Error [INTERNAL_ERROR]: Failed to fetch metrics

 × |node| tests/e2e/metrics-collection.test.js > End-to-End Metrics Collection > Full Metrics Workflow > should complete end-to-end metrics collection flow 7ms
   → expected 500 to be 200 // Object.is equality
 × |node| tests/e2e/metrics-collection.test.js > End-to-End Metrics Collection > Full Metrics Workflow > should serve metrics from cache on subsequent requests 3ms
   → expected "spy" to be called with arguments: [ 'metrics:v1:24h' ][90m

Number of calls: [1m0[22m
[39m
 × |node| tests/e2e/metrics-collection.test.js > End-to-End Metrics Collection > Metrics Data Integrity > should maintain consistent data structure across formats 1ms
   → Cannot read properties of undefined (reading 'edge')
 × |node| tests/e2e/metrics-collection.test.js > End-to-End Metrics Collection > Metrics Data Integrity > should include all required fields in metrics response 1ms
   → expected { success: false, data: null, …(2) } to have property "timestamp"
 × |node| tests/e2e/metrics-collection.test.js > End-to-End Metrics Collection > Health Assessment Integration > should assess health status based on hit rate thresholds 0ms
   → Cannot read properties of undefined (reading 'status')
 × |node| tests/e2e/metrics-collection.test.js > End-to-End Metrics Collection > Cost Estimation Integration > should calculate costs based on volume metrics 0ms
   → Cannot convert undefined or null to object
 × |node| tests/e2e/metrics-collection.test.js > End-to-End Metrics Collection > Error Recovery > should handle aggregation service errors gracefully 1ms
   → expected { success: false, data: null, …(2) } to have property "message"
 × |node| tests/e2e/metrics-collection.test.js > End-to-End Metrics Collection > Error Recovery > should continue working after cache failures 1ms
   → expected 500 to be 200 // Object.is equality
 × |node| tests/e2e/metrics-collection.test.js > End-to-End Metrics Collection > Multi-Period Support > should handle multiple period requests independently 1ms
   → expected undefined to be '15m' // Object.is equality
 × |node| tests/e2e/metrics-collection.test.js > End-to-End Metrics Collection > Analytics Engine Integration Notes > should document Analytics Engine limitations in response 0ms
   → expected undefined to be defined
stdout | tests/enrichment.test.js > enrichSingleBook() > returns SingleEnrichmentResult for valid ISBN
enrichSingleBook: Calling Alexandria RPC for { isbn: [32m'9780451524935'[39m }

stdout | tests/enrichment.test.js > enrichSingleBook() > returns SingleEnrichmentResult for valid ISBN
enrichSingleBook: Alexandria returned result for "1984"

stdout | tests/enrichment.test.js > enrichSingleBook() > returns SingleEnrichmentResult for title+author search
enrichSingleBook: Calling Alexandria RPC for { title: [32m'Pride and Prejudice'[39m, author: [32m'Jane Austen'[39m }

stdout | tests/enrichment.test.js > enrichSingleBook() > returns SingleEnrichmentResult for title+author search
enrichSingleBook: Alexandria returned result for "Pride and Prejudice"

stdout | tests/enrichment.test.js > enrichSingleBook() > returns error object for unknown book
enrichSingleBook: Calling Alexandria RPC for { title: [32m'XYZ123NonexistentBook'[39m }

stdout | tests/enrichment.test.js > enrichSingleBook() > returns error object for unknown book
enrichSingleBook: Alexandria found no results for { title: [32m'XYZ123NonexistentBook'[39m }

stdout | tests/enrichment.test.js > enrichSingleBook() > handles Alexandria RPC error gracefully (returns error object)
enrichSingleBook: Calling Alexandria RPC for { title: [32m'Any Book'[39m }

stderr | tests/enrichment.test.js > enrichSingleBook() > handles Alexandria RPC error gracefully (returns error object)
enrichSingleBook: Alexandria RPC error: [33m500[39m Internal Server Error

stderr | tests/enrichment.test.js > enrichSingleBook() > returns null when no search parameters provided
enrichSingleBook: No search parameters provided

stdout | tests/enrichment.test.js > enrichSingleBook() > prioritizes ISBN search over title search
enrichSingleBook: Calling Alexandria RPC for { isbn: [32m'9780743273565'[39m, title: [32m'Gatsby'[39m }

stdout | tests/enrichment.test.js > enrichSingleBook() > prioritizes ISBN search over title search
enrichSingleBook: Alexandria returned result for "The Great Gatsby"

stdout | tests/enrichment.test.js > enrichMultipleBooks() > returns array of WorkDTOs for valid search
enrichMultipleBooks: Calling Alexandria RPC for { isbn: [90mundefined[39m, title: [90mundefined[39m, author: [32m'Orwell'[39m, maxResults: [33m20[39m }

stdout | tests/enrichment.test.js > enrichMultipleBooks() > returns array of WorkDTOs for valid search
enrichMultipleBooks: Alexandria returned 2 works (requested: 20)

stdout | tests/enrichment.test.js > enrichMultipleBooks() > returns empty array for unknown search
enrichMultipleBooks: Calling Alexandria RPC for {
  isbn: [90mundefined[39m,
  title: [32m'XYZ123Nonexistent'[39m,
  author: [90mundefined[39m,
  maxResults: [33m20[39m
}

stdout | tests/enrichment.test.js > enrichMultipleBooks() > returns empty array for unknown search
enrichMultipleBooks: Alexandria found no results for { isbn: [90mundefined[39m, title: [32m'XYZ123Nonexistent'[39m, author: [90mundefined[39m }

stdout | tests/enrichment.test.js > enrichMultipleBooks() > respects maxResults parameter
enrichMultipleBooks: Calling Alexandria RPC for { isbn: [90mundefined[39m, title: [32m'Test'[39m, author: [90mundefined[39m, maxResults: [33m5[39m }

stdout | tests/enrichment.test.js > enrichMultipleBooks() > respects maxResults parameter
enrichMultipleBooks: Alexandria returned 5 works (requested: 5)

stdout | tests/enrichment.test.js > enrichMultipleBooks() > defaults to maxResults=20 when not specified
enrichMultipleBooks: Calling Alexandria RPC for { isbn: [90mundefined[39m, title: [32m'Test'[39m, author: [90mundefined[39m, maxResults: [33m20[39m }

stdout | tests/enrichment.test.js > enrichMultipleBooks() > defaults to maxResults=20 when not specified
enrichMultipleBooks: Alexandria found no results for { isbn: [90mundefined[39m, title: [32m'Test'[39m, author: [90mundefined[39m }

stdout | tests/enrichment.test.js > enrichMultipleBooks() > handles API errors gracefully (returns empty array)
enrichMultipleBooks: Calling Alexandria RPC for {
  isbn: [90mundefined[39m,
  title: [32m'Any Book'[39m,
  author: [90mundefined[39m,
  maxResults: [33m20[39m
}

stderr | tests/enrichment.test.js > enrichMultipleBooks() > handles API errors gracefully (returns empty array)
enrichMultipleBooks: Alexandria RPC error: [33m500[39m Internal Server Error

stdout | tests/enrichment.test.js > enrichMultipleBooks() > returns single result for ISBN search
enrichMultipleBooks: Calling Alexandria RPC for {
  isbn: [32m'9780451524935'[39m,
  title: [90mundefined[39m,
  author: [90mundefined[39m,
  maxResults: [33m20[39m
}

stdout | tests/enrichment.test.js > enrichMultipleBooks() > returns single result for ISBN search
enrichMultipleBooks: Alexandria returned 1 works (requested: 20)

stdout | tests/enrichment.test.js > enrichMultipleBooks() > returns empty result for ISBN not found
enrichMultipleBooks: Calling Alexandria RPC for {
  isbn: [32m'9999999999'[39m,
  title: [90mundefined[39m,
  author: [90mundefined[39m,
  maxResults: [33m20[39m
}

stdout | tests/enrichment.test.js > enrichMultipleBooks() > returns empty result for ISBN not found
enrichMultipleBooks: Alexandria found no results for { isbn: [32m'9999999999'[39m, title: [90mundefined[39m, author: [90mundefined[39m }

stderr | tests/enrichment.test.js > enrichMultipleBooks() > returns empty result when no search parameters provided
enrichMultipleBooks: No search parameters provided

stdout | tests/enrichment.test.js > enrichMultipleBooks() > deduplicates authors in result
enrichMultipleBooks: Calling Alexandria RPC for { isbn: [90mundefined[39m, title: [32m'Test'[39m, author: [90mundefined[39m, maxResults: [33m20[39m }

stdout | tests/enrichment.test.js > enrichMultipleBooks() > deduplicates authors in result
enrichMultipleBooks: Alexandria returned 2 works (requested: 20)

 × |node| tests/enrichment.test.js > enrichSingleBook() > returns SingleEnrichmentResult for valid ISBN 6ms
   → expected { title: '1984', …(17) } to match object { title: '1984', …(1) }
(17 matching properties omitted from actual)
 × |node| tests/enrichment.test.js > enrichSingleBook() > returns SingleEnrichmentResult for title+author search 1ms
   → expected { title: 'Pride and Prejudice', …(17) } to match object { title: 'Pride and Prejudice', …(1) }
(17 matching properties omitted from actual)
 ✓ |node| tests/enrichment.test.js > enrichSingleBook() > returns error object for unknown book 0ms
 ✓ |node| tests/enrichment.test.js > enrichSingleBook() > handles Alexandria RPC error gracefully (returns error object) 0ms
 ✓ |node| tests/enrichment.test.js > enrichSingleBook() > returns null when no search parameters provided 0ms
 ✓ |node| tests/enrichment.test.js > enrichSingleBook() > prioritizes ISBN search over title search 0ms
 × |node| tests/enrichment.test.js > enrichMultipleBooks() > returns array of WorkDTOs for valid search 1ms
   → expected { title: '1984', …(18) } to match object { title: '1984', …(1) }
(18 matching properties omitted from actual)
 ✓ |node| tests/enrichment.test.js > enrichMultipleBooks() > returns empty array for unknown search 0ms
 ✓ |node| tests/enrichment.test.js > enrichMultipleBooks() > respects maxResults parameter 0ms
 ✓ |node| tests/enrichment.test.js > enrichMultipleBooks() > defaults to maxResults=20 when not specified 0ms
 ✓ |node| tests/enrichment.test.js > enrichMultipleBooks() > handles API errors gracefully (returns empty array) 0ms
 ✓ |node| tests/enrichment.test.js > enrichMultipleBooks() > returns single result for ISBN search 0ms
 ✓ |node| tests/enrichment.test.js > enrichMultipleBooks() > returns empty result for ISBN not found 0ms
 ✓ |node| tests/enrichment.test.js > enrichMultipleBooks() > returns empty result when no search parameters provided 0ms
 ✓ |node| tests/enrichment.test.js > enrichMultipleBooks() > deduplicates authors in result 0ms
 ✓ |node| tests/middleware/hono-analytics.test.js > Hono Analytics Middleware - TypeError Fix > should not crash when PERFORMANCE_ANALYTICS is undefined 3ms
 ✓ |node| tests/middleware/hono-analytics.test.js > Hono Analytics Middleware - TypeError Fix > should not crash when PERFORMANCE_ANALYTICS is undefined on subsequent requests 0ms
 × |node| tests/middleware/hono-analytics.test.js > Hono Analytics Middleware - TypeError Fix > should call writeDataPoint when PERFORMANCE_ANALYTICS is defined 3ms
   → expected "spy" to be called at least once
 × |node| tests/middleware/hono-analytics.test.js > Hono Analytics Middleware - TypeError Fix > should handle writeDataPoint errors gracefully 2ms
   → expected true to be false // Object.is equality
 ✓ |node| tests/middleware/hono-analytics.test.js > Hono Analytics Middleware - TypeError Fix > should not log analytics when sampling rate filters it out 0ms
stdout | tests/gemini-token-usage.test.js > Token Usage Tracking - CSV Provider > extracts token usage from Gemini API response
[GeminiCSVProvider] Token usage - Prompt: 150, Output: 50, Total: 200
[GeminiCSVProvider] parseCSVWithGemini parsed 1 valid books, 0 validation errors, token usage: {
  "promptTokenCount": 150,
  "candidatesTokenCount": 50,
  "totalTokenCount": 200
}

stdout | tests/gemini-token-usage.test.js > Token Usage Tracking - CSV Provider > handles missing usageMetadata gracefully
[GeminiCSVProvider] Token usage - Prompt: 0, Output: 0, Total: 0
[GeminiCSVProvider] parseCSVWithGemini parsed 0 valid books, 1 validation errors, token usage: {}

stdout | tests/gemini-token-usage.test.js > Token Usage Tracking - CSV Provider > includes token usage in generation config
[GeminiCSVProvider] Token usage - Prompt: 0, Output: 0, Total: 0
[GeminiCSVProvider] parseCSVWithGemini parsed 0 valid books, 0 validation errors, token usage: {}

stdout | tests/gemini-token-usage.test.js > Token Usage Tracking - Bookshelf Scanner > includes token usage in metadata for client tracking
[GeminiProvider] DIAGNOSTIC: Checking GEMINI_API_KEY binding...
[GeminiProvider] env.GEMINI_API_KEY exists: [33mtrue[39m
[GeminiProvider] DIAGNOSTIC: API key retrieved: [33mtrue[39m
[GeminiProvider] DIAGNOSTIC: API key length: [33m8[39m
[GeminiProvider] Using model: gemini-2.5-flash

stdout | tests/gemini-token-usage.test.js > Token Usage Tracking - Bookshelf Scanner > includes token usage in metadata for client tracking
[GeminiProvider] Gemini API response OK, parsing JSON...

stdout | tests/gemini-token-usage.test.js > Token Usage Tracking - Bookshelf Scanner > includes token usage in metadata for client tracking
[GeminiProvider] Response parsed, checking for candidates...
[GeminiProvider] Token usage - Prompt: 4200, Output: 500, Total: 4700

stdout | tests/gemini-token-usage.test.js > Token Usage Tracking - Bookshelf Scanner > logs token usage for monitoring
[GeminiProvider] DIAGNOSTIC: Checking GEMINI_API_KEY binding...
[GeminiProvider] env.GEMINI_API_KEY exists: [33mtrue[39m
[GeminiProvider] DIAGNOSTIC: API key retrieved: [33mtrue[39m
[GeminiProvider] DIAGNOSTIC: API key length: [33m8[39m
[GeminiProvider] Using model: gemini-2.5-flash

stdout | tests/gemini-token-usage.test.js > Token Usage Tracking - Bookshelf Scanner > logs token usage for monitoring
[GeminiProvider] Gemini API response OK, parsing JSON...

stdout | tests/gemini-token-usage.test.js > Token Usage Tracking - Bookshelf Scanner > logs token usage for monitoring
[GeminiProvider] Response parsed, checking for candidates...
[GeminiProvider] Token usage - Prompt: 4128, Output: 258, Total: 4386

stdout | tests/gemini-token-usage.test.js > Token Usage Tracking - Bookshelf Scanner > includes token usage in empty response metadata
[GeminiProvider] DIAGNOSTIC: Checking GEMINI_API_KEY binding...
[GeminiProvider] env.GEMINI_API_KEY exists: [33mtrue[39m
[GeminiProvider] DIAGNOSTIC: API key retrieved: [33mtrue[39m
[GeminiProvider] DIAGNOSTIC: API key length: [33m8[39m
[GeminiProvider] Using model: gemini-2.5-flash

stdout | tests/gemini-token-usage.test.js > Token Usage Tracking - Bookshelf Scanner > includes token usage in empty response metadata
[GeminiProvider] Gemini API response OK, parsing JSON...

stdout | tests/gemini-token-usage.test.js > Token Usage Tracking - Bookshelf Scanner > includes token usage in empty response metadata
[GeminiProvider] Response parsed, checking for candidates...
[GeminiProvider] Token usage - Prompt: 4128, Output: 0, Total: 4128

stderr | tests/gemini-token-usage.test.js > Token Usage Tracking - Bookshelf Scanner > includes token usage in empty response metadata
[GeminiProvider] Empty response

stdout | tests/gemini-token-usage.test.js > Token Usage Tracking - Bookshelf Scanner > includes token usage in invalid array response metadata
[GeminiProvider] DIAGNOSTIC: Checking GEMINI_API_KEY binding...
[GeminiProvider] env.GEMINI_API_KEY exists: [33mtrue[39m
[GeminiProvider] DIAGNOSTIC: API key retrieved: [33mtrue[39m
[GeminiProvider] DIAGNOSTIC: API key length: [33m8[39m
[GeminiProvider] Using model: gemini-2.5-flash

stdout | tests/gemini-token-usage.test.js > Token Usage Tracking - Bookshelf Scanner > includes token usage in invalid array response metadata
[GeminiProvider] Gemini API response OK, parsing JSON...

stderr | tests/gemini-token-usage.test.js > Token Usage Tracking - Bookshelf Scanner > includes token usage in invalid array response metadata
[GeminiProvider] Schema violation: Expected array, got object

stdout | tests/gemini-token-usage.test.js > Token Usage Tracking - Bookshelf Scanner > includes token usage in invalid array response metadata
[GeminiProvider] Response parsed, checking for candidates...
[GeminiProvider] Token usage - Prompt: 4128, Output: 50, Total: 4178

stdout | tests/gemini-token-usage.test.js > Stop Sequences Configuration > bookshelf scanner uses schema-enforced JSON (no stop sequences)
[GeminiProvider] DIAGNOSTIC: Checking GEMINI_API_KEY binding...
[GeminiProvider] env.GEMINI_API_KEY exists: [33mtrue[39m
[GeminiProvider] DIAGNOSTIC: API key retrieved: [33mtrue[39m
[GeminiProvider] DIAGNOSTIC: API key length: [33m8[39m
[GeminiProvider] Using model: gemini-2.5-flash

stdout | tests/gemini-token-usage.test.js > Stop Sequences Configuration > bookshelf scanner uses schema-enforced JSON (no stop sequences)
[GeminiProvider] Gemini API response OK, parsing JSON...

stdout | tests/gemini-token-usage.test.js > Stop Sequences Configuration > bookshelf scanner uses schema-enforced JSON (no stop sequences)
[GeminiProvider] Response parsed, checking for candidates...
[GeminiProvider] Token usage - Prompt: 0, Output: 0, Total: 0

stdout | tests/gemini-token-usage.test.js > Stop Sequences Configuration > CSV parser includes stop sequences
[GeminiCSVProvider] Token usage - Prompt: 0, Output: 0, Total: 0
[GeminiCSVProvider] parseCSVWithGemini parsed 0 valid books, 0 validation errors, token usage: {}

 ✓ |node| tests/gemini-token-usage.test.js > Token Usage Tracking - CSV Provider > extracts token usage from Gemini API response 3ms
 ✓ |node| tests/gemini-token-usage.test.js > Token Usage Tracking - CSV Provider > handles missing usageMetadata gracefully 0ms
 ✓ |node| tests/gemini-token-usage.test.js > Token Usage Tracking - CSV Provider > includes token usage in generation config 0ms
 ✓ |node| tests/gemini-token-usage.test.js > Token Usage Tracking - Bookshelf Scanner > includes token usage in metadata for client tracking 1ms
 ✓ |node| tests/gemini-token-usage.test.js > Token Usage Tracking - Bookshelf Scanner > logs token usage for monitoring 0ms
 ✓ |node| tests/gemini-token-usage.test.js > Token Usage Tracking - Bookshelf Scanner > includes token usage in empty response metadata 0ms
 ✓ |node| tests/gemini-token-usage.test.js > Token Usage Tracking - Bookshelf Scanner > includes token usage in invalid array response metadata 0ms
 × |node| tests/gemini-token-usage.test.js > Stop Sequences Configuration > bookshelf scanner uses schema-enforced JSON (no stop sequences) 3ms
   → expected 0.2 to be 0.4 // Object.is equality
 ✓ |node| tests/gemini-token-usage.test.js > Stop Sequences Configuration > CSV parser includes stop sequences 0ms
 ✓ |node| tests/gemini-token-usage.test.js > Token Usage Calculation Documentation > documents expected token usage for typical bookshelf scan 0ms
 ✓ |node| tests/gemini-token-usage.test.js > Token Usage Calculation Documentation > validates small image token calculation 0ms
stdout | tests/ai-scanner-metadata.test.js > AI Scanner Metadata > should include model name in completion metadata
[AI Scanner] Starting scan for job test-job-123, image size: 1024 bytes

stdout | tests/ai-scanner-metadata.test.js > AI Scanner Metadata > should include model name in completion metadata
[AI Scanner] Job test-job-123 - Using Gemini 2.0 Flash
[GeminiProvider] DIAGNOSTIC: Checking GEMINI_API_KEY binding...
[GeminiProvider] env.GEMINI_API_KEY exists: [33mtrue[39m
[GeminiProvider] DIAGNOSTIC: API key retrieved: [33mtrue[39m
[GeminiProvider] DIAGNOSTIC: API key length: [33m16[39m
[GeminiProvider] Using model: gemini-2.5-flash

stdout | tests/ai-scanner-metadata.test.js > AI Scanner Metadata > should include model name in completion metadata
[GeminiProvider] Gemini API response OK, parsing JSON...

stdout | tests/ai-scanner-metadata.test.js > AI Scanner Metadata > should include model name in completion metadata
[GeminiProvider] Response parsed, checking for candidates...
[GeminiProvider] Token usage - Prompt: 0, Output: 0, Total: 0

stdout | tests/ai-scanner-metadata.test.js > AI Scanner Metadata > should include model name in completion metadata
[AI Scanner] Gemini processing complete
[AI Scanner] Model used: gemini-2.5-flash
[AI Scanner] 1 books detected (2ms)

stderr | tests/ai-scanner-metadata.test.js > AI Scanner Metadata > should include model name in completion metadata
⚠️ Alexandria Service Binding not available, using external URL
   This will be slower and requires Alexandria to be deployed

stdout | tests/ai-scanner-metadata.test.js > AI Scanner Metadata > should include model name in completion metadata
🌐 Using Alexandria external URL: https://alexandria.ooheynerds.com
enrichMultipleBooks: Calling Alexandria RPC for {
  isbn: [90mundefined[39m,
  title: [32m'Test Book'[39m,
  author: [32m'Test Author'[39m,
  maxResults: [33m20[39m
}

stdout | tests/ai-scanner-metadata.test.js > AI Scanner Metadata > should include model name in completion metadata
enrichMultipleBooks: Alexandria found no results for { isbn: [90mundefined[39m, title: [32m'Test Book'[39m, author: [32m'Test Author'[39m }

stdout | tests/ai-scanner-metadata.test.js > AI Scanner Metadata > should include model name in completion metadata
[AI Scanner] Enrichment complete - 1 books enriched
[AI Scanner] Categorization: 1 high, 0 medium, 0 low confidence

stdout | tests/ai-scanner-metadata.test.js > AI Scanner Metadata > should include model name in completion metadata
[AI Scanner] Scan complete for job test-job-123: 1 books, 3ms

stdout | tests/ai-scanner-metadata.test.js > AI Scanner Metadata > should handle missing model metadata gracefully
[AI Scanner] Starting scan for job test-job-456, image size: 1024 bytes

stdout | tests/ai-scanner-metadata.test.js > AI Scanner Metadata > should handle missing model metadata gracefully
[AI Scanner] Job test-job-456 - Using Gemini 2.0 Flash

stdout | tests/ai-scanner-metadata.test.js > AI Scanner Metadata > should handle missing model metadata gracefully
[AI Scanner] Gemini processing complete
[AI Scanner] Model used: unknown
[AI Scanner] 1 books detected (25000ms)

stdout | tests/ai-scanner-metadata.test.js > AI Scanner Metadata > should handle missing model metadata gracefully
🌐 Using Alexandria external URL: https://alexandria.ooheynerds.com
enrichMultipleBooks: Calling Alexandria RPC for {
  isbn: [90mundefined[39m,
  title: [32m'Test Book'[39m,
  author: [32m'Test Author'[39m,
  maxResults: [33m20[39m
}

stderr | tests/ai-scanner-metadata.test.js > AI Scanner Metadata > should handle missing model metadata gracefully
⚠️ Alexandria Service Binding not available, using external URL
   This will be slower and requires Alexandria to be deployed

stdout | tests/ai-scanner-metadata.test.js > AI Scanner Metadata > should handle missing model metadata gracefully
enrichMultipleBooks: Alexandria found no results for { isbn: [90mundefined[39m, title: [32m'Test Book'[39m, author: [32m'Test Author'[39m }

stdout | tests/ai-scanner-metadata.test.js > AI Scanner Metadata > should handle missing model metadata gracefully
[AI Scanner] Enrichment complete - 1 books enriched
[AI Scanner] Categorization: 1 high, 0 medium, 0 low confidence

stdout | tests/ai-scanner-metadata.test.js > AI Scanner Metadata > should handle missing model metadata gracefully
[AI Scanner] Scan complete for job test-job-456: 1 books, 1ms

 × |node| tests/ai-scanner-metadata.test.js > AI Scanner Metadata > should include model name in completion metadata 7ms
   → expected 'gemini-2.5-flash' to be 'gemini-2.5-flash-lite' // Object.is equality
 ✓ |node| tests/ai-scanner-metadata.test.js > AI Scanner Metadata > should handle missing model metadata gracefully 1ms
 × |node| tests/cache-keys.test.js > Cache Key Generation > CSV cache key includes content hash 3ms
   → expected 'csv-parse:5efe8f356283c37491106fb5dcd…' to match /^csv-parse:[a-f0-9]{64}$/
 ✓ |node| tests/cache-keys.test.js > Cache Key Generation > different CSV content produces different hash 1ms
 × |node| tests/cache-keys.test.js > Cache Key Generation > ISBN cache key normalizes ISBN13 1ms
   → expected 'book:isbn:9780743273565' to be 'isbn:9780743273565' // Object.is equality
 × |node| tests/unit/external-apis.test.ts > External APIs Service > searchGoogleBooksById > should return cached result if available 2ms
   → getCached.mockResolvedValue is not a function
 × |node| tests/unit/external-apis.test.ts > External APIs Service > searchGoogleBooksById > should fetch from API on cache miss 0ms
   → getCached.mockResolvedValue is not a function
 × |node| tests/unit/external-apis.test.ts > External APIs Service > searchGoogleBooksById > should handle API errors 0ms
   → getCached.mockResolvedValue is not a function
 × |node| tests/unit/external-apis.test.ts > External APIs Service > searchGoogleBooks > should return cached result and filter by maxResults 0ms
   → getCached.mockResolvedValue is not a function
 × |node| tests/unit/external-apis.test.ts > External APIs Service > searchGoogleBooks > should fetch from API on cache miss and cache result 0ms
   → getCached.mockResolvedValue is not a function
 × |node| tests/unit/external-apis.test.ts > External APIs Service > searchOpenLibraryById > should fetch from API and normalize response 0ms
   → getCached.mockResolvedValue is not a function
 × |node| tests/unit/external-apis.test.ts > External APIs Service > searchOpenLibraryById > should throw error if API call fails 1ms
   → getCached.mockResolvedValue is not a function
 × |node| tests/unit/external-apis.test.ts > External APIs Service > searchISBNdb > should return cached result 0ms
   → getCached.mockResolvedValue is not a function
 × |node| tests/unit/external-apis.test.ts > External APIs Service > searchISBNdb > should fetch from API and handle rate limits 0ms
   → getCached.mockResolvedValue is not a function
 × |node| tests/unit/external-apis.test.ts > External APIs Service > searchISBNdb > should handle missing API key 0ms
   → getCached.mockResolvedValue is not a function
 × |node| tests/csv-import-e2e.test.js > CSV Import E2E Integration Test > Complete import flow: upload → parse → enrich → complete 3ms
   → ENOENT: no such file or directory, open '/Users/juju/dev_repos/bendv3/docs/testImages/sample-books.csv'
 × |node| tests/csv-import-e2e.test.js > CSV Import E2E Integration Test > CSV content validation 0ms
   → ENOENT: no such file or directory, open '/Users/juju/dev_repos/bendv3/docs/testImages/sample-books.csv'
 × |node| tests/csv-import-e2e.test.js > CSV Import E2E Integration Test > CSV file size is within limits 0ms
   → ENOENT: no such file or directory, open '/Users/juju/dev_repos/bendv3/docs/testImages/sample-books.csv'
stdout | tests/author-search-performance.test.js > Author Search Performance > should handle Stephen King (437 works) without timeout
OpenLibrary getAuthorWorks("Stephen King")

stdout | tests/author-search-performance.test.js > Author Search Performance > should handle Stephen King (437 works) without timeout
OpenLibrary returned 437 works for /authors/OL2162284A

stdout | tests/author-search-performance.test.js > Author Search Performance > should handle Isaac Asimov (506 works) pagination
OpenLibrary getAuthorWorks("Isaac Asimov")

stdout | tests/author-search-performance.test.js > Author Search Performance > should handle Isaac Asimov (506 works) pagination
OpenLibrary returned 506 works for /authors/OL34221A

stdout | tests/author-search-performance.test.js > Author Search Performance > should handle Isaac Asimov (506 works) pagination
OpenLibrary getAuthorWorks("Isaac Asimov")

stdout | tests/author-search-performance.test.js > Author Search Performance > should handle Isaac Asimov (506 works) pagination
OpenLibrary returned 506 works for /authors/OL34221A

stdout | tests/author-search-performance.test.js > Author Search Performance > should handle Isaac Asimov (506 works) pagination
OpenLibrary getAuthorWorks("Isaac Asimov")

stdout | tests/author-search-performance.test.js > Author Search Performance > should handle Isaac Asimov (506 works) pagination
OpenLibrary returned 506 works for /authors/OL34221A

stdout | tests/author-search-performance.test.js > Author Search Performance > should sort 437 works efficiently
OpenLibrary getAuthorWorks("Stephen King")

stdout | tests/author-search-performance.test.js > Author Search Performance > should sort 437 works efficiently
OpenLibrary returned 437 works for /authors/OL2162284A

 ✓ |node| tests/author-search-performance.test.js > Author Search Performance > should handle Stephen King (437 works) without timeout 4ms
 ✓ |node| tests/author-search-performance.test.js > Author Search Performance > should handle Isaac Asimov (506 works) pagination 4ms
 ✓ |node| tests/author-search-performance.test.js > Author Search Performance > should sort 437 works efficiently 7ms
stdout | tests/author-search.test.js > searchByAuthor > should search for author and return paginated results
OpenLibrary getAuthorWorks("Neil Gaiman")

stdout | tests/author-search.test.js > searchByAuthor > should search for author and return paginated results
OpenLibrary returned 2 works for /authors/OL23919A

stdout | tests/author-search.test.js > searchByAuthor > should handle pagination with offset
OpenLibrary getAuthorWorks("Stephen King")

stdout | tests/author-search.test.js > searchByAuthor > should handle pagination with offset
OpenLibrary returned 150 works for /authors/OL2162284A

stdout | tests/author-search.test.js > searchByAuthor > should cache results with 6h TTL
OpenLibrary getAuthorWorks("Neil Gaiman")

stdout | tests/author-search.test.js > searchByAuthor > should cache results with 6h TTL
OpenLibrary returned 1 works for /authors/OL23919A

stdout | tests/author-search.test.js > searchByAuthor > should return error when author not found
OpenLibrary getAuthorWorks("Nonexistent Author")

stdout | tests/author-search.test.js > searchByAuthor > should return error when author not found
Author not found in OpenLibrary

 ✓ |node| tests/author-search.test.js > searchByAuthor > should search for author and return paginated results 3ms
 ✓ |node| tests/author-search.test.js > searchByAuthor > should handle pagination with offset 1ms
 ✓ |node| tests/author-search.test.js > searchByAuthor > should cache results with 6h TTL 1ms
 ✓ |node| tests/author-search.test.js > searchByAuthor > should return error when author not found 0ms
stdout | tests/hono-router.test.js
[V3 API] Discovery Routes: GET /v3/capabilities, GET /v3/recommendations/weekly
[V3 Jobs] CSV import routes registered
[V3 Jobs] Bookshelf scan routes registered
[V3 Jobs] Batch enrichment routes registered: GET /v3/jobs/enrichment/:jobId, GET /v3/jobs/enrichment/:jobId/stream, GET /v3/jobs/enrichment/:jobId/results, DELETE /v3/jobs/enrichment/:jobId
[V3 API] Contract-first router with shared schemas created
[V3 API] Discovery Routes: GET /v3/capabilities, GET /v3/recommendations/weekly
[V3 API] Book Routes: GET /v3/books/search, POST /v3/books/enrich, GET /v3/books/:isbn
[V3 API] Job Routes (Imports): POST /v3/jobs/imports, GET /v3/jobs/imports/:id, GET /v3/jobs/imports/:id/stream
[V3 API] Job Routes (Scans): POST /v3/jobs/scans, GET /v3/jobs/scans/:id, GET /v3/jobs/scans/:id/stream
[V3 API] Documentation: /v3/docs
[V3 API] OpenAPI JSON: /v3/openapi.json
[V3 API] Successfully mounted native @hono/zod-openapi routes

 ✓ |node| tests/unified-cache.test.js > UnifiedCacheService > initializes with edge, KV, and external API services 1ms
 ✓ |node| tests/unified-cache.test.js > UnifiedCacheService > get returns from edge cache on hit 1ms
 ✓ |node| tests/unified-cache.test.js > UnifiedCacheService > get falls back to KV on edge miss 2ms
 ✓ |node| tests/unified-cache.test.js > UnifiedCacheService > get populates edge cache after KV hit 1ms
 ✓ |node| tests/unified-cache.test.js > UnifiedCacheService > get calls edgeCache.get with correct options 0ms
 ✓ |node| tests/integration/alexandria-contract.test.ts > Alexandria Contract Tests > Health & Stats Endpoints > GET /health - should return health status 124ms
 ↓ |node| tests/integration/alexandria-contract.test.ts > Alexandria Contract Tests > Health & Stats Endpoints > GET /api/stats - should return database statistics
 ✓ |node| tests/integration/alexandria-contract.test.ts > Alexandria Contract Tests > Search Endpoint > GET /api/search?isbn={isbn} - should search by ISBN 482ms
 ✓ |node| tests/integration/alexandria-contract.test.ts > Alexandria Contract Tests > Search Endpoint > GET /api/search?title={title} - should search by title 230ms
 ✓ |node| tests/integration/alexandria-contract.test.ts > Alexandria Contract Tests > Search Endpoint > GET /api/search?author={author} - should search by author 263ms
 ↓ |node| tests/integration/alexandria-contract.test.ts > Alexandria Contract Tests > Search Endpoint > GET /api/search - should handle pagination parameters
 ✓ |node| tests/integration/alexandria-contract.test.ts > Alexandria Contract Tests > Search Endpoint > GET /api/search - should return 400 for missing query params 156ms
 ✓ |node| tests/integration/alexandria-contract.test.ts > Alexandria Contract Tests > Cover Processing Endpoints > GET /covers/:isbn/status - should check cover status 708ms
 ✓ |node| tests/integration/alexandria-contract.test.ts > Alexandria Contract Tests > Cover Processing Endpoints > GET /covers/:isbn/:size - should serve cover image 111ms
 ✓ |node| tests/integration/alexandria-contract.test.ts > Alexandria Contract Tests > Cover Processing Endpoints > POST /api/covers/process - should process cover from provider URL 1113ms
 ✓ |node| tests/integration/alexandria-contract.test.ts > Alexandria Contract Tests > Quota Management > GET /api/quota/status - should return quota status 231ms
 ✓ |node| tests/integration/alexandria-contract.test.ts > Alexandria Contract Tests > OpenAPI Specification > GET /openapi.json - should return OpenAPI spec 145ms
 ✓ |node| tests/integration/alexandria-contract.test.ts > Alexandria Contract Tests > Type Safety Validation > should enforce type safety at compile time 162ms
 ✓ |node| tests/integration/alexandria-contract.test.ts > Alexandria Contract Tests > Type Safety Validation > should provide autocomplete for nested routes 400ms
 ✓ |node| tests/integration/alexandria-contract.test.ts > Alexandria Contract Tests > Error Handling > should return 404 for non-existent ISBN 294ms
 ✓ |node| tests/integration/alexandria-contract.test.ts > Alexandria Contract Tests > Error Handling > should return 400 for invalid ISBN format 153ms
 ✓ |node| tests/integration/alexandria-contract.test.ts > Alexandria Contract Tests > Error Handling > should return proper error structure 153ms
 ✓ |node| tests/integration/alexandria-contract.test.ts > Alexandria Contract Tests > Rate Limiting > should include rate limit headers 28ms
 ↓ |node| tests/integration/alexandria-contract.test.ts > Alexandria Contract Tests > Response Consistency > should use consistent response envelope structure
stdout | tests/rpc-latency.test.js > RPC Latency Verification (Issue #10) > Latency Test DO - RPC Methods > should measure latency with default iterations
[LatencyTestDO] Latency measurement complete:
      - Iterations: 100
      - Total time: 367.88ms
      - Avg latency: 3.678ms
      - P95 latency: 4.604ms
      - P99 latency: 4.676ms
      - Min: 2.130ms, Max: 4.715ms
    

 ✓ |node| tests/rpc-latency.test.js > RPC Latency Verification (Issue #10) > Latency Test DO - RPC Methods > should measure latency with default iterations 371ms
stdout | tests/rpc-latency.test.js > RPC Latency Verification (Issue #10) > Latency Test DO - RPC Methods > should accept custom iteration count
[LatencyTestDO] Latency measurement complete:
      - Iterations: 50
      - Total time: 165.54ms
      - Avg latency: 3.309ms
      - P95 latency: 4.652ms
      - P99 latency: 4.945ms
      - Min: 1.555ms, Max: 5.165ms
    

 ✓ |node| tests/rpc-latency.test.js > RPC Latency Verification (Issue #10) > Latency Test DO - RPC Methods > should accept custom iteration count 166ms
 ✓ |node| tests/rpc-latency.test.js > RPC Latency Verification (Issue #10) > Latency Test DO - RPC Methods > should validate iteration count is positive 1ms
 ✓ |node| tests/rpc-latency.test.js > RPC Latency Verification (Issue #10) > Latency Test DO - RPC Methods > should validate iteration count is within bounds 0ms
 ✓ |node| tests/rpc-latency.test.js > RPC Latency Verification (Issue #10) > Latency Test DO - RPC Methods > should validate iteration count is integer 0ms
stdout | tests/rpc-latency.test.js > RPC Latency Verification (Issue #10) > Performance Validation > should have reasonable latency for RPC calls
[LatencyTestDO] Latency measurement complete:
      - Iterations: 100
      - Total time: 330.34ms
      - Avg latency: 3.302ms
      - P95 latency: 4.591ms
      - P99 latency: 4.627ms
      - Min: 1.163ms, Max: 4.799ms
    

 ✓ |node| tests/rpc-latency.test.js > RPC Latency Verification (Issue #10) > Performance Validation > should have reasonable latency for RPC calls 331ms
stdout | tests/rpc-latency.test.js > RPC Latency Verification (Issue #10) > Performance Validation > should calculate min and max correctly
[LatencyTestDO] Latency measurement complete:
      - Iterations: 50
      - Total time: 161.06ms
      - Avg latency: 3.221ms
      - P95 latency: 4.576ms
      - P99 latency: 4.598ms
      - Min: 1.190ms, Max: 4.607ms
    

 ✓ |node| tests/rpc-latency.test.js > RPC Latency Verification (Issue #10) > Performance Validation > should calculate min and max correctly 162ms
stdout | tests/rpc-latency.test.js > RPC Latency Verification (Issue #10) > Performance Validation > should calculate average correctly
[LatencyTestDO] Latency measurement complete:
      - Iterations: 30
      - Total time: 96.58ms
      - Avg latency: 3.219ms
      - P95 latency: 4.571ms
      - P99 latency: 4.673ms
      - Min: 1.169ms, Max: 4.714ms
    

stdout | tests/rpc-latency.test.js > RPC Latency Verification (Issue #10) > Performance Validation > should calculate percentiles correctly
[LatencyTestDO] Latency measurement complete:
      - Iterations: 200
      - Total time: 671.06ms
      - Avg latency: 3.355ms
      - P95 latency: 4.575ms
      - P99 latency: 4.611ms
      - Min: 2.144ms, Max: 4.625ms
    

 ✓ |node| tests/rpc-latency.test.js > RPC Latency Verification (Issue #10) > Performance Validation > should calculate average correctly 97ms
 ✓ |node| tests/rpc-latency.test.js > RPC Latency Verification (Issue #10) > Performance Validation > should calculate percentiles correctly 672ms
stdout | tests/rpc-latency.test.js > RPC Latency Verification (Issue #10) > Performance Validation > should have consistent performance characteristics
[LatencyTestDO] Latency measurement complete:
      - Iterations: 100
      - Total time: 336.72ms
      - Avg latency: 3.367ms
      - P95 latency: 4.552ms
      - P99 latency: 4.604ms
      - Min: 2.060ms, Max: 4.611ms
    

 ✓ |node| tests/rpc-latency.test.js > RPC Latency Verification (Issue #10) > Performance Validation > should have consistent performance characteristics 338ms
stdout | tests/rpc-latency.test.js > RPC Latency Verification (Issue #10) > Performance Validation > should return valid total time
[LatencyTestDO] Latency measurement complete:
      - Iterations: 50
      - Total time: 164.30ms
      - Avg latency: 3.286ms
      - P95 latency: 4.575ms
      - P99 latency: 4.673ms
      - Min: 1.149ms, Max: 4.719ms
    

 ✓ |node| tests/rpc-latency.test.js > RPC Latency Verification (Issue #10) > Performance Validation > should return valid total time 165ms
stdout | tests/rpc-latency.test.js > RPC Latency Verification (Issue #10) > Statistical Calculations > should handle single measurement
[LatencyTestDO] Latency measurement complete:
      - Iterations: 1
      - Total time: 3.12ms
      - Avg latency: 3.121ms
      - P95 latency: 3.121ms
      - P99 latency: 3.121ms
      - Min: 3.121ms, Max: 3.121ms
    

stdout | tests/rpc-latency.test.js > RPC Latency Verification (Issue #10) > Statistical Calculations > should handle error markers correctly
[LatencyTestDO] Latency measurement complete:
      - Iterations: 10
      - Total time: 38.67ms
      - Avg latency: 3.866ms
      - P95 latency: 4.548ms
      - P99 latency: 4.549ms
      - Min: 2.191ms, Max: 4.549ms
    

stdout | tests/rpc-latency.test.js > RPC Latency Verification (Issue #10) > Fetch Handler (HTTP Fallback) > should handle measure via HTTP GET
[LatencyTestDO] Latency measurement complete:
      - Iterations: 10
      - Total time: 35.57ms
      - Avg latency: 3.556ms
      - P95 latency: 4.658ms
      - P99 latency: 4.715ms
      - Min: 2.286ms, Max: 4.729ms
    

 ✓ |node| tests/rpc-latency.test.js > RPC Latency Verification (Issue #10) > Ping Method > should return timestamp for ping() 0ms
 ✓ |node| tests/rpc-latency.test.js > RPC Latency Verification (Issue #10) > Statistical Calculations > should handle single measurement 3ms
 ✓ |node| tests/rpc-latency.test.js > RPC Latency Verification (Issue #10) > Statistical Calculations > should handle error markers correctly 39ms
 ✓ |node| tests/rpc-latency.test.js > RPC Latency Verification (Issue #10) > Fetch Handler (HTTP Fallback) > should handle ping via HTTP GET 3ms
 ✓ |node| tests/rpc-latency.test.js > RPC Latency Verification (Issue #10) > Fetch Handler (HTTP Fallback) > should handle measure via HTTP GET 37ms
 ✓ |node| tests/rpc-latency.test.js > RPC Latency Verification (Issue #10) > Fetch Handler (HTTP Fallback) > should return error for unknown endpoint 0ms
 ✓ |node| tests/unit/v3-batch-enrichment.test.ts > V3 API - Batch Enrichment Parallelization > Parallel processing architecture > should process multiple ISBNs concurrently, not sequentially 102ms
 ✓ |node| tests/unit/v3-batch-enrichment.test.ts > V3 API - Batch Enrichment Parallelization > Parallel processing architecture > should use batching with controlled concurrency 45ms
 ✓ |node| tests/unit/v3-batch-enrichment.test.ts > V3 API - Batch Enrichment Parallelization > Fault tolerance with Promise.allSettled > should continue processing even if individual ISBNs fail 0ms
 ✓ |node| tests/unit/v3-batch-enrichment.test.ts > V3 API - Batch Enrichment Parallelization > Fault tolerance with Promise.allSettled > should collect both successful and failed ISBNs correctly 0ms
 ✓ |node| tests/unit/v3-batch-enrichment.test.ts > V3 API - Batch Enrichment Parallelization > Performance under load > should handle 50 ISBNs within reasonable time 1007ms
 ✓ |node| tests/unit/v3-batch-enrichment.test.ts > V3 API - Batch Enrichment Parallelization > Performance under load > should not exceed Cloudflare Workers timeout (30s) 0ms
 ✓ |node| tests/unit/v3-batch-enrichment.test.ts > V3 API - Batch Enrichment Parallelization > Concurrency control > should limit concurrent operations to prevent overload 204ms
 ✓ |node| tests/unit/v3-batch-enrichment.test.ts > V3 API - Batch Enrichment Parallelization > Error handling edge cases > should handle empty ISBN array 0ms
 ✓ |node| tests/unit/v3-batch-enrichment.test.ts > V3 API - Batch Enrichment Parallelization > Error handling edge cases > should handle single ISBN efficiently 100ms
 ✓ |node| tests/unit/v3-batch-enrichment.test.ts > V3 API - Batch Enrichment Parallelization > Error handling edge cases > should handle all ISBNs failing gracefully 0ms
 ✓ |node| tests/integration/websocket-token.test.js > WebSocket Token Management - Edge Cases > Token Expiration - Exact Boundary > should reject authentication when currentTime === expirationTime 1013ms
 ✓ |node| tests/integration/websocket-token.test.js > WebSocket Token Management - Edge Cases > Token Expiration - Exact Boundary > should allow authentication 1ms before expiration 1ms
 ✓ |node| tests/integration/websocket-token.test.js > WebSocket Token Management - Edge Cases > Token Refresh Window - Exact Boundary > should reject refresh when exactly 30 minutes + 1ms remain 0ms
 ✓ |node| tests/integration/websocket-token.test.js > WebSocket Token Management - Edge Cases > Token Refresh Window - Exact Boundary > should allow refresh when exactly 30 minutes remain 0ms
 ✓ |node| tests/integration/websocket-token.test.js > WebSocket Token Management - Edge Cases > Token Refresh Window - Exact Boundary > should allow refresh when 29 minutes 59 seconds remain 0ms
 ✓ |node| tests/integration/websocket-token.test.js > WebSocket Token Management - Edge Cases > Concurrent Token Refresh - Race Conditions > should prevent concurrent manual refresh attempts 0ms
 ✓ |node| tests/integration/websocket-token.test.js > WebSocket Token Management - Edge Cases > Concurrent Token Refresh - Race Conditions > should prevent concurrent auto-refresh attempts 1ms
 ✓ |node| tests/integration/websocket-token.test.js > WebSocket Token Management - Edge Cases > Concurrent Token Refresh - Race Conditions > should block manual refresh during auto-refresh 0ms
 ✓ |node| tests/integration/websocket-token.test.js > WebSocket Token Management - Edge Cases > Auto-Refresh Grace Period > should store old token with 5-minute TTL during auto-refresh 0ms
 ✓ |node| tests/integration/websocket-token.test.js > WebSocket Token Management - Edge Cases > Auto-Refresh Grace Period > should allow reconnection with old token during grace period 0ms
 ✓ |node| tests/integration/websocket-token.test.js > WebSocket Token Management - Edge Cases > Clock Skew Scenarios > should handle server clock ahead of client 0ms
 ✓ |node| tests/integration/websocket-token.test.js > WebSocket Token Management - Edge Cases > Clock Skew Scenarios > should reject refresh when server clock behind client 1ms
 ✓ |node| tests/integration/websocket-token.test.js > WebSocket Token Management - Edge Cases > Token Validation Edge Cases > should reject refresh with null token 1ms
 ✓ |node| tests/integration/websocket-token.test.js > WebSocket Token Management - Edge Cases > Token Validation Edge Cases > should reject refresh with empty string token 1ms
 ✓ |node| tests/integration/websocket-token.test.js > WebSocket Token Management - Edge Cases > Token Validation Edge Cases > should reject refresh with mismatched token 0ms
 ✓ |node| tests/integration/websocket-token.test.js > WebSocket Token Management - Edge Cases > Token Expiration Edge Cases > should handle token with expiration in the past 0ms
 ✓ |node| tests/integration/websocket-token.test.js > WebSocket Token Management - Edge Cases > Token Expiration Edge Cases > should handle auto-refresh when already expired 0ms
 ✓ |node| tests/integration/websocket-token.test.js > WebSocket Token Management - Edge Cases > Token Expiration Edge Cases > should handle auto-refresh when outside refresh window 0ms
 ✓ |node| tests/integration/websocket-token.test.js > WebSocket Token Management - Edge Cases > Token Invalidation on Job Completion (Issue #164) > should blacklist token immediately on job completion 0ms
 ✓ |node| tests/integration/websocket-token.test.js > WebSocket Token Management - Edge Cases > Token Invalidation on Job Completion (Issue #164) > should blacklist token immediately on job failure 0ms
 ✓ |node| tests/integration/websocket-token.test.js > WebSocket Token Management - Edge Cases > Token Invalidation on Job Completion (Issue #164) > should reject reconnection with blacklisted token 0ms
 ✓ |node| tests/integration/websocket-token.test.js > WebSocket Token Management - Edge Cases > Token Invalidation on Job Completion (Issue #164) > should allow new job to use different token after previous job completed 0ms
 ✓ |node| tests/integration/websocket-token.test.js > WebSocket Token Management - Edge Cases > Token Invalidation on Job Completion (Issue #164) > should handle invalidation of already-deleted token gracefully 0ms
 ✓ |node| tests/integration/websocket-token.test.js > WebSocket Token Management - Edge Cases > Token Invalidation on Job Completion (Issue #164) > should set blacklist TTL to 2.5 hours (covers token expiration + buffer) 0ms
 ✓ |node| tests/integration/websocket-token.test.js > WebSocket Token Management - Edge Cases > Blacklist Cleanup (Issue #164) > should cleanup expired blacklist entries during alarm 0ms
 ✓ |node| tests/integration/websocket-token.test.js > WebSocket Token Management - Edge Cases > Blacklist Cleanup (Issue #164) > should not delete blacklist entries within TTL window 0ms
stdout | tests/unit/circuit-breaker.test.js > CircuitBreaker > CLOSED state behavior > should transition to OPEN after failure threshold
[CircuitBreaker] test-provider: CLOSED → OPEN (3 failures)

stdout | tests/unit/circuit-breaker.test.js > CircuitBreaker > CLOSED state behavior > should transition to OPEN after failure threshold
[CircuitBreaker] test-provider: opened {
  provider: [32m'test-provider'[39m,
  event: [32m'opened'[39m,
  timestamp: [33m1767820582839[39m,
  failureCount: [33m3[39m
}

stdout | tests/unit/circuit-breaker.test.js > CircuitBreaker > OPEN state behavior > should reject requests without calling function
[CircuitBreaker] test-provider: CLOSED → OPEN (2 failures)

stdout | tests/unit/circuit-breaker.test.js > CircuitBreaker > OPEN state behavior > should reject requests without calling function
[CircuitBreaker] test-provider: opened {
  provider: [32m'test-provider'[39m,
  event: [32m'opened'[39m,
  timestamp: [33m1767820582840[39m,
  failureCount: [33m2[39m
}

stdout | tests/unit/circuit-breaker.test.js > CircuitBreaker > OPEN state behavior > should reject requests without calling function
[CircuitBreaker] test-provider: rejected {
  provider: [32m'test-provider'[39m,
  event: [32m'rejected'[39m,
  timestamp: [33m1767820582840[39m,
  failureCount: [33m2[39m
}

stdout | tests/unit/circuit-breaker.test.js > CircuitBreaker > OPEN state behavior > should transition to HALF_OPEN after cooldown
[CircuitBreaker] test-provider: CLOSED → OPEN (2 failures)

stdout | tests/unit/circuit-breaker.test.js > CircuitBreaker > OPEN state behavior > should transition to HALF_OPEN after cooldown
[CircuitBreaker] test-provider: opened {
  provider: [32m'test-provider'[39m,
  event: [32m'opened'[39m,
  timestamp: [33m1767820582840[39m,
  failureCount: [33m2[39m
}

 ✓ |node| tests/unit/circuit-breaker.test.js > CircuitBreaker > Initial state > should start in CLOSED state 1ms
 ✓ |node| tests/unit/circuit-breaker.test.js > CircuitBreaker > CLOSED state behavior > should allow requests to pass through 0ms
 ✓ |node| tests/unit/circuit-breaker.test.js > CircuitBreaker > CLOSED state behavior > should increment failure count on errors 0ms
 ✓ |node| tests/unit/circuit-breaker.test.js > CircuitBreaker > CLOSED state behavior > should reset failure count on success 0ms
 ✓ |node| tests/unit/circuit-breaker.test.js > CircuitBreaker > CLOSED state behavior > should transition to OPEN after failure threshold 1ms
 ✓ |node| tests/unit/circuit-breaker.test.js > CircuitBreaker > OPEN state behavior > should reject requests without calling function 0ms
stdout | tests/unit/circuit-breaker.test.js > CircuitBreaker > OPEN state behavior > should transition to HALF_OPEN after cooldown
[CircuitBreaker] test-provider: OPEN → HALF_OPEN (cooldown expired)

stdout | tests/unit/circuit-breaker.test.js > CircuitBreaker > OPEN state behavior > should transition to HALF_OPEN after cooldown
[CircuitBreaker] test-provider: half_opened {
  provider: [32m'test-provider'[39m,
  event: [32m'half_opened'[39m,
  timestamp: [33m1767820582992[39m,
  failureCount: [33m2[39m
}

stdout | tests/unit/circuit-breaker.test.js > CircuitBreaker > HALF_OPEN state behavior > should transition to CLOSED after success threshold
[CircuitBreaker] test-provider: CLOSED → OPEN (2 failures)

stdout | tests/unit/circuit-breaker.test.js > CircuitBreaker > HALF_OPEN state behavior > should transition to CLOSED after success threshold
[CircuitBreaker] test-provider: opened {
  provider: [32m'test-provider'[39m,
  event: [32m'opened'[39m,
  timestamp: [33m1767820582992[39m,
  failureCount: [33m2[39m
}

 ✓ |node| tests/unit/circuit-breaker.test.js > CircuitBreaker > OPEN state behavior > should transition to HALF_OPEN after cooldown 152ms
stdout | tests/unit/circuit-breaker.test.js > CircuitBreaker > HALF_OPEN state behavior > should transition to CLOSED after success threshold
[CircuitBreaker] test-provider: OPEN → HALF_OPEN (cooldown expired)

stdout | tests/unit/circuit-breaker.test.js > CircuitBreaker > HALF_OPEN state behavior > should transition to CLOSED after success threshold
[CircuitBreaker] test-provider: half_opened {
  provider: [32m'test-provider'[39m,
  event: [32m'half_opened'[39m,
  timestamp: [33m1767820583143[39m,
  failureCount: [33m2[39m
}

stdout | tests/unit/circuit-breaker.test.js > CircuitBreaker > HALF_OPEN state behavior > should transition to CLOSED after success threshold
[CircuitBreaker] test-provider: HALF_OPEN → CLOSED (2 successes)

stdout | tests/unit/circuit-breaker.test.js > CircuitBreaker > HALF_OPEN state behavior > should transition to CLOSED after success threshold
[CircuitBreaker] test-provider: closed {
  provider: [32m'test-provider'[39m,
  event: [32m'closed'[39m,
  timestamp: [33m1767820583143[39m,
  failureCount: [90mundefined[39m
}

stdout | tests/unit/circuit-breaker.test.js > CircuitBreaker > HALF_OPEN state behavior > should transition back to OPEN on failure
[CircuitBreaker] test-provider: CLOSED → OPEN (2 failures)

stdout | tests/unit/circuit-breaker.test.js > CircuitBreaker > HALF_OPEN state behavior > should transition back to OPEN on failure
[CircuitBreaker] test-provider: opened {
  provider: [32m'test-provider'[39m,
  event: [32m'opened'[39m,
  timestamp: [33m1767820583144[39m,
  failureCount: [33m2[39m
}

 ✓ |node| tests/unit/circuit-breaker.test.js > CircuitBreaker > HALF_OPEN state behavior > should transition to CLOSED after success threshold 152ms
stdout | tests/unit/circuit-breaker.test.js > CircuitBreaker > HALF_OPEN state behavior > should transition back to OPEN on failure
[CircuitBreaker] test-provider: OPEN → HALF_OPEN (cooldown expired)

stdout | tests/unit/circuit-breaker.test.js > CircuitBreaker > HALF_OPEN state behavior > should transition back to OPEN on failure
[CircuitBreaker] test-provider: half_opened {
  provider: [32m'test-provider'[39m,
  event: [32m'half_opened'[39m,
  timestamp: [33m1767820583296[39m,
  failureCount: [33m2[39m
}

stdout | tests/unit/circuit-breaker.test.js > CircuitBreaker > HALF_OPEN state behavior > should transition back to OPEN on failure
[CircuitBreaker] test-provider: HALF_OPEN → OPEN (failure during recovery)

stdout | tests/unit/circuit-breaker.test.js > CircuitBreaker > HALF_OPEN state behavior > should transition back to OPEN on failure
[CircuitBreaker] test-provider: opened {
  provider: [32m'test-provider'[39m,
  event: [32m'opened'[39m,
  timestamp: [33m1767820583296[39m,
  failureCount: [33m3[39m
}

stdout | tests/unit/circuit-breaker.test.js > CircuitBreaker > Configuration options > should respect custom failure threshold
[CircuitBreaker] test-provider: CLOSED → OPEN (10 failures)

stdout | tests/unit/circuit-breaker.test.js > CircuitBreaker > Configuration options > should respect custom failure threshold
[CircuitBreaker] test-provider: opened {
  provider: [32m'test-provider'[39m,
  event: [32m'opened'[39m,
  timestamp: [33m1767820583296[39m,
  failureCount: [33m10[39m
}

stdout | tests/unit/circuit-breaker.test.js > CircuitBreaker > Configuration options > should respect custom success threshold
[CircuitBreaker] test-provider: CLOSED → OPEN (2 failures)

stdout | tests/unit/circuit-breaker.test.js > CircuitBreaker > Configuration options > should respect custom success threshold
[CircuitBreaker] test-provider: opened {
  provider: [32m'test-provider'[39m,
  event: [32m'opened'[39m,
  timestamp: [33m1767820583297[39m,
  failureCount: [33m2[39m
}

 ✓ |node| tests/unit/circuit-breaker.test.js > CircuitBreaker > HALF_OPEN state behavior > should transition back to OPEN on failure 153ms
 ✓ |node| tests/unit/circuit-breaker.test.js > CircuitBreaker > Configuration options > should respect custom failure threshold 0ms
stdout | tests/unit/circuit-breaker.test.js > CircuitBreaker > Configuration options > should respect custom success threshold
[CircuitBreaker] test-provider: OPEN → HALF_OPEN (cooldown expired)

stdout | tests/unit/circuit-breaker.test.js > CircuitBreaker > Configuration options > should respect custom success threshold
[CircuitBreaker] test-provider: half_opened {
  provider: [32m'test-provider'[39m,
  event: [32m'half_opened'[39m,
  timestamp: [33m1767820583448[39m,
  failureCount: [33m2[39m
}

stdout | tests/unit/circuit-breaker.test.js > CircuitBreaker > Configuration options > should respect custom success threshold
[CircuitBreaker] test-provider: HALF_OPEN → CLOSED (3 successes)

stdout | tests/unit/circuit-breaker.test.js > CircuitBreaker > Configuration options > should respect custom success threshold
[CircuitBreaker] test-provider: closed {
  provider: [32m'test-provider'[39m,
  event: [32m'closed'[39m,
  timestamp: [33m1767820583449[39m,
  failureCount: [90mundefined[39m
}

stdout | tests/unit/circuit-breaker.test.js > CircuitBreaker > Analytics logging > should log circuit opened event
[CircuitBreaker] test-provider: CLOSED → OPEN (2 failures)

stdout | tests/unit/circuit-breaker.test.js > CircuitBreaker > Analytics logging > should log circuit opened event
[CircuitBreaker] test-provider: opened {
  provider: [32m'test-provider'[39m,
  event: [32m'opened'[39m,
  timestamp: [33m1767820583449[39m,
  failureCount: [33m2[39m
}

stdout | tests/unit/circuit-breaker.test.js > CircuitBreaker > Analytics logging > should log circuit closed event
[CircuitBreaker] test-provider: CLOSED → OPEN (2 failures)

stdout | tests/unit/circuit-breaker.test.js > CircuitBreaker > Analytics logging > should log circuit closed event
[CircuitBreaker] test-provider: opened {
  provider: [32m'test-provider'[39m,
  event: [32m'opened'[39m,
  timestamp: [33m1767820583450[39m,
  failureCount: [33m2[39m
}

 ✓ |node| tests/unit/circuit-breaker.test.js > CircuitBreaker > Configuration options > should respect custom success threshold 152ms
 ✓ |node| tests/unit/circuit-breaker.test.js > CircuitBreaker > Analytics logging > should log circuit opened event 1ms
stdout | tests/unit/circuit-breaker.test.js > CircuitBreaker > Analytics logging > should log circuit closed event
[CircuitBreaker] test-provider: OPEN → HALF_OPEN (cooldown expired)

stdout | tests/unit/circuit-breaker.test.js > CircuitBreaker > Analytics logging > should log circuit closed event
[CircuitBreaker] test-provider: half_opened {
  provider: [32m'test-provider'[39m,
  event: [32m'half_opened'[39m,
  timestamp: [33m1767820583601[39m,
  failureCount: [33m2[39m
}

stdout | tests/unit/circuit-breaker.test.js > CircuitBreaker > Analytics logging > should log circuit closed event
[CircuitBreaker] test-provider: HALF_OPEN → CLOSED (1 successes)

stdout | tests/unit/circuit-breaker.test.js > CircuitBreaker > Analytics logging > should log circuit closed event
[CircuitBreaker] test-provider: closed {
  provider: [32m'test-provider'[39m,
  event: [32m'closed'[39m,
  timestamp: [33m1767820583602[39m,
  failureCount: [90mundefined[39m
}

stdout | tests/unit/circuit-breaker.test.js > CircuitBreaker > Manual reset > should reset circuit to CLOSED state
[CircuitBreaker] test-provider: CLOSED → OPEN (2 failures)

stdout | tests/unit/circuit-breaker.test.js > CircuitBreaker > Manual reset > should reset circuit to CLOSED state
[CircuitBreaker] test-provider: opened {
  provider: [32m'test-provider'[39m,
  event: [32m'opened'[39m,
  timestamp: [33m1767820583602[39m,
  failureCount: [33m2[39m
}

stdout | tests/unit/circuit-breaker.test.js > CircuitBreaker > Manual reset > should reset circuit to CLOSED state
[CircuitBreaker] test-provider: Manual reset to CLOSED

stdout | tests/unit/circuit-breaker.test.js > CircuitBreaker > withCircuitBreaker helper > should accept custom options
[CircuitBreaker] helper-provider: CLOSED → OPEN (1 failures)

stdout | tests/unit/circuit-breaker.test.js > CircuitBreaker > withCircuitBreaker helper > should accept custom options
[CircuitBreaker] helper-provider: opened {
  provider: [32m'helper-provider'[39m,
  event: [32m'opened'[39m,
  timestamp: [33m1767820583603[39m,
  failureCount: [33m1[39m
}

stdout | tests/unit/circuit-breaker.test.js > CircuitBreaker > withCircuitBreaker helper > should accept custom options
[CircuitBreaker] helper-provider: rejected {
  provider: [32m'helper-provider'[39m,
  event: [32m'rejected'[39m,
  timestamp: [33m1767820583603[39m,
  failureCount: [33m1[39m
}

 ✓ |node| tests/unit/circuit-breaker.test.js > CircuitBreaker > Analytics logging > should log circuit closed event 152ms
 ✓ |node| tests/unit/circuit-breaker.test.js > CircuitBreaker > Manual reset > should reset circuit to CLOSED state 1ms
 ✓ |node| tests/unit/circuit-breaker.test.js > CircuitBreaker > withCircuitBreaker helper > should work as a convenience wrapper 0ms
 ✓ |node| tests/unit/circuit-breaker.test.js > CircuitBreaker > withCircuitBreaker helper > should accept custom options 0ms
stdout | tests/handlers/book-search.test.js > Book Search Handler - searchByISBN > Provider Integration > should fetch from providers and return valid response
🌐 Cache MISS: ISBN 9780739314821
🌐 Cache MISS: Searching OpenLibrary for "9780739314821" (fetching 40 results for cache)
🌐 Cache MISS: OpenLibrary "9780739314821" (40 works)

stdout | tests/handlers/book-search.test.js > Book Search Handler - searchByISBN > Provider Integration > should fetch from providers and return valid response
GoogleBooks ISBN search for "9780739314821"
OpenLibrary general search for "9780739314821"

stderr | tests/handlers/book-search.test.js > Book Search Handler - searchByISBN > Provider Integration > should fetch from providers and return valid response
CACHE_ANALYTICS binding not available

stdout | tests/handlers/book-search.test.js > Book Search Handler - searchByISBN > Provider Integration > should include response time metadata
🌐 Cache MISS: ISBN 9780739314821
🌐 Cache MISS: Searching OpenLibrary for "9780739314821" (fetching 40 results for cache)
🌐 Cache MISS: OpenLibrary "9780739314821" (40 works)

stdout | tests/handlers/book-search.test.js > Book Search Handler - searchByISBN > Provider Integration > should include response time metadata
GoogleBooks ISBN search for "9780739314821"
OpenLibrary general search for "9780739314821"

stderr | tests/handlers/book-search.test.js > Book Search Handler - searchByISBN > Provider Integration > should include response time metadata
CACHE_ANALYTICS binding not available

stdout | tests/handlers/book-search.test.js > Book Search Handler - searchByISBN > Provider Integration > should cache results with 7-day TTL for ISBN searches
🌐 Cache MISS: ISBN 9780739314821
🌐 Cache MISS: Searching OpenLibrary for "9780739314821" (fetching 40 results for cache)
🌐 Cache MISS: OpenLibrary "9780739314821" (40 works)

stdout | tests/handlers/book-search.test.js > Book Search Handler - searchByISBN > Provider Integration > should cache results with 7-day TTL for ISBN searches
GoogleBooks ISBN search for "9780739314821"
OpenLibrary general search for "9780739314821"

stderr | tests/handlers/book-search.test.js > Book Search Handler - searchByISBN > Provider Integration > should cache results with 7-day TTL for ISBN searches
CACHE_ANALYTICS binding not available

 ✓ |node| tests/handlers/book-search.test.js > Book Search Handler - searchByISBN > Provider Integration > should fetch from providers and return valid response 64ms
 ✓ |node| tests/handlers/book-search.test.js > Book Search Handler - searchByISBN > Provider Integration > should include response time metadata 27ms
stdout | tests/handlers/book-search.test.js > Book Search Handler - searchByISBN > Provider Orchestration > should handle provider failures gracefully
🌐 Cache MISS: ISBN 9780739314821
🌐 Cache MISS: Searching OpenLibrary for "9780739314821" (fetching 40 results for cache)
🌐 Cache MISS: OpenLibrary "9780739314821" (40 works)

stdout | tests/handlers/book-search.test.js > Book Search Handler - searchByISBN > Provider Orchestration > should handle provider failures gracefully
GoogleBooks ISBN search for "9780739314821"
OpenLibrary general search for "9780739314821"

stderr | tests/handlers/book-search.test.js > Book Search Handler - searchByISBN > Provider Orchestration > should handle provider failures gracefully
CACHE_ANALYTICS binding not available

stdout | tests/handlers/book-search.test.js > Book Search Handler - searchByISBN > Data Transformation > should include cache headers with quality metrics
🌐 Cache MISS: ISBN 9780739314821
🌐 Cache MISS: Searching OpenLibrary for "9780739314821" (fetching 40 results for cache)
🌐 Cache MISS: OpenLibrary "9780739314821" (40 works)

stdout | tests/handlers/book-search.test.js > Book Search Handler - searchByISBN > Data Transformation > should include cache headers with quality metrics
GoogleBooks ISBN search for "9780739314821"
OpenLibrary general search for "9780739314821"

stderr | tests/handlers/book-search.test.js > Book Search Handler - searchByISBN > Data Transformation > should include cache headers with quality metrics
CACHE_ANALYTICS binding not available

stdout | tests/handlers/book-search.test.js > Book Search Handler - searchByISBN > Data Transformation > should calculate data completeness as a percentage
🌐 Cache MISS: ISBN 9780739314821
🌐 Cache MISS: Searching OpenLibrary for "9780739314821" (fetching 40 results for cache)
🌐 Cache MISS: OpenLibrary "9780739314821" (40 works)

stdout | tests/handlers/book-search.test.js > Book Search Handler - searchByISBN > Data Transformation > should calculate data completeness as a percentage
GoogleBooks ISBN search for "9780739314821"
OpenLibrary general search for "9780739314821"

stderr | tests/handlers/book-search.test.js > Book Search Handler - searchByISBN > Data Transformation > should calculate data completeness as a percentage
CACHE_ANALYTICS binding not available

stdout | tests/handlers/book-search.test.js > Book Search Handler - searchByISBN > Options Handling > should respect maxResults option
🌐 Cache MISS: ISBN 9780739314821
🌐 Cache MISS: Searching OpenLibrary for "9780739314821" (fetching 40 results for cache)
🌐 Cache MISS: OpenLibrary "9780739314821" (40 works)

stdout | tests/handlers/book-search.test.js > Book Search Handler - searchByISBN > Options Handling > should respect maxResults option
GoogleBooks ISBN search for "9780739314821"
OpenLibrary general search for "9780739314821"

stderr | tests/handlers/book-search.test.js > Book Search Handler - searchByISBN > Options Handling > should respect maxResults option
CACHE_ANALYTICS binding not available

stdout | tests/handlers/book-search.test.js > Book Search Handler - searchByISBN > Options Handling > should default maxResults to 1 for ISBN searches
🌐 Cache MISS: ISBN 9780739314821
🌐 Cache MISS: Searching OpenLibrary for "9780739314821" (fetching 40 results for cache)
🌐 Cache MISS: OpenLibrary "9780739314821" (40 works)

stdout | tests/handlers/book-search.test.js > Book Search Handler - searchByISBN > Options Handling > should default maxResults to 1 for ISBN searches
GoogleBooks ISBN search for "9780739314821"
OpenLibrary general search for "9780739314821"

stderr | tests/handlers/book-search.test.js > Book Search Handler - searchByISBN > Options Handling > should default maxResults to 1 for ISBN searches
CACHE_ANALYTICS binding not available

 ✓ |node| tests/handlers/book-search.test.js > Book Search Handler - searchByISBN > Provider Integration > should cache results with 7-day TTL for ISBN searches 28ms
 ✓ |node| tests/handlers/book-search.test.js > Book Search Handler - searchByISBN > Provider Orchestration > should handle provider failures gracefully 27ms
 ✓ |node| tests/handlers/book-search.test.js > Book Search Handler - searchByISBN > Data Transformation > should include cache headers with quality metrics 25ms
 ✓ |node| tests/handlers/book-search.test.js > Book Search Handler - searchByISBN > Data Transformation > should calculate data completeness as a percentage 24ms
 ✓ |node| tests/handlers/book-search.test.js > Book Search Handler - searchByISBN > Options Handling > should respect maxResults option 22ms
stdout | tests/handlers/book-search.test.js > Book Search Handler - searchByTitle > Provider Integration > should fetch results from providers
🌐 Cache MISS: Searching Google Books for "test" (fetching 40 results for cache)
🌐 Cache MISS: Search "test" (40 works)
🌐 Cache MISS: Searching OpenLibrary for "test" (fetching 40 results for cache)
🌐 Cache MISS: OpenLibrary "test" (40 works)

stdout | tests/handlers/book-search.test.js > Book Search Handler - searchByTitle > Provider Integration > should fetch results from providers
GoogleBooks search for "test"
OpenLibrary general search for "test"

stderr | tests/handlers/book-search.test.js > Book Search Handler - searchByTitle > Provider Integration > should fetch results from providers
CACHE_ANALYTICS binding not available

stdout | tests/handlers/book-search.test.js > Book Search Handler - searchByTitle > Provider Integration > should cache results with 6-hour TTL for title searches
🌐 Cache MISS: Searching Google Books for "test book" (fetching 40 results for cache)
🌐 Cache MISS: Search "test book" (40 works)
🌐 Cache MISS: Searching OpenLibrary for "test book" (fetching 40 results for cache)
🌐 Cache MISS: OpenLibrary "test book" (40 works)

stdout | tests/handlers/book-search.test.js > Book Search Handler - searchByTitle > Provider Integration > should cache results with 6-hour TTL for title searches
GoogleBooks search for "test book"
OpenLibrary general search for "test book"

stderr | tests/handlers/book-search.test.js > Book Search Handler - searchByTitle > Provider Integration > should cache results with 6-hour TTL for title searches
CACHE_ANALYTICS binding not available

stdout | tests/handlers/book-search.test.js > Book Search Handler - searchByTitle > Options Handling > should handle default maxResults for title searches
🌐 Cache MISS: Searching Google Books for "test" (fetching 40 results for cache)
🌐 Cache MISS: Search "test" (40 works)
🌐 Cache MISS: Searching OpenLibrary for "test" (fetching 40 results for cache)
🌐 Cache MISS: OpenLibrary "test" (40 works)

stdout | tests/handlers/book-search.test.js > Book Search Handler - searchByTitle > Options Handling > should handle default maxResults for title searches
GoogleBooks search for "test"
OpenLibrary general search for "test"

stderr | tests/handlers/book-search.test.js > Book Search Handler - searchByTitle > Options Handling > should handle default maxResults for title searches
CACHE_ANALYTICS binding not available

stdout | tests/handlers/book-search.test.js > Book Search Handler - searchByTitle > Deduplication Logic (#199) > should deduplicate books with same title and no ISBNs
🌐 Cache MISS: Searching Google Books for "The Great Gatsby" (fetching 40 results for cache)
🌐 Cache MISS: Search "The Great Gatsby" (40 works)
🌐 Cache MISS: Searching OpenLibrary for "The Great Gatsby" (fetching 40 results for cache)
🌐 Cache MISS: OpenLibrary "The Great Gatsby" (40 works)

stdout | tests/handlers/book-search.test.js > Book Search Handler - searchByTitle > Deduplication Logic (#199) > should deduplicate books with same title and no ISBNs
GoogleBooks search for "The Great Gatsby"
OpenLibrary general search for "The Great Gatsby"

 ✓ |node| tests/handlers/book-search.test.js > Book Search Handler - searchByISBN > Options Handling > should default maxResults to 1 for ISBN searches 28ms
 ✓ |node| tests/handlers/book-search.test.js > Book Search Handler - searchByTitle > Provider Integration > should fetch results from providers 31ms
 ✓ |node| tests/handlers/book-search.test.js > Book Search Handler - searchByTitle > Provider Integration > should cache results with 6-hour TTL for title searches 29ms
 ✓ |node| tests/handlers/book-search.test.js > Book Search Handler - searchByTitle > Options Handling > should handle default maxResults for title searches 25ms
stderr | tests/handlers/book-search.test.js > Book Search Handler - searchByTitle > Deduplication Logic (#199) > should deduplicate books with same title and no ISBNs
CACHE_ANALYTICS binding not available

stdout | tests/handlers/book-search.test.js > Book Search Handler - searchByTitle > Deduplication Logic (#199) > should keep books with different titles and no ISBNs
🌐 Cache MISS: Searching Google Books for "classic literature" (fetching 40 results for cache)
🌐 Cache MISS: Search "classic literature" (40 works)
🌐 Cache MISS: Searching OpenLibrary for "classic literature" (fetching 40 results for cache)
🌐 Cache MISS: OpenLibrary "classic literature" (40 works)

stdout | tests/handlers/book-search.test.js > Book Search Handler - searchByTitle > Deduplication Logic (#199) > should keep books with different titles and no ISBNs
GoogleBooks search for "classic literature"
OpenLibrary general search for "classic literature"

stderr | tests/handlers/book-search.test.js > Book Search Handler - searchByTitle > Deduplication Logic (#199) > should keep books with different titles and no ISBNs
CACHE_ANALYTICS binding not available

stdout | tests/handlers/book-search.test.js > Book Search Handler - searchByTitle > Deduplication Logic (#199) > should deduplicate by ISBN when available
🌐 Cache MISS: Searching Google Books for "Test Book" (fetching 40 results for cache)
🌐 Cache MISS: Search "Test Book" (40 works)
🌐 Cache MISS: Searching OpenLibrary for "Test Book" (fetching 40 results for cache)
🌐 Cache MISS: OpenLibrary "Test Book" (40 works)

stdout | tests/handlers/book-search.test.js > Book Search Handler - searchByTitle > Deduplication Logic (#199) > should deduplicate by ISBN when available
GoogleBooks search for "Test Book"
OpenLibrary general search for "Test Book"

stderr | tests/handlers/book-search.test.js > Book Search Handler - searchByTitle > Deduplication Logic (#199) > should deduplicate by ISBN when available
CACHE_ANALYTICS binding not available

stdout | tests/handlers/book-search.test.js > Book Search Handler - searchByTitle > Deduplication Logic (#199) > should handle mix of ISBN and non-ISBN books
🌐 Cache MISS: Searching Google Books for "books" (fetching 40 results for cache)
🌐 Cache MISS: Search "books" (40 works)
🌐 Cache MISS: Searching OpenLibrary for "books" (fetching 40 results for cache)
🌐 Cache MISS: OpenLibrary "books" (40 works)

stdout | tests/handlers/book-search.test.js > Book Search Handler - searchByTitle > Deduplication Logic (#199) > should handle mix of ISBN and non-ISBN books
GoogleBooks search for "books"
OpenLibrary general search for "books"

stderr | tests/handlers/book-search.test.js > Book Search Handler - searchByTitle > Deduplication Logic (#199) > should handle mix of ISBN and non-ISBN books
CACHE_ANALYTICS binding not available

stdout | tests/handlers/book-search.test.js > Book Search Handler - searchByTitle > Deduplication Logic (#199) > should handle books without ISBN (edge case)
🌐 Cache MISS: Searching Google Books for "test" (fetching 40 results for cache)
🌐 Cache MISS: Search "test" (40 works)
🌐 Cache MISS: Searching OpenLibrary for "test" (fetching 40 results for cache)
🌐 Cache MISS: OpenLibrary "test" (40 works)

stdout | tests/handlers/book-search.test.js > Book Search Handler - searchByTitle > Deduplication Logic (#199) > should handle books without ISBN (edge case)
GoogleBooks search for "test"
OpenLibrary general search for "test"

 ✓ |node| tests/handlers/book-search.test.js > Book Search Handler - searchByTitle > Deduplication Logic (#199) > should deduplicate books with same title and no ISBNs 26ms
 ✓ |node| tests/handlers/book-search.test.js > Book Search Handler - searchByTitle > Deduplication Logic (#199) > should keep books with different titles and no ISBNs 25ms
 ✓ |node| tests/handlers/book-search.test.js > Book Search Handler - searchByTitle > Deduplication Logic (#199) > should deduplicate by ISBN when available 28ms
 ✓ |node| tests/handlers/book-search.test.js > Book Search Handler - searchByTitle > Deduplication Logic (#199) > should handle mix of ISBN and non-ISBN books 29ms
stderr | tests/handlers/book-search.test.js > Book Search Handler - searchByTitle > Deduplication Logic (#199) > should handle books without ISBN (edge case)
CACHE_ANALYTICS binding not available

stdout | tests/handlers/book-search.test.js > Book Search Handler - searchByTitle > Deduplication Logic (#199) > should normalize titles for deduplication (case and punctuation)
🌐 Cache MISS: Searching Google Books for "gatsby" (fetching 40 results for cache)
🌐 Cache MISS: Search "gatsby" (40 works)
🌐 Cache MISS: Searching OpenLibrary for "gatsby" (fetching 40 results for cache)
🌐 Cache MISS: OpenLibrary "gatsby" (40 works)

stdout | tests/handlers/book-search.test.js > Book Search Handler - searchByTitle > Deduplication Logic (#199) > should normalize titles for deduplication (case and punctuation)
GoogleBooks search for "gatsby"
OpenLibrary general search for "gatsby"

stderr | tests/handlers/book-search.test.js > Book Search Handler - searchByTitle > Deduplication Logic (#199) > should normalize titles for deduplication (case and punctuation)
CACHE_ANALYTICS binding not available

 ✓ |node| tests/handlers/book-search.test.js > Book Search Handler - searchByTitle > Deduplication Logic (#199) > should handle books without ISBN (edge case) 29ms
 ✓ |node| tests/handlers/book-search.test.js > Book Search Handler - searchByTitle > Deduplication Logic (#199) > should normalize titles for deduplication (case and punctuation) 22ms
stderr | tests/error-scenarios/websocket-failures.test.js > WebSocket Error Scenarios - Protocol & Network Failures > WebSocket Close During Message Send > should handle WebSocket.send() failure
Failed to send message: WebSocket is closed

stderr | tests/error-scenarios/websocket-failures.test.js > WebSocket Error Scenarios - Protocol & Network Failures > WebSocket Close During Message Send > should handle network failure during send
Failed to send message: Network error: connection lost

stderr | tests/error-scenarios/websocket-failures.test.js > WebSocket Error Scenarios - Protocol & Network Failures > WebSocket Close During Message Send > should handle WebSocket in CLOSING state
Failed to send message: WebSocket is already in CLOSING or CLOSED state

 ✓ |node| tests/error-scenarios/websocket-failures.test.js > WebSocket Error Scenarios - Protocol & Network Failures > WebSocket Close During Message Send > should throw error when WebSocket is null 1ms
 ✓ |node| tests/error-scenarios/websocket-failures.test.js > WebSocket Error Scenarios - Protocol & Network Failures > WebSocket Close During Message Send > should handle WebSocket.send() failure 1ms
 ✓ |node| tests/error-scenarios/websocket-failures.test.js > WebSocket Error Scenarios - Protocol & Network Failures > WebSocket Close During Message Send > should handle network failure during send 0ms
 ✓ |node| tests/error-scenarios/websocket-failures.test.js > WebSocket Error Scenarios - Protocol & Network Failures > WebSocket Close During Message Send > should handle WebSocket in CLOSING state 0ms
 ✓ |node| tests/error-scenarios/websocket-failures.test.js > WebSocket Error Scenarios - Protocol & Network Failures > Invalid JSON in Client Messages > should reject invalid JSON 1ms
 ✓ |node| tests/error-scenarios/websocket-failures.test.js > WebSocket Error Scenarios - Protocol & Network Failures > Invalid JSON in Client Messages > should reject malformed JSON with unclosed braces 0ms
 ✓ |node| tests/error-scenarios/websocket-failures.test.js > WebSocket Error Scenarios - Protocol & Network Failures > Invalid JSON in Client Messages > should reject non-object JSON (primitive value) 0ms
 ✓ |node| tests/error-scenarios/websocket-failures.test.js > WebSocket Error Scenarios - Protocol & Network Failures > Invalid JSON in Client Messages > should reject JSON array instead of object 0ms
 ✓ |node| tests/error-scenarios/websocket-failures.test.js > WebSocket Error Scenarios - Protocol & Network Failures > Invalid JSON in Client Messages > should reject message with missing type field 0ms
 ✓ |node| tests/error-scenarios/websocket-failures.test.js > WebSocket Error Scenarios - Protocol & Network Failures > Invalid JSON in Client Messages > should reject message with non-string type 0ms
 ✓ |node| tests/error-scenarios/websocket-failures.test.js > WebSocket Error Scenarios - Protocol & Network Failures > Invalid JSON in Client Messages > should reject unknown message type 0ms
 ✓ |node| tests/error-scenarios/websocket-failures.test.js > WebSocket Error Scenarios - Protocol & Network Failures > Invalid JSON in Client Messages > should accept valid ready message 0ms
 ✓ |node| tests/error-scenarios/websocket-failures.test.js > WebSocket Error Scenarios - Protocol & Network Failures > Message Size Exceeding 32 MiB Limit (Issue #135) > should accept message under 32 MiB 0ms
 ✓ |node| tests/error-scenarios/websocket-failures.test.js > WebSocket Error Scenarios - Protocol & Network Failures > Message Size Exceeding 32 MiB Limit (Issue #135) > should reject message over 32 MiB 105ms
 ✓ |node| tests/error-scenarios/websocket-failures.test.js > WebSocket Error Scenarios - Protocol & Network Failures > Message Size Exceeding 32 MiB Limit (Issue #135) > should fail to send message over 32 MiB 145ms
stderr | tests/error-scenarios/websocket-failures.test.js > WebSocket Error Scenarios - Protocol & Network Failures > WebSocket State Edge Cases > should detect WebSocket already closed before send
Failed to send message: WebSocket is closed

stderr | tests/error-scenarios/websocket-failures.test.js > WebSocket Error Scenarios - Protocol & Network Failures > WebSocket State Edge Cases > should handle WebSocket closing mid-send
Failed to send message: WebSocket closed during send

 ✓ |node| tests/error-scenarios/websocket-failures.test.js > WebSocket Error Scenarios - Protocol & Network Failures > Message Size Exceeding 32 MiB Limit (Issue #135) > should handle edge case at exactly 32 MiB 50ms
 ✓ |node| tests/error-scenarios/websocket-failures.test.js > WebSocket Error Scenarios - Protocol & Network Failures > Message Size Exceeding 32 MiB Limit (Issue #135) > should fail at 32 MiB + 1 byte 20ms
 ✓ |node| tests/error-scenarios/websocket-failures.test.js > WebSocket Error Scenarios - Protocol & Network Failures > Network Failures During State Persistence > should handle storage.put failure during state update 0ms
 ✓ |node| tests/error-scenarios/websocket-failures.test.js > WebSocket Error Scenarios - Protocol & Network Failures > Network Failures During State Persistence > should handle storage failure during token save 0ms
 ✓ |node| tests/error-scenarios/websocket-failures.test.js > WebSocket Error Scenarios - Protocol & Network Failures > Network Failures During State Persistence > should handle intermittent storage failures with retry 0ms
 ✓ |node| tests/error-scenarios/websocket-failures.test.js > WebSocket Error Scenarios - Protocol & Network Failures > Network Failures During State Persistence > should handle storage.get failure during state retrieval 4ms
 ✓ |node| tests/error-scenarios/websocket-failures.test.js > WebSocket Error Scenarios - Protocol & Network Failures > Network Failures During State Persistence > should handle batch storage failure 0ms
 ✓ |node| tests/error-scenarios/websocket-failures.test.js > WebSocket Error Scenarios - Protocol & Network Failures > Protocol Violation Handling > should close connection with code 1002 for protocol errors 1ms
 ✓ |node| tests/error-scenarios/websocket-failures.test.js > WebSocket Error Scenarios - Protocol & Network Failures > Protocol Violation Handling > should cleanup after protocol violation 0ms
 ✓ |node| tests/error-scenarios/websocket-failures.test.js > WebSocket Error Scenarios - Protocol & Network Failures > Protocol Violation Handling > should use correct close codes for different violations 0ms
 ✓ |node| tests/error-scenarios/websocket-failures.test.js > WebSocket Error Scenarios - Protocol & Network Failures > Message Validation Edge Cases > should handle null message 0ms
 ✓ |node| tests/error-scenarios/websocket-failures.test.js > WebSocket Error Scenarios - Protocol & Network Failures > Message Validation Edge Cases > should handle undefined message 0ms
 ✓ |node| tests/error-scenarios/websocket-failures.test.js > WebSocket Error Scenarios - Protocol & Network Failures > Message Validation Edge Cases > should handle empty string message 0ms
 ✓ |node| tests/error-scenarios/websocket-failures.test.js > WebSocket Error Scenarios - Protocol & Network Failures > Message Validation Edge Cases > should handle message with extra whitespace 0ms
 ✓ |node| tests/error-scenarios/websocket-failures.test.js > WebSocket Error Scenarios - Protocol & Network Failures > Message Validation Edge Cases > should handle message with escaped characters 0ms
 ✓ |node| tests/error-scenarios/websocket-failures.test.js > WebSocket Error Scenarios - Protocol & Network Failures > Message Validation Edge Cases > should handle message with Unicode characters 0ms
 ✓ |node| tests/error-scenarios/websocket-failures.test.js > WebSocket Error Scenarios - Protocol & Network Failures > WebSocket State Edge Cases > should detect WebSocket already closed before send 0ms
 ✓ |node| tests/error-scenarios/websocket-failures.test.js > WebSocket Error Scenarios - Protocol & Network Failures > WebSocket State Edge Cases > should handle WebSocket closing mid-send 0ms
 ✓ |node| tests/unit/v3-etag.test.ts > V3 API - ETag Implementation > Content-based ETag generation > should generate stable ETags for identical content 12ms
 ✓ |node| tests/unit/v3-etag.test.ts > V3 API - ETag Implementation > Content-based ETag generation > should generate different ETags for different content 0ms
 ✓ |node| tests/unit/v3-etag.test.ts > V3 API - ETag Implementation > Content-based ETag generation > should use SHA-256 hash truncated to 16 hex characters 0ms
 ✓ |node| tests/unit/v3-etag.test.ts > V3 API - ETag Implementation > ETag validation prevents timestamp issues > should NOT use Date.now() or any timestamp in ETag generation 102ms
 ✓ |node| tests/unit/v3-etag.test.ts > V3 API - ETag Implementation > HTTP compliance > should use weak or strong ETag format per RFC 7232 0ms
 ✓ |node| tests/unit/v3-etag.test.ts > V3 API - ETag Implementation > HTTP compliance > should include ISBN in ETag for uniqueness across resources 0ms
stderr | tests/unit/websocket-connection-do.test.js > WebSocketConnectionDO > Authentication > should reject upgrade without upgrade header
[WebSocketConnectionDO] [cid: 1ffda197] Invalid upgrade header { upgradeHeader: [1mnull[22m }

stderr | tests/unit/websocket-connection-do.test.js > WebSocketConnectionDO > Authentication > should reject upgrade without jobId
[WebSocketConnectionDO] [cid: f7736614] Missing jobId parameter

stderr | tests/unit/websocket-connection-do.test.js > WebSocketConnectionDO > Authentication > should reject upgrade with invalid token
[test-123] [cid: ac611cf2] WebSocket authentication failed - invalid token

stderr | tests/unit/websocket-connection-do.test.js > WebSocketConnectionDO > Authentication > should reject upgrade with expired token
[test-123] [cid: c8fae2f3] WebSocket authentication failed - token expired

stderr | tests/unit/websocket-connection-do.test.js > WebSocketConnectionDO > Authentication > should reject second connection attempt with same token (SECURITY #212)
[test-123] [cid: a9911916] WebSocket authentication failed - token already used (prevents session hijacking)

stdout | tests/unit/websocket-connection-do.test.js > WebSocketConnectionDO > WebSocket Lifecycle > should handle ready message from client
[test-123] [cid: da322d38] ✅ Client ready signal received

 ✓ |node| tests/unit/websocket-connection-do.test.js > WebSocketConnectionDO > Authentication > should set auth token with expiration and reset consumed flag 2ms
 ✓ |node| tests/unit/websocket-connection-do.test.js > WebSocketConnectionDO > Authentication > should reject upgrade without upgrade header 2ms
 ✓ |node| tests/unit/websocket-connection-do.test.js > WebSocketConnectionDO > Authentication > should reject upgrade without jobId 0ms
 ✓ |node| tests/unit/websocket-connection-do.test.js > WebSocketConnectionDO > Authentication > should reject upgrade with invalid token 0ms
 ✓ |node| tests/unit/websocket-connection-do.test.js > WebSocketConnectionDO > Authentication > should reject upgrade with expired token 0ms
 ✓ |node| tests/unit/websocket-connection-do.test.js > WebSocketConnectionDO > Authentication > should reject second connection attempt with same token (SECURITY #212) 0ms
 ✓ |node| tests/unit/websocket-connection-do.test.js > WebSocketConnectionDO > Authentication > should allow reconnection with fresh token after consumption (SECURITY #212) 0ms
 ✓ |node| tests/unit/websocket-connection-do.test.js > WebSocketConnectionDO > WebSocket Lifecycle > should initialize ready promise on construction 0ms
 ✓ |node| tests/unit/websocket-connection-do.test.js > WebSocketConnectionDO > WebSocket Lifecycle > should handle ready message from client 0ms
 ✓ |node| tests/unit/websocket-connection-do.test.js > WebSocketConnectionDO > WebSocket Lifecycle > should ignore invalid message format 0ms
 ✓ |node| tests/unit/websocket-connection-do.test.js > WebSocketConnectionDO > WebSocket Lifecycle > should ignore messages with missing type 0ms
 ✓ |node| tests/unit/websocket-connection-do.test.js > WebSocketConnectionDO > WebSocket Lifecycle > should cleanup on close 0ms
 ✓ |node| tests/unit/websocket-connection-do.test.js > WebSocketConnectionDO > RPC Methods > should wait for ready signal successfully 0ms
 ✓ |node| tests/unit/websocket-connection-do.test.js > WebSocketConnectionDO > RPC Methods > should return immediately if already ready 0ms
 ✓ |node| tests/unit/websocket-connection-do.test.js > WebSocketConnectionDO > RPC Methods > should detect disconnected socket 0ms
stderr | tests/unit/websocket-connection-do.test.js > WebSocketConnectionDO > RPC Methods > should fail to send if no websocket
[test-123] [cid: d1eb7780] Send failed: WebSocket not open: null

stdout | tests/unit/websocket-connection-do.test.js > WebSocketConnectionDO > Message Handling > should handle ready message and send acknowledgment
[test-123] [cid: 563968cb] ✅ Client ready signal received

 ✓ |node| tests/unit/websocket-connection-do.test.js > WebSocketConnectionDO > RPC Methods > should timeout if ready signal not received 101ms
 ✓ |node| tests/unit/websocket-connection-do.test.js > WebSocketConnectionDO > RPC Methods > should detect disconnection while waiting for ready 0ms
 ✓ |node| tests/unit/websocket-connection-do.test.js > WebSocketConnectionDO > RPC Methods > should send message successfully 0ms
 ✓ |node| tests/unit/websocket-connection-do.test.js > WebSocketConnectionDO > RPC Methods > should fail to send if no websocket 0ms
 ✓ |node| tests/unit/websocket-connection-do.test.js > WebSocketConnectionDO > RPC Methods > should close connection gracefully 0ms
 ✓ |node| tests/unit/websocket-connection-do.test.js > WebSocketConnectionDO > RPC Methods > should handle close error gracefully 0ms
 ✓ |node| tests/unit/websocket-connection-do.test.js > WebSocketConnectionDO > Message Handling > should handle ready message and send acknowledgment 0ms
 ✓ |node| tests/unit/websocket-connection-do.test.js > WebSocketConnectionDO > Message Handling > should log unknown message types (debug mode) 0ms
 ✓ |node| tests/e2e/websocket-reconnection.test.js > WebSocket Reconnection Flow - E2E > Reconnection with reconnect=true > should accept reconnection with valid token 1ms
 ✓ |node| tests/e2e/websocket-reconnection.test.js > WebSocket Reconnection Flow - E2E > Reconnection with reconnect=true > should close old WebSocket before establishing new connection 1ms
 ✓ |node| tests/e2e/websocket-reconnection.test.js > WebSocket Reconnection Flow - E2E > Reconnection with reconnect=true > should reject reconnection with invalid token 0ms
 ✓ |node| tests/e2e/websocket-reconnection.test.js > WebSocket Reconnection Flow - E2E > Reconnection with reconnect=true > should accept reconnection with old token during grace period 0ms
 ✓ |node| tests/e2e/websocket-reconnection.test.js > WebSocket Reconnection Flow - E2E > State Synchronization After Reconnection > should send current job state on reconnection 0ms
 ✓ |node| tests/e2e/websocket-reconnection.test.js > WebSocket Reconnection Flow - E2E > State Synchronization After Reconnection > should handle reconnection when no job state exists 0ms
 ✓ |node| tests/e2e/websocket-reconnection.test.js > WebSocket Reconnection Flow - E2E > State Synchronization After Reconnection > should preserve job version on reconnection 0ms
 ✓ |node| tests/e2e/websocket-reconnection.test.js > WebSocket Reconnection Flow - E2E > Reconnection During Active Job Processing > should allow reconnection while job is processing 0ms
 ✓ |node| tests/e2e/websocket-reconnection.test.js > WebSocket Reconnection Flow - E2E > Reconnection During Active Job Processing > should handle reconnection at job completion 0ms
 ✓ |node| tests/e2e/websocket-reconnection.test.js > WebSocket Reconnection Flow - E2E > Grace Period Handling (60-second window) > should track disconnect time for grace period 0ms
 ✓ |node| tests/e2e/websocket-reconnection.test.js > WebSocket Reconnection Flow - E2E > Grace Period Handling (60-second window) > should store disconnect code and reason 0ms
 ✓ |node| tests/e2e/websocket-reconnection.test.js > WebSocket Reconnection Flow - E2E > Grace Period Handling (60-second window) > should preserve state during unexpected disconnect (non-1000) 0ms
 ✓ |node| tests/e2e/websocket-reconnection.test.js > WebSocket Reconnection Flow - E2E > Grace Period Handling (60-second window) > should cleanup state on normal closure (code 1000) 0ms
 ✓ |node| tests/e2e/websocket-reconnection.test.js > WebSocket Reconnection Flow - E2E > Grace Period Handling (60-second window) > should allow reconnection within grace period 100ms
 ✓ |node| tests/e2e/websocket-reconnection.test.js > WebSocket Reconnection Flow - E2E > Multiple Reconnection Attempts > should handle rapid reconnection attempts 0ms
 ✓ |node| tests/e2e/websocket-reconnection.test.js > WebSocket Reconnection Flow - E2E > Multiple Reconnection Attempts > should track each reconnection attempt 0ms
 ✓ |node| tests/e2e/websocket-reconnection.test.js > WebSocket Reconnection Flow - E2E > Multiple Reconnection Attempts > should reject reconnection after token expiration 0ms
 ✓ |node| tests/e2e/websocket-reconnection.test.js > WebSocket Reconnection Flow - E2E > Reconnection Edge Cases > should handle reconnection without prior WebSocket 0ms
 ✓ |node| tests/e2e/websocket-reconnection.test.js > WebSocket Reconnection Flow - E2E > Reconnection Edge Cases > should handle reconnection with different jobId in URL 0ms
 ✓ |node| tests/e2e/websocket-reconnection.test.js > WebSocket Reconnection Flow - E2E > Reconnection Edge Cases > should handle reconnection during token auto-refresh 0ms
stdout | tests/integration/cover-concurrency.test.ts > Cover Processing Concurrency Integration > should process multiple covers with controlled concurrency
[CoverProcessor] Progress: 3/3 covers processed

stdout | tests/integration/cover-concurrency.test.ts > Cover Processing Concurrency Integration > should handle cover processing failures gracefully
[CoverProcessor] Progress: 3/3 covers processed

 ✓ |node| tests/integration/cover-concurrency.test.ts > Cover Processing Concurrency Integration > should process multiple covers with controlled concurrency 2ms
 ✓ |node| tests/integration/cover-concurrency.test.ts > Cover Processing Concurrency Integration > should handle cover processing failures gracefully 1ms
stdout | tests/integration/cover-concurrency.test.ts > Cover Processing Concurrency Integration > should respect concurrency limits
[CoverProcessor] Progress: 20/20 covers processed

stdout | tests/integration/cover-concurrency.test.ts > Cover Processing Concurrency Integration > should process large batches with progress tracking
[CoverProcessor] Progress: 25/50 covers processed

stdout | tests/integration/cover-concurrency.test.ts > Cover Processing Concurrency Integration > should process large batches with progress tracking
[CoverProcessor] Progress: 50/50 covers processed

 ✓ |node| tests/integration/cover-concurrency.test.ts > Cover Processing Concurrency Integration > should respect concurrency limits 102ms
 ✓ |node| tests/integration/cover-concurrency.test.ts > Cover Processing Concurrency Integration > should process large batches with progress tracking 1ms
 ✓ |node| tests/integration/websocket-do-lifecycle.test.js > WebSocket DO Lifecycle - Storage & Eviction > Storage Operation Failures - P0 > should handle storage.put failure during token set 1ms
 ✓ |node| tests/integration/websocket-do-lifecycle.test.js > WebSocket DO Lifecycle - Storage & Eviction > Storage Operation Failures - P0 > should handle storage.get failure during token retrieval 0ms
 ✓ |node| tests/integration/websocket-do-lifecycle.test.js > WebSocket DO Lifecycle - Storage & Eviction > Storage Operation Failures - P0 > should handle storage.delete failure during cleanup 0ms
 ✓ |node| tests/integration/websocket-do-lifecycle.test.js > WebSocket DO Lifecycle - Storage & Eviction > Storage Operation Failures - P0 > should handle batch storage.put failure 0ms
 ✓ |node| tests/integration/websocket-do-lifecycle.test.js > WebSocket DO Lifecycle - Storage & Eviction > Storage Operation Failures - P0 > should handle storage.get returning null for missing keys 0ms
 ✓ |node| tests/integration/websocket-do-lifecycle.test.js > WebSocket DO Lifecycle - Storage & Eviction > Storage Operation Failures - P0 > should handle corrupted data in storage 0ms
 ✓ |node| tests/integration/websocket-do-lifecycle.test.js > WebSocket DO Lifecycle - Storage & Eviction > DO Eviction and State Restoration - P1 > should restore job state after DO eviction 0ms
 ✓ |node| tests/integration/websocket-do-lifecycle.test.js > WebSocket DO Lifecycle - Storage & Eviction > DO Eviction and State Restoration - P1 > should restore throttle state after DO eviction (Issue #2) 0ms
 ✓ |node| tests/integration/websocket-do-lifecycle.test.js > WebSocket DO Lifecycle - Storage & Eviction > DO Eviction and State Restoration - P1 > should handle missing state during DO restart 0ms
 ✓ |node| tests/integration/websocket-do-lifecycle.test.js > WebSocket DO Lifecycle - Storage & Eviction > DO Eviction and State Restoration - P1 > should preserve token across DO eviction 0ms
 ✓ |node| tests/integration/websocket-do-lifecycle.test.js > WebSocket DO Lifecycle - Storage & Eviction > State Persistence After DO Restart - P1 > should preserve job version numbers across restarts 0ms
 ✓ |node| tests/integration/websocket-do-lifecycle.test.js > WebSocket DO Lifecycle - Storage & Eviction > State Persistence After DO Restart - P1 > should preserve completed job state across restarts 0ms
 ✓ |node| tests/integration/websocket-do-lifecycle.test.js > WebSocket DO Lifecycle - Storage & Eviction > State Persistence After DO Restart - P1 > should handle partial state updates during eviction 0ms
 ✓ |node| tests/integration/websocket-do-lifecycle.test.js > WebSocket DO Lifecycle - Storage & Eviction > Throttle State Survival (Issue #2 Validation) - P1 > should maintain throttle count across multiple evictions 0ms
 ✓ |node| tests/integration/websocket-do-lifecycle.test.js > WebSocket DO Lifecycle - Storage & Eviction > Throttle State Survival (Issue #2 Validation) - P1 > should reset throttle timer correctly after eviction 100ms
 ✓ |node| tests/integration/websocket-do-lifecycle.test.js > WebSocket DO Lifecycle - Storage & Eviction > Throttle State Survival (Issue #2 Validation) - P1 > should handle time-based throttle trigger after eviction 0ms
 ✓ |node| tests/integration/websocket-do-lifecycle.test.js > WebSocket DO Lifecycle - Storage & Eviction > Storage State Consistency > should maintain atomicity of batch storage operations 0ms
 ✓ |node| tests/integration/websocket-do-lifecycle.test.js > WebSocket DO Lifecycle - Storage & Eviction > Storage State Consistency > should handle concurrent reads during writes 0ms
stdout | tests/author-warming-consumer.test.js > processAuthorBatch > should skip already processed authors
Skipping Neil Gaiman: already processed at depth 0

stdout | tests/author-warming-consumer.test.js > processAuthorBatch > should process new author and mark as processed
Cached author "Neil Gaiman": 2 works
Warming 2 titles for author "Neil Gaiman"...

stdout | tests/author-warming-consumer.test.js > processAuthorBatch > should process new author and mark as processed
(1/2) Warmed cache for "undefined"
(2/2) Warmed cache for "undefined"

stdout | tests/author-warming-consumer.test.js > processAuthorBatch > should process new author and mark as processed
Finished warming 2 titles for author "Neil Gaiman"

stdout | tests/author-warming-consumer.test.js > processAuthorBatch > should use searchByAuthor and searchByTitle handlers for cache consistency
Cached author "Neil Gaiman": 2 works
Warming 2 titles for author "Neil Gaiman"...

stdout | tests/author-warming-consumer.test.js > processAuthorBatch > should use searchByAuthor and searchByTitle handlers for cache consistency
(1/2) Warmed cache for "undefined"
(2/2) Warmed cache for "undefined"

stdout | tests/author-warming-consumer.test.js > processAuthorBatch > should use searchByAuthor and searchByTitle handlers for cache consistency
Finished warming 2 titles for author "Neil Gaiman"

stdout | tests/author-warming-consumer.test.js > processAuthorBatch > should track titlesWarmed count separately from worksCount
Cached author "Neil Gaiman": 2 works
Warming 2 titles for author "Neil Gaiman"...

stdout | tests/author-warming-consumer.test.js > processAuthorBatch > should track titlesWarmed count separately from worksCount
(1/2) Warmed cache for "undefined"
(2/2) Warmed cache for "undefined"

stdout | tests/author-warming-consumer.test.js > processAuthorBatch > should track titlesWarmed count separately from worksCount
Finished warming 2 titles for author "Neil Gaiman"

stdout | tests/author-warming-consumer.test.js > processAuthorBatch > should write analytics for warming activity
Cached author "Neil Gaiman": 2 works
Warming 2 titles for author "Neil Gaiman"...

stdout | tests/author-warming-consumer.test.js > processAuthorBatch > should write analytics for warming activity
(1/2) Warmed cache for "undefined"
(2/2) Warmed cache for "undefined"

stdout | tests/author-warming-consumer.test.js > processAuthorBatch > should write analytics for warming activity
Finished warming 2 titles for author "Neil Gaiman"

stderr | tests/author-warming-consumer.test.js > processAuthorBatch > should retry on rate limit errors
Failed to process author Neil Gaiman: Error: 429 rate limit exceeded
    at [90m/Users/juju/dev_repos/bendv3/[39mtests/author-warming-consumer.test.js:165:42
[90m    at processTicksAndRejections (node:internal/process/task_queues:103:5)[39m
    at [90mfile:///Users/juju/dev_repos/bendv3/[39mnode_modules/[4m@vitest/runner[24m/dist/chunk-hooks.js:752:20

stdout | tests/author-warming-consumer.test.js > processAuthorBatch > should process titles in parallel with concurrency limit
Cached author "Prolific Author": 10 works
Warming 10 titles for author "Prolific Author"...

stdout | tests/author-warming-consumer.test.js > processAuthorBatch > should process titles in parallel with concurrency limit
(1/10) Warmed cache for "undefined"

stdout | tests/author-warming-consumer.test.js > processAuthorBatch > should process titles in parallel with concurrency limit
(2/10) Warmed cache for "undefined"

stdout | tests/author-warming-consumer.test.js > processAuthorBatch > should process titles in parallel with concurrency limit
(3/10) Warmed cache for "undefined"

stdout | tests/author-warming-consumer.test.js > processAuthorBatch > should process titles in parallel with concurrency limit
(4/10) Warmed cache for "undefined"

stdout | tests/author-warming-consumer.test.js > processAuthorBatch > should process titles in parallel with concurrency limit
(5/10) Warmed cache for "undefined"

stdout | tests/author-warming-consumer.test.js > processAuthorBatch > should process titles in parallel with concurrency limit
(6/10) Warmed cache for "undefined"

stdout | tests/author-warming-consumer.test.js > processAuthorBatch > should process titles in parallel with concurrency limit
(7/10) Warmed cache for "undefined"

stdout | tests/author-warming-consumer.test.js > processAuthorBatch > should process titles in parallel with concurrency limit
(8/10) Warmed cache for "undefined"

stdout | tests/author-warming-consumer.test.js > processAuthorBatch > should process titles in parallel with concurrency limit
(9/10) Warmed cache for "undefined"

stdout | tests/author-warming-consumer.test.js > processAuthorBatch > should process titles in parallel with concurrency limit
(10/10) Warmed cache for "undefined"

stdout | tests/author-warming-consumer.test.js > processAuthorBatch > should process titles in parallel with concurrency limit
Finished warming 10 titles for author "Prolific Author"

 ✓ |node| tests/author-warming-consumer.test.js > processAuthorBatch > should skip already processed authors 1ms
 ✓ |node| tests/author-warming-consumer.test.js > processAuthorBatch > should process new author and mark as processed 1ms
 ✓ |node| tests/author-warming-consumer.test.js > processAuthorBatch > should use searchByAuthor and searchByTitle handlers for cache consistency 1ms
 ✓ |node| tests/author-warming-consumer.test.js > processAuthorBatch > should track titlesWarmed count separately from worksCount 0ms
 ✓ |node| tests/author-warming-consumer.test.js > processAuthorBatch > should write analytics for warming activity 0ms
 ✓ |node| tests/author-warming-consumer.test.js > processAuthorBatch > should retry on rate limit errors 2ms
 ✓ |node| tests/author-warming-consumer.test.js > processAuthorBatch > should process titles in parallel with concurrency limit 22ms
stdout | tests/unit/services/csv-processor-core-errors.test.ts > CSV Processor Core - Error Tracking > Scenario 1: Mixed Valid/Invalid Rows > should track errors from mixed valid/invalid CSV rows
[CSV Processor Core] Waiting for WebSocket ready signal for job test-job-123

stdout | tests/unit/services/csv-processor-core-errors.test.ts > CSV Processor Core - Error Tracking > Scenario 1: Mixed Valid/Invalid Rows > should track errors from mixed valid/invalid CSV rows
[CSV Processor Core] ✅ WebSocket ready for job test-job-123 after 0ms

stdout | tests/unit/services/csv-processor-core-errors.test.ts > CSV Processor Core - Error Tracking > Scenario 1: Mixed Valid/Invalid Rows > should track errors from mixed valid/invalid CSV rows
{"type":"CSV_CACHE_TELEMETRY","hit":false,"cacheKey":"csv-parse:28b3dcd7513a87...","csvSizeBytes":164,"timestamp":"2026-01-07T21:16:26.034Z"}

stdout | tests/unit/services/csv-processor-core-errors.test.ts > CSV Processor Core - Error Tracking > Scenario 1: Mixed Valid/Invalid Rows > should track errors from mixed valid/invalid CSV rows
[CSV Processor Core] ✅ Persisted 4/4 books to D1+KV
[CSV Processor Core] ⚠️ ENRICHMENT_QUEUE not configured, skipping Alexandria enrichment

stdout | tests/unit/services/csv-processor-core-errors.test.ts > CSV Processor Core - Error Tracking > Scenario 1: Mixed Valid/Invalid Rows > should track errors from mixed valid/invalid CSV rows
[CSV Processor Core] 💾 Stored results in KV: job-results:test-job-123 (2 books, TTL: 3600s)

stdout | tests/unit/services/csv-processor-core-errors.test.ts > CSV Processor Core - Error Tracking > Scenario 1: Mixed Valid/Invalid Rows > should handle whitespace-only fields from Gemini filtering
[CSV Processor Core] Waiting for WebSocket ready signal for job test-job-456

stdout | tests/unit/services/csv-processor-core-errors.test.ts > CSV Processor Core - Error Tracking > Scenario 1: Mixed Valid/Invalid Rows > should handle whitespace-only fields from Gemini filtering
[CSV Processor Core] ✅ WebSocket ready for job test-job-456 after 0ms

stdout | tests/unit/services/csv-processor-core-errors.test.ts > CSV Processor Core - Error Tracking > Scenario 1: Mixed Valid/Invalid Rows > should handle whitespace-only fields from Gemini filtering
{"type":"CSV_CACHE_TELEMETRY","hit":false,"cacheKey":"csv-parse:833884e66e1d92...","csvSizeBytes":97,"timestamp":"2026-01-07T21:16:26.039Z"}

stdout | tests/unit/services/csv-processor-core-errors.test.ts > CSV Processor Core - Error Tracking > Scenario 1: Mixed Valid/Invalid Rows > should handle whitespace-only fields from Gemini filtering
[CSV Processor Core] ✅ Persisted 1/1 books to D1+KV
[CSV Processor Core] ⚠️ ENRICHMENT_QUEUE not configured, skipping Alexandria enrichment

stdout | tests/unit/services/csv-processor-core-errors.test.ts > CSV Processor Core - Error Tracking > Scenario 1: Mixed Valid/Invalid Rows > should handle whitespace-only fields from Gemini filtering
[CSV Processor Core] 💾 Stored results in KV: job-results:test-job-456 (1 books, TTL: 3600s)

stdout | tests/unit/services/csv-processor-core-errors.test.ts > CSV Processor Core - Error Tracking > Scenario 3: Gemini Filtering Errors > should capture Gemini filtering errors with row numbers
[CSV Processor Core] Waiting for WebSocket ready signal for job test-job-gemini

stdout | tests/unit/services/csv-processor-core-errors.test.ts > CSV Processor Core - Error Tracking > Scenario 3: Gemini Filtering Errors > should capture Gemini filtering errors with row numbers
[CSV Processor Core] ✅ WebSocket ready for job test-job-gemini after 0ms

stdout | tests/unit/services/csv-processor-core-errors.test.ts > CSV Processor Core - Error Tracking > Scenario 3: Gemini Filtering Errors > should capture Gemini filtering errors with row numbers
{"type":"CSV_CACHE_TELEMETRY","hit":false,"cacheKey":"csv-parse:03c131064029ab...","csvSizeBytes":110,"timestamp":"2026-01-07T21:16:26.040Z"}

stdout | tests/unit/services/csv-processor-core-errors.test.ts > CSV Processor Core - Error Tracking > Scenario 3: Gemini Filtering Errors > should capture Gemini filtering errors with row numbers
[CSV Processor Core] ✅ Persisted 1/1 books to D1+KV
[CSV Processor Core] ⚠️ ENRICHMENT_QUEUE not configured, skipping Alexandria enrichment

stdout | tests/unit/services/csv-processor-core-errors.test.ts > CSV Processor Core - Error Tracking > Scenario 3: Gemini Filtering Errors > should capture Gemini filtering errors with row numbers
[CSV Processor Core] 💾 Stored results in KV: job-results:test-job-gemini (1 books, TTL: 3600s)

stdout | tests/unit/services/csv-processor-core-errors.test.ts > CSV Processor Core - Error Tracking > Scenario 4: Duplicate ISBNs > should NOT create errors for duplicate ISBNs
[CSV Processor Core] Waiting for WebSocket ready signal for job test-job-dupes

stdout | tests/unit/services/csv-processor-core-errors.test.ts > CSV Processor Core - Error Tracking > Scenario 4: Duplicate ISBNs > should NOT create errors for duplicate ISBNs
[CSV Processor Core] ✅ WebSocket ready for job test-job-dupes after 0ms

stdout | tests/unit/services/csv-processor-core-errors.test.ts > CSV Processor Core - Error Tracking > Scenario 4: Duplicate ISBNs > should NOT create errors for duplicate ISBNs
{"type":"CSV_CACHE_TELEMETRY","hit":false,"cacheKey":"csv-parse:90553da825be29...","csvSizeBytes":119,"timestamp":"2026-01-07T21:16:26.040Z"}

stdout | tests/unit/services/csv-processor-core-errors.test.ts > CSV Processor Core - Error Tracking > Scenario 4: Duplicate ISBNs > should NOT create errors for duplicate ISBNs
[CSV Processor Core] Skipped 1 duplicate ISBNs in CSV

stdout | tests/unit/services/csv-processor-core-errors.test.ts > CSV Processor Core - Error Tracking > Scenario 4: Duplicate ISBNs > should NOT create errors for duplicate ISBNs
[CSV Processor Core] ✅ Persisted 2/2 books to D1+KV (1 duplicates skipped)
[CSV Processor Core] ⚠️ ENRICHMENT_QUEUE not configured, skipping Alexandria enrichment

stdout | tests/unit/services/csv-processor-core-errors.test.ts > CSV Processor Core - Error Tracking > Scenario 4: Duplicate ISBNs > should NOT create errors for duplicate ISBNs
[CSV Processor Core] 💾 Stored results in KV: job-results:test-job-dupes (2 books, TTL: 3600s)

stdout | tests/unit/services/csv-processor-core-errors.test.ts > CSV Processor Core - Error Tracking > Scenario 5: All-Invalid CSV > should handle all-invalid CSV gracefully
[CSV Processor Core] Waiting for WebSocket ready signal for job test-job-invalid

stdout | tests/unit/services/csv-processor-core-errors.test.ts > CSV Processor Core - Error Tracking > Scenario 5: All-Invalid CSV > should handle all-invalid CSV gracefully
[CSV Processor Core] ✅ WebSocket ready for job test-job-invalid after 0ms

stdout | tests/unit/services/csv-processor-core-errors.test.ts > CSV Processor Core - Error Tracking > Scenario 5: All-Invalid CSV > should handle all-invalid CSV gracefully
{"type":"CSV_CACHE_TELEMETRY","hit":false,"cacheKey":"csv-parse:3c4117b9e7dd27...","csvSizeBytes":57,"timestamp":"2026-01-07T21:16:26.041Z"}

stderr | tests/unit/services/csv-processor-core-errors.test.ts > CSV Processor Core - Error Tracking > Scenario 5: All-Invalid CSV > should handle all-invalid CSV gracefully
[CSV Processor Core] Processing failed for job test-job-invalid: Error: No valid books found in CSV
    at Module.processCSVCore [90m(/Users/juju/dev_repos/bendv3/[39msrc/utils/jobs/csv-processor-core.ts:239:15[90m)[39m
    at [90m/Users/juju/dev_repos/bendv3/[39mtests/unit/services/csv-processor-core-errors.test.ts:340:7
    at [90mfile:///Users/juju/dev_repos/bendv3/[39mnode_modules/[4m@vitest/runner[24m/dist/chunk-hooks.js:752:20

stdout | tests/unit/services/csv-processor-core-errors.test.ts > CSV Processor Core - Error Tracking > Scenario 5: All-Invalid CSV > should call sendError on CSV validation failure
[CSV Processor Core] Waiting for WebSocket ready signal for job test-job-bad-csv

stdout | tests/unit/services/csv-processor-core-errors.test.ts > CSV Processor Core - Error Tracking > Scenario 5: All-Invalid CSV > should call sendError on CSV validation failure
[CSV Processor Core] ✅ WebSocket ready for job test-job-bad-csv after 0ms

stderr | tests/unit/services/csv-processor-core-errors.test.ts > CSV Processor Core - Error Tracking > Scenario 5: All-Invalid CSV > should call sendError on CSV validation failure
[CSV Processor Core] Processing failed for job test-job-bad-csv: Error: Invalid CSV: Missing required column: Title
    at Module.processCSVCore [90m(/Users/juju/dev_repos/bendv3/[39msrc/utils/jobs/csv-processor-core.ts:201:13[90m)[39m
    at [90m/Users/juju/dev_repos/bendv3/[39mtests/unit/services/csv-processor-core-errors.test.ts:359:7
    at [90mfile:///Users/juju/dev_repos/bendv3/[39mnode_modules/[4m@vitest/runner[24m/dist/chunk-hooks.js:752:20

stdout | tests/unit/services/csv-processor-core-errors.test.ts > CSV Processor Core - Error Tracking > Happy Path: All Valid Rows > should have empty errors array when all rows are valid
[CSV Processor Core] Waiting for WebSocket ready signal for job test-job-happy

stdout | tests/unit/services/csv-processor-core-errors.test.ts > CSV Processor Core - Error Tracking > Happy Path: All Valid Rows > should have empty errors array when all rows are valid
[CSV Processor Core] ✅ WebSocket ready for job test-job-happy after 0ms

stdout | tests/unit/services/csv-processor-core-errors.test.ts > CSV Processor Core - Error Tracking > Happy Path: All Valid Rows > should have empty errors array when all rows are valid
{"type":"CSV_CACHE_TELEMETRY","hit":false,"cacheKey":"csv-parse:ac2d04331b8086...","csvSizeBytes":119,"timestamp":"2026-01-07T21:16:26.044Z"}

stdout | tests/unit/services/csv-processor-core-errors.test.ts > CSV Processor Core - Error Tracking > Happy Path: All Valid Rows > should have empty errors array when all rows are valid
[CSV Processor Core] ✅ Persisted 3/3 books to D1+KV
[CSV Processor Core] ⚠️ ENRICHMENT_QUEUE not configured, skipping Alexandria enrichment

stdout | tests/unit/services/csv-processor-core-errors.test.ts > CSV Processor Core - Error Tracking > Happy Path: All Valid Rows > should have empty errors array when all rows are valid
[CSV Processor Core] 💾 Stored results in KV: job-results:test-job-happy (3 books, TTL: 3600s)

 ✓ |node| tests/unit/services/csv-processor-core-errors.test.ts > CSV Processor Core - Error Tracking > Scenario 1: Mixed Valid/Invalid Rows > should track errors from mixed valid/invalid CSV rows 6ms
 ✓ |node| tests/unit/services/csv-processor-core-errors.test.ts > CSV Processor Core - Error Tracking > Scenario 1: Mixed Valid/Invalid Rows > should handle whitespace-only fields from Gemini filtering 1ms
 ↓ |node| tests/unit/services/csv-processor-core-errors.test.ts > CSV Processor Core - Error Tracking > Scenario 2: Database Save Failures > should track database save failures with ISBN context
 ✓ |node| tests/unit/services/csv-processor-core-errors.test.ts > CSV Processor Core - Error Tracking > Scenario 3: Gemini Filtering Errors > should capture Gemini filtering errors with row numbers 1ms
 ✓ |node| tests/unit/services/csv-processor-core-errors.test.ts > CSV Processor Core - Error Tracking > Scenario 4: Duplicate ISBNs > should NOT create errors for duplicate ISBNs 0ms
 ✓ |node| tests/unit/services/csv-processor-core-errors.test.ts > CSV Processor Core - Error Tracking > Scenario 5: All-Invalid CSV > should handle all-invalid CSV gracefully 3ms
 ✓ |node| tests/unit/services/csv-processor-core-errors.test.ts > CSV Processor Core - Error Tracking > Scenario 5: All-Invalid CSV > should call sendError on CSV validation failure 0ms
 ✓ |node| tests/unit/services/csv-processor-core-errors.test.ts > CSV Processor Core - Error Tracking > Happy Path: All Valid Rows > should have empty errors array when all rows are valid 1ms
stdout | tests/unit/csv-processor-service.test.js > CSV Processor Service > Client Ready Signal > should wait for client ready before processing
[CSV Processor Core] Waiting for WebSocket ready signal for job test-job-id

stdout | tests/unit/csv-processor-service.test.js > CSV Processor Service > Client Ready Signal > should wait for client ready before processing
[CSV Processor Core] ✅ WebSocket ready for job test-job-id after 1ms

stdout | tests/unit/csv-processor-service.test.js > CSV Processor Service > Client Ready Signal > should wait for client ready before processing
{"type":"CSV_CACHE_TELEMETRY","hit":false,"cacheKey":"csv-parse:e249b4d40bc0f6...","csvSizeBytes":34,"timestamp":"2026-01-07T21:16:26.150Z"}

stdout | tests/unit/csv-processor-service.test.js > CSV Processor Service > Client Ready Signal > should wait for client ready before processing
[CSV Processor Core] ✅ Persisted 0/0 books to D1+KV
[CSV Processor Core] ⚠️ ENRICHMENT_QUEUE not configured, skipping Alexandria enrichment

stdout | tests/unit/csv-processor-service.test.js > CSV Processor Service > Client Ready Signal > should wait for client ready before processing
[CSV Processor Core] 💾 Stored results in KV: csv-results:test-job-id (1 books, TTL: 7200s)

stdout | tests/unit/csv-processor-service.test.js > CSV Processor Service > Client Ready Signal > should continue processing if client ready times out
[CSV Processor Core] Waiting for WebSocket ready signal for job test-job-id

stderr | tests/unit/csv-processor-service.test.js > CSV Processor Service > Client Ready Signal > should continue processing if client ready times out
[CSV Processor Core] WebSocket ready timeout for job test-job-id, proceeding anyway (client may miss early updates)

stdout | tests/unit/csv-processor-service.test.js > CSV Processor Service > Client Ready Signal > should continue processing if client ready times out
{"type":"CSV_CACHE_TELEMETRY","hit":false,"cacheKey":"csv-parse:e249b4d40bc0f6...","csvSizeBytes":34,"timestamp":"2026-01-07T21:16:26.153Z"}

stdout | tests/unit/csv-processor-service.test.js > CSV Processor Service > Client Ready Signal > should continue processing if client ready times out
[CSV Processor Core] ✅ Persisted 0/0 books to D1+KV
[CSV Processor Core] ⚠️ ENRICHMENT_QUEUE not configured, skipping Alexandria enrichment

stdout | tests/unit/csv-processor-service.test.js > CSV Processor Service > Client Ready Signal > should continue processing if client ready times out
[CSV Processor Core] 💾 Stored results in KV: csv-results:test-job-id (1 books, TTL: 7200s)

stdout | tests/unit/csv-processor-service.test.js > CSV Processor Service > Client Ready Signal > should continue processing if client disconnected
[CSV Processor Core] Waiting for WebSocket ready signal for job test-job-id

stderr | tests/unit/csv-processor-service.test.js > CSV Processor Service > Client Ready Signal > should continue processing if client disconnected
[CSV Processor Core] WebSocket ready WebSocket not connected for job test-job-id, proceeding anyway (client may miss early updates)

stdout | tests/unit/csv-processor-service.test.js > CSV Processor Service > Client Ready Signal > should continue processing if client disconnected
{"type":"CSV_CACHE_TELEMETRY","hit":false,"cacheKey":"csv-parse:e249b4d40bc0f6...","csvSizeBytes":34,"timestamp":"2026-01-07T21:16:26.154Z"}

stdout | tests/unit/csv-processor-service.test.js > CSV Processor Service > Client Ready Signal > should continue processing if client disconnected
[CSV Processor Core] ✅ Persisted 0/0 books to D1+KV
[CSV Processor Core] ⚠️ ENRICHMENT_QUEUE not configured, skipping Alexandria enrichment

stdout | tests/unit/csv-processor-service.test.js > CSV Processor Service > Client Ready Signal > should continue processing if client disconnected
[CSV Processor Core] 💾 Stored results in KV: csv-results:test-job-id (1 books, TTL: 7200s)

stdout | tests/unit/csv-processor-service.test.js > CSV Processor Service > Progress Reporting > should report validation progress
[CSV Processor Core] Waiting for WebSocket ready signal for job test-job-id

stdout | tests/unit/csv-processor-service.test.js > CSV Processor Service > Progress Reporting > should report validation progress
[CSV Processor Core] ✅ WebSocket ready for job test-job-id after 0ms

stdout | tests/unit/csv-processor-service.test.js > CSV Processor Service > Progress Reporting > should report validation progress
{"type":"CSV_CACHE_TELEMETRY","hit":false,"cacheKey":"csv-parse:e249b4d40bc0f6...","csvSizeBytes":34,"timestamp":"2026-01-07T21:16:26.154Z"}

stdout | tests/unit/csv-processor-service.test.js > CSV Processor Service > Progress Reporting > should report validation progress
[CSV Processor Core] ✅ Persisted 0/0 books to D1+KV
[CSV Processor Core] ⚠️ ENRICHMENT_QUEUE not configured, skipping Alexandria enrichment

stdout | tests/unit/csv-processor-service.test.js > CSV Processor Service > Progress Reporting > should report validation progress
[CSV Processor Core] 💾 Stored results in KV: csv-results:test-job-id (1 books, TTL: 7200s)

stdout | tests/unit/csv-processor-service.test.js > CSV Processor Service > Progress Reporting > should report Gemini upload progress
[CSV Processor Core] Waiting for WebSocket ready signal for job test-job-id

stdout | tests/unit/csv-processor-service.test.js > CSV Processor Service > Progress Reporting > should report Gemini upload progress
[CSV Processor Core] ✅ WebSocket ready for job test-job-id after 0ms

stdout | tests/unit/csv-processor-service.test.js > CSV Processor Service > Progress Reporting > should report Gemini upload progress
{"type":"CSV_CACHE_TELEMETRY","hit":false,"cacheKey":"csv-parse:e249b4d40bc0f6...","csvSizeBytes":34,"timestamp":"2026-01-07T21:16:26.156Z"}

stdout | tests/unit/csv-processor-service.test.js > CSV Processor Service > Progress Reporting > should report Gemini upload progress
[CSV Processor Core] ✅ Persisted 0/0 books to D1+KV
[CSV Processor Core] ⚠️ ENRICHMENT_QUEUE not configured, skipping Alexandria enrichment

stdout | tests/unit/csv-processor-service.test.js > CSV Processor Service > Progress Reporting > should report Gemini upload progress
[CSV Processor Core] 💾 Stored results in KV: csv-results:test-job-id (1 books, TTL: 7200s)

stdout | tests/unit/csv-processor-service.test.js > CSV Processor Service > Progress Reporting > should report parsed books count
[CSV Processor Core] Waiting for WebSocket ready signal for job test-job-id

stdout | tests/unit/csv-processor-service.test.js > CSV Processor Service > Progress Reporting > should report parsed books count
[CSV Processor Core] ✅ WebSocket ready for job test-job-id after 0ms

stdout | tests/unit/csv-processor-service.test.js > CSV Processor Service > Progress Reporting > should report parsed books count
{"type":"CSV_CACHE_TELEMETRY","hit":false,"cacheKey":"csv-parse:5269713e6a3914...","csvSizeBytes":44,"timestamp":"2026-01-07T21:16:26.156Z"}

stdout | tests/unit/csv-processor-service.test.js > CSV Processor Service > Progress Reporting > should report parsed books count
[CSV Processor Core] ✅ Persisted 0/0 books to D1+KV
[CSV Processor Core] ⚠️ ENRICHMENT_QUEUE not configured, skipping Alexandria enrichment

stdout | tests/unit/csv-processor-service.test.js > CSV Processor Service > Progress Reporting > should report parsed books count
[CSV Processor Core] 💾 Stored results in KV: csv-results:test-job-id (2 books, TTL: 7200s)

stdout | tests/unit/csv-processor-service.test.js > CSV Processor Service > Error Handling > should send error for invalid CSV
[CSV Processor Core] Waiting for WebSocket ready signal for job test-job-id

stdout | tests/unit/csv-processor-service.test.js > CSV Processor Service > Error Handling > should send error for invalid CSV
[CSV Processor Core] ✅ WebSocket ready for job test-job-id after 0ms

stderr | tests/unit/csv-processor-service.test.js > CSV Processor Service > Error Handling > should send error for invalid CSV
[CSV Processor Core] Processing failed for job test-job-id: Error: Invalid CSV: Missing required columns
    at processCSVCore [90m(/Users/juju/dev_repos/bendv3/[39msrc/utils/jobs/csv-processor-core.ts:201:13[90m)[39m
    at processCSVImport [90m(/Users/juju/dev_repos/bendv3/[39msrc/services/csv-processor.ts:46:3[90m)[39m
    at [90m/Users/juju/dev_repos/bendv3/[39mtests/unit/csv-processor-service.test.js:157:7
    at [90mfile:///Users/juju/dev_repos/bendv3/[39mnode_modules/[4m@vitest/runner[24m/dist/chunk-hooks.js:752:20

stdout | tests/unit/csv-processor-service.test.js > CSV Processor Service > Error Handling > should handle Gemini API errors
[CSV Processor Core] Waiting for WebSocket ready signal for job test-job-id

stdout | tests/unit/csv-processor-service.test.js > CSV Processor Service > Error Handling > should handle Gemini API errors
[CSV Processor Core] ✅ WebSocket ready for job test-job-id after 0ms

stdout | tests/unit/csv-processor-service.test.js > CSV Processor Service > Error Handling > should handle Gemini API errors
{"type":"CSV_CACHE_TELEMETRY","hit":false,"cacheKey":"csv-parse:e249b4d40bc0f6...","csvSizeBytes":34,"timestamp":"2026-01-07T21:16:26.161Z"}

stderr | tests/unit/csv-processor-service.test.js > CSV Processor Service > Error Handling > should handle Gemini API errors
[CSV Processor Core] Processing failed for job test-job-id: Error: Gemini API rate limit exceeded
    at [90m/Users/juju/dev_repos/bendv3/[39mtests/unit/csv-processor-service.test.js:172:9
    at [90mfile:///Users/juju/dev_repos/bendv3/[39mnode_modules/[4m@vitest/runner[24m/dist/chunk-hooks.js:155:11
    at [90mfile:///Users/juju/dev_repos/bendv3/[39mnode_modules/[4m@vitest/runner[24m/dist/chunk-hooks.js:752:26
    at [90mfile:///Users/juju/dev_repos/bendv3/[39mnode_modules/[4m@vitest/runner[24m/dist/chunk-hooks.js:1897:20
    at new Promise (<anonymous>)
    at runWithTimeout [90m(file:///Users/juju/dev_repos/bendv3/[39mnode_modules/[4m@vitest/runner[24m/dist/chunk-hooks.js:1863:10[90m)[39m
    at runTest [90m(file:///Users/juju/dev_repos/bendv3/[39mnode_modules/[4m@vitest/runner[24m/dist/chunk-hooks.js:1574:12[90m)[39m
    at runSuite [90m(file:///Users/juju/dev_repos/bendv3/[39mnode_modules/[4m@vitest/runner[24m/dist/chunk-hooks.js:1729:8[90m)[39m
    at runSuite [90m(file:///Users/juju/dev_repos/bendv3/[39mnode_modules/[4m@vitest/runner[24m/dist/chunk-hooks.js:1729:8[90m)[39m
    at runSuite [90m(file:///Users/juju/dev_repos/bendv3/[39mnode_modules/[4m@vitest/runner[24m/dist/chunk-hooks.js:1729:8[90m)[39m

stdout | tests/unit/csv-processor-service.test.js > CSV Processor Service > Error Handling > should handle empty Gemini response
[CSV Processor Core] Waiting for WebSocket ready signal for job test-job-id

stdout | tests/unit/csv-processor-service.test.js > CSV Processor Service > Error Handling > should handle empty Gemini response
[CSV Processor Core] ✅ WebSocket ready for job test-job-id after 0ms

stdout | tests/unit/csv-processor-service.test.js > CSV Processor Service > Error Handling > should handle empty Gemini response
{"type":"CSV_CACHE_TELEMETRY","hit":false,"cacheKey":"csv-parse:e249b4d40bc0f6...","csvSizeBytes":34,"timestamp":"2026-01-07T21:16:26.161Z"}

stderr | tests/unit/csv-processor-service.test.js > CSV Processor Service > Error Handling > should handle empty Gemini response
[CSV Processor Core] Processing failed for job test-job-id: Error: No valid books found in CSV
    at processCSVCore [90m(/Users/juju/dev_repos/bendv3/[39msrc/utils/jobs/csv-processor-core.ts:239:15[90m)[39m
    at processCSVImport [90m(/Users/juju/dev_repos/bendv3/[39msrc/services/csv-processor.ts:46:3[90m)[39m
    at [90m/Users/juju/dev_repos/bendv3/[39mtests/unit/csv-processor-service.test.js:194:7
    at [90mfile:///Users/juju/dev_repos/bendv3/[39mnode_modules/[4m@vitest/runner[24m/dist/chunk-hooks.js:752:20

stdout | tests/unit/csv-processor-service.test.js > CSV Processor Service > Caching > should check cache before calling Gemini
[CSV Processor Core] Waiting for WebSocket ready signal for job test-job-id

stdout | tests/unit/csv-processor-service.test.js > CSV Processor Service > Caching > should check cache before calling Gemini
[CSV Processor Core] ✅ WebSocket ready for job test-job-id after 0ms

stdout | tests/unit/csv-processor-service.test.js > CSV Processor Service > Caching > should check cache before calling Gemini
{"type":"CSV_CACHE_TELEMETRY","hit":true,"cacheKey":"csv-parse:e249b4d40bc0f6...","csvSizeBytes":34,"timestamp":"2026-01-07T21:16:26.162Z"}

stdout | tests/unit/csv-processor-service.test.js > CSV Processor Service > Caching > should check cache before calling Gemini
[CSV Processor Core] ✅ Persisted 0/0 books to D1+KV
[CSV Processor Core] ⚠️ ENRICHMENT_QUEUE not configured, skipping Alexandria enrichment

stdout | tests/unit/csv-processor-service.test.js > CSV Processor Service > Caching > should check cache before calling Gemini
[CSV Processor Core] 💾 Stored results in KV: csv-results:test-job-id (1 books, TTL: 7200s)

stdout | tests/unit/csv-processor-service.test.js > CSV Processor Service > Caching > should cache Gemini results
[CSV Processor Core] Waiting for WebSocket ready signal for job test-job-id

stdout | tests/unit/csv-processor-service.test.js > CSV Processor Service > Caching > should cache Gemini results
[CSV Processor Core] ✅ WebSocket ready for job test-job-id after 0ms

stdout | tests/unit/csv-processor-service.test.js > CSV Processor Service > Caching > should cache Gemini results
{"type":"CSV_CACHE_TELEMETRY","hit":false,"cacheKey":"csv-parse:e249b4d40bc0f6...","csvSizeBytes":34,"timestamp":"2026-01-07T21:16:26.162Z"}

stdout | tests/unit/csv-processor-service.test.js > CSV Processor Service > Caching > should cache Gemini results
[CSV Processor Core] ✅ Persisted 0/0 books to D1+KV
[CSV Processor Core] ⚠️ ENRICHMENT_QUEUE not configured, skipping Alexandria enrichment

stdout | tests/unit/csv-processor-service.test.js > CSV Processor Service > Caching > should cache Gemini results
[CSV Processor Core] 💾 Stored results in KV: csv-results:test-job-id (1 books, TTL: 7200s)

stdout | tests/unit/csv-processor-service.test.js > CSV Processor Service > Book Validation > should filter out books without title
[CSV Processor Core] Waiting for WebSocket ready signal for job test-job-id

stdout | tests/unit/csv-processor-service.test.js > CSV Processor Service > Book Validation > should filter out books without title
[CSV Processor Core] ✅ WebSocket ready for job test-job-id after 0ms

stdout | tests/unit/csv-processor-service.test.js > CSV Processor Service > Book Validation > should filter out books without title
{"type":"CSV_CACHE_TELEMETRY","hit":false,"cacheKey":"csv-parse:e249b4d40bc0f6...","csvSizeBytes":34,"timestamp":"2026-01-07T21:16:26.162Z"}

stdout | tests/unit/csv-processor-service.test.js > CSV Processor Service > Book Validation > should filter out books without title
[CSV Processor Core] ✅ Persisted 0/0 books to D1+KV
[CSV Processor Core] ⚠️ ENRICHMENT_QUEUE not configured, skipping Alexandria enrichment

stdout | tests/unit/csv-processor-service.test.js > CSV Processor Service > Book Validation > should filter out books without title
[CSV Processor Core] 💾 Stored results in KV: csv-results:test-job-id (2 books, TTL: 7200s)

stdout | tests/unit/csv-processor-service.test.js > CSV Processor Service > Book Validation > should filter out books without author
[CSV Processor Core] Waiting for WebSocket ready signal for job test-job-id

stdout | tests/unit/csv-processor-service.test.js > CSV Processor Service > Book Validation > should filter out books without author
[CSV Processor Core] ✅ WebSocket ready for job test-job-id after 0ms

stdout | tests/unit/csv-processor-service.test.js > CSV Processor Service > Book Validation > should filter out books without author
{"type":"CSV_CACHE_TELEMETRY","hit":false,"cacheKey":"csv-parse:e249b4d40bc0f6...","csvSizeBytes":34,"timestamp":"2026-01-07T21:16:26.163Z"}

stdout | tests/unit/csv-processor-service.test.js > CSV Processor Service > Book Validation > should filter out books without author
[CSV Processor Core] ✅ Persisted 0/0 books to D1+KV
[CSV Processor Core] ⚠️ ENRICHMENT_QUEUE not configured, skipping Alexandria enrichment

stdout | tests/unit/csv-processor-service.test.js > CSV Processor Service > Book Validation > should filter out books without author
[CSV Processor Core] 💾 Stored results in KV: csv-results:test-job-id (1 books, TTL: 7200s)

stdout | tests/unit/csv-processor-service.test.js > CSV Processor Service > Book Validation > should trim whitespace from book data
[CSV Processor Core] Waiting for WebSocket ready signal for job test-job-id

stdout | tests/unit/csv-processor-service.test.js > CSV Processor Service > Book Validation > should trim whitespace from book data
[CSV Processor Core] ✅ WebSocket ready for job test-job-id after 0ms

stdout | tests/unit/csv-processor-service.test.js > CSV Processor Service > Book Validation > should trim whitespace from book data
{"type":"CSV_CACHE_TELEMETRY","hit":false,"cacheKey":"csv-parse:e249b4d40bc0f6...","csvSizeBytes":34,"timestamp":"2026-01-07T21:16:26.164Z"}

stdout | tests/unit/csv-processor-service.test.js > CSV Processor Service > Book Validation > should trim whitespace from book data
[BookRepository] ✅ Saved to KV (cache):   1234567890   (0ms)

stdout | tests/unit/csv-processor-service.test.js > CSV Processor Service > Book Validation > should trim whitespace from book data
[CSV Processor Core] ✅ Persisted 1/1 books to D1+KV
[CSV Processor Core] ⚠️ ENRICHMENT_QUEUE not configured, skipping Alexandria enrichment

stdout | tests/unit/csv-processor-service.test.js > CSV Processor Service > Book Validation > should trim whitespace from book data
[CSV Processor Core] 💾 Stored results in KV: csv-results:test-job-id (1 books, TTL: 7200s)

stdout | tests/unit/csv-processor-service.test.js > CSV Processor Service > Book Validation > should handle optional ISBN field
[CSV Processor Core] Waiting for WebSocket ready signal for job test-job-id

stdout | tests/unit/csv-processor-service.test.js > CSV Processor Service > Book Validation > should handle optional ISBN field
[CSV Processor Core] ✅ WebSocket ready for job test-job-id after 0ms

stdout | tests/unit/csv-processor-service.test.js > CSV Processor Service > Book Validation > should handle optional ISBN field
{"type":"CSV_CACHE_TELEMETRY","hit":false,"cacheKey":"csv-parse:e249b4d40bc0f6...","csvSizeBytes":34,"timestamp":"2026-01-07T21:16:26.164Z"}

stdout | tests/unit/csv-processor-service.test.js > CSV Processor Service > Book Validation > should handle optional ISBN field
[BookRepository] ✅ Saved to KV (cache): 1234567890 (0ms)

stdout | tests/unit/csv-processor-service.test.js > CSV Processor Service > Book Validation > should handle optional ISBN field
[CSV Processor Core] ✅ Persisted 1/1 books to D1+KV
[CSV Processor Core] ⚠️ ENRICHMENT_QUEUE not configured, skipping Alexandria enrichment

stdout | tests/unit/csv-processor-service.test.js > CSV Processor Service > Book Validation > should handle optional ISBN field
[CSV Processor Core] 💾 Stored results in KV: csv-results:test-job-id (2 books, TTL: 7200s)

stdout | tests/unit/csv-processor-service.test.js > CSV Processor Service > Completion > should complete with validated books
[CSV Processor Core] Waiting for WebSocket ready signal for job test-job-id

stdout | tests/unit/csv-processor-service.test.js > CSV Processor Service > Completion > should complete with validated books
[CSV Processor Core] ✅ WebSocket ready for job test-job-id after 0ms

stdout | tests/unit/csv-processor-service.test.js > CSV Processor Service > Completion > should complete with validated books
{"type":"CSV_CACHE_TELEMETRY","hit":false,"cacheKey":"csv-parse:5269713e6a3914...","csvSizeBytes":44,"timestamp":"2026-01-07T21:16:26.165Z"}

stdout | tests/unit/csv-processor-service.test.js > CSV Processor Service > Completion > should complete with validated books
[CSV Processor Core] ✅ Persisted 0/0 books to D1+KV
[CSV Processor Core] ⚠️ ENRICHMENT_QUEUE not configured, skipping Alexandria enrichment

stdout | tests/unit/csv-processor-service.test.js > CSV Processor Service > Completion > should complete with validated books
[CSV Processor Core] 💾 Stored results in KV: csv-results:test-job-id (2 books, TTL: 7200s)

stdout | tests/unit/csv-processor-service.test.js > CSV Processor Service > Completion > should include success rate in completion
[CSV Processor Core] Waiting for WebSocket ready signal for job test-job-id

stdout | tests/unit/csv-processor-service.test.js > CSV Processor Service > Completion > should include success rate in completion
[CSV Processor Core] ✅ WebSocket ready for job test-job-id after 0ms

stdout | tests/unit/csv-processor-service.test.js > CSV Processor Service > Completion > should include success rate in completion
{"type":"CSV_CACHE_TELEMETRY","hit":false,"cacheKey":"csv-parse:e249b4d40bc0f6...","csvSizeBytes":34,"timestamp":"2026-01-07T21:16:26.165Z"}

stdout | tests/unit/csv-processor-service.test.js > CSV Processor Service > Completion > should include success rate in completion
[CSV Processor Core] ✅ Persisted 0/0 books to D1+KV
[CSV Processor Core] ⚠️ ENRICHMENT_QUEUE not configured, skipping Alexandria enrichment

stdout | tests/unit/csv-processor-service.test.js > CSV Processor Service > Completion > should include success rate in completion
[CSV Processor Core] 💾 Stored results in KV: csv-results:test-job-id (2 books, TTL: 7200s)

 ✓ |node| tests/unit/csv-processor-service.test.js > CSV Processor Service > Client Ready Signal > should wait for client ready before processing 4ms
 ✓ |node| tests/unit/csv-processor-service.test.js > CSV Processor Service > Client Ready Signal > should continue processing if client ready times out 1ms
 ✓ |node| tests/unit/csv-processor-service.test.js > CSV Processor Service > Client Ready Signal > should continue processing if client disconnected 0ms
 ✓ |node| tests/unit/csv-processor-service.test.js > CSV Processor Service > Progress Reporting > should report validation progress 1ms
 ✓ |node| tests/unit/csv-processor-service.test.js > CSV Processor Service > Progress Reporting > should report Gemini upload progress 1ms
 ✓ |node| tests/unit/csv-processor-service.test.js > CSV Processor Service > Progress Reporting > should report parsed books count 1ms
 ✓ |node| tests/unit/csv-processor-service.test.js > CSV Processor Service > Error Handling > should send error for invalid CSV 3ms
 ✓ |node| tests/unit/csv-processor-service.test.js > CSV Processor Service > Error Handling > should handle Gemini API errors 1ms
 ✓ |node| tests/unit/csv-processor-service.test.js > CSV Processor Service > Error Handling > should handle empty Gemini response 0ms
 ✓ |node| tests/unit/csv-processor-service.test.js > CSV Processor Service > Caching > should check cache before calling Gemini 1ms
 ✓ |node| tests/unit/csv-processor-service.test.js > CSV Processor Service > Caching > should cache Gemini results 0ms
 ✓ |node| tests/unit/csv-processor-service.test.js > CSV Processor Service > Book Validation > should filter out books without title 1ms
 ✓ |node| tests/unit/csv-processor-service.test.js > CSV Processor Service > Book Validation > should filter out books without author 1ms
 ✓ |node| tests/unit/csv-processor-service.test.js > CSV Processor Service > Book Validation > should trim whitespace from book data 1ms
 ✓ |node| tests/unit/csv-processor-service.test.js > CSV Processor Service > Book Validation > should handle optional ISBN field 0ms
 ✓ |node| tests/unit/csv-processor-service.test.js > CSV Processor Service > Completion > should complete with validated books 0ms
 ✓ |node| tests/unit/csv-processor-service.test.js > CSV Processor Service > Completion > should include success rate in completion 0ms
 ✓ |node| tests/workflows/book-import.test.ts > BookImportWorkflow - ISBN Validation > should validate ISBN-13 format 1ms
 ✓ |node| tests/workflows/book-import.test.ts > BookImportWorkflow - ISBN Validation > should validate ISBN-10 format 0ms
 ✓ |node| tests/workflows/book-import.test.ts > BookImportWorkflow - ISBN Validation > should clean ISBN with hyphens 0ms
 ✓ |node| tests/workflows/book-import.test.ts > BookImportWorkflow - ISBN Validation > should reject invalid ISBN format 0ms
 ✓ |node| tests/workflows/book-import.test.ts > BookImportWorkflow - Metadata Fetching > should fetch metadata from Google Books API 1ms
 ✓ |node| tests/workflows/book-import.test.ts > BookImportWorkflow - Metadata Fetching > should fetch metadata from OpenLibrary API 0ms
 ✓ |node| tests/workflows/book-import.test.ts > BookImportWorkflow - Metadata Fetching > should handle API errors gracefully 0ms
 ✓ |node| tests/workflows/book-import.test.ts > BookImportWorkflow - Metadata Fetching > should handle network errors 0ms
 ✓ |node| tests/workflows/book-import.test.ts > BookImportWorkflow - Cover Upload > should upload cover to R2 1ms
 ✓ |node| tests/workflows/book-import.test.ts > BookImportWorkflow - Cover Upload > should generate correct R2 key for different image types 0ms
 ✓ |node| tests/workflows/book-import.test.ts > BookImportWorkflow - Embedding Generation > should generate embeddings using Workers AI 0ms
 ✓ |node| tests/workflows/book-import.test.ts > BookImportWorkflow - Embedding Generation > should truncate long text to 512 characters 0ms
 ✓ |node| tests/workflows/book-import.test.ts > BookImportWorkflow - Embedding Generation > should combine book fields for embedding text 0ms
 ✓ |node| tests/workflows/book-import.test.ts > BookImportWorkflow - Database Storage > should save book to D1 with upsert 0ms
 ✓ |node| tests/workflows/book-import.test.ts > BookImportWorkflow - Database Storage > should fallback to KV when D1 fails 0ms
 ✓ |node| tests/workflows/book-import.test.ts > BookImportWorkflow - Step Execution > should execute steps in correct order 0ms
 ✓ |node| tests/workflows/book-import.test.ts > BookImportWorkflow - Step Execution > should emit progress at each step 0ms
 ✓ |node| tests/workflows/book-import.test.ts > BookImportWorkflow - Step Execution > should handle step retries 0ms
 ✓ |node| tests/workflows/book-import.test.ts > BookImportWorkflow - Error Handling > should handle missing book gracefully 0ms
 ✓ |node| tests/workflows/book-import.test.ts > BookImportWorkflow - Error Handling > should continue workflow without embeddings if AI fails 0ms
 ✓ |node| tests/workflows/book-import.test.ts > BookImportWorkflow - Error Handling > should emit failure progress on error 0ms
 ✓ |node| tests/integration/alarm-handlers.test.js > Alarm Handler Coverage - Integration > CSV Processing Alarm > should successfully process valid CSV data 1ms
 ✓ |node| tests/integration/alarm-handlers.test.js > Alarm Handler Coverage - Integration > CSV Processing Alarm > should fail on empty CSV data 1ms
 ✓ |node| tests/integration/alarm-handlers.test.js > Alarm Handler Coverage - Integration > CSV Processing Alarm > should fail on header-only CSV (no data rows) 0ms
 ✓ |node| tests/integration/alarm-handlers.test.js > Alarm Handler Coverage - Integration > CSV Processing Alarm > should fail when CSV data not found in storage 0ms
 ✓ |node| tests/integration/alarm-handlers.test.js > Alarm Handler Coverage - Integration > CSV Processing Alarm > should handle malformed CSV with special characters 0ms
 ✓ |node| tests/integration/alarm-handlers.test.js > Alarm Handler Coverage - Integration > Bookshelf Scan Alarm > should successfully process valid image data 0ms
 ✓ |node| tests/integration/alarm-handlers.test.js > Alarm Handler Coverage - Integration > Bookshelf Scan Alarm > should fail on empty image data 0ms
 ✓ |node| tests/integration/alarm-handlers.test.js > Alarm Handler Coverage - Integration > Bookshelf Scan Alarm > should fail on image larger than 10MB 0ms
 ✓ |node| tests/integration/alarm-handlers.test.js > Alarm Handler Coverage - Integration > Bookshelf Scan Alarm > should fail when image data not found in storage 0ms
 ✓ |node| tests/integration/alarm-handlers.test.js > Alarm Handler Coverage - Integration > Bookshelf Scan Alarm > should handle edge case image size (exactly 10MB) 0ms
 ✓ |node| tests/integration/alarm-handlers.test.js > Alarm Handler Coverage - Integration > Cleanup Alarm (24-hour) > should delete job state and auth tokens after job completion 0ms
 ✓ |node| tests/integration/alarm-handlers.test.js > Alarm Handler Coverage - Integration > Cleanup Alarm (24-hour) > should delete all old auth tokens 0ms
 ✓ |node| tests/integration/alarm-handlers.test.js > Alarm Handler Coverage - Integration > Cleanup Alarm (24-hour) > should handle cleanup when no data exists 0ms
 ✓ |node| tests/integration/alarm-handlers.test.js > Alarm Handler Coverage - Integration > Token Refresh Alarm > should refresh token when within 30-minute window 1ms
 ✓ |node| tests/integration/alarm-handlers.test.js > Alarm Handler Coverage - Integration > Token Refresh Alarm > should not refresh token outside 30-minute window 0ms
 ✓ |node| tests/integration/alarm-handlers.test.js > Alarm Handler Coverage - Integration > Token Refresh Alarm > should not refresh already expired token 0ms
 ✓ |node| tests/integration/alarm-handlers.test.js > Alarm Handler Coverage - Integration > Alarm Scheduling Conflicts > should schedule CSV alarm without conflicting with cleanup 1ms
 ✓ |node| tests/integration/alarm-handlers.test.js > Alarm Handler Coverage - Integration > Alarm Scheduling Conflicts > should handle switching from CSV to cleanup alarm 0ms
 ✓ |node| tests/integration/alarm-handlers.test.js > Alarm Handler Coverage - Integration > Alarm Scheduling Conflicts > should prioritize job alarm over token refresh 0ms
 ✓ |node| tests/integration/alarm-handlers.test.js > Alarm Handler Coverage - Integration > Alarm Scheduling Conflicts > should handle bookshelf scan alarm priority 0ms
 ✓ |node| tests/integration/alarm-handlers.test.js > Alarm Handler Coverage - Integration > Alarm Scheduling Conflicts > should allow sequential alarms without conflicts 0ms
 ✓ |node| tests/integration/alarm-handlers.test.js > Alarm Handler Coverage - Integration > Alarm Execution Failures > should propagate CSV processing errors 0ms
 ✓ |node| tests/integration/alarm-handlers.test.js > Alarm Handler Coverage - Integration > Alarm Execution Failures > should propagate bookshelf scan errors 0ms
 ✓ |node| tests/integration/alarm-handlers.test.js > Alarm Handler Coverage - Integration > Alarm Execution Failures > should handle storage.delete failures gracefully 0ms
 ✓ |node| tests/integration/alarm-handlers.test.js > Alarm Handler Coverage - Integration > Alarm Execution Failures > should handle storage.setAlarm failures 0ms
stdout | tests/repositories/book-repository.test.ts > BookRepository > Smart Routing (findByISBN) > should route to KV when D1_READ_PERCENTAGE=0
[BookRepository] findByISBN(9780439708180): D1_READ_PERCENTAGE=0, routing to KV

stdout | tests/repositories/book-repository.test.ts > BookRepository > Smart Routing (findByISBN) > should route to KV when D1_READ_PERCENTAGE=0
[BookRepository] ✅ KV hit for 9780439708180

stdout | tests/repositories/book-repository.test.ts > BookRepository > Smart Routing (findByISBN) > should route to D1 when D1_READ_PERCENTAGE=100
[BookRepository] findByISBN(9780439708180): D1_READ_PERCENTAGE=100, routing to D1

stdout | tests/repositories/book-repository.test.ts > BookRepository > Smart Routing (findByISBN) > should route to D1 when D1_READ_PERCENTAGE=100
[BookRepository] ✅ D1 hit for 9780439708180

stdout | tests/repositories/book-repository.test.ts > BookRepository > Smart Routing (findByISBN) > should fallback to KV when D1 fails
[BookRepository] findByISBN(9780439708180): D1_READ_PERCENTAGE=100, routing to D1

stdout | tests/repositories/book-repository.test.ts > BookRepository > Smart Routing (findByISBN) > should fallback to KV when D1 fails
[BookRepository] D1 miss, fallback to KV for 9780439708180

stdout | tests/repositories/book-repository.test.ts > BookRepository > Smart Routing (findByISBN) > should fallback to D1 when KV fails
[BookRepository] findByISBN(9780439708180): D1_READ_PERCENTAGE=0, routing to KV

stdout | tests/repositories/book-repository.test.ts > BookRepository > Smart Routing (findByISBN) > should fallback to D1 when KV fails
[BookRepository] KV miss, fallback to D1 for 9780439708180

stdout | tests/repositories/book-repository.test.ts > BookRepository > Smart Routing (findByISBN) > should return null when both KV and D1 fail
[BookRepository] findByISBN(9780439708180): D1_READ_PERCENTAGE=0, routing to KV

stdout | tests/repositories/book-repository.test.ts > BookRepository > Smart Routing (findByISBN) > should return null when both KV and D1 fail
[BookRepository] KV miss, fallback to D1 for 9780439708180

stdout | tests/repositories/book-repository.test.ts > BookRepository > Dual-Write (save) > should only write to KV when ENABLE_D1_WRITES=false
[BookRepository] ✅ Saved to KV (cache): 9780439708180 (0ms)

stdout | tests/repositories/book-repository.test.ts > BookRepository > Dual-Write (save) > should dual-write to KV + D1 when ENABLE_D1_WRITES=true
[BookRepository] ✅ Saved to D1 (primary): 9780439708180 (0ms)

stdout | tests/repositories/book-repository.test.ts > BookRepository > Dual-Write (save) > should dual-write to KV + D1 when ENABLE_D1_WRITES=true
[BookRepository] ✅ Saved to KV (cache): 9780439708180 (0ms)
[BookRepository:Metrics] {"metric":"dual_write","isbn":"9780439708180","kv_write_ms":0,"d1_write_ms":0,"success":true,"error":null,"timestamp":"2026-01-07T21:16:26.501Z"}

stdout | tests/repositories/book-repository.test.ts > BookRepository > Dual-Write (save) > should not fail request when D1 write fails
[BookRepository:Metrics] {"metric":"dual_write","isbn":"9780439708180","kv_write_ms":0,"d1_write_ms":0,"success":false,"error":"D1 write failed","timestamp":"2026-01-07T21:16:26.504Z"}

stderr | tests/repositories/book-repository.test.ts > BookRepository > Dual-Write (save) > should not fail request when D1 write fails
[BookRepository] ❌ D1 write failed for 9780439708180 (0ms): Error: D1 write failed
    at Object.<anonymous> [90m(/Users/juju/dev_repos/bendv3/[39mtests/repositories/book-repository.test.ts:230:46[90m)[39m
    at Object.mockCall [90m(file:///Users/juju/dev_repos/bendv3/[39mnode_modules/[4m@vitest/spy[24m/dist/index.js:96:15[90m)[39m
    at Object.spy [as bind] [90m(file:///Users/juju/dev_repos/bendv3/[39mnode_modules/[4mtinyspy[24m/dist/index.js:47:80[90m)[39m
    at BookRepository.saveToD1 [90m(/Users/juju/dev_repos/bendv3/[39msrc/repositories/book-repository.ts:333:8[90m)[39m
    at BookRepository.save [90m(/Users/juju/dev_repos/bendv3/[39msrc/repositories/book-repository.ts:83:20[90m)[39m
    at [90m/Users/juju/dev_repos/bendv3/[39mtests/repositories/book-repository.test.ts:235:29
    at [90mfile:///Users/juju/dev_repos/bendv3/[39mnode_modules/[4m@vitest/runner[24m/dist/chunk-hooks.js:155:11
    at [90mfile:///Users/juju/dev_repos/bendv3/[39mnode_modules/[4m@vitest/runner[24m/dist/chunk-hooks.js:752:26
    at [90mfile:///Users/juju/dev_repos/bendv3/[39mnode_modules/[4m@vitest/runner[24m/dist/chunk-hooks.js:1897:20
    at new Promise (<anonymous>)

stdout | tests/repositories/book-repository.test.ts > BookRepository > Dual-Write (save) > should not fail request when D1 write fails
[BookRepository] ✅ Saved to KV (cache): 9780439708180 (0ms)

stdout | tests/repositories/book-repository.test.ts > BookRepository > Deterministic Routing > should use same routing decision for same ISBN
[BookRepository] findByISBN(9780439708180): D1_READ_PERCENTAGE=50, routing to D1

stdout | tests/repositories/book-repository.test.ts > BookRepository > Deterministic Routing > should use same routing decision for same ISBN
[BookRepository] D1 miss, fallback to KV for 9780439708180

stdout | tests/repositories/book-repository.test.ts > BookRepository > Deterministic Routing > should use same routing decision for same ISBN
[BookRepository] findByISBN(9780439708180): D1_READ_PERCENTAGE=50, routing to D1

stdout | tests/repositories/book-repository.test.ts > BookRepository > Deterministic Routing > should use same routing decision for same ISBN
[BookRepository] D1 miss, fallback to KV for 9780439708180

stdout | tests/repositories/book-repository.test.ts > BookRepository > Deterministic Routing > should use same routing decision for same ISBN
[BookRepository] findByISBN(9780439708180): D1_READ_PERCENTAGE=50, routing to D1

stdout | tests/repositories/book-repository.test.ts > BookRepository > Deterministic Routing > should use same routing decision for same ISBN
[BookRepository] D1 miss, fallback to KV for 9780439708180

stdout | tests/repositories/book-repository.test.ts > BookRepository > Deterministic Routing > should distribute traffic based on percentage
[BookRepository] findByISBN(9780439708180): D1_READ_PERCENTAGE=50, routing to D1

stdout | tests/repositories/book-repository.test.ts > BookRepository > Deterministic Routing > should distribute traffic based on percentage
[BookRepository] D1 miss, fallback to KV for 9780439708180

stdout | tests/repositories/book-repository.test.ts > BookRepository > Deterministic Routing > should distribute traffic based on percentage
[BookRepository] findByISBN(9780439064873): D1_READ_PERCENTAGE=50, routing to D1

stdout | tests/repositories/book-repository.test.ts > BookRepository > Deterministic Routing > should distribute traffic based on percentage
[BookRepository] D1 miss, fallback to KV for 9780439064873

stdout | tests/repositories/book-repository.test.ts > BookRepository > Deterministic Routing > should distribute traffic based on percentage
[BookRepository] findByISBN(9780439136358): D1_READ_PERCENTAGE=50, routing to KV

stdout | tests/repositories/book-repository.test.ts > BookRepository > Deterministic Routing > should distribute traffic based on percentage
[BookRepository] ✅ KV hit for 9780439136358

stdout | tests/repositories/book-repository.test.ts > BookRepository > Deterministic Routing > should distribute traffic based on percentage
[BookRepository] findByISBN(9780439139595): D1_READ_PERCENTAGE=50, routing to D1

stdout | tests/repositories/book-repository.test.ts > BookRepository > Deterministic Routing > should distribute traffic based on percentage
[BookRepository] D1 miss, fallback to KV for 9780439139595

stdout | tests/repositories/book-repository.test.ts > BookRepository > Deterministic Routing > should distribute traffic based on percentage
[BookRepository] findByISBN(9780439358071): D1_READ_PERCENTAGE=50, routing to D1

stdout | tests/repositories/book-repository.test.ts > BookRepository > Deterministic Routing > should distribute traffic based on percentage
[BookRepository] D1 miss, fallback to KV for 9780439358071

stdout | tests/repositories/book-repository.test.ts > BookRepository > Deterministic Routing > should distribute traffic based on percentage
[BookRepository] findByISBN(9780439784542): D1_READ_PERCENTAGE=50, routing to D1

stdout | tests/repositories/book-repository.test.ts > BookRepository > Deterministic Routing > should distribute traffic based on percentage
[BookRepository] D1 miss, fallback to KV for 9780439784542

stdout | tests/repositories/book-repository.test.ts > BookRepository > Deterministic Routing > should distribute traffic based on percentage
[BookRepository] findByISBN(9780545010221): D1_READ_PERCENTAGE=50, routing to KV

stdout | tests/repositories/book-repository.test.ts > BookRepository > Deterministic Routing > should distribute traffic based on percentage
[BookRepository] ✅ KV hit for 9780545010221

stdout | tests/repositories/book-repository.test.ts > BookRepository > Deterministic Routing > should distribute traffic based on percentage
[BookRepository] findByISBN(9780545139700): D1_READ_PERCENTAGE=50, routing to D1

stdout | tests/repositories/book-repository.test.ts > BookRepository > Deterministic Routing > should distribute traffic based on percentage
[BookRepository] D1 miss, fallback to KV for 9780545139700

stdout | tests/repositories/book-repository.test.ts > BookRepository > Deterministic Routing > should distribute traffic based on percentage
[BookRepository] findByISBN(9780545162074): D1_READ_PERCENTAGE=50, routing to KV

stdout | tests/repositories/book-repository.test.ts > BookRepository > Deterministic Routing > should distribute traffic based on percentage
[BookRepository] ✅ KV hit for 9780545162074

stdout | tests/repositories/book-repository.test.ts > BookRepository > Deterministic Routing > should distribute traffic based on percentage
[BookRepository] findByISBN(9781338299144): D1_READ_PERCENTAGE=50, routing to KV

stdout | tests/repositories/book-repository.test.ts > BookRepository > Deterministic Routing > should distribute traffic based on percentage
[BookRepository] ✅ KV hit for 9781338299144

stdout | tests/repositories/book-repository.test.ts > BookRepository > Author Extraction > should extract and normalize author names
[BookRepository] ✅ Saved to D1 (primary): 9780439708180 (1ms)

stdout | tests/repositories/book-repository.test.ts > BookRepository > Author Extraction > should extract and normalize author names
[BookRepository] ✅ Saved to KV (cache): 9780439708180 (0ms)
[BookRepository:Metrics] {"metric":"dual_write","isbn":"9780439708180","kv_write_ms":0,"d1_write_ms":1,"success":true,"error":null,"timestamp":"2026-01-07T21:16:26.506Z"}

stdout | tests/repositories/book-repository.test.ts > BookRepository > Author Extraction > should handle cultural diversity fields
[BookRepository] ✅ Saved to D1 (primary): 9780439708180 (0ms)

stdout | tests/repositories/book-repository.test.ts > BookRepository > Author Extraction > should handle cultural diversity fields
[BookRepository] ✅ Saved to KV (cache): 9780439708180 (0ms)
[BookRepository:Metrics] {"metric":"dual_write","isbn":"9780439708180","kv_write_ms":0,"d1_write_ms":0,"success":true,"error":null,"timestamp":"2026-01-07T21:16:26.506Z"}

 ✓ |node| tests/repositories/book-repository.test.ts > BookRepository > Smart Routing (findByISBN) > should route to KV when D1_READ_PERCENTAGE=0 1ms
 ✓ |node| tests/repositories/book-repository.test.ts > BookRepository > Smart Routing (findByISBN) > should route to D1 when D1_READ_PERCENTAGE=100 0ms
 ✓ |node| tests/repositories/book-repository.test.ts > BookRepository > Smart Routing (findByISBN) > should fallback to KV when D1 fails 0ms
 ✓ |node| tests/repositories/book-repository.test.ts > BookRepository > Smart Routing (findByISBN) > should fallback to D1 when KV fails 0ms
 ✓ |node| tests/repositories/book-repository.test.ts > BookRepository > Smart Routing (findByISBN) > should return null when both KV and D1 fail 0ms
 ✓ |node| tests/repositories/book-repository.test.ts > BookRepository > Dual-Write (save) > should only write to KV when ENABLE_D1_WRITES=false 0ms
 ✓ |node| tests/repositories/book-repository.test.ts > BookRepository > Dual-Write (save) > should dual-write to KV + D1 when ENABLE_D1_WRITES=true 1ms
 ✓ |node| tests/repositories/book-repository.test.ts > BookRepository > Dual-Write (save) > should not fail request when D1 write fails 2ms
 ✓ |node| tests/repositories/book-repository.test.ts > BookRepository > Deterministic Routing > should use same routing decision for same ISBN 0ms
 ✓ |node| tests/repositories/book-repository.test.ts > BookRepository > Deterministic Routing > should distribute traffic based on percentage 1ms
 ✓ |node| tests/repositories/book-repository.test.ts > BookRepository > Author Extraction > should extract and normalize author names 1ms
 ✓ |node| tests/repositories/book-repository.test.ts > BookRepository > Author Extraction > should handle cultural diversity fields 1ms
 ✓ |node| tests/repositories/book-repository.test.ts > BookRepository > Complex Queries (D1-only) > should find books by author 0ms
 ✓ |node| tests/repositories/book-repository.test.ts > BookRepository > Complex Queries (D1-only) > should find user books by rating and year 0ms
 ✓ |node| tests/integration/websocket-hibernation-auth.test.js > Hibernation DO - WebSocket Authentication > Subprotocol Header Authentication (Secure) > should authenticate with token in subprotocol header 1ms
 ✓ |node| tests/integration/websocket-hibernation-auth.test.js > Hibernation DO - WebSocket Authentication > Subprotocol Header Authentication (Secure) > should extract token from multiple subprotocol values 0ms
 ✓ |node| tests/integration/websocket-hibernation-auth.test.js > Hibernation DO - WebSocket Authentication > Subprotocol Header Authentication (Secure) > should handle whitespace in subprotocol header 0ms
 ✓ |node| tests/integration/websocket-hibernation-auth.test.js > Hibernation DO - WebSocket Authentication > Subprotocol Header Authentication (Secure) > should reject token from subprotocol if token mismatch 0ms
 ✓ |node| tests/integration/websocket-hibernation-auth.test.js > Hibernation DO - WebSocket Authentication > Query Parameter Fallback (Deprecated) > should fallback to query parameter when subprotocol header missing 0ms
 ✓ |node| tests/integration/websocket-hibernation-auth.test.js > Hibernation DO - WebSocket Authentication > Query Parameter Fallback (Deprecated) > should prefer subprotocol header over query parameter 0ms
 ✓ |node| tests/integration/websocket-hibernation-auth.test.js > Hibernation DO - WebSocket Authentication > Query Parameter Fallback (Deprecated) > should reject query parameter token if expired 0ms
 ✓ |node| tests/integration/websocket-hibernation-auth.test.js > Hibernation DO - WebSocket Authentication > Grace Period Token Validation > should allow reconnection with old token during grace period 0ms
 ✓ |node| tests/integration/websocket-hibernation-auth.test.js > Hibernation DO - WebSocket Authentication > Grace Period Token Validation > should reject old token after grace period expires 0ms
 ✓ |node| tests/integration/websocket-hibernation-auth.test.js > Hibernation DO - WebSocket Authentication > Grace Period Token Validation > should not check expiration for grace period tokens 0ms
 ✓ |node| tests/integration/websocket-hibernation-auth.test.js > Hibernation DO - WebSocket Authentication > KV Blacklist Validation > should reject blacklisted token from subprotocol header 0ms
 ✓ |node| tests/integration/websocket-hibernation-auth.test.js > Hibernation DO - WebSocket Authentication > KV Blacklist Validation > should reject blacklisted token from query parameter 0ms
 ✓ |node| tests/integration/websocket-hibernation-auth.test.js > Hibernation DO - WebSocket Authentication > KV Blacklist Validation > should check blacklist before token validation 0ms
 ✓ |node| tests/integration/websocket-hibernation-auth.test.js > Hibernation DO - WebSocket Authentication > Full Validation Flow Integration > should perform all validation steps in correct order 0ms
 ✓ |node| tests/integration/websocket-hibernation-auth.test.js > Hibernation DO - WebSocket Authentication > Full Validation Flow Integration > should short-circuit on blacklist failure 0ms
 ✓ |node| tests/integration/websocket-hibernation-auth.test.js > Hibernation DO - WebSocket Authentication > Edge Cases > should handle missing token gracefully 0ms
 ✓ |node| tests/integration/websocket-hibernation-auth.test.js > Hibernation DO - WebSocket Authentication > Edge Cases > should handle empty subprotocol header 0ms
 ✓ |node| tests/integration/websocket-hibernation-auth.test.js > Hibernation DO - WebSocket Authentication > Edge Cases > should handle malformed subprotocol header 0ms
 ✓ |node| tests/integration/websocket-hibernation-auth.test.js > Hibernation DO - WebSocket Authentication > Edge Cases > should handle storage read failures gracefully 1ms
stdout | tests/services/embedding-service.test.ts > Embedding Service > generateBookEmbedding > should generate embedding successfully
[EmbeddingService] Generating embedding for ISBN 9780123456789

stdout | tests/services/embedding-service.test.ts > Embedding Service > generateBookEmbedding > should return null if AI binding is missing
[EmbeddingService] Workers AI not available

stdout | tests/services/embedding-service.test.ts > Embedding Service > generateBookEmbedding > should return null if embedding generation fails
[EmbeddingService] Generating embedding for ISBN 9780123456789

stderr | tests/services/embedding-service.test.ts > Embedding Service > generateBookEmbedding > should return null if embedding generation fails
[EmbeddingService] Embedding generation failed: Error: AI Error
    at [90m/Users/juju/dev_repos/bendv3/[39mtests/services/embedding-service.test.ts:78:36
    at [90mfile:///Users/juju/dev_repos/bendv3/[39mnode_modules/[4m@vitest/runner[24m/dist/chunk-hooks.js:155:11
    at [90mfile:///Users/juju/dev_repos/bendv3/[39mnode_modules/[4m@vitest/runner[24m/dist/chunk-hooks.js:752:26
    at [90mfile:///Users/juju/dev_repos/bendv3/[39mnode_modules/[4m@vitest/runner[24m/dist/chunk-hooks.js:1897:20
    at new Promise (<anonymous>)
    at runWithTimeout [90m(file:///Users/juju/dev_repos/bendv3/[39mnode_modules/[4m@vitest/runner[24m/dist/chunk-hooks.js:1863:10[90m)[39m
    at runTest [90m(file:///Users/juju/dev_repos/bendv3/[39mnode_modules/[4m@vitest/runner[24m/dist/chunk-hooks.js:1574:12[90m)[39m
[90m    at processTicksAndRejections (node:internal/process/task_queues:103:5)[39m
    at runSuite [90m(file:///Users/juju/dev_repos/bendv3/[39mnode_modules/[4m@vitest/runner[24m/dist/chunk-hooks.js:1729:8[90m)[39m
    at runSuite [90m(file:///Users/juju/dev_repos/bendv3/[39mnode_modules/[4m@vitest/runner[24m/dist/chunk-hooks.js:1729:8[90m)[39m

stdout | tests/services/embedding-service.test.ts > Embedding Service > generateBookEmbedding > should return null if empty embedding returned
[EmbeddingService] Generating embedding for ISBN 9780123456789

stderr | tests/services/embedding-service.test.ts > Embedding Service > generateBookEmbedding > should return null if empty embedding returned
[EmbeddingService] Empty embedding returned

stdout | tests/services/embedding-service.test.ts > Embedding Service > generateQueryEmbedding > should return null if AI binding is missing
[EmbeddingService] Workers AI not available

stderr | tests/services/embedding-service.test.ts > Embedding Service > generateQueryEmbedding > should return null on error
[EmbeddingService] Query embedding failed: Error: AI Error
    at [90m/Users/juju/dev_repos/bendv3/[39mtests/services/embedding-service.test.ts:117:38
    at [90mfile:///Users/juju/dev_repos/bendv3/[39mnode_modules/[4m@vitest/runner[24m/dist/chunk-hooks.js:155:11
    at [90mfile:///Users/juju/dev_repos/bendv3/[39mnode_modules/[4m@vitest/runner[24m/dist/chunk-hooks.js:752:26
    at [90mfile:///Users/juju/dev_repos/bendv3/[39mnode_modules/[4m@vitest/runner[24m/dist/chunk-hooks.js:1897:20
    at new Promise (<anonymous>)
    at runWithTimeout [90m(file:///Users/juju/dev_repos/bendv3/[39mnode_modules/[4m@vitest/runner[24m/dist/chunk-hooks.js:1863:10[90m)[39m
    at runTest [90m(file:///Users/juju/dev_repos/bendv3/[39mnode_modules/[4m@vitest/runner[24m/dist/chunk-hooks.js:1574:12[90m)[39m
[90m    at processTicksAndRejections (node:internal/process/task_queues:103:5)[39m
    at runSuite [90m(file:///Users/juju/dev_repos/bendv3/[39mnode_modules/[4m@vitest/runner[24m/dist/chunk-hooks.js:1729:8[90m)[39m
    at runSuite [90m(file:///Users/juju/dev_repos/bendv3/[39mnode_modules/[4m@vitest/runner[24m/dist/chunk-hooks.js:1729:8[90m)[39m

stderr | tests/services/embedding-service.test.ts > Embedding Service > generateBatchEmbeddings > should handle batch errors gracefully
[EmbeddingService] Batch 1 failed: Error: AI Error
    at [90m/Users/juju/dev_repos/bendv3/[39mtests/services/embedding-service.test.ts:149:38
    at [90mfile:///Users/juju/dev_repos/bendv3/[39mnode_modules/[4m@vitest/runner[24m/dist/chunk-hooks.js:155:11
    at [90mfile:///Users/juju/dev_repos/bendv3/[39mnode_modules/[4m@vitest/runner[24m/dist/chunk-hooks.js:752:26
    at [90mfile:///Users/juju/dev_repos/bendv3/[39mnode_modules/[4m@vitest/runner[24m/dist/chunk-hooks.js:1897:20
    at new Promise (<anonymous>)
    at runWithTimeout [90m(file:///Users/juju/dev_repos/bendv3/[39mnode_modules/[4m@vitest/runner[24m/dist/chunk-hooks.js:1863:10[90m)[39m
    at runTest [90m(file:///Users/juju/dev_repos/bendv3/[39mnode_modules/[4m@vitest/runner[24m/dist/chunk-hooks.js:1574:12[90m)[39m
[90m    at processTicksAndRejections (node:internal/process/task_queues:103:5)[39m
    at runSuite [90m(file:///Users/juju/dev_repos/bendv3/[39mnode_modules/[4m@vitest/runner[24m/dist/chunk-hooks.js:1729:8[90m)[39m
    at runSuite [90m(file:///Users/juju/dev_repos/bendv3/[39mnode_modules/[4m@vitest/runner[24m/dist/chunk-hooks.js:1729:8[90m)[39m

stdout | tests/services/embedding-service.test.ts > Embedding Service > storeEmbedding > should store embedding successfully
[EmbeddingService] Stored embedding for ISBN 123

stdout | tests/services/embedding-service.test.ts > Embedding Service > storeEmbedding > should return false if Vectorize not configured
[EmbeddingService] Vectorize not configured, skipping storage

stderr | tests/services/embedding-service.test.ts > Embedding Service > storeEmbedding > should return false on insert error
[EmbeddingService] Failed to store embedding: Error: DB Error
    at [90m/Users/juju/dev_repos/bendv3/[39mtests/services/embedding-service.test.ts:189:48
    at [90mfile:///Users/juju/dev_repos/bendv3/[39mnode_modules/[4m@vitest/runner[24m/dist/chunk-hooks.js:155:11
    at [90mfile:///Users/juju/dev_repos/bendv3/[39mnode_modules/[4m@vitest/runner[24m/dist/chunk-hooks.js:752:26
    at [90mfile:///Users/juju/dev_repos/bendv3/[39mnode_modules/[4m@vitest/runner[24m/dist/chunk-hooks.js:1897:20
    at new Promise (<anonymous>)
    at runWithTimeout [90m(file:///Users/juju/dev_repos/bendv3/[39mnode_modules/[4m@vitest/runner[24m/dist/chunk-hooks.js:1863:10[90m)[39m
    at runTest [90m(file:///Users/juju/dev_repos/bendv3/[39mnode_modules/[4m@vitest/runner[24m/dist/chunk-hooks.js:1574:12[90m)[39m
[90m    at processTicksAndRejections (node:internal/process/task_queues:103:5)[39m
    at runSuite [90m(file:///Users/juju/dev_repos/bendv3/[39mnode_modules/[4m@vitest/runner[24m/dist/chunk-hooks.js:1729:8[90m)[39m
    at runSuite [90m(file:///Users/juju/dev_repos/bendv3/[39mnode_modules/[4m@vitest/runner[24m/dist/chunk-hooks.js:1729:8[90m)[39m

stdout | tests/services/embedding-service.test.ts > Embedding Service > findSimilarBooks > should return empty if book not found
[EmbeddingService] No embedding found for ISBN 123

stderr | tests/services/embedding-service.test.ts > Embedding Service > findSimilarBooks > should handle errors gracefully
[EmbeddingService] Similarity search failed: Error: Vector Error
    at [90m/Users/juju/dev_repos/bendv3/[39mtests/services/embedding-service.test.ts:226:50
    at [90mfile:///Users/juju/dev_repos/bendv3/[39mnode_modules/[4m@vitest/runner[24m/dist/chunk-hooks.js:155:11
    at [90mfile:///Users/juju/dev_repos/bendv3/[39mnode_modules/[4m@vitest/runner[24m/dist/chunk-hooks.js:752:26
    at [90mfile:///Users/juju/dev_repos/bendv3/[39mnode_modules/[4m@vitest/runner[24m/dist/chunk-hooks.js:1897:20
    at new Promise (<anonymous>)
    at runWithTimeout [90m(file:///Users/juju/dev_repos/bendv3/[39mnode_modules/[4m@vitest/runner[24m/dist/chunk-hooks.js:1863:10[90m)[39m
    at runTest [90m(file:///Users/juju/dev_repos/bendv3/[39mnode_modules/[4m@vitest/runner[24m/dist/chunk-hooks.js:1574:12[90m)[39m
[90m    at processTicksAndRejections (node:internal/process/task_queues:103:5)[39m
    at runSuite [90m(file:///Users/juju/dev_repos/bendv3/[39mnode_modules/[4m@vitest/runner[24m/dist/chunk-hooks.js:1729:8[90m)[39m
    at runSuite [90m(file:///Users/juju/dev_repos/bendv3/[39mnode_modules/[4m@vitest/runner[24m/dist/chunk-hooks.js:1729:8[90m)[39m

stderr | tests/services/embedding-service.test.ts > Embedding Service > semanticSearch > should return empty if query embedding fails
[EmbeddingService] Query embedding failed: Error: AI Error
    at [90m/Users/juju/dev_repos/bendv3/[39mtests/services/embedding-service.test.ts:255:40
    at [90mfile:///Users/juju/dev_repos/bendv3/[39mnode_modules/[4m@vitest/runner[24m/dist/chunk-hooks.js:155:11
    at [90mfile:///Users/juju/dev_repos/bendv3/[39mnode_modules/[4m@vitest/runner[24m/dist/chunk-hooks.js:752:26
    at [90mfile:///Users/juju/dev_repos/bendv3/[39mnode_modules/[4m@vitest/runner[24m/dist/chunk-hooks.js:1897:20
    at new Promise (<anonymous>)
    at runWithTimeout [90m(file:///Users/juju/dev_repos/bendv3/[39mnode_modules/[4m@vitest/runner[24m/dist/chunk-hooks.js:1863:10[90m)[39m
    at runTest [90m(file:///Users/juju/dev_repos/bendv3/[39mnode_modules/[4m@vitest/runner[24m/dist/chunk-hooks.js:1574:12[90m)[39m
[90m    at processTicksAndRejections (node:internal/process/task_queues:103:5)[39m
    at runSuite [90m(file:///Users/juju/dev_repos/bendv3/[39mnode_modules/[4m@vitest/runner[24m/dist/chunk-hooks.js:1729:8[90m)[39m
    at runSuite [90m(file:///Users/juju/dev_repos/bendv3/[39mnode_modules/[4m@vitest/runner[24m/dist/chunk-hooks.js:1729:8[90m)[39m

stdout | tests/services/embedding-service.test.ts > Embedding Service > semanticSearch > should return empty if query embedding fails
[EmbeddingService] Failed to generate query embedding

 ✓ |node| tests/services/embedding-service.test.ts > Embedding Service > generateBookEmbedding > should generate embedding successfully 2ms
 ✓ |node| tests/services/embedding-service.test.ts > Embedding Service > generateBookEmbedding > should return null if AI binding is missing 0ms
 ✓ |node| tests/services/embedding-service.test.ts > Embedding Service > generateBookEmbedding > should return null if embedding generation fails 2ms
 ✓ |node| tests/services/embedding-service.test.ts > Embedding Service > generateBookEmbedding > should return null if empty embedding returned 0ms
 ✓ |node| tests/services/embedding-service.test.ts > Embedding Service > generateQueryEmbedding > should generate query embedding successfully 0ms
 ✓ |node| tests/services/embedding-service.test.ts > Embedding Service > generateQueryEmbedding > should return null if AI binding is missing 0ms
 ✓ |node| tests/services/embedding-service.test.ts > Embedding Service > generateQueryEmbedding > should return null on error 0ms
 ✓ |node| tests/services/embedding-service.test.ts > Embedding Service > generateBatchEmbeddings > should generate batch embeddings successfully 0ms
 ✓ |node| tests/services/embedding-service.test.ts > Embedding Service > generateBatchEmbeddings > should handle batch errors gracefully 0ms
 ✓ |node| tests/services/embedding-service.test.ts > Embedding Service > storeEmbedding > should store embedding successfully 0ms
 ✓ |node| tests/services/embedding-service.test.ts > Embedding Service > storeEmbedding > should return false if Vectorize not configured 0ms
 ✓ |node| tests/services/embedding-service.test.ts > Embedding Service > storeEmbedding > should return false on insert error 0ms
 ✓ |node| tests/services/embedding-service.test.ts > Embedding Service > findSimilarBooks > should find similar books 1ms
 ✓ |node| tests/services/embedding-service.test.ts > Embedding Service > findSimilarBooks > should return empty if book not found 0ms
 ✓ |node| tests/services/embedding-service.test.ts > Embedding Service > findSimilarBooks > should handle errors gracefully 0ms
 ✓ |node| tests/services/embedding-service.test.ts > Embedding Service > semanticSearch > should return search results 0ms
 ✓ |node| tests/services/embedding-service.test.ts > Embedding Service > semanticSearch > should return empty if query embedding fails 0ms
stderr | tests/error-scenarios/concurrency.test.js > Rate Limiter Concurrency > should atomically check rate limit under concurrent load
[Rate Limit] Blocked request from IP: 192.168.1.100 (limit exceeded, endpoint: /api/search, limit: 100)
[Rate Limit] Blocked request from IP: 192.168.1.100 (limit exceeded, endpoint: /api/search, limit: 100)
[Rate Limit] Blocked request from IP: 192.168.1.100 (limit exceeded, endpoint: /api/search, limit: 100)
[Rate Limit] Blocked request from IP: 192.168.1.100 (limit exceeded, endpoint: /api/search, limit: 100)
[Rate Limit] Blocked request from IP: 192.168.1.100 (limit exceeded, endpoint: /api/search, limit: 100)

stderr | tests/error-scenarios/concurrency.test.js > Rate Limiter Concurrency > should increment counter atomically across concurrent requests
[Rate Limit] Blocked request from IP: 10.0.0.1 (limit exceeded, endpoint: /api/enrichment, limit: 100)
[Rate Limit] Blocked request from IP: 10.0.0.1 (limit exceeded, endpoint: /api/enrichment, limit: 100)
[Rate Limit] Blocked request from IP: 10.0.0.1 (limit exceeded, endpoint: /api/enrichment, limit: 100)
[Rate Limit] Blocked request from IP: 10.0.0.1 (limit exceeded, endpoint: /api/enrichment, limit: 100)
[Rate Limit] Blocked request from IP: 10.0.0.1 (limit exceeded, endpoint: /api/enrichment, limit: 100)
[Rate Limit] Blocked request from IP: 10.0.0.1 (limit exceeded, endpoint: /api/enrichment, limit: 100)
[Rate Limit] Blocked request from IP: 10.0.0.1 (limit exceeded, endpoint: /api/enrichment, limit: 100)
[Rate Limit] Blocked request from IP: 10.0.0.1 (limit exceeded, endpoint: /api/enrichment, limit: 100)
[Rate Limit] Blocked request from IP: 10.0.0.1 (limit exceeded, endpoint: /api/enrichment, limit: 100)
[Rate Limit] Blocked request from IP: 10.0.0.1 (limit exceeded, endpoint: /api/enrichment, limit: 100)

 ✓ |node| tests/error-scenarios/concurrency.test.js > Token Refresh Race Conditions > should prevent concurrent token refresh race 1ms
 ✓ |node| tests/error-scenarios/concurrency.test.js > Token Refresh Race Conditions > should maintain refreshInProgress flag 0ms
 ✓ |node| tests/error-scenarios/concurrency.test.js > Token Refresh Race Conditions > should handle refresh timeout to prevent deadlock 0ms
 ✓ |node| tests/error-scenarios/concurrency.test.js > Job State Update Collisions > should handle concurrent updateJobState calls 0ms
 ✓ |node| tests/error-scenarios/concurrency.test.js > Job State Update Collisions > should maintain updatesSinceLastPersist accurately 0ms
 ✓ |node| tests/error-scenarios/concurrency.test.js > Job State Update Collisions > should trigger persist at time threshold 0ms
 ✓ |node| tests/error-scenarios/concurrency.test.js > Job State Update Collisions > should prevent concurrent state overwrites via versioning 0ms
 ✓ |node| tests/error-scenarios/concurrency.test.js > WebSocket Connection Concurrency > should isolate multiple WebSocket connections 0ms
 ✓ |node| tests/error-scenarios/concurrency.test.js > WebSocket Connection Concurrency > should handle rapid disconnect/reconnect 0ms
 ✓ |node| tests/error-scenarios/concurrency.test.js > WebSocket Connection Concurrency > should maintain message order under concurrent sends 0ms
 ✓ |node| tests/error-scenarios/concurrency.test.js > WebSocket Connection Concurrency > should handle concurrent complete/fail calls 0ms
 ✓ |node| tests/error-scenarios/concurrency.test.js > Batch State Collision > should handle concurrent updatePhoto calls 0ms
 ✓ |node| tests/error-scenarios/concurrency.test.js > Batch State Collision > should atomically update photo state 0ms
 ✓ |node| tests/error-scenarios/concurrency.test.js > Batch State Collision > should consistently recalculate totalBooksFound 0ms
 ✓ |node| tests/error-scenarios/concurrency.test.js > Batch State Collision > should prevent concurrent batch initialization 0ms
 ✓ |node| tests/error-scenarios/concurrency.test.js > KV Cache Read-Write Races > should handle concurrent KV cache read/write 0ms
 ✓ |node| tests/error-scenarios/concurrency.test.js > KV Cache Read-Write Races > should return consistent cache value 0ms
 ✓ |node| tests/error-scenarios/concurrency.test.js > KV Cache Read-Write Races > should handle concurrent puts to same cache key 0ms
 ✓ |node| tests/error-scenarios/concurrency.test.js > KV Cache Read-Write Races > should handle cache expiration during read 0ms
 ✓ |node| tests/error-scenarios/concurrency.test.js > Enrichment Pipeline Concurrency > should deduplicate concurrent enrichment of same ISBN 0ms
 ✓ |node| tests/error-scenarios/concurrency.test.js > Enrichment Pipeline Concurrency > should isolate concurrent batch enrichments 0ms
 ✓ |node| tests/error-scenarios/concurrency.test.js > Enrichment Pipeline Concurrency > should deduplicate provider calls for same ISBN 0ms
 ✓ |node| tests/error-scenarios/concurrency.test.js > Enrichment Pipeline Concurrency > should maintain author deduplication during concurrent enrichment 0ms
 ✓ |node| tests/error-scenarios/concurrency.test.js > Rate Limiter Concurrency > should atomically check rate limit under concurrent load 4ms
 ✓ |node| tests/error-scenarios/concurrency.test.js > Rate Limiter Concurrency > should increment counter atomically across concurrent requests 1ms
 ✓ |node| tests/error-scenarios/concurrency.test.js > Rate Limiter Concurrency > should isolate rate limits by IP address 1ms
 ✓ |node| tests/error-scenarios/concurrency.test.js > Rate Limiter Concurrency > should reset limit after expiration window 0ms
 ✓ |node| tests/error-scenarios/concurrency.test.js > DO Eviction & Recovery > should recover from DO eviction during job 0ms
 ✓ |node| tests/error-scenarios/concurrency.test.js > DO Eviction & Recovery > should persist state before potential eviction 0ms
 ✓ |node| tests/error-scenarios/concurrency.test.js > DO Eviction & Recovery > should handle concurrent state reads after recovery 0ms
 ✓ |node| tests/error-scenarios/concurrency.test.js > Alarm & Cleanup Races > should prevent alarm cleanup during active job 0ms
 ✓ |node| tests/error-scenarios/concurrency.test.js > Alarm & Cleanup Races > should handle concurrent alarm and updateJobState 0ms
 ✓ |node| tests/error-scenarios/concurrency.test.js > Alarm & Cleanup Races > should prevent duplicate alarms 0ms
 ✓ |node| tests/error-scenarios/concurrency.test.js > State Consistency Under Load > should maintain consistency under rapid updates 0ms
 ✓ |node| tests/error-scenarios/concurrency.test.js > State Consistency Under Load > should not leak memory under concurrent load 0ms
 ✓ |node| tests/error-scenarios/concurrency.test.js > State Consistency Under Load > should handle message queue under heavy load 0ms
 ✓ |node| tests/error-scenarios/concurrency.test.js > State Consistency Under Load > should handle timeouts consistently under load 0ms
stderr | tests/unit/cache-metrics-do.test.js > CacheMetricsDO > recordEvent > should throw error if eventData is null
[CacheMetricsDO] Failed to process cache event: Error: Invalid event data: must be an object
    at CacheMetricsDO.recordEvent [90m(/Users/juju/dev_repos/bendv3/[39msrc/durable-objects/cache-metrics.ts:688:15[90m)[39m
    at [90m/Users/juju/dev_repos/bendv3/[39mtests/unit/cache-metrics-do.test.js:77:35
    at [90mfile:///Users/juju/dev_repos/bendv3/[39mnode_modules/[4m@vitest/runner[24m/dist/chunk-hooks.js:155:11
    at [90mfile:///Users/juju/dev_repos/bendv3/[39mnode_modules/[4m@vitest/runner[24m/dist/chunk-hooks.js:752:26
    at [90mfile:///Users/juju/dev_repos/bendv3/[39mnode_modules/[4m@vitest/runner[24m/dist/chunk-hooks.js:1897:20
    at new Promise (<anonymous>)
    at runWithTimeout [90m(file:///Users/juju/dev_repos/bendv3/[39mnode_modules/[4m@vitest/runner[24m/dist/chunk-hooks.js:1863:10[90m)[39m
    at runTest [90m(file:///Users/juju/dev_repos/bendv3/[39mnode_modules/[4m@vitest/runner[24m/dist/chunk-hooks.js:1574:12[90m)[39m
[90m    at processTicksAndRejections (node:internal/process/task_queues:103:5)[39m
    at runSuite [90m(file:///Users/juju/dev_repos/bendv3/[39mnode_modules/[4m@vitest/runner[24m/dist/chunk-hooks.js:1729:8[90m)[39m

stderr | tests/unit/cache-metrics-do.test.js > CacheMetricsDO > recordEvent > should throw error if eventData is undefined
[CacheMetricsDO] Failed to process cache event: Error: Invalid event data: must be an object
    at CacheMetricsDO.recordEvent [90m(/Users/juju/dev_repos/bendv3/[39msrc/durable-objects/cache-metrics.ts:688:15[90m)[39m
    at [90m/Users/juju/dev_repos/bendv3/[39mtests/unit/cache-metrics-do.test.js:83:35
    at [90mfile:///Users/juju/dev_repos/bendv3/[39mnode_modules/[4m@vitest/runner[24m/dist/chunk-hooks.js:155:11
    at [90mfile:///Users/juju/dev_repos/bendv3/[39mnode_modules/[4m@vitest/runner[24m/dist/chunk-hooks.js:752:26
    at [90mfile:///Users/juju/dev_repos/bendv3/[39mnode_modules/[4m@vitest/runner[24m/dist/chunk-hooks.js:1897:20
    at new Promise (<anonymous>)
    at runWithTimeout [90m(file:///Users/juju/dev_repos/bendv3/[39mnode_modules/[4m@vitest/runner[24m/dist/chunk-hooks.js:1863:10[90m)[39m
    at runTest [90m(file:///Users/juju/dev_repos/bendv3/[39mnode_modules/[4m@vitest/runner[24m/dist/chunk-hooks.js:1574:12[90m)[39m
[90m    at processTicksAndRejections (node:internal/process/task_queues:103:5)[39m
    at runSuite [90m(file:///Users/juju/dev_repos/bendv3/[39mnode_modules/[4m@vitest/runner[24m/dist/chunk-hooks.js:1729:8[90m)[39m

stderr | tests/unit/cache-metrics-do.test.js > CacheMetricsDO > recordEvent > should throw error if eventData is not an object
[CacheMetricsDO] Failed to process cache event: Error: Invalid event data: must be an object
    at CacheMetricsDO.recordEvent [90m(/Users/juju/dev_repos/bendv3/[39msrc/durable-objects/cache-metrics.ts:688:15[90m)[39m
    at [90m/Users/juju/dev_repos/bendv3/[39mtests/unit/cache-metrics-do.test.js:89:35
    at [90mfile:///Users/juju/dev_repos/bendv3/[39mnode_modules/[4m@vitest/runner[24m/dist/chunk-hooks.js:155:11
    at [90mfile:///Users/juju/dev_repos/bendv3/[39mnode_modules/[4m@vitest/runner[24m/dist/chunk-hooks.js:752:26
    at [90mfile:///Users/juju/dev_repos/bendv3/[39mnode_modules/[4m@vitest/runner[24m/dist/chunk-hooks.js:1897:20
    at new Promise (<anonymous>)
    at runWithTimeout [90m(file:///Users/juju/dev_repos/bendv3/[39mnode_modules/[4m@vitest/runner[24m/dist/chunk-hooks.js:1863:10[90m)[39m
    at runTest [90m(file:///Users/juju/dev_repos/bendv3/[39mnode_modules/[4m@vitest/runner[24m/dist/chunk-hooks.js:1574:12[90m)[39m
[90m    at processTicksAndRejections (node:internal/process/task_queues:103:5)[39m
    at runSuite [90m(file:///Users/juju/dev_repos/bendv3/[39mnode_modules/[4m@vitest/runner[24m/dist/chunk-hooks.js:1729:8[90m)[39m

stderr | tests/unit/cache-metrics-do.test.js > CacheMetricsDO > recordEvent > should throw error if eventData is not an object
[CacheMetricsDO] Failed to process cache event: Error: Invalid event data: must be an object
    at CacheMetricsDO.recordEvent [90m(/Users/juju/dev_repos/bendv3/[39msrc/durable-objects/cache-metrics.ts:688:15[90m)[39m
    at [90m/Users/juju/dev_repos/bendv3/[39mtests/unit/cache-metrics-do.test.js:92:35
[90m    at processTicksAndRejections (node:internal/process/task_queues:103:5)[39m
    at [90mfile:///Users/juju/dev_repos/bendv3/[39mnode_modules/[4m@vitest/runner[24m/dist/chunk-hooks.js:752:20

stderr | tests/unit/cache-metrics-do.test.js > CacheMetricsDO > recordEvent > should throw error if required field is missing
[CacheMetricsDO] Failed to process cache event: Error: Invalid event data: missing required field 'type'
    at CacheMetricsDO.recordEvent [90m(/Users/juju/dev_repos/bendv3/[39msrc/durable-objects/cache-metrics.ts:694:17[90m)[39m
    at [90m/Users/juju/dev_repos/bendv3/[39mtests/unit/cache-metrics-do.test.js:102:35
    at [90mfile:///Users/juju/dev_repos/bendv3/[39mnode_modules/[4m@vitest/runner[24m/dist/chunk-hooks.js:155:11
    at [90mfile:///Users/juju/dev_repos/bendv3/[39mnode_modules/[4m@vitest/runner[24m/dist/chunk-hooks.js:752:26
    at [90mfile:///Users/juju/dev_repos/bendv3/[39mnode_modules/[4m@vitest/runner[24m/dist/chunk-hooks.js:1897:20
    at new Promise (<anonymous>)
    at runWithTimeout [90m(file:///Users/juju/dev_repos/bendv3/[39mnode_modules/[4m@vitest/runner[24m/dist/chunk-hooks.js:1863:10[90m)[39m
    at runTest [90m(file:///Users/juju/dev_repos/bendv3/[39mnode_modules/[4m@vitest/runner[24m/dist/chunk-hooks.js:1574:12[90m)[39m
[90m    at processTicksAndRejections (node:internal/process/task_queues:103:5)[39m
    at runSuite [90m(file:///Users/juju/dev_repos/bendv3/[39mnode_modules/[4m@vitest/runner[24m/dist/chunk-hooks.js:1729:8[90m)[39m

stderr | tests/unit/cache-metrics-do.test.js > CacheMetricsDO > recordEvent > should throw error if required field is missing
[CacheMetricsDO] Failed to process cache event: Error: Invalid event data: missing required field 'prefix'
    at CacheMetricsDO.recordEvent [90m(/Users/juju/dev_repos/bendv3/[39msrc/durable-objects/cache-metrics.ts:694:17[90m)[39m
    at [90m/Users/juju/dev_repos/bendv3/[39mtests/unit/cache-metrics-do.test.js:108:35
[90m    at processTicksAndRejections (node:internal/process/task_queues:103:5)[39m
    at [90mfile:///Users/juju/dev_repos/bendv3/[39mnode_modules/[4m@vitest/runner[24m/dist/chunk-hooks.js:752:20

stderr | tests/unit/cache-metrics-do.test.js > CacheMetricsDO > recordEvent > should throw error if required field is missing
[CacheMetricsDO] Failed to process cache event: Error: Invalid event data: missing required field 'key'
    at CacheMetricsDO.recordEvent [90m(/Users/juju/dev_repos/bendv3/[39msrc/durable-objects/cache-metrics.ts:694:17[90m)[39m
    at [90m/Users/juju/dev_repos/bendv3/[39mtests/unit/cache-metrics-do.test.js:114:35
[90m    at processTicksAndRejections (node:internal/process/task_queues:103:5)[39m
    at [90mfile:///Users/juju/dev_repos/bendv3/[39mnode_modules/[4m@vitest/runner[24m/dist/chunk-hooks.js:752:20

stderr | tests/unit/cache-metrics-do.test.js > CacheMetricsDO > recordEvent > should throw error if required field is missing
[CacheMetricsDO] Failed to process cache event: Error: Invalid event data: missing required field 'timestamp'
    at CacheMetricsDO.recordEvent [90m(/Users/juju/dev_repos/bendv3/[39msrc/durable-objects/cache-metrics.ts:694:17[90m)[39m
    at [90m/Users/juju/dev_repos/bendv3/[39mtests/unit/cache-metrics-do.test.js:120:35
[90m    at processTicksAndRejections (node:internal/process/task_queues:103:5)[39m
    at [90mfile:///Users/juju/dev_repos/bendv3/[39mnode_modules/[4m@vitest/runner[24m/dist/chunk-hooks.js:752:20

stderr | tests/unit/cache-metrics-do.test.js > CacheMetricsDO > recordEvent > should throw error if type is invalid
[CacheMetricsDO] Failed to process cache event: Error: Invalid event type: must be one of hit, miss, write
    at CacheMetricsDO.recordEvent [90m(/Users/juju/dev_repos/bendv3/[39msrc/durable-objects/cache-metrics.ts:701:15[90m)[39m
    at [90m/Users/juju/dev_repos/bendv3/[39mtests/unit/cache-metrics-do.test.js:127:35
    at [90mfile:///Users/juju/dev_repos/bendv3/[39mnode_modules/[4m@vitest/runner[24m/dist/chunk-hooks.js:155:11
    at [90mfile:///Users/juju/dev_repos/bendv3/[39mnode_modules/[4m@vitest/runner[24m/dist/chunk-hooks.js:752:26
    at [90mfile:///Users/juju/dev_repos/bendv3/[39mnode_modules/[4m@vitest/runner[24m/dist/chunk-hooks.js:1897:20
    at new Promise (<anonymous>)
    at runWithTimeout [90m(file:///Users/juju/dev_repos/bendv3/[39mnode_modules/[4m@vitest/runner[24m/dist/chunk-hooks.js:1863:10[90m)[39m
    at runTest [90m(file:///Users/juju/dev_repos/bendv3/[39mnode_modules/[4m@vitest/runner[24m/dist/chunk-hooks.js:1574:12[90m)[39m
[90m    at processTicksAndRejections (node:internal/process/task_queues:103:5)[39m
    at runSuite [90m(file:///Users/juju/dev_repos/bendv3/[39mnode_modules/[4m@vitest/runner[24m/dist/chunk-hooks.js:1729:8[90m)[39m

stderr | tests/unit/cache-metrics-do.test.js > CacheMetricsDO > recordEvent > should throw error if timestamp is invalid
[CacheMetricsDO] Failed to process cache event: Error: Invalid timestamp: must be a positive number
    at CacheMetricsDO.recordEvent [90m(/Users/juju/dev_repos/bendv3/[39msrc/durable-objects/cache-metrics.ts:706:15[90m)[39m
    at [90m/Users/juju/dev_repos/bendv3/[39mtests/unit/cache-metrics-do.test.js:139:35
    at [90mfile:///Users/juju/dev_repos/bendv3/[39mnode_modules/[4m@vitest/runner[24m/dist/chunk-hooks.js:155:11
    at [90mfile:///Users/juju/dev_repos/bendv3/[39mnode_modules/[4m@vitest/runner[24m/dist/chunk-hooks.js:752:26
    at [90mfile:///Users/juju/dev_repos/bendv3/[39mnode_modules/[4m@vitest/runner[24m/dist/chunk-hooks.js:1897:20
    at new Promise (<anonymous>)
    at runWithTimeout [90m(file:///Users/juju/dev_repos/bendv3/[39mnode_modules/[4m@vitest/runner[24m/dist/chunk-hooks.js:1863:10[90m)[39m
    at runTest [90m(file:///Users/juju/dev_repos/bendv3/[39mnode_modules/[4m@vitest/runner[24m/dist/chunk-hooks.js:1574:12[90m)[39m
[90m    at processTicksAndRejections (node:internal/process/task_queues:103:5)[39m
    at runSuite [90m(file:///Users/juju/dev_repos/bendv3/[39mnode_modules/[4m@vitest/runner[24m/dist/chunk-hooks.js:1729:8[90m)[39m

stderr | tests/unit/cache-metrics-do.test.js > CacheMetricsDO > recordEvent > should throw error if timestamp is invalid
[CacheMetricsDO] Failed to process cache event: Error: Invalid timestamp: must be a positive number
    at CacheMetricsDO.recordEvent [90m(/Users/juju/dev_repos/bendv3/[39msrc/durable-objects/cache-metrics.ts:706:15[90m)[39m
    at [90m/Users/juju/dev_repos/bendv3/[39mtests/unit/cache-metrics-do.test.js:144:35
[90m    at processTicksAndRejections (node:internal/process/task_queues:103:5)[39m
    at [90mfile:///Users/juju/dev_repos/bendv3/[39mnode_modules/[4m@vitest/runner[24m/dist/chunk-hooks.js:752:20

stderr | tests/unit/cache-metrics-do.test.js > CacheMetricsDO > recordEvent > should throw error if timestamp is zero
[CacheMetricsDO] Failed to process cache event: Error: Invalid timestamp: must be a positive number
    at CacheMetricsDO.recordEvent [90m(/Users/juju/dev_repos/bendv3/[39msrc/durable-objects/cache-metrics.ts:706:15[90m)[39m
    at [90m/Users/juju/dev_repos/bendv3/[39mtests/unit/cache-metrics-do.test.js:151:35
    at [90mfile:///Users/juju/dev_repos/bendv3/[39mnode_modules/[4m@vitest/runner[24m/dist/chunk-hooks.js:155:11
    at [90mfile:///Users/juju/dev_repos/bendv3/[39mnode_modules/[4m@vitest/runner[24m/dist/chunk-hooks.js:752:26
    at [90mfile:///Users/juju/dev_repos/bendv3/[39mnode_modules/[4m@vitest/runner[24m/dist/chunk-hooks.js:1897:20
    at new Promise (<anonymous>)
    at runWithTimeout [90m(file:///Users/juju/dev_repos/bendv3/[39mnode_modules/[4m@vitest/runner[24m/dist/chunk-hooks.js:1863:10[90m)[39m
    at runTest [90m(file:///Users/juju/dev_repos/bendv3/[39mnode_modules/[4m@vitest/runner[24m/dist/chunk-hooks.js:1574:12[90m)[39m
[90m    at processTicksAndRejections (node:internal/process/task_queues:103:5)[39m
    at runSuite [90m(file:///Users/juju/dev_repos/bendv3/[39mnode_modules/[4m@vitest/runner[24m/dist/chunk-hooks.js:1729:8[90m)[39m

 ✓ |node| tests/unit/cache-metrics-do.test.js > CacheMetricsDO > recordEvent > should throw error if eventData is null 3ms
 ✓ |node| tests/unit/cache-metrics-do.test.js > CacheMetricsDO > recordEvent > should throw error if eventData is undefined 0ms
 ✓ |node| tests/unit/cache-metrics-do.test.js > CacheMetricsDO > recordEvent > should throw error if eventData is not an object 0ms
 ✓ |node| tests/unit/cache-metrics-do.test.js > CacheMetricsDO > recordEvent > should throw error if required field is missing 1ms
 ✓ |node| tests/unit/cache-metrics-do.test.js > CacheMetricsDO > recordEvent > should throw error if type is invalid 0ms
 ✓ |node| tests/unit/cache-metrics-do.test.js > CacheMetricsDO > recordEvent > should throw error if timestamp is invalid 0ms
 ✓ |node| tests/unit/cache-metrics-do.test.js > CacheMetricsDO > recordEvent > should throw error if timestamp is zero 0ms
 ✓ |node| tests/unit/cache-metrics-do.test.js > CacheMetricsDO > recordEvent > should return success true for valid event data 0ms
 ✓ |node| tests/unit/cache-metrics-do.test.js > CacheMetricsDO > recordEvent > should accept valid event data with optional hotTtlExpiry field 0ms
stdout | tests/unit/cache-key-optimization.test.js > Cache Key Optimization (#76) > Google Books Search > should use query-only cache key (no maxResults)
🌐 Cache MISS: Searching Google Books for "harry potter" (fetching 40 results for cache)

stdout | tests/unit/cache-key-optimization.test.js > Cache Key Optimization (#76) > Google Books Search > should use query-only cache key (no maxResults)
🌐 Cache MISS: Search "harry potter" (40 works)

stdout | tests/unit/cache-key-optimization.test.js > Cache Key Optimization (#76) > Google Books Search > should use query-only cache key (no maxResults)
GoogleBooks search for "harry potter"

stdout | tests/unit/cache-key-optimization.test.js > Cache Key Optimization (#76) > Google Books Search > should use query-only cache key (no maxResults)
✅ Cached Search "harry potter" (40 works)

stdout | tests/unit/cache-key-optimization.test.js > Cache Key Optimization (#76) > Google Books Search > should fetch 40 results on cache miss regardless of requested maxResults
🌐 Cache MISS: Searching Google Books for "harry potter" (fetching 40 results for cache)

stdout | tests/unit/cache-key-optimization.test.js > Cache Key Optimization (#76) > Google Books Search > should fetch 40 results on cache miss regardless of requested maxResults
🌐 Cache MISS: Search "harry potter" (40 works)

stdout | tests/unit/cache-key-optimization.test.js > Cache Key Optimization (#76) > Google Books Search > should fetch 40 results on cache miss regardless of requested maxResults
GoogleBooks search for "harry potter"

stdout | tests/unit/cache-key-optimization.test.js > Cache Key Optimization (#76) > Google Books Search > should fetch 40 results on cache miss regardless of requested maxResults
✅ Cached Search "harry potter" (40 works)

stdout | tests/unit/cache-key-optimization.test.js > Cache Key Optimization (#76) > Google Books Search > should cache full 40 results
🌐 Cache MISS: Searching Google Books for "harry potter" (fetching 40 results for cache)

stdout | tests/unit/cache-key-optimization.test.js > Cache Key Optimization (#76) > Google Books Search > should cache full 40 results
🌐 Cache MISS: Search "harry potter" (40 works)

stdout | tests/unit/cache-key-optimization.test.js > Cache Key Optimization (#76) > Google Books Search > should cache full 40 results
GoogleBooks search for "harry potter"

stdout | tests/unit/cache-key-optimization.test.js > Cache Key Optimization (#76) > Google Books Search > should cache full 40 results
✅ Cached Search "harry potter" (40 works)

stdout | tests/unit/cache-key-optimization.test.js > Cache Key Optimization (#76) > Google Books Search > should filter results to requested maxResults before returning
🌐 Cache MISS: Searching Google Books for "harry potter" (fetching 40 results for cache)

stdout | tests/unit/cache-key-optimization.test.js > Cache Key Optimization (#76) > Google Books Search > should filter results to requested maxResults before returning
🌐 Cache MISS: Search "harry potter" (40 works)

stdout | tests/unit/cache-key-optimization.test.js > Cache Key Optimization (#76) > Google Books Search > should filter results to requested maxResults before returning
GoogleBooks search for "harry potter"

stdout | tests/unit/cache-key-optimization.test.js > Cache Key Optimization (#76) > Google Books Search > should filter results to requested maxResults before returning
✅ Cached Search "harry potter" (40 works)

stdout | tests/unit/cache-key-optimization.test.js > Cache Key Optimization (#76) > Google Books Search > should return different result counts from same cache entry
🌐 Cache MISS: Searching Google Books for "harry potter" (fetching 40 results for cache)

stdout | tests/unit/cache-key-optimization.test.js > Cache Key Optimization (#76) > Google Books Search > should return different result counts from same cache entry
🌐 Cache MISS: Search "harry potter" (40 works)

stdout | tests/unit/cache-key-optimization.test.js > Cache Key Optimization (#76) > Google Books Search > should return different result counts from same cache entry
GoogleBooks search for "harry potter"

stdout | tests/unit/cache-key-optimization.test.js > Cache Key Optimization (#76) > Google Books Search > should return different result counts from same cache entry
✅ Cached Search "harry potter" (40 works)

stdout | tests/unit/cache-key-optimization.test.js > Cache Key Optimization (#76) > Google Books Search > should return different result counts from same cache entry
📦 Cache HIT: Search "harry potter"

stdout | tests/unit/cache-key-optimization.test.js > Cache Key Optimization (#76) > Google Books Search > should improve cache hit rate by sharing cache entries
🌐 Cache MISS: Searching Google Books for "harry potter" (fetching 40 results for cache)

stdout | tests/unit/cache-key-optimization.test.js > Cache Key Optimization (#76) > Google Books Search > should improve cache hit rate by sharing cache entries
🌐 Cache MISS: Search "harry potter" (40 works)

stdout | tests/unit/cache-key-optimization.test.js > Cache Key Optimization (#76) > Google Books Search > should improve cache hit rate by sharing cache entries
GoogleBooks search for "harry potter"

stdout | tests/unit/cache-key-optimization.test.js > Cache Key Optimization (#76) > Google Books Search > should improve cache hit rate by sharing cache entries
✅ Cached Search "harry potter" (40 works)

stdout | tests/unit/cache-key-optimization.test.js > Cache Key Optimization (#76) > Google Books Search > should improve cache hit rate by sharing cache entries
📦 Cache HIT: Search "harry potter"

stdout | tests/unit/cache-key-optimization.test.js > Cache Key Optimization (#76) > Google Books Search > should improve cache hit rate by sharing cache entries
📦 Cache HIT: Search "harry potter"

stdout | tests/unit/cache-key-optimization.test.js > Cache Key Optimization (#76) > Google Books Search > should improve cache hit rate by sharing cache entries
📦 Cache HIT: Search "harry potter"

stdout | tests/unit/cache-key-optimization.test.js > Cache Key Optimization (#76) > OpenLibrary Search > should use query-only cache key (no maxResults)
🌐 Cache MISS: Searching OpenLibrary for "lord of the rings" (fetching 40 results for cache)

stdout | tests/unit/cache-key-optimization.test.js > Cache Key Optimization (#76) > OpenLibrary Search > should use query-only cache key (no maxResults)
🌐 Cache MISS: OpenLibrary "lord of the rings" (40 works)

stdout | tests/unit/cache-key-optimization.test.js > Cache Key Optimization (#76) > OpenLibrary Search > should use query-only cache key (no maxResults)
OpenLibrary general search for "lord of the rings"

stdout | tests/unit/cache-key-optimization.test.js > Cache Key Optimization (#76) > OpenLibrary Search > should use query-only cache key (no maxResults)
✅ Cached OpenLibrary "lord of the rings" (40 works)

stdout | tests/unit/cache-key-optimization.test.js > Cache Key Optimization (#76) > OpenLibrary Search > should cache full 40 results for OpenLibrary
🌐 Cache MISS: Searching OpenLibrary for "lord of the rings" (fetching 40 results for cache)

stdout | tests/unit/cache-key-optimization.test.js > Cache Key Optimization (#76) > OpenLibrary Search > should cache full 40 results for OpenLibrary
🌐 Cache MISS: OpenLibrary "lord of the rings" (40 works)

stdout | tests/unit/cache-key-optimization.test.js > Cache Key Optimization (#76) > OpenLibrary Search > should cache full 40 results for OpenLibrary
OpenLibrary general search for "lord of the rings"

stdout | tests/unit/cache-key-optimization.test.js > Cache Key Optimization (#76) > OpenLibrary Search > should cache full 40 results for OpenLibrary
✅ Cached OpenLibrary "lord of the rings" (40 works)

stdout | tests/unit/cache-key-optimization.test.js > Cache Key Optimization (#76) > Edge Cases > should handle results fewer than maxResults gracefully
🌐 Cache MISS: Searching Google Books for "rare book" (fetching 40 results for cache)

stdout | tests/unit/cache-key-optimization.test.js > Cache Key Optimization (#76) > Edge Cases > should handle results fewer than maxResults gracefully
🌐 Cache MISS: Search "rare book" (40 works)

stdout | tests/unit/cache-key-optimization.test.js > Cache Key Optimization (#76) > Edge Cases > should handle results fewer than maxResults gracefully
GoogleBooks search for "rare book"

stdout | tests/unit/cache-key-optimization.test.js > Cache Key Optimization (#76) > Edge Cases > should handle results fewer than maxResults gracefully
✅ Cached Search "rare book" (40 works)

stdout | tests/unit/cache-key-optimization.test.js > Cache Key Optimization (#76) > Edge Cases > should handle maxResults larger than cached results
🌐 Cache MISS: Searching Google Books for "test query" (fetching 40 results for cache)

stdout | tests/unit/cache-key-optimization.test.js > Cache Key Optimization (#76) > Edge Cases > should handle maxResults larger than cached results
🌐 Cache MISS: Search "test query" (40 works)

stdout | tests/unit/cache-key-optimization.test.js > Cache Key Optimization (#76) > Edge Cases > should handle maxResults larger than cached results
GoogleBooks search for "test query"

stdout | tests/unit/cache-key-optimization.test.js > Cache Key Optimization (#76) > Edge Cases > should handle maxResults larger than cached results
✅ Cached Search "test query" (40 works)

stdout | tests/unit/cache-key-optimization.test.js > Cache Key Optimization (#76) > Edge Cases > should handle maxResults larger than cached results
🌐 Cache MISS: Searching Google Books for "test query" (fetching 40 results for cache)

stdout | tests/unit/cache-key-optimization.test.js > Cache Key Optimization (#76) > Edge Cases > should handle maxResults larger than cached results
🌐 Cache MISS: Search "test query" (40 works)

stdout | tests/unit/cache-key-optimization.test.js > Cache Key Optimization (#76) > Edge Cases > should handle maxResults larger than cached results
GoogleBooks search for "test query"

stdout | tests/unit/cache-key-optimization.test.js > Cache Key Optimization (#76) > Edge Cases > should handle maxResults larger than cached results
✅ Cached Search "test query" (40 works)

 ✓ |node| tests/unit/cache-key-optimization.test.js > Cache Key Optimization (#76) > Google Books Search > should use query-only cache key (no maxResults) 3ms
 ✓ |node| tests/unit/cache-key-optimization.test.js > Cache Key Optimization (#76) > Google Books Search > should fetch 40 results on cache miss regardless of requested maxResults 1ms
 ✓ |node| tests/unit/cache-key-optimization.test.js > Cache Key Optimization (#76) > Google Books Search > should cache full 40 results 1ms
 ✓ |node| tests/unit/cache-key-optimization.test.js > Cache Key Optimization (#76) > Google Books Search > should filter results to requested maxResults before returning 0ms
 ✓ |node| tests/unit/cache-key-optimization.test.js > Cache Key Optimization (#76) > Google Books Search > should return different result counts from same cache entry 1ms
 ✓ |node| tests/unit/cache-key-optimization.test.js > Cache Key Optimization (#76) > Google Books Search > should improve cache hit rate by sharing cache entries 1ms
 ✓ |node| tests/unit/cache-key-optimization.test.js > Cache Key Optimization (#76) > OpenLibrary Search > should use query-only cache key (no maxResults) 1ms
 ✓ |node| tests/unit/cache-key-optimization.test.js > Cache Key Optimization (#76) > OpenLibrary Search > should cache full 40 results for OpenLibrary 0ms
 ✓ |node| tests/unit/cache-key-optimization.test.js > Cache Key Optimization (#76) > Edge Cases > should handle results fewer than maxResults gracefully 0ms
 ✓ |node| tests/unit/cache-key-optimization.test.js > Cache Key Optimization (#76) > Edge Cases > should handle maxResults larger than cached results 1ms
stderr | tests/unit/kv-results-handler.test.ts > handleKVResults > should return error for empty jobId
Error [INVALID_REQUEST]: Job ID is required

stderr | tests/unit/kv-results-handler.test.ts > handleKVResults > should return error for whitespace-only jobId
Error [INVALID_REQUEST]: Job ID is required

stderr | tests/unit/kv-results-handler.test.ts > handleKVResults > should return 404 when results not found
Error [NOT_FOUND]: Test results not found or expired. Results are stored for 24 hours after job completion.

stdout | tests/unit/kv-results-handler.test.ts > handleKVResults > should return success with results when found
[test] Retrieved results for job job-123, expires at 2026-01-07T22:16:27.000Z

stderr | tests/unit/kv-results-handler.test.ts > handleKVResults > should use correct KV key prefix
Error [NOT_FOUND]: Test results not found or expired. Results are stored for 24 hours after job completion.

stderr | tests/unit/kv-results-handler.test.ts > handleKVResults > should handle KV errors gracefully
[test] Error retrieving test results: Error: KV error
    at [90m/Users/juju/dev_repos/bendv3/[39mtests/unit/kv-results-handler.test.ts:129:52
    at [90mfile:///Users/juju/dev_repos/bendv3/[39mnode_modules/[4m@vitest/runner[24m/dist/chunk-hooks.js:155:11
    at [90mfile:///Users/juju/dev_repos/bendv3/[39mnode_modules/[4m@vitest/runner[24m/dist/chunk-hooks.js:752:26
    at [90mfile:///Users/juju/dev_repos/bendv3/[39mnode_modules/[4m@vitest/runner[24m/dist/chunk-hooks.js:1897:20
    at new Promise (<anonymous>)
    at runWithTimeout [90m(file:///Users/juju/dev_repos/bendv3/[39mnode_modules/[4m@vitest/runner[24m/dist/chunk-hooks.js:1863:10[90m)[39m
    at runTest [90m(file:///Users/juju/dev_repos/bendv3/[39mnode_modules/[4m@vitest/runner[24m/dist/chunk-hooks.js:1574:12[90m)[39m
[90m    at processTicksAndRejections (node:internal/process/task_queues:103:5)[39m
    at runSuite [90m(file:///Users/juju/dev_repos/bendv3/[39mnode_modules/[4m@vitest/runner[24m/dist/chunk-hooks.js:1729:8[90m)[39m
    at runSuite [90m(file:///Users/juju/dev_repos/bendv3/[39mnode_modules/[4m@vitest/runner[24m/dist/chunk-hooks.js:1729:8[90m)[39m
Error [INTERNAL_ERROR]: KV error

 ✓ |node| tests/unit/kv-results-handler.test.ts > calculateExpiresAt > should convert Unix timestamp to ISO string 1ms
 ✓ |node| tests/unit/kv-results-handler.test.ts > calculateExpiresAt > should return 24h from now when metadata is undefined 0ms
 ✓ |node| tests/unit/kv-results-handler.test.ts > calculateExpiresAt > should return 24h from now when expiration is undefined 0ms
 ✓ |node| tests/unit/kv-results-handler.test.ts > handleKVResults > should return error for empty jobId 2ms
 ✓ |node| tests/unit/kv-results-handler.test.ts > handleKVResults > should return error for whitespace-only jobId 0ms
 ✓ |node| tests/unit/kv-results-handler.test.ts > handleKVResults > should return 404 when results not found 0ms
 ✓ |node| tests/unit/kv-results-handler.test.ts > handleKVResults > should return success with results when found 0ms
 ✓ |node| tests/unit/kv-results-handler.test.ts > handleKVResults > should use correct KV key prefix 1ms
 ✓ |node| tests/unit/kv-results-handler.test.ts > handleKVResults > should handle KV errors gracefully 2ms
stderr | tests/handlers/token-refresh.test.js > Token Refresh Handler (/api/token/refresh) > Error Handling - Invalid JSON > should return 500 for invalid JSON request body
Failed to refresh token: SyntaxError: Expected property name or '}' in JSON at position 2 (line 1 column 3)
    at JSON.parse (<anonymous>)
[90m    at parseJSONFromBytes (node:internal/deps/undici/undici:6433:19)[39m
[90m    at successSteps (node:internal/deps/undici/undici:6414:27)[39m
[90m    at readAllBytes (node:internal/deps/undici/undici:5380:13)[39m
[90m    at processTicksAndRejections (node:internal/process/task_queues:103:5)[39m

 ✓ |node| tests/handlers/token-refresh.test.js > Token Refresh Handler (/api/token/refresh) > Request Validation > should return 400 for missing jobId 2ms
 ✓ |node| tests/handlers/token-refresh.test.js > Token Refresh Handler (/api/token/refresh) > Request Validation > should return 400 for missing oldToken 0ms
 ✓ |node| tests/handlers/token-refresh.test.js > Token Refresh Handler (/api/token/refresh) > Request Validation > should accept valid jobId and oldToken 0ms
 ✓ |node| tests/handlers/token-refresh.test.js > Token Refresh Handler (/api/token/refresh) > Successful Refresh > should return new token with valid credentials 1ms
 ✓ |node| tests/handlers/token-refresh.test.js > Token Refresh Handler (/api/token/refresh) > Successful Refresh > should call refreshAuthToken on Durable Object 0ms
 ✓ |node| tests/handlers/token-refresh.test.js > Token Refresh Handler (/api/token/refresh) > Expired Token Rejection > should return 401 for expired token 0ms
 ✓ |node| tests/handlers/token-refresh.test.js > Token Refresh Handler (/api/token/refresh) > Invalid Token Rejection > should return 401 for invalid token 0ms
 ✓ |node| tests/handlers/token-refresh.test.js > Token Refresh Handler (/api/token/refresh) > Rate Limiting > should apply rate limiting to endpoint 1ms
 ✓ |node| tests/handlers/token-refresh.test.js > Token Refresh Handler (/api/token/refresh) > Rate Limiting > should return 429 when rate limit exceeded 0ms
 ✓ |node| tests/handlers/token-refresh.test.js > Token Refresh Handler (/api/token/refresh) > CORS Headers > should include CORS headers in successful response 0ms
 ✓ |node| tests/handlers/token-refresh.test.js > Token Refresh Handler (/api/token/refresh) > CORS Headers > should include CORS headers in error response 0ms
 ✓ |node| tests/handlers/token-refresh.test.js > Token Refresh Handler (/api/token/refresh) > Error Handling - Invalid JSON > should return 500 for invalid JSON request body 1ms
 ✓ |node| tests/handlers/token-refresh.test.js > Token Refresh Handler (/api/token/refresh) > Concurrent Refresh Requests > should handle concurrent refresh requests for same job 0ms
stdout | tests/services/alexandria-cover-service.test.ts > Alexandria Cover Service > processBookCover > should successfully process a cover and return URLs
[AlexandriaCover] Processing cover for work_key: OL123W

stdout | tests/services/alexandria-cover-service.test.ts > Alexandria Cover Service > processBookCover > should successfully process a cover and return URLs
[AlexandriaCover] Success for OL123W (0ms)

stdout | tests/services/alexandria-cover-service.test.ts > Alexandria Cover Service > processBookCover > should return placeholder on API error
[AlexandriaCover] Processing cover for work_key: OL123W

stderr | tests/services/alexandria-cover-service.test.ts > Alexandria Cover Service > processBookCover > should return placeholder on API error
[AlexandriaCover] API error: 500 Internal Server Error Error message

stdout | tests/services/alexandria-cover-service.test.ts > Alexandria Cover Service > processBookCover > should return placeholder on API error
[AlexandriaCover] Retrying in 100ms...

stdout | tests/services/alexandria-cover-service.test.ts > Alexandria Cover Service > processBookCover > should return placeholder on API error
[AlexandriaCover] Processing cover for work_key: OL123W

stderr | tests/services/alexandria-cover-service.test.ts > Alexandria Cover Service > processBookCover > should return placeholder on API error
[AlexandriaCover] API error: 500 Internal Server Error Error message

stdout | tests/services/alexandria-cover-service.test.ts > Alexandria Cover Service > processBookCover > should return placeholder on API error
[AlexandriaCover] Retrying in 200ms...

stdout | tests/services/alexandria-cover-service.test.ts > Alexandria Cover Service > processBookCover > should return placeholder on API error
[AlexandriaCover] Processing cover for work_key: OL123W

stderr | tests/services/alexandria-cover-service.test.ts > Alexandria Cover Service > processBookCover > should return placeholder on API error
[AlexandriaCover] API error: 500 Internal Server Error Error message

stderr | tests/services/alexandria-cover-service.test.ts > Alexandria Cover Service > processBookCover > should return placeholder on API error
[AlexandriaCover] All retries exhausted for OL123W

stdout | tests/services/alexandria-cover-service.test.ts > Alexandria Cover Service > processBookCover > should retry on failure with exponential backoff
[AlexandriaCover] Processing cover for work_key: OL123W

stderr | tests/services/alexandria-cover-service.test.ts > Alexandria Cover Service > processBookCover > should retry on failure with exponential backoff
[AlexandriaCover] API error: 503 Service Unavailable Unavailable

stdout | tests/services/alexandria-cover-service.test.ts > Alexandria Cover Service > processBookCover > should retry on failure with exponential backoff
[AlexandriaCover] Retrying in 100ms...

stdout | tests/services/alexandria-cover-service.test.ts > Alexandria Cover Service > processBookCover > should retry on failure with exponential backoff
[AlexandriaCover] Processing cover for work_key: OL123W

stdout | tests/services/alexandria-cover-service.test.ts > Alexandria Cover Service > processBookCover > should retry on failure with exponential backoff
[AlexandriaCover] Success for OL123W (0ms)

stdout | tests/services/alexandria-cover-service.test.ts > Alexandria Cover Service > processBookCover > should retry on failure with exponential backoff
[AlexandriaCover] Success on attempt 2

stdout | tests/services/alexandria-cover-service.test.ts > Alexandria Cover Service > processBookCover > should not retry if error is "Domain not allowed"
[AlexandriaCover] Processing cover for work_key: OL123W

stdout | tests/services/alexandria-cover-service.test.ts > Alexandria Cover Service > processBookCover > should not retry if error is "Domain not allowed"
[AlexandriaCover] Success for OL123W (0ms)

stdout | tests/services/alexandria-cover-service.test.ts > Alexandria Cover Service > processBookCover > should not retry if error is "Domain not allowed"
[AlexandriaCover] Domain not allowed - skipping retries

stdout | tests/services/alexandria-cover-service.test.ts > Alexandria Cover Service > processBookCover > should handle timeout correctly
[AlexandriaCover] Processing cover for work_key: OL123W

stderr | tests/services/alexandria-cover-service.test.ts > Alexandria Cover Service > processBookCover > should handle timeout correctly
[AlexandriaCover] Request timeout after 5000ms

stderr | tests/services/alexandria-cover-service.test.ts > Alexandria Cover Service > processBookCover > should handle timeout correctly
[AlexandriaCover] All retries exhausted for OL123W

stdout | tests/services/alexandria-cover-service.test.ts > Alexandria Cover Service > processBookCover > should warn if credentials are missing
[AlexandriaCover] Processing cover for work_key: OL123W

stdout | tests/services/alexandria-cover-service.test.ts > Alexandria Cover Service > processBookCover > should warn if credentials are missing
[AlexandriaCover] Success for OL123W (0ms)

stdout | tests/services/alexandria-cover-service.test.ts > Alexandria Cover Service > queueCoverProcessing > should queue via service binding if ALEXANDRIA_COVER_QUEUE exists
[CoverQueue] Queued 9781234567890 via queue binding (priority: high)

stderr | tests/services/alexandria-cover-service.test.ts > Alexandria Cover Service > queueCoverProcessing > should fall back to HTTP if service binding fails
[CoverQueue] Queue binding failed: Queue send failed
[CoverQueue] ALEXANDRIA_COVER_QUEUE binding not found, using HTTP fallback

stdout | tests/services/alexandria-cover-service.test.ts > Alexandria Cover Service > queueCoverProcessing > should fall back to HTTP if service binding fails
[CoverQueue] Queued 9781234567890 via HTTP (priority: normal)

stderr | tests/services/alexandria-cover-service.test.ts > Alexandria Cover Service > queueCoverProcessing > should queue via HTTP if no service binding exists
[CoverQueue] ALEXANDRIA_COVER_QUEUE binding not found, using HTTP fallback

stdout | tests/services/alexandria-cover-service.test.ts > Alexandria Cover Service > queueCoverProcessing > should queue via HTTP if no service binding exists
[CoverQueue] Queued 9781234567890 via HTTP (priority: low)

stderr | tests/services/alexandria-cover-service.test.ts > Alexandria Cover Service > queueCoverProcessing > should return error if HTTP request fails
[CoverQueue] ALEXANDRIA_COVER_QUEUE binding not found, using HTTP fallback

stderr | tests/services/alexandria-cover-service.test.ts > Alexandria Cover Service > queueCoverProcessing > should return error if HTTP request fails
[CoverQueue] Failed to queue: HTTP 500: Server error

stderr | tests/services/alexandria-cover-service.test.ts > Alexandria Cover Service > queueCoverProcessing > should return error if network request throws
[CoverQueue] ALEXANDRIA_COVER_QUEUE binding not found, using HTTP fallback

stderr | tests/services/alexandria-cover-service.test.ts > Alexandria Cover Service > queueCoverProcessing > should return error if network request throws
[CoverQueue] Failed to queue: Network error

stdout | tests/services/alexandria-cover-service.test.ts > Alexandria Cover Service > queueCoverProcessing > should warn if credentials are missing
[CoverQueue] Queued 9781234567890 via HTTP (priority: normal)

stderr | tests/services/alexandria-cover-service.test.ts > Alexandria Cover Service > queueCoverProcessing > should use default priority of "normal" if not specified
[CoverQueue] ALEXANDRIA_COVER_QUEUE binding not found, using HTTP fallback

stdout | tests/services/alexandria-cover-service.test.ts > Alexandria Cover Service > queueCoverProcessing > should use default priority of "normal" if not specified
[CoverQueue] Queued 9781234567890 via HTTP (priority: normal)

 ✓ |node| tests/services/alexandria-cover-service.test.ts > Alexandria Cover Service > processBookCover > should successfully process a cover and return URLs 3ms
 ✓ |node| tests/services/alexandria-cover-service.test.ts > Alexandria Cover Service > processBookCover > should return placeholder on API error 1ms
 ✓ |node| tests/services/alexandria-cover-service.test.ts > Alexandria Cover Service > processBookCover > should retry on failure with exponential backoff 1ms
 ✓ |node| tests/services/alexandria-cover-service.test.ts > Alexandria Cover Service > processBookCover > should not retry if error is "Domain not allowed" 0ms
 ✓ |node| tests/services/alexandria-cover-service.test.ts > Alexandria Cover Service > processBookCover > should handle timeout correctly 0ms
 ✓ |node| tests/services/alexandria-cover-service.test.ts > Alexandria Cover Service > processBookCover > should warn if credentials are missing 0ms
 ✓ |node| tests/services/alexandria-cover-service.test.ts > Alexandria Cover Service > selectBestCoverURL > should prioritize ISBNdb 0ms
 ✓ |node| tests/services/alexandria-cover-service.test.ts > Alexandria Cover Service > selectBestCoverURL > should fall back to Google Books zoom=3 if ISBNdb is missing 0ms
 ✓ |node| tests/services/alexandria-cover-service.test.ts > Alexandria Cover Service > selectBestCoverURL > should use Alexandria if available 0ms
 ✓ |node| tests/services/alexandria-cover-service.test.ts > Alexandria Cover Service > selectBestCoverURL > should use OpenLibrary cover_i as fallback 0ms
 ✓ |node| tests/services/alexandria-cover-service.test.ts > Alexandria Cover Service > selectBestCoverURL > should return placeholder if no covers available 0ms
 ✓ |node| tests/services/alexandria-cover-service.test.ts > Alexandria Cover Service > queueCoverProcessing > should queue via service binding if ALEXANDRIA_COVER_QUEUE exists 0ms
 ✓ |node| tests/services/alexandria-cover-service.test.ts > Alexandria Cover Service > queueCoverProcessing > should fall back to HTTP if service binding fails 0ms
 ✓ |node| tests/services/alexandria-cover-service.test.ts > Alexandria Cover Service > queueCoverProcessing > should queue via HTTP if no service binding exists 0ms
 ✓ |node| tests/services/alexandria-cover-service.test.ts > Alexandria Cover Service > queueCoverProcessing > should return error if HTTP request fails 0ms
 ✓ |node| tests/services/alexandria-cover-service.test.ts > Alexandria Cover Service > queueCoverProcessing > should return error if network request throws 0ms
 ✓ |node| tests/services/alexandria-cover-service.test.ts > Alexandria Cover Service > queueCoverProcessing > should warn if credentials are missing 0ms
 ✓ |node| tests/services/alexandria-cover-service.test.ts > Alexandria Cover Service > queueCoverProcessing > should use default priority of "normal" if not specified 0ms
stdout | tests/unit/services/book-service-injectable.test.ts > InjectableBookService > findBookByISBN > should return cached book when found in repository
[BookService] ✅ Repository hit for ISBN 9780439708180

stdout | tests/unit/services/book-service-injectable.test.ts > InjectableBookService > findBookByISBN > should fetch from external APIs when not cached
[BookService] Repository miss for ISBN 9780439708180, fetching from external APIs

stdout | tests/unit/services/book-service-injectable.test.ts > InjectableBookService > findBookByISBN > should fetch from external APIs when not cached
[BookService] ✅ Cover processed immediately via Alexandria for 9780439708180

stdout | tests/unit/services/book-service-injectable.test.ts > InjectableBookService > findBookByISBN > should fetch from external APIs when not cached
[BookService] ✅ Saved book 9780439708180 to repository

stdout | tests/unit/services/book-service-injectable.test.ts > InjectableBookService > findBookByISBN > should queue cover processing if immediate processing fails
[BookService] Repository miss for ISBN 9780439708180, fetching from external APIs

stderr | tests/unit/services/book-service-injectable.test.ts > InjectableBookService > findBookByISBN > should queue cover processing if immediate processing fails
[BookService] ⚠️ Immediate cover processing failed, queuing for background processing

stdout | tests/unit/services/book-service-injectable.test.ts > InjectableBookService > findBookByISBN > should queue cover processing if immediate processing fails
[BookService] ✅ Saved book 9780439708180 to repository

stdout | tests/unit/services/book-service-injectable.test.ts > InjectableBookService > findBookByISBN > should use deduplication service
[BookService] Repository miss for ISBN 9780439708180, fetching from external APIs

stdout | tests/unit/services/book-service-injectable.test.ts > InjectableBookService > findBookByISBN > should handle cached book without works metadata
[BookService] ✅ Repository hit for ISBN 9780439708180
[BookService] Cache has no works metadata, falling through to enrichment
[BookService] Repository miss for ISBN 9780439708180, fetching from external APIs

stdout | tests/unit/services/book-service-injectable.test.ts > InjectableBookService > findBookByISBN > should handle cached book without works metadata
[BookService] ✅ Saved book 9780439708180 to repository

stdout | tests/unit/services/book-service-injectable.test.ts > InjectableBookService > findBooksByTitle > should return cached books when found in repository
[BookService] ✅ Repository hit for title "Harry Potter" (1 results)

stdout | tests/unit/services/book-service-injectable.test.ts > InjectableBookService > findBooksByTitle > should fetch from external APIs when not cached
[BookService] Repository miss for title "Harry Potter", fetching from external APIs

stdout | tests/unit/services/book-service-injectable.test.ts > InjectableBookService > findBooksByTitle > should fetch from external APIs when not cached
[BookService] ✅ Saved book 9780439708180 to repository
[BookService] ✅ Saved book 9780439708181 to repository

stdout | tests/unit/services/book-service-injectable.test.ts > InjectableBookService > findBooksByAuthor > should handle author search with deduplication
[BookService] Repository miss for author "J.K. Rowling", fetching from external APIs

stdout | tests/unit/services/book-service-injectable.test.ts > InjectableBookService > error handling > should handle enrichment service errors gracefully
[BookService] Repository miss for ISBN 9780439708180, fetching from external APIs

stdout | tests/unit/services/book-service-injectable.test.ts > InjectableBookService > error handling > should continue when cover processing fails
[BookService] Repository miss for ISBN 9780439708180, fetching from external APIs

stderr | tests/unit/services/book-service-injectable.test.ts > InjectableBookService > error handling > should continue when cover processing fails
[BookService] Cover processing error for 9780439708180: Error: Cover processing error
    at [90m/Users/juju/dev_repos/bendv3/[39mtests/unit/services/book-service-injectable.test.ts:351:59
    at [90mfile:///Users/juju/dev_repos/bendv3/[39mnode_modules/[4m@vitest/runner[24m/dist/chunk-hooks.js:155:11
    at [90mfile:///Users/juju/dev_repos/bendv3/[39mnode_modules/[4m@vitest/runner[24m/dist/chunk-hooks.js:752:26
    at [90mfile:///Users/juju/dev_repos/bendv3/[39mnode_modules/[4m@vitest/runner[24m/dist/chunk-hooks.js:1897:20
    at new Promise (<anonymous>)
    at runWithTimeout [90m(file:///Users/juju/dev_repos/bendv3/[39mnode_modules/[4m@vitest/runner[24m/dist/chunk-hooks.js:1863:10[90m)[39m
    at runTest [90m(file:///Users/juju/dev_repos/bendv3/[39mnode_modules/[4m@vitest/runner[24m/dist/chunk-hooks.js:1574:12[90m)[39m
[90m    at processTicksAndRejections (node:internal/process/task_queues:103:5)[39m
    at runSuite [90m(file:///Users/juju/dev_repos/bendv3/[39mnode_modules/[4m@vitest/runner[24m/dist/chunk-hooks.js:1729:8[90m)[39m
    at runSuite [90m(file:///Users/juju/dev_repos/bendv3/[39mnode_modules/[4m@vitest/runner[24m/dist/chunk-hooks.js:1729:8[90m)[39m

stdout | tests/unit/services/book-service-injectable.test.ts > InjectableBookService > error handling > should continue when cover processing fails
[BookService] ✅ Saved book 9780439708180 to repository

stdout | tests/unit/services/book-service-injectable.test.ts > InjectableBookService > error handling > should continue when repository save fails
[BookService] Repository miss for ISBN 9780439708180, fetching from external APIs

stderr | tests/unit/services/book-service-injectable.test.ts > InjectableBookService > error handling > should continue when repository save fails
[BookService] Error saving book 9780439708180: Error: Save error
    at [90m/Users/juju/dev_repos/bendv3/[39mtests/unit/services/book-service-injectable.test.ts:372:49
    at [90mfile:///Users/juju/dev_repos/bendv3/[39mnode_modules/[4m@vitest/runner[24m/dist/chunk-hooks.js:155:11
    at [90mfile:///Users/juju/dev_repos/bendv3/[39mnode_modules/[4m@vitest/runner[24m/dist/chunk-hooks.js:752:26
    at [90mfile:///Users/juju/dev_repos/bendv3/[39mnode_modules/[4m@vitest/runner[24m/dist/chunk-hooks.js:1897:20
    at new Promise (<anonymous>)
    at runWithTimeout [90m(file:///Users/juju/dev_repos/bendv3/[39mnode_modules/[4m@vitest/runner[24m/dist/chunk-hooks.js:1863:10[90m)[39m
    at runTest [90m(file:///Users/juju/dev_repos/bendv3/[39mnode_modules/[4m@vitest/runner[24m/dist/chunk-hooks.js:1574:12[90m)[39m
[90m    at processTicksAndRejections (node:internal/process/task_queues:103:5)[39m
    at runSuite [90m(file:///Users/juju/dev_repos/bendv3/[39mnode_modules/[4m@vitest/runner[24m/dist/chunk-hooks.js:1729:8[90m)[39m
    at runSuite [90m(file:///Users/juju/dev_repos/bendv3/[39mnode_modules/[4m@vitest/runner[24m/dist/chunk-hooks.js:1729:8[90m)[39m

 ✓ |node| tests/unit/services/book-service-injectable.test.ts > InjectableBookService > findBookByISBN > should return cached book when found in repository 2ms
 ✓ |node| tests/unit/services/book-service-injectable.test.ts > InjectableBookService > findBookByISBN > should fetch from external APIs when not cached 1ms
 ✓ |node| tests/unit/services/book-service-injectable.test.ts > InjectableBookService > findBookByISBN > should queue cover processing if immediate processing fails 0ms
 ✓ |node| tests/unit/services/book-service-injectable.test.ts > InjectableBookService > findBookByISBN > should use deduplication service 0ms
 ✓ |node| tests/unit/services/book-service-injectable.test.ts > InjectableBookService > findBookByISBN > should handle cached book without works metadata 0ms
 ✓ |node| tests/unit/services/book-service-injectable.test.ts > InjectableBookService > findBooksByTitle > should return cached books when found in repository 0ms
 ✓ |node| tests/unit/services/book-service-injectable.test.ts > InjectableBookService > findBooksByTitle > should fetch from external APIs when not cached 0ms
 ✓ |node| tests/unit/services/book-service-injectable.test.ts > InjectableBookService > findBooksByAuthor > should handle author search with deduplication 0ms
 ✓ |node| tests/unit/services/book-service-injectable.test.ts > InjectableBookService > error handling > should handle repository errors gracefully 1ms
 ✓ |node| tests/unit/services/book-service-injectable.test.ts > InjectableBookService > error handling > should handle enrichment service errors gracefully 1ms
 ✓ |node| tests/unit/services/book-service-injectable.test.ts > InjectableBookService > error handling > should continue when cover processing fails 4ms
 ✓ |node| tests/unit/services/book-service-injectable.test.ts > InjectableBookService > error handling > should continue when repository save fails 1ms
 ✓ |node| tests/handlers/websocket.test.js > WebSocket Handler (/ws/progress) > JobId Validation > should return 400 for missing jobId 3ms
 ✓ |node| tests/handlers/websocket.test.js > WebSocket Handler (/ws/progress) > JobId Validation > should accept valid jobId in query parameter 0ms
 ✓ |node| tests/handlers/websocket.test.js > WebSocket Handler (/ws/progress) > WebSocket Upgrade > should successfully forward WebSocket upgrade request 0ms
 ✓ |node| tests/handlers/websocket.test.js > WebSocket Handler (/ws/progress) > WebSocket Upgrade > should forward request to Durable Object stub 1ms
 ✓ |node| tests/handlers/websocket.test.js > WebSocket Handler (/ws/progress) > Durable Object Integration > should create unique Durable Object instance per jobId 0ms
 ✓ |node| tests/handlers/websocket.test.js > WebSocket Handler (/ws/progress) > Durable Object Integration > should get Durable Object stub using jobId-derived ID 0ms
 ✓ |node| tests/handlers/websocket.test.js > WebSocket Handler (/ws/progress) > Request Forwarding > should forward complete request object to DO 0ms
 ✓ |node| tests/handlers/websocket.test.js > WebSocket Handler (/ws/progress) > Request Forwarding > should preserve query parameters when forwarding 0ms
 ✓ |node| tests/handlers/websocket.test.js > WebSocket Handler (/ws/progress) > Error Handling > should handle Durable Object unavailable error 1ms
 ✓ |node| tests/handlers/websocket.test.js > WebSocket Handler (/ws/progress) > Concurrent Connections > should allow multiple connections to same jobId 0ms
stdout | tests/image-proxy.test.ts > handleImageProxy > returns cached image from R2 if available
Image cache HIT: covers/03f36636a1ec4fbe8b2a8688c4222d09f6f54e5b740697839a7b01521678d5ba

stdout | tests/image-proxy.test.ts > handleImageProxy > fetches and caches image on cache miss
Image cache MISS: covers/03f36636a1ec4fbe8b2a8688c4222d09f6f54e5b740697839a7b01521678d5ba

stdout | tests/image-proxy.test.ts > handleImageProxy > fetches and caches image on cache miss
Stored in R2: covers/03f36636a1ec4fbe8b2a8688c4222d09f6f54e5b740697839a7b01521678d5ba (4 bytes)

 ✓ |node| tests/image-proxy.test.ts > handleImageProxy > returns 400 if url parameter missing 2ms
 ✓ |node| tests/image-proxy.test.ts > handleImageProxy > returns 403 if domain not allowed 0ms
 ✓ |node| tests/image-proxy.test.ts > handleImageProxy > returns 400 if URL invalid 0ms
 ✓ |node| tests/image-proxy.test.ts > handleImageProxy > returns cached image from R2 if available 2ms
 ✓ |node| tests/image-proxy.test.ts > handleImageProxy > fetches and caches image on cache miss 1ms
stdout | tests/gemini-csv-provider.test.js > Gemini CSV Provider > calls Gemini API with prompt and CSV content
[GeminiCSVProvider] Token usage - Prompt: 0, Output: 0, Total: 0
[GeminiCSVProvider] parseCSVWithGemini parsed 1 valid books, 0 validation errors, token usage: {}

stdout | tests/gemini-csv-provider.test.js > Gemini CSV Provider > throws error on invalid JSON response
[GeminiCSVProvider] Token usage - Prompt: 0, Output: 0, Total: 0

stdout | tests/gemini-csv-provider.test.js > Gemini CSV Provider > Security: Prompt Injection Prevention (#177) > sanitizes prompt injection attempts
[GeminiCSVProvider] Token usage - Prompt: 0, Output: 0, Total: 0
[GeminiCSVProvider] parseCSVWithGemini parsed 1 valid books, 0 validation errors, token usage: {}

stdout | tests/gemini-csv-provider.test.js > Gemini CSV Provider > Security: Prompt Injection Prevention (#177) > escapes special characters
[GeminiCSVProvider] Token usage - Prompt: 0, Output: 0, Total: 0
[GeminiCSVProvider] parseCSVWithGemini parsed 1 valid books, 0 validation errors, token usage: {}

stdout | tests/gemini-csv-provider.test.js > Gemini CSV Provider > Security: Prompt Injection Prevention (#177) > removes control characters
[GeminiCSVProvider] Token usage - Prompt: 0, Output: 0, Total: 0
[GeminiCSVProvider] parseCSVWithGemini parsed 1 valid books, 0 validation errors, token usage: {}

stdout | tests/gemini-csv-provider.test.js > Gemini CSV Provider > Issue #160: Author Extraction Edge Cases > filters out books with empty author strings
[GeminiCSVProvider] Token usage - Prompt: 0, Output: 0, Total: 0
[GeminiCSVProvider] parseCSVWithGemini parsed 1 valid books, 2 validation errors, token usage: {}

stdout | tests/gemini-csv-provider.test.js > Gemini CSV Provider > Issue #160: Author Extraction Edge Cases > preserves multiple authors as comma-separated string
[GeminiCSVProvider] Token usage - Prompt: 0, Output: 0, Total: 0
[GeminiCSVProvider] parseCSVWithGemini parsed 1 valid books, 0 validation errors, token usage: {}

stdout | tests/gemini-csv-provider.test.js > Gemini CSV Provider > Issue #160: Author Extraction Edge Cases > handles null author by filtering out
[GeminiCSVProvider] Token usage - Prompt: 0, Output: 0, Total: 0
[GeminiCSVProvider] parseCSVWithGemini parsed 1 valid books, 1 validation errors, token usage: {}

stdout | tests/gemini-csv-provider.test.js > Gemini CSV Provider > Issue #160: Author Extraction Edge Cases > logs warning when books are filtered due to missing author
[GeminiCSVProvider] Token usage - Prompt: 0, Output: 0, Total: 0
[GeminiCSVProvider] parseCSVWithGemini parsed 1 valid books, 1 validation errors, token usage: {}

 ✓ |node| tests/gemini-csv-provider.test.js > Gemini CSV Provider > calls Gemini API with prompt and CSV content 2ms
 ✓ |node| tests/gemini-csv-provider.test.js > Gemini CSV Provider > throws error on invalid JSON response 1ms
 ✓ |node| tests/gemini-csv-provider.test.js > Gemini CSV Provider > Security: Prompt Injection Prevention (#177) > sanitizes prompt injection attempts 0ms
 ✓ |node| tests/gemini-csv-provider.test.js > Gemini CSV Provider > Security: Prompt Injection Prevention (#177) > escapes special characters 0ms
 ✓ |node| tests/gemini-csv-provider.test.js > Gemini CSV Provider > Security: Prompt Injection Prevention (#177) > removes control characters 1ms
 ✓ |node| tests/gemini-csv-provider.test.js > Gemini CSV Provider > Security: Prompt Injection Prevention (#177) > rejects CSV larger than 8MB 0ms
 ✓ |node| tests/gemini-csv-provider.test.js > Gemini CSV Provider > Issue #160: Author Extraction Edge Cases > filters out books with empty author strings 1ms
 ✓ |node| tests/gemini-csv-provider.test.js > Gemini CSV Provider > Issue #160: Author Extraction Edge Cases > preserves multiple authors as comma-separated string 0ms
 ✓ |node| tests/gemini-csv-provider.test.js > Gemini CSV Provider > Issue #160: Author Extraction Edge Cases > handles null author by filtering out 0ms
 ✓ |node| tests/gemini-csv-provider.test.js > Gemini CSV Provider > Issue #160: Author Extraction Edge Cases > logs warning when books are filtered due to missing author 1ms
stdout | tests/services/enrichment-queue.test.ts > Enrichment Queue Service > queueEnrichment > should queue enrichment with all parameters
[EnrichQueue] Queued 9780316769174 (priority: high, source: user_add)

stdout | tests/services/enrichment-queue.test.ts > Enrichment Queue Service > queueEnrichment > should use default priority of "normal" if not specified
[EnrichQueue] Queued 9780316769174 (priority: normal, source: background)

stdout | tests/services/enrichment-queue.test.ts > Enrichment Queue Service > queueEnrichment > should use default source of "background" if not specified
[EnrichQueue] Queued 9780316769174 (priority: normal, source: background)

stdout | tests/services/enrichment-queue.test.ts > Enrichment Queue Service > queueEnrichment > should include ISO timestamp in queued_at field
[EnrichQueue] Queued 9780316769174 (priority: normal, source: background)

stderr | tests/services/enrichment-queue.test.ts > Enrichment Queue Service > queueEnrichment > should return error if ISBN is missing
[EnrichQueue] Failed to queue: ISBN is required

stderr | tests/services/enrichment-queue.test.ts > Enrichment Queue Service > queueEnrichment > should return error if ENRICHMENT_QUEUE binding is missing
[EnrichQueue] Failed to queue: ENRICHMENT_QUEUE binding not found

stderr | tests/services/enrichment-queue.test.ts > Enrichment Queue Service > queueEnrichment > should return error if queue.send throws
[EnrichQueue] Failed to queue: Queue error

stdout | tests/services/enrichment-queue.test.ts > Enrichment Queue Service > queueEnrichment > should handle all priority levels
[EnrichQueue] Queued 9780316769174 (priority: high, source: background)

stdout | tests/services/enrichment-queue.test.ts > Enrichment Queue Service > queueEnrichment > should handle all priority levels
[EnrichQueue] Queued 9780316769174 (priority: normal, source: background)

stdout | tests/services/enrichment-queue.test.ts > Enrichment Queue Service > queueEnrichment > should handle all priority levels
[EnrichQueue] Queued 9780316769174 (priority: low, source: background)

stdout | tests/services/enrichment-queue.test.ts > Enrichment Queue Service > queueEnrichment > should handle all source types
[EnrichQueue] Queued 9780316769174 (priority: normal, source: user_add)

stdout | tests/services/enrichment-queue.test.ts > Enrichment Queue Service > queueEnrichment > should handle all source types
[EnrichQueue] Queued 9780316769174 (priority: normal, source: csv_import)

stdout | tests/services/enrichment-queue.test.ts > Enrichment Queue Service > queueEnrichment > should handle all source types
[EnrichQueue] Queued 9780316769174 (priority: normal, source: scan_import)

stdout | tests/services/enrichment-queue.test.ts > Enrichment Queue Service > queueEnrichment > should handle all source types
[EnrichQueue] Queued 9780316769174 (priority: normal, source: batch_enrichment)

stdout | tests/services/enrichment-queue.test.ts > Enrichment Queue Service > queueEnrichment > should handle all source types
[EnrichQueue] Queued 9780316769174 (priority: normal, source: background)

stdout | tests/services/enrichment-queue.test.ts > Enrichment Queue Service > queueEnrichmentBatch > should queue multiple ISBNs successfully
[EnrichQueue] Queued 9780316769174 (priority: normal, source: background)
[EnrichQueue] Queued 9780439708180 (priority: normal, source: background)
[EnrichQueue] Queued 9780451524935 (priority: normal, source: background)

stdout | tests/services/enrichment-queue.test.ts > Enrichment Queue Service > queueEnrichmentBatch > should queue multiple ISBNs successfully
[EnrichQueue] Batch complete: 3 queued, 0 failed

stdout | tests/services/enrichment-queue.test.ts > Enrichment Queue Service > queueEnrichmentBatch > should handle partial success (some ISBNs fail)
[EnrichQueue] Queued 9780316769174 (priority: high, source: csv_import)
[EnrichQueue] Queued 9780451524935 (priority: high, source: csv_import)

stderr | tests/services/enrichment-queue.test.ts > Enrichment Queue Service > queueEnrichmentBatch > should handle partial success (some ISBNs fail)
[EnrichQueue] Failed to queue: ISBN is required

stdout | tests/services/enrichment-queue.test.ts > Enrichment Queue Service > queueEnrichmentBatch > should handle partial success (some ISBNs fail)
[EnrichQueue] Batch complete: 2 queued, 1 failed

stderr | tests/services/enrichment-queue.test.ts > Enrichment Queue Service > queueEnrichmentBatch > should handle complete failure (all ISBNs fail)
[EnrichQueue] Failed to queue: Queue unavailable
[EnrichQueue] Failed to queue: Queue unavailable

stdout | tests/services/enrichment-queue.test.ts > Enrichment Queue Service > queueEnrichmentBatch > should handle complete failure (all ISBNs fail)
[EnrichQueue] Batch complete: 0 queued, 2 failed

stdout | tests/services/enrichment-queue.test.ts > Enrichment Queue Service > queueEnrichmentBatch > should handle empty ISBN array
[EnrichQueue] Batch complete: 0 queued, 0 failed

stdout | tests/services/enrichment-queue.test.ts > Enrichment Queue Service > queueEnrichmentBatch > should apply shared options to all ISBNs
[EnrichQueue] Queued 9780316769174 (priority: high, source: scan_import)
[EnrichQueue] Queued 9780439708180 (priority: high, source: scan_import)

stdout | tests/services/enrichment-queue.test.ts > Enrichment Queue Service > queueEnrichmentBatch > should apply shared options to all ISBNs
[EnrichQueue] Batch complete: 2 queued, 0 failed

stdout | tests/services/enrichment-queue.test.ts > Enrichment Queue Service > queueEnrichmentBatch > should process ISBNs in parallel (Promise.allSettled)
[EnrichQueue] Queued 9780316769174 (priority: normal, source: background)
[EnrichQueue] Queued 9780439708180 (priority: normal, source: background)
[EnrichQueue] Queued 9780451524935 (priority: normal, source: background)

stdout | tests/services/enrichment-queue.test.ts > Enrichment Queue Service > queueEnrichmentBatch > should process ISBNs in parallel (Promise.allSettled)
[EnrichQueue] Batch complete: 3 queued, 0 failed

stdout | tests/services/enrichment-queue.test.ts > Enrichment Queue Service > queueEnrichmentBatch > should return undefined errors if all succeed
[EnrichQueue] Queued 9780316769174 (priority: normal, source: background)
[EnrichQueue] Queued 9780439708180 (priority: normal, source: background)

stdout | tests/services/enrichment-queue.test.ts > Enrichment Queue Service > queueEnrichmentBatch > should return undefined errors if all succeed
[EnrichQueue] Batch complete: 2 queued, 0 failed

stdout | tests/services/enrichment-queue.test.ts > Enrichment Queue Service > queueEnrichmentBatch > should include error details for each failed ISBN
[EnrichQueue] Queued 9780439708180 (priority: normal, source: background)

stderr | tests/services/enrichment-queue.test.ts > Enrichment Queue Service > queueEnrichmentBatch > should include error details for each failed ISBN
[EnrichQueue] Failed to queue: ISBN is required
[EnrichQueue] Failed to queue: ISBN is required

stdout | tests/services/enrichment-queue.test.ts > Enrichment Queue Service > queueEnrichmentBatch > should include error details for each failed ISBN
[EnrichQueue] Batch complete: 1 queued, 2 failed

stdout | tests/services/enrichment-queue.test.ts > Enrichment Queue Service > queueEnrichmentBatch > should handle large batches efficiently
[EnrichQueue] Queued 9780316769170 (priority: low, source: background)
[EnrichQueue] Queued 9780316769171 (priority: low, source: background)
[EnrichQueue] Queued 9780316769172 (priority: low, source: background)
[EnrichQueue] Queued 9780316769173 (priority: low, source: background)
[EnrichQueue] Queued 9780316769174 (priority: low, source: background)
[EnrichQueue] Queued 9780316769175 (priority: low, source: background)
[EnrichQueue] Queued 9780316769176 (priority: low, source: background)
[EnrichQueue] Queued 9780316769177 (priority: low, source: background)
[EnrichQueue] Queued 9780316769178 (priority: low, source: background)
[EnrichQueue] Queued 9780316769179 (priority: low, source: background)
[EnrichQueue] Queued 97803167691710 (priority: low, source: background)
[EnrichQueue] Queued 97803167691711 (priority: low, source: background)
[EnrichQueue] Queued 97803167691712 (priority: low, source: background)
[EnrichQueue] Queued 97803167691713 (priority: low, source: background)
[EnrichQueue] Queued 97803167691714 (priority: low, source: background)
[EnrichQueue] Queued 97803167691715 (priority: low, source: background)
[EnrichQueue] Queued 97803167691716 (priority: low, source: background)
[EnrichQueue] Queued 97803167691717 (priority: low, source: background)
[EnrichQueue] Queued 97803167691718 (priority: low, source: background)
[EnrichQueue] Queued 97803167691719 (priority: low, source: background)
[EnrichQueue] Queued 97803167691720 (priority: low, source: background)
[EnrichQueue] Queued 97803167691721 (priority: low, source: background)
[EnrichQueue] Queued 97803167691722 (priority: low, source: background)
[EnrichQueue] Queued 97803167691723 (priority: low, source: background)
[EnrichQueue] Queued 97803167691724 (priority: low, source: background)
[EnrichQueue] Queued 97803167691725 (priority: low, source: background)
[EnrichQueue] Queued 97803167691726 (priority: low, source: background)
[EnrichQueue] Queued 97803167691727 (priority: low, source: background)
[EnrichQueue] Queued 97803167691728 (priority: low, source: background)
[EnrichQueue] Queued 97803167691729 (priority: low, source: background)
[EnrichQueue] Queued 97803167691730 (priority: low, source: background)
[EnrichQueue] Queued 97803167691731 (priority: low, source: background)
[EnrichQueue] Queued 97803167691732 (priority: low, source: background)
[EnrichQueue] Queued 97803167691733 (priority: low, source: background)
[EnrichQueue] Queued 97803167691734 (priority: low, source: background)
[EnrichQueue] Queued 97803167691735 (priority: low, source: background)
[EnrichQueue] Queued 97803167691736 (priority: low, source: background)
[EnrichQueue] Queued 97803167691737 (priority: low, source: background)
[EnrichQueue] Queued 97803167691738 (priority: low, source: background)
[EnrichQueue] Queued 97803167691739 (priority: low, source: background)
[EnrichQueue] Queued 97803167691740 (priority: low, source: background)
[EnrichQueue] Queued 97803167691741 (priority: low, source: background)
[EnrichQueue] Queued 97803167691742 (priority: low, source: background)
[EnrichQueue] Queued 97803167691743 (priority: low, source: background)
[EnrichQueue] Queued 97803167691744 (priority: low, source: background)
[EnrichQueue] Queued 97803167691745 (priority: low, source: background)
[EnrichQueue] Queued 97803167691746 (priority: low, source: background)
[EnrichQueue] Queued 97803167691747 (priority: low, source: background)
[EnrichQueue] Queued 97803167691748 (priority: low, source: background)
[EnrichQueue] Queued 97803167691749 (priority: low, source: background)
[EnrichQueue] Queued 97803167691750 (priority: low, source: background)
[EnrichQueue] Queued 97803167691751 (priority: low, source: background)
[EnrichQueue] Queued 97803167691752 (priority: low, source: background)
[EnrichQueue] Queued 97803167691753 (priority: low, source: background)
[EnrichQueue] Queued 97803167691754 (priority: low, source: background)
[EnrichQueue] Queued 97803167691755 (priority: low, source: background)
[EnrichQueue] Queued 97803167691756 (priority: low, source: background)
[EnrichQueue] Queued 97803167691757 (priority: low, source: background)
[EnrichQueue] Queued 97803167691758 (priority: low, source: background)
[EnrichQueue] Queued 97803167691759 (priority: low, source: background)
[EnrichQueue] Queued 97803167691760 (priority: low, source: background)
[EnrichQueue] Queued 97803167691761 (priority: low, source: background)
[EnrichQueue] Queued 97803167691762 (priority: low, source: background)
[EnrichQueue] Queued 97803167691763 (priority: low, source: background)
[EnrichQueue] Queued 97803167691764 (priority: low, source: background)
[EnrichQueue] Queued 97803167691765 (priority: low, source: background)
[EnrichQueue] Queued 97803167691766 (priority: low, source: background)
[EnrichQueue] Queued 97803167691767 (priority: low, source: background)
[EnrichQueue] Queued 97803167691768 (priority: low, source: background)
[EnrichQueue] Queued 97803167691769 (priority: low, source: background)
[EnrichQueue] Queued 97803167691770 (priority: low, source: background)
[EnrichQueue] Queued 97803167691771 (priority: low, source: background)
[EnrichQueue] Queued 97803167691772 (priority: low, source: background)
[EnrichQueue] Queued 97803167691773 (priority: low, source: background)
[EnrichQueue] Queued 97803167691774 (priority: low, source: background)
[EnrichQueue] Queued 97803167691775 (priority: low, source: background)
[EnrichQueue] Queued 97803167691776 (priority: low, source: background)
[EnrichQueue] Queued 97803167691777 (priority: low, source: background)
[EnrichQueue] Queued 97803167691778 (priority: low, source: background)
[EnrichQueue] Queued 97803167691779 (priority: low, source: background)
[EnrichQueue] Queued 97803167691780 (priority: low, source: background)
[EnrichQueue] Queued 97803167691781 (priority: low, source: background)
[EnrichQueue] Queued 97803167691782 (priority: low, source: background)
[EnrichQueue] Queued 97803167691783 (priority: low, source: background)
[EnrichQueue] Queued 97803167691784 (priority: low, source: background)
[EnrichQueue] Queued 97803167691785 (priority: low, source: background)
[EnrichQueue] Queued 97803167691786 (priority: low, source: background)
[EnrichQueue] Queued 97803167691787 (priority: low, source: background)
[EnrichQueue] Queued 97803167691788 (priority: low, source: background)
[EnrichQueue] Queued 97803167691789 (priority: low, source: background)
[EnrichQueue] Queued 97803167691790 (priority: low, source: background)
[EnrichQueue] Queued 97803167691791 (priority: low, source: background)
[EnrichQueue] Queued 97803167691792 (priority: low, source: background)
[EnrichQueue] Queued 97803167691793 (priority: low, source: background)
[EnrichQueue] Queued 97803167691794 (priority: low, source: background)
[EnrichQueue] Queued 97803167691795 (priority: low, source: background)
[EnrichQueue] Queued 97803167691796 (priority: low, source: background)
[EnrichQueue] Queued 97803167691797 (priority: low, source: background)
[EnrichQueue] Queued 97803167691798 (priority: low, source: background)
[EnrichQueue] Queued 97803167691799 (priority: low, source: background)

stdout | tests/services/enrichment-queue.test.ts > Enrichment Queue Service > queueEnrichmentBatch > should handle large batches efficiently
[EnrichQueue] Batch complete: 100 queued, 0 failed

 ✓ |node| tests/services/enrichment-queue.test.ts > Enrichment Queue Service > queueEnrichment > should queue enrichment with all parameters 2ms
 ✓ |node| tests/services/enrichment-queue.test.ts > Enrichment Queue Service > queueEnrichment > should use default priority of "normal" if not specified 0ms
 ✓ |node| tests/services/enrichment-queue.test.ts > Enrichment Queue Service > queueEnrichment > should use default source of "background" if not specified 0ms
 ✓ |node| tests/services/enrichment-queue.test.ts > Enrichment Queue Service > queueEnrichment > should include ISO timestamp in queued_at field 0ms
 ✓ |node| tests/services/enrichment-queue.test.ts > Enrichment Queue Service > queueEnrichment > should return error if ISBN is missing 0ms
 ✓ |node| tests/services/enrichment-queue.test.ts > Enrichment Queue Service > queueEnrichment > should return error if ENRICHMENT_QUEUE binding is missing 0ms
 ✓ |node| tests/services/enrichment-queue.test.ts > Enrichment Queue Service > queueEnrichment > should return error if queue.send throws 0ms
 ✓ |node| tests/services/enrichment-queue.test.ts > Enrichment Queue Service > queueEnrichment > should handle all priority levels 0ms
 ✓ |node| tests/services/enrichment-queue.test.ts > Enrichment Queue Service > queueEnrichment > should handle all source types 0ms
 ✓ |node| tests/services/enrichment-queue.test.ts > Enrichment Queue Service > queueEnrichmentBatch > should queue multiple ISBNs successfully 0ms
 ✓ |node| tests/services/enrichment-queue.test.ts > Enrichment Queue Service > queueEnrichmentBatch > should handle partial success (some ISBNs fail) 0ms
 ✓ |node| tests/services/enrichment-queue.test.ts > Enrichment Queue Service > queueEnrichmentBatch > should handle complete failure (all ISBNs fail) 0ms
 ✓ |node| tests/services/enrichment-queue.test.ts > Enrichment Queue Service > queueEnrichmentBatch > should handle empty ISBN array 0ms
 ✓ |node| tests/services/enrichment-queue.test.ts > Enrichment Queue Service > queueEnrichmentBatch > should apply shared options to all ISBNs 0ms
 ✓ |node| tests/services/enrichment-queue.test.ts > Enrichment Queue Service > queueEnrichmentBatch > should process ISBNs in parallel (Promise.allSettled) 0ms
 ✓ |node| tests/services/enrichment-queue.test.ts > Enrichment Queue Service > queueEnrichmentBatch > should return undefined errors if all succeed 0ms
 ✓ |node| tests/services/enrichment-queue.test.ts > Enrichment Queue Service > queueEnrichmentBatch > should include error details for each failed ISBN 0ms
 ✓ |node| tests/services/enrichment-queue.test.ts > Enrichment Queue Service > queueEnrichmentBatch > should handle large batches efficiently 0ms
 ✓ |node| tests/unit/v3-jobs-schema.test.ts > V3 Jobs Schema Validation > JobTypeSchema > should validate csv_import 1ms
 ✓ |node| tests/unit/v3-jobs-schema.test.ts > V3 Jobs Schema Validation > JobTypeSchema > should validate bookshelf_scan 0ms
 ✓ |node| tests/unit/v3-jobs-schema.test.ts > V3 Jobs Schema Validation > JobTypeSchema > should validate batch_enrichment 0ms
 ✓ |node| tests/unit/v3-jobs-schema.test.ts > V3 Jobs Schema Validation > JobTypeSchema > should reject invalid job type 0ms
 ✓ |node| tests/unit/v3-jobs-schema.test.ts > V3 Jobs Schema Validation > JobStatusSchema > should validate queued 0ms
 ✓ |node| tests/unit/v3-jobs-schema.test.ts > V3 Jobs Schema Validation > JobStatusSchema > should validate processing 0ms
 ✓ |node| tests/unit/v3-jobs-schema.test.ts > V3 Jobs Schema Validation > JobStatusSchema > should validate completed 0ms
 ✓ |node| tests/unit/v3-jobs-schema.test.ts > V3 Jobs Schema Validation > JobStatusSchema > should validate failed 0ms
 ✓ |node| tests/unit/v3-jobs-schema.test.ts > V3 Jobs Schema Validation > JobStatusSchema > should validate canceled 0ms
 ✓ |node| tests/unit/v3-jobs-schema.test.ts > V3 Jobs Schema Validation > JobStatusSchema > should reject invalid status 0ms
 ✓ |node| tests/unit/v3-jobs-schema.test.ts > V3 Jobs Schema Validation > JobErrorSchema > should validate error with required fields 0ms
 ✓ |node| tests/unit/v3-jobs-schema.test.ts > V3 Jobs Schema Validation > JobErrorSchema > should validate error with retryable flag 0ms
 ✓ |node| tests/unit/v3-jobs-schema.test.ts > V3 Jobs Schema Validation > JobErrorSchema > should reject error missing code 0ms
 ✓ |node| tests/unit/v3-jobs-schema.test.ts > V3 Jobs Schema Validation > JobErrorSchema > should reject error missing message 0ms
 ✓ |node| tests/unit/v3-jobs-schema.test.ts > V3 Jobs Schema Validation > JobSchema > should validate complete job object 0ms
 ✓ |node| tests/unit/v3-jobs-schema.test.ts > V3 Jobs Schema Validation > JobSchema > should validate job with completedTime 0ms
 ✓ |node| tests/unit/v3-jobs-schema.test.ts > V3 Jobs Schema Validation > JobSchema > should validate job with error 0ms
 ✓ |node| tests/unit/v3-jobs-schema.test.ts > V3 Jobs Schema Validation > JobSchema > should reject invalid jobId format 0ms
 ✓ |node| tests/unit/v3-jobs-schema.test.ts > V3 Jobs Schema Validation > JobSchema > should reject progress < 0 0ms
 ✓ |node| tests/unit/v3-jobs-schema.test.ts > V3 Jobs Schema Validation > JobSchema > should reject progress > 1 0ms
 ✓ |node| tests/unit/v3-jobs-schema.test.ts > V3 Jobs Schema Validation > JobSchema > should reject negative processedCount 0ms
 ✓ |node| tests/unit/v3-jobs-schema.test.ts > V3 Jobs Schema Validation > JobSchema > should reject negative totalCount 0ms
 ✓ |node| tests/unit/v3-jobs-schema.test.ts > V3 Jobs Schema Validation > JobSchema > should reject invalid ISO 8601 timestamp 0ms
 ✓ |node| tests/unit/v3-jobs-schema.test.ts > V3 Jobs Schema Validation > JobSchema > should allow progress 0.0 0ms
 ✓ |node| tests/unit/v3-jobs-schema.test.ts > V3 Jobs Schema Validation > JobSchema > should allow progress 1.0 0ms
 ✓ |node| tests/unit/v3-jobs-schema.test.ts > V3 Jobs Schema Validation > JobInitResponseSchema > should validate job initiation response 0ms
 ✓ |node| tests/unit/v3-jobs-schema.test.ts > V3 Jobs Schema Validation > JobInitResponseSchema > should reject response without streamUrl 0ms
 ✓ |node| tests/unit/v3-jobs-schema.test.ts > V3 Jobs Schema Validation > JobInitResponseSchema > should reject response without token 0ms
 ✓ |node| tests/unit/v3-jobs-schema.test.ts > V3 Jobs Schema Validation > JobStatusResponseSchema > should validate job status response 0ms
 ✓ |node| tests/unit/v3-jobs-schema.test.ts > V3 Jobs Schema Validation > SSE Event Schemas > SSEProgressEventSchema > should validate progress event 0ms
 ✓ |node| tests/unit/v3-jobs-schema.test.ts > V3 Jobs Schema Validation > SSE Event Schemas > SSEProgressEventSchema > should reject progress event without timestamp 0ms
 ✓ |node| tests/unit/v3-jobs-schema.test.ts > V3 Jobs Schema Validation > SSE Event Schemas > SSECompleteEventSchema > should validate complete event with results 0ms
 ✓ |node| tests/unit/v3-jobs-schema.test.ts > V3 Jobs Schema Validation > SSE Event Schemas > SSECompleteEventSchema > should validate complete event with empty results 0ms
 ✓ |node| tests/unit/v3-jobs-schema.test.ts > V3 Jobs Schema Validation > SSE Event Schemas > SSECompleteEventSchema > should reject complete event with non-completed status 0ms
 ✓ |node| tests/unit/v3-jobs-schema.test.ts > V3 Jobs Schema Validation > SSE Event Schemas > SSEErrorEventSchema > should validate error event 0ms
 ✓ |node| tests/unit/v3-jobs-schema.test.ts > V3 Jobs Schema Validation > SSE Event Schemas > SSEPingEventSchema > should validate ping event 0ms
 ✓ |node| tests/unit/v3-jobs-schema.test.ts > V3 Jobs Schema Validation > SSE Event Schemas > SSEPingEventSchema > should reject ping event without timestamp 0ms
stdout | tests/warming-upload.test.js > handleWarmingUpload > should parse CSV and extract unique authors
[GeminiCSVProvider] Token usage - Prompt: 0, Output: 0, Total: 0
[GeminiCSVProvider] parseCSVWithGemini parsed 3 valid books, 0 validation errors, token usage: {}

stdout | tests/warming-upload.test.js > handleWarmingUpload > should queue each author with metadata
[GeminiCSVProvider] Token usage - Prompt: 0, Output: 0, Total: 0
[GeminiCSVProvider] parseCSVWithGemini parsed 1 valid books, 0 validation errors, token usage: {}

 ✓ |node| tests/warming-upload.test.js > handleWarmingUpload > should reject request without csv field 2ms
 ✓ |node| tests/warming-upload.test.js > handleWarmingUpload > should reject invalid maxDepth 0ms
 ✓ |node| tests/warming-upload.test.js > handleWarmingUpload > should parse CSV and extract unique authors 2ms
 ✓ |node| tests/warming-upload.test.js > handleWarmingUpload > should queue each author with metadata 1ms
stdout | tests/unit/wikidata-enrichment.test.ts > Wikidata Enrichment Service > enrichAuthorWithWikidata > should return cached result if available
[Wikidata] Cache HIT for "Test Author"

stdout | tests/unit/wikidata-enrichment.test.ts > Wikidata Enrichment Service > enrichAuthorWithWikidata > should return Unknown if author not found in search
[Wikidata] No results for "Unknown Author"

stdout | tests/unit/wikidata-enrichment.test.ts > Wikidata Enrichment Service > enrichAuthorWithWikidata > should enrich author data correctly when found
[Wikidata] Found "Test Author" → Q12345

stdout | tests/unit/wikidata-enrichment.test.ts > Wikidata Enrichment Service > enrichAuthorWithWikidata > should enrich author data correctly when found
[Wikidata] Enriched "Test Author": {
  gender: [32m'Female'[39m,
  nationality: [32m'United States'[39m,
  culturalRegion: [32m'North America'[39m,
  birthYear: [33m1980[39m,
  deathYear: [90mundefined[39m,
  wikidataId: [32m'Q12345'[39m
}

stdout | tests/unit/wikidata-enrichment.test.ts > Wikidata Enrichment Service > enrichAuthorWithWikidata > should handle male gender correctly
[Wikidata] Found "Male Author" → Q123

stdout | tests/unit/wikidata-enrichment.test.ts > Wikidata Enrichment Service > enrichAuthorWithWikidata > should handle male gender correctly
[Wikidata] Enriched "Male Author": {
  gender: [32m'Male'[39m,
  nationality: [90mundefined[39m,
  culturalRegion: [90mundefined[39m,
  birthYear: [90mundefined[39m,
  deathYear: [90mundefined[39m,
  wikidataId: [32m'Q123'[39m
}

stdout | tests/unit/wikidata-enrichment.test.ts > Wikidata Enrichment Service > enrichAuthorWithWikidata > should handle non-binary gender correctly
[Wikidata] Found "Nb Author" → Q123

stdout | tests/unit/wikidata-enrichment.test.ts > Wikidata Enrichment Service > enrichAuthorWithWikidata > should handle non-binary gender correctly
[Wikidata] Enriched "Nb Author": {
  gender: [32m'Non-binary'[39m,
  nationality: [90mundefined[39m,
  culturalRegion: [90mundefined[39m,
  birthYear: [90mundefined[39m,
  deathYear: [90mundefined[39m,
  wikidataId: [32m'Q123'[39m
}

stdout | tests/unit/wikidata-enrichment.test.ts > Wikidata Enrichment Service > enrichAuthorWithWikidata > should handle unknown cultural regions
[Wikidata] Found "Fantasy Author" → Q123

stdout | tests/unit/wikidata-enrichment.test.ts > Wikidata Enrichment Service > enrichAuthorWithWikidata > should handle unknown cultural regions
[Wikidata] Enriched "Fantasy Author": {
  gender: [32m'Unknown'[39m,
  nationality: [32m'Fantasy Land'[39m,
  culturalRegion: [90mundefined[39m,
  birthYear: [90mundefined[39m,
  deathYear: [90mundefined[39m,
  wikidataId: [32m'Q123'[39m
}

stderr | tests/unit/wikidata-enrichment.test.ts > Wikidata Enrichment Service > enrichAuthorWithWikidata > should handle API errors gracefully (Search)
[Wikidata] Search failed for "Error Author": 500

stdout | tests/unit/wikidata-enrichment.test.ts > Wikidata Enrichment Service > enrichAuthorWithWikidata > should handle API errors gracefully (Entity)
[Wikidata] Found "Error Author" → Q123

stderr | tests/unit/wikidata-enrichment.test.ts > Wikidata Enrichment Service > enrichAuthorWithWikidata > should handle API errors gracefully (Entity)
[Wikidata] Entity fetch failed for Q123: 500

 ✓ |node| tests/unit/wikidata-enrichment.test.ts > Wikidata Enrichment Service > enrichAuthorWithWikidata > should return cached result if available 1ms
 ✓ |node| tests/unit/wikidata-enrichment.test.ts > Wikidata Enrichment Service > enrichAuthorWithWikidata > should return Unknown if author not found in search 0ms
 ✓ |node| tests/unit/wikidata-enrichment.test.ts > Wikidata Enrichment Service > enrichAuthorWithWikidata > should enrich author data correctly when found 1ms
 ✓ |node| tests/unit/wikidata-enrichment.test.ts > Wikidata Enrichment Service > enrichAuthorWithWikidata > should handle male gender correctly 0ms
 ✓ |node| tests/unit/wikidata-enrichment.test.ts > Wikidata Enrichment Service > enrichAuthorWithWikidata > should handle non-binary gender correctly 0ms
 ✓ |node| tests/unit/wikidata-enrichment.test.ts > Wikidata Enrichment Service > enrichAuthorWithWikidata > should handle unknown cultural regions 1ms
 ✓ |node| tests/unit/wikidata-enrichment.test.ts > Wikidata Enrichment Service > enrichAuthorWithWikidata > should handle API errors gracefully (Search) 0ms
 ✓ |node| tests/unit/wikidata-enrichment.test.ts > Wikidata Enrichment Service > enrichAuthorWithWikidata > should handle API errors gracefully (Entity) 0ms
 ✓ |node| tests/integration/enrichment.test.js > Single Book Enrichment > should enrich single book with all providers 1ms
 ✓ |node| tests/integration/enrichment.test.js > Single Book Enrichment > should use only Google Books when complete data available 0ms
 ✓ |node| tests/integration/enrichment.test.js > Single Book Enrichment > should fallback to OpenLibrary when Google Books fails 0ms
 ✓ |node| tests/integration/enrichment.test.js > Single Book Enrichment > should return error when all providers fail 0ms
 ✓ |node| tests/integration/enrichment.test.js > Single Book Enrichment > should supplement partial data from primary with secondary 0ms
 ✓ |node| tests/integration/enrichment.test.js > Single Book Enrichment > should resolve author data across providers 0ms
 ✓ |node| tests/integration/enrichment.test.js > Single Book Enrichment > should handle ISBN-10 and ISBN-13 equally 0ms
 ✓ |node| tests/integration/enrichment.test.js > Multiple Book Batch Enrichment > should enrich batch of 5 books in parallel 0ms
 ✓ |node| tests/integration/enrichment.test.js > Multiple Book Batch Enrichment > should handle mixed success/failure in batch 0ms
 ✓ |node| tests/integration/enrichment.test.js > Multiple Book Batch Enrichment > should deduplicate authors across batch results 0ms
 ✓ |node| tests/integration/enrichment.test.js > Multiple Book Batch Enrichment > should isolate concurrent batch enrichments 0ms
 ✓ |node| tests/integration/enrichment.test.js > Multiple Book Batch Enrichment > should support batch cancellation mid-processing 0ms
 ✓ |node| tests/integration/enrichment.test.js > Multiple Book Batch Enrichment > should track and report batch progress via WebSocket 0ms
 ✓ |node| tests/integration/enrichment.test.js > Multiple Book Batch Enrichment > should timeout batch after 30 minutes 0ms
 ✓ |node| tests/integration/enrichment.test.js > Quality-Based Provider Selection > should prefer provider with complete data 0ms
 ✓ |node| tests/integration/enrichment.test.js > Quality-Based Provider Selection > should score providers by data completeness 0ms
 ✓ |node| tests/integration/enrichment.test.js > Quality-Based Provider Selection > should prefer provider with complete author list 0ms
 ✓ |node| tests/integration/enrichment.test.js > Quality-Based Provider Selection > should prefer provider with cover image 0ms
 ✓ |node| tests/integration/enrichment.test.js > Cache Metadata Generation > should generate cache metadata for search results 0ms
 ✓ |node| tests/integration/enrichment.test.js > Cache Metadata Generation > should assign 7-day TTL for search cache 0ms
 ✓ |node| tests/integration/enrichment.test.js > Cache Metadata Generation > should assign 365-day TTL for ISBN cache 0ms
 ✓ |node| tests/integration/enrichment.test.js > Cache Metadata Generation > should include provider source in metadata 0ms
 ✓ |node| tests/integration/enrichment.test.js > Cache Metadata Generation > should include quality score in metadata 0ms
 ✓ |node| tests/integration/enrichment.test.js > Cache Metadata Generation > should include cache timestamp in metadata 0ms
 ✓ |node| tests/integration/enrichment.test.js > Author Data Merging > should merge author data from multiple providers 0ms
 ✓ |node| tests/integration/enrichment.test.js > Author Data Merging > should deduplicate authors by normalized name 0ms
 ✓ |node| tests/integration/enrichment.test.js > Author Data Merging > should preserve author birth/death dates and bios 0ms
 ✓ |node| tests/integration/enrichment.test.js > Author Data Merging > should handle books with no author data 0ms
 ✓ |node| tests/integration/enrichment.test.js > Author Data Merging > should handle books with 10+ authors 0ms
 ✓ |node| tests/integration/enrichment.test.js > Error Handling > should timeout enrichment after 10 seconds 0ms
 ✓ |node| tests/integration/enrichment.test.js > Error Handling > should validate provider response structure 0ms
 ✓ |node| tests/integration/enrichment.test.js > Error Handling > should handle large batch without memory issues 0ms
 ✓ |node| tests/integration/enrichment.test.js > Multiple Book Batch Enrichment > should enrich batch of 5 books in parallel 0ms
 ✓ |node| tests/integration/enrichment.test.js > Multiple Book Batch Enrichment > should handle mixed success/failure in batch 0ms
 ✓ |node| tests/integration/enrichment.test.js > Multiple Book Batch Enrichment > should deduplicate authors across batch results 0ms
 ✓ |node| tests/integration/enrichment.test.js > Multiple Book Batch Enrichment > should isolate concurrent batch enrichments 0ms
 ✓ |node| tests/integration/enrichment.test.js > Multiple Book Batch Enrichment > should support batch cancellation mid-processing 0ms
 ✓ |node| tests/integration/enrichment.test.js > Multiple Book Batch Enrichment > should track and report batch progress via WebSocket 0ms
 ✓ |node| tests/integration/enrichment.test.js > Multiple Book Batch Enrichment > should timeout batch after 30 minutes 0ms
 ✓ |node| tests/integration/enrichment.test.js > Quality-Based Provider Selection > should prefer provider with complete data 0ms
 ✓ |node| tests/integration/enrichment.test.js > Quality-Based Provider Selection > should score providers by data completeness 0ms
 ✓ |node| tests/integration/enrichment.test.js > Quality-Based Provider Selection > should prefer provider with complete author list 0ms
 ✓ |node| tests/integration/enrichment.test.js > Quality-Based Provider Selection > should prefer provider with cover image 0ms
 ✓ |node| tests/integration/enrichment.test.js > Cache Metadata Generation > should generate cache metadata for search results 0ms
 ✓ |node| tests/integration/enrichment.test.js > Cache Metadata Generation > should assign 7-day TTL for search cache 0ms
 ✓ |node| tests/integration/enrichment.test.js > Cache Metadata Generation > should assign 365-day TTL for ISBN cache 0ms
 ✓ |node| tests/integration/enrichment.test.js > Cache Metadata Generation > should include provider source in metadata 0ms
 ✓ |node| tests/integration/enrichment.test.js > Cache Metadata Generation > should include quality score in metadata 0ms
 ✓ |node| tests/integration/enrichment.test.js > Cache Metadata Generation > should include cache timestamp in metadata 0ms
 ✓ |node| tests/integration/enrichment.test.js > Author Data Merging > should merge author data from multiple providers 0ms
 ✓ |node| tests/integration/enrichment.test.js > Author Data Merging > should deduplicate authors by normalized name 0ms
 ✓ |node| tests/integration/enrichment.test.js > Author Data Merging > should preserve author birth/death dates and bios 0ms
 ✓ |node| tests/integration/enrichment.test.js > Author Data Merging > should handle books with no author data 0ms
 ✓ |node| tests/integration/enrichment.test.js > Author Data Merging > should handle books with 10+ authors 0ms
 ✓ |node| tests/integration/enrichment.test.js > Error Handling > should timeout enrichment after 10 seconds 0ms
 ✓ |node| tests/integration/enrichment.test.js > Error Handling > should validate provider response structure 0ms
 ✓ |node| tests/integration/enrichment.test.js > Error Handling > should handle large batch without memory issues 0ms
stderr | tests/unit/d1-wrapper.test.js > D1 Wrapper Batch Metrics > should batch process raw statements with default metrics (read count)
[D1 Wrapper] Unknown statement type in batch - cannot determine read/write classification {
  statementKeys: [ [32m'statement'[39m, [32m'raw'[39m ],
  hasRawMethod: [33mtrue[39m,
  statement: [32m'D1 native statement (unwrapped)'[39m
}
[D1 Wrapper] Unknown statement type in batch - cannot determine read/write classification {
  statementKeys: [ [32m'statement'[39m, [32m'raw'[39m ],
  hasRawMethod: [33mtrue[39m,
  statement: [32m'D1 native statement (unwrapped)'[39m
}

 ✓ |node| tests/unit/d1-wrapper.test.js > D1 Wrapper Batch Metrics > should batch process raw statements with default metrics (read count) 2ms
 ✓ |node| tests/unit/d1-wrapper.test.js > D1 Wrapper Batch Metrics > should unwrap wrapped statements before passing to batch using getInner 0ms
 ✓ |node| tests/unit/d1-wrapper.test.js > D1 Wrapper Batch Metrics > should correctly count reads and writes from wrapped statements 0ms
 ✓ |node| tests/unit/d1-wrapper.test.js > D1 Wrapper Batch Metrics > should record error metrics when batch fails 1ms
 ✓ |node| tests/unit/normalizers-isbndb.test.js > ISBNdb → WorkDTO Normalization > should normalize complete ISBNdb book to WorkDTO 1ms
 ✓ |node| tests/unit/normalizers-isbndb.test.js > ISBNdb → WorkDTO Normalization > should handle missing optional fields gracefully 0ms
 ✓ |node| tests/unit/normalizers-isbndb.test.js > ISBNdb → WorkDTO Normalization > should default to "Unknown" for missing title 0ms
 ✓ |node| tests/unit/normalizers-isbndb.test.js > ISBNdb → WorkDTO Normalization > should fallback to ISBN-10 when ISBN-13 is missing 0ms
 ✓ |node| tests/unit/normalizers-isbndb.test.js > ISBNdb → WorkDTO Normalization > should extract year from full date string (YYYY-MM-DD) 0ms
 ✓ |node| tests/unit/normalizers-isbndb.test.js > ISBNdb → WorkDTO Normalization > should extract year from partial date string (YYYY-MM) 0ms
 ✓ |node| tests/unit/normalizers-isbndb.test.js > ISBNdb → WorkDTO Normalization > should extract year from year-only string (YYYY) 0ms
 ✓ |node| tests/unit/normalizers-isbndb.test.js > ISBNdb → WorkDTO Normalization > should return undefined for malformed date string 0ms
 ✓ |node| tests/unit/normalizers-isbndb.test.js > ISBNdb → EditionDTO Normalization > should normalize complete ISBNdb book to EditionDTO 0ms
 ✓ |node| tests/unit/normalizers-isbndb.test.js > ISBNdb → EditionDTO Normalization > should use ISBN-10 if ISBN-13 is missing 0ms
 ✓ |node| tests/unit/normalizers-isbndb.test.js > ISBNdb → EditionDTO Normalization > should not include editionTitle if title_long equals title 0ms
 ✓ |node| tests/unit/normalizers-isbndb.test.js > ISBNdb → EditionDTO Normalization > should include editionTitle if title_long differs from title 0ms
 ✓ |node| tests/unit/normalizers-isbndb.test.js > ISBNdb → EditionDTO Normalization > should normalize various binding formats to Hardcover 0ms
 ✓ |node| tests/unit/normalizers-isbndb.test.js > ISBNdb → EditionDTO Normalization > should normalize various binding formats to Paperback 0ms
 ✓ |node| tests/unit/normalizers-isbndb.test.js > ISBNdb → EditionDTO Normalization > should normalize various binding formats to E-book 0ms
 ✓ |node| tests/unit/normalizers-isbndb.test.js > ISBNdb → EditionDTO Normalization > should normalize audiobook binding to Audiobook 0ms
 ✓ |node| tests/unit/normalizers-isbndb.test.js > ISBNdb → EditionDTO Normalization > should default to Paperback for unknown binding 0ms
 ✓ |node| tests/unit/normalizers-isbndb.test.js > ISBNdb → EditionDTO Normalization > should default to Paperback when binding is missing 0ms
 ✓ |node| tests/unit/normalizers-isbndb.test.js > ISBNdb → AuthorDTO Normalization > should normalize author name to AuthorDTO 0ms
 ✓ |node| tests/unit/normalizers-isbndb.test.js > ISBNdb → AuthorDTO Normalization > should handle author names with special characters 0ms
 ✓ |node| tests/unit/normalizers-isbndb.test.js > ISBNdb → AuthorDTO Normalization > should handle multi-word author names 0ms
 ✓ |node| tests/unit/normalizers-isbndb.test.js > ISBNdb Quality Score Calculation > should calculate high quality score for complete data 0ms
 ✓ |node| tests/unit/normalizers-isbndb.test.js > ISBNdb Quality Score Calculation > should calculate medium quality score for partial data 0ms
 ✓ |node| tests/unit/normalizers-isbndb.test.js > ISBNdb Quality Score Calculation > should calculate low quality score for minimal data 0ms
 ✓ |node| tests/unit/normalizers-isbndb.test.js > ISBNdb Quality Score Calculation > should cap quality score at 100 0ms
 ✓ |node| tests/unit/normalizers-isbndb.test.js > ISBNdb Quality Score Calculation > should never go below 0 0ms
 ✓ |node| tests/unit/normalizers-isbndb.test.js > ISBNdb Quality Score Calculation > should handle zero pages correctly 0ms
 ✓ |node| tests/unit/normalizers-isbndb.test.js > ISBNdb Quality Score Calculation > should handle empty arrays correctly 0ms
 ✓ |node| tests/unit/normalizers-isbndb.test.js > ISBNdb Quality Score Calculation > should add points for synopsis longer than 50 characters 0ms
 ✓ |node| tests/unit/normalizers-isbndb.test.js > ISBNdb Normalizer Edge Cases > should handle null values gracefully 0ms
 ✓ |node| tests/unit/normalizers-isbndb.test.js > ISBNdb Normalizer Edge Cases > should handle undefined values gracefully 0ms
 ✓ |node| tests/unit/normalizers-isbndb.test.js > ISBNdb Normalizer Edge Cases > should handle empty strings gracefully 0ms
 ✓ |node| tests/unit/normalizers-isbndb.test.js > ISBNdb Normalizer Edge Cases > should handle both ISBNs missing by using undefined 0ms
 ✓ |node| tests/unit/normalizers-isbndb.test.js > ISBNdb Normalizer Edge Cases > should filter out falsy ISBN values from isbns array 0ms
 ✓ |node| tests/unit/normalizers-isbndb.test.js > ISBNdb Normalizer Edge Cases > should handle extremely long synopsis 0ms
 ✓ |node| tests/unit/normalizers-isbndb.test.js > ISBNdb Normalizer Edge Cases > should handle special characters in all fields 0ms
 ✓ |node| tests/unit/normalizers-isbndb.test.js > ISBNdb Normalizer Edge Cases > should handle negative page count 0ms
 ✓ |node| tests/unit/normalizers-isbndb.test.js > ISBNdb Normalizer Edge Cases > should handle future publication dates 0ms
 ✓ |node| tests/unit/normalizers-isbndb.test.js > ISBNdb Normalizer Edge Cases > should handle ancient publication dates 0ms
 ✓ |node| tests/unit/normalizers-isbndb.test.js > ISBNdb Normalizer Edge Cases > should handle NaN pages in quality score calculation 0ms
 ✓ |node| tests/unit/normalizers-isbndb.test.js > ISBNdb Normalizer Edge Cases > should normalize mixed-case binding formats 0ms
 ✓ |node| tests/unit/normalizers-isbndb.test.js > ISBNdb Normalizer Edge Cases > should handle non-matching year patterns 0ms
 ✓ |node| tests/unit/normalizers-isbndb.test.js > ISBNdb Normalizer Edge Cases > should handle exact 50-character synopsis for quality score 0ms
 ✓ |node| tests/unit/cache-metrics-alarm.test.js > CacheMetricsDO Alarm > should reschedule alarm even if alarm handler throws an error 2ms
 ✓ |node| tests/unit/cache-metrics-alarm.test.js > CacheMetricsDO Alarm > should reschedule alarm on successful execution 0ms
 ✓ |node| tests/unit/cache-metrics-alarm.test.js > CacheMetricsDO Alarm > should continue rescheduling after multiple consecutive failures 0ms
 ✓ |node| tests/unit/cache-metrics-alarm.test.js > CacheMetricsDO Alarm > should handle setAlarm failure gracefully without crashing 0ms
 ✓ |node| tests/integration/external-apis.test.js > Google Books Integration > should search Google Books by title and return results 1ms
 ✓ |node| tests/integration/external-apis.test.js > Google Books Integration > should search Google Books by ISBN and return results 0ms
 ✓ |node| tests/integration/external-apis.test.js > Google Books Integration > should handle empty search results from Google Books 0ms
 ✓ |node| tests/integration/external-apis.test.js > Google Books Integration > should handle 429 rate limit response 0ms
 ✓ |node| tests/integration/external-apis.test.js > Google Books Integration > should return error when Google Books API key missing 0ms
 ✓ |node| tests/integration/external-apis.test.js > Google Books Integration > should timeout Google Books requests after 5000ms 0ms
 ✓ |node| tests/integration/external-apis.test.js > Google Books Integration > should handle malformed JSON from Google Books 0ms
 ✓ |node| tests/integration/external-apis.test.js > Google Books Integration > should normalize Google Books response to canonical format 0ms
 ✓ |node| tests/integration/external-apis.test.js > OpenLibrary Integration > should search OpenLibrary by title and return results 0ms
 ✓ |node| tests/integration/external-apis.test.js > OpenLibrary Integration > should search OpenLibrary by ISBN and return results 0ms
 ✓ |node| tests/integration/external-apis.test.js > OpenLibrary Integration > should search OpenLibrary by author 0ms
 ✓ |node| tests/integration/external-apis.test.js > OpenLibrary Integration > should handle empty search results from OpenLibrary 0ms
 ✓ |node| tests/integration/external-apis.test.js > OpenLibrary Integration > should handle incomplete author data from OpenLibrary 0ms
 ✓ |node| tests/integration/external-apis.test.js > OpenLibrary Integration > should handle missing edition fields gracefully 0ms
 ✓ |node| tests/integration/external-apis.test.js > OpenLibrary Integration > should normalize OpenLibrary response to canonical format 0ms
 ✓ |node| tests/integration/external-apis.test.js > ISBNdb Integration > should search ISBNdb for cover images 0ms
 ✓ |node| tests/integration/external-apis.test.js > ISBNdb Integration > should handle missing cover URL from ISBNdb 0ms
 ✓ |node| tests/integration/external-apis.test.js > ISBNdb Integration > should handle ISBNdb rate limiting 0ms
 ✓ |node| tests/integration/external-apis.test.js > Provider Fallback Chain > should use only Google Books when successful 0ms
 ✓ |node| tests/integration/external-apis.test.js > Provider Fallback Chain > should fallback to OpenLibrary when Google Books fails 0ms
 ✓ |node| tests/integration/external-apis.test.js > Provider Fallback Chain > should return error when all providers fail 0ms
 ✓ |node| tests/integration/external-apis.test.js > Provider Fallback Chain > should supplement with secondary provider if primary incomplete 0ms
 ✓ |node| tests/integration/external-apis.test.js > Provider Fallback Chain > should request all providers in parallel 0ms
 ✓ |node| tests/integration/external-apis.test.js > Provider Fallback Chain > should merge results from multiple providers 0ms
 ✓ |node| tests/integration/external-apis.test.js > Provider Fallback Chain > should prefer highest quality data from any provider 0ms
 ✓ |node| tests/integration/external-apis.test.js > Error Recovery > should handle network timeout gracefully 0ms
 ✓ |node| tests/integration/external-apis.test.js > Error Recovery > should handle connection refused error 0ms
 ✓ |node| tests/integration/external-apis.test.js > Error Recovery > should handle truncated JSON response 0ms
 ✓ |node| tests/integration/external-apis.test.js > Error Recovery > should validate response content-type 0ms
 ✓ |node| tests/integration/external-apis.test.js > Error Recovery > should respect rate-limit retry-after header 0ms
 ✓ |node| tests/integration/external-apis.test.js > API Key Management > should use direct API key from env 0ms
 ✓ |node| tests/integration/external-apis.test.js > API Key Management > should use API key from secrets store with .get() method 0ms
 ✓ |node| tests/integration/external-apis.test.js > API Key Management > should return error when API key missing 0ms
 ✓ |node| tests/integration/external-apis.test.js > API Key Management > should handle API key with special characters 0ms
 ✓ |node| tests/unit/v3-jobs-common.test.ts > V3 Jobs Common Utilities > generateAuthToken > should generate 64-character hex token 1ms
 ✓ |node| tests/unit/v3-jobs-common.test.ts > V3 Jobs Common Utilities > generateAuthToken > should generate unique tokens 0ms
 ✓ |node| tests/unit/v3-jobs-common.test.ts > V3 Jobs Common Utilities > generateAuthToken > should only use lowercase hex characters 0ms
 ✓ |node| tests/unit/v3-jobs-common.test.ts > V3 Jobs Common Utilities > generateAuthToken > should generate cryptographically random tokens 0ms
 ✓ |node| tests/unit/v3-jobs-common.test.ts > V3 Jobs Common Utilities > validateTokenFormat > should validate 64-character hex token 0ms
 ✓ |node| tests/unit/v3-jobs-common.test.ts > V3 Jobs Common Utilities > validateTokenFormat > should validate mixed hex characters 0ms
 ✓ |node| tests/unit/v3-jobs-common.test.ts > V3 Jobs Common Utilities > validateTokenFormat > should reject undefined token 0ms
 ✓ |node| tests/unit/v3-jobs-common.test.ts > V3 Jobs Common Utilities > validateTokenFormat > should reject empty string 0ms
 ✓ |node| tests/unit/v3-jobs-common.test.ts > V3 Jobs Common Utilities > validateTokenFormat > should reject token that is too short 0ms
 ✓ |node| tests/unit/v3-jobs-common.test.ts > V3 Jobs Common Utilities > validateTokenFormat > should reject token that is too long 0ms
 ✓ |node| tests/unit/v3-jobs-common.test.ts > V3 Jobs Common Utilities > validateTokenFormat > should reject token with invalid characters 0ms
 ✓ |node| tests/unit/v3-jobs-common.test.ts > V3 Jobs Common Utilities > validateTokenFormat > should reject token with uppercase hex characters 0ms
 ✓ |node| tests/unit/v3-jobs-common.test.ts > V3 Jobs Common Utilities > validateTokenFormat > should reject token with special characters 0ms
 ✓ |node| tests/unit/v3-jobs-common.test.ts > V3 Jobs Common Utilities > parseLastEventId > should parse valid numeric event ID 0ms
 ✓ |node| tests/unit/v3-jobs-common.test.ts > V3 Jobs Common Utilities > parseLastEventId > should parse zero 0ms
 ✓ |node| tests/unit/v3-jobs-common.test.ts > V3 Jobs Common Utilities > parseLastEventId > should parse large numbers 0ms
 ✓ |node| tests/unit/v3-jobs-common.test.ts > V3 Jobs Common Utilities > parseLastEventId > should return null for undefined 0ms
 ✓ |node| tests/unit/v3-jobs-common.test.ts > V3 Jobs Common Utilities > parseLastEventId > should return null for empty string 0ms
 ✓ |node| tests/unit/v3-jobs-common.test.ts > V3 Jobs Common Utilities > parseLastEventId > should return null for non-numeric string 0ms
 ✓ |node| tests/unit/v3-jobs-common.test.ts > V3 Jobs Common Utilities > parseLastEventId > should parse decimal numbers as integers (parseInt behavior) 0ms
 ✓ |node| tests/unit/v3-jobs-common.test.ts > V3 Jobs Common Utilities > parseLastEventId > should parse negative numbers 0ms
 ✓ |node| tests/unit/v3-jobs-common.test.ts > V3 Jobs Common Utilities > buildStreamUrl > should build stream URL from base URL 0ms
 ✓ |node| tests/unit/v3-jobs-common.test.ts > V3 Jobs Common Utilities > buildStreamUrl > should build stream URL for scan job 0ms
 ✓ |node| tests/unit/v3-jobs-common.test.ts > V3 Jobs Common Utilities > buildStreamUrl > should build stream URL for enrichment job 0ms
 ✓ |node| tests/unit/v3-jobs-common.test.ts > V3 Jobs Common Utilities > buildStreamUrl > should preserve host from base URL 0ms
 ✓ |node| tests/unit/v3-jobs-common.test.ts > V3 Jobs Common Utilities > buildStreamUrl > should always use https protocol 0ms
 ✓ |node| tests/unit/v3-jobs-common.test.ts > V3 Jobs Common Utilities > buildStreamUrl > should handle base URL with query params 0ms
 ✓ |node| tests/unit/v3-jobs-common.test.ts > V3 Jobs Common Utilities > createJobLinks > should create HATEOAS links for import job 0ms
 ✓ |node| tests/unit/v3-jobs-common.test.ts > V3 Jobs Common Utilities > createJobLinks > should create HATEOAS links for scan job 0ms
 ✓ |node| tests/unit/v3-jobs-common.test.ts > V3 Jobs Common Utilities > createJobLinks > should create HATEOAS links for enrichment job 0ms
 ✓ |node| tests/unit/v3-jobs-common.test.ts > V3 Jobs Common Utilities > createJobLinks > should use related rel for stream link 0ms
 ✓ |node| tests/unit/v3-jobs-common.test.ts > V3 Jobs Common Utilities > createJobLinks > should use GET method for self link 0ms
 ✓ |node| tests/unit/v3-jobs-common.test.ts > V3 Jobs Common Utilities > createJobLinks > should use GET method for stream link 0ms
 ✓ |node| tests/unit/v3-jobs-common.test.ts > V3 Jobs Common Utilities > createJobLinks > should use DELETE method for cancel link 0ms
 ✓ |node| tests/unit/v3-jobs-common.test.ts > V3 Jobs Common Utilities > createJobLinks > should use self relation for self link 0ms
 ✓ |node| tests/unit/v3-jobs-common.test.ts > V3 Jobs Common Utilities > createJobLinks > should use related relation for stream and cancel links 0ms
 ✓ |node| tests/popular-books-config.test.js > Popular Books Configuration > POPULAR_ISBNS constant > should contain exactly 100 ISBNs 1ms
 ✓ |node| tests/popular-books-config.test.js > Popular Books Configuration > POPULAR_ISBNS constant > should contain only valid ISBN-13 format (13 digits) 1ms
 ✓ |node| tests/popular-books-config.test.js > Popular Books Configuration > POPULAR_ISBNS constant > should not contain duplicates 0ms
 ✓ |node| tests/popular-books-config.test.js > Popular Books Configuration > POPULAR_ISBNS constant > should include Harry Potter and the Philosopher's Stone 0ms
 ✓ |node| tests/popular-books-config.test.js > Popular Books Configuration > POPULAR_ISBNS constant > should include 1984 by George Orwell 0ms
 ✓ |node| tests/popular-books-config.test.js > Popular Books Configuration > POPULAR_ISBNS constant > should include The Great Gatsby 0ms
 ✓ |node| tests/popular-books-config.test.js > Popular Books Configuration > POPULAR_ISBNS constant > should include To Kill a Mockingbird 0ms
 ✓ |node| tests/popular-books-config.test.js > Popular Books Configuration > POPULAR_ISBNS constant > should include The Catcher in the Rye 0ms
 ✓ |node| tests/popular-books-config.test.js > Popular Books Configuration > getPopularISBNs() > should return an array of ISBNs 0ms
 ✓ |node| tests/popular-books-config.test.js > Popular Books Configuration > getPopularISBNs() > should return a copy (not the original array) 0ms
 ✓ |node| tests/popular-books-config.test.js > Popular Books Configuration > getPopularISBNs() > should not mutate original array when modifying result 0ms
 ✓ |node| tests/popular-books-config.test.js > Popular Books Configuration > isPopularBook() > should return true for popular books 0ms
 ✓ |node| tests/popular-books-config.test.js > Popular Books Configuration > isPopularBook() > should return false for non-popular books 0ms
 ✓ |node| tests/popular-books-config.test.js > Popular Books Configuration > isPopularBook() > should handle ISBNs with hyphens 0ms
 ✓ |node| tests/popular-books-config.test.js > Popular Books Configuration > isPopularBook() > should handle ISBNs with spaces 0ms
 ✓ |node| tests/popular-books-config.test.js > Popular Books Configuration > isPopularBook() > should be case-insensitive for alphanumeric ISBNs 0ms
 ✓ |node| tests/popular-books-config.test.js > Popular Books Configuration > getPopularBooksCount() > should return 100 0ms
 ✓ |node| tests/popular-books-config.test.js > Popular Books Configuration > getPopularBooksCount() > should match POPULAR_ISBNS length 0ms
 ✓ |node| tests/popular-books-config.test.js > Popular Books Configuration > ISBN distribution validation > should include books from multiple genres 0ms
 ✓ |node| tests/popular-books-config.test.js > Popular Books Configuration > ISBN distribution validation > should include classic literature 0ms
 ✓ |node| tests/popular-books-config.test.js > Popular Books Configuration > ISBN distribution validation > should include modern bestsellers 0ms
 ✓ |node| tests/unit/auth.test.js > Token Generation > should generate valid UUID v4 token 1ms
 ✓ |node| tests/unit/auth.test.js > Token Generation > should generate unique tokens 0ms
 ✓ |node| tests/unit/auth.test.js > Token Generation > should produce consistent token format 1ms
 ✓ |node| tests/unit/auth.test.js > Token Expiration > should set token expiration to 2 hours from now 0ms
 ✓ |node| tests/unit/auth.test.js > Token Expiration > should store expiration as milliseconds since epoch 0ms
 ✓ |node| tests/unit/auth.test.js > Token Expiration > should correctly identify expired token 0ms
 ✓ |node| tests/unit/auth.test.js > Token Expiration > should accept token just before expiration 0ms
 ✓ |node| tests/unit/auth.test.js > Token Expiration > should reject token at exact expiration boundary 0ms
 ✓ |node| tests/unit/auth.test.js > Token Refresh Window > should enforce 30-minute refresh window 0ms
 ✓ |node| tests/unit/auth.test.js > Token Refresh Window > should reject refresh if >30 minutes remain 0ms
 ✓ |node| tests/unit/auth.test.js > Token Refresh Window > should accept refresh at 30-minute boundary 0ms
 ✓ |node| tests/unit/auth.test.js > Token Refresh Window > should accept refresh within window 0ms
 ✓ |node| tests/unit/auth.test.js > Token Refresh Window > should reject refresh after token expired 0ms
 ✓ |node| tests/unit/auth.test.js > Token Validation > should validate matching token pair 0ms
 ✓ |node| tests/unit/auth.test.js > Token Validation > should reject non-matching token 0ms
 ✓ |node| tests/unit/auth.test.js > Token Validation > should reject null/undefined token 0ms
 ✓ |node| tests/unit/auth.test.js > Token Validation > should reject empty string token 0ms
 ✓ |node| tests/unit/auth.test.js > Token Validation > should enforce token case sensitivity 0ms
 ✓ |node| tests/unit/auth.test.js > Token Refresh Generation > should generate new token on successful refresh 0ms
 ✓ |node| tests/unit/auth.test.js > Token Refresh Generation > should produce different token on refresh 0ms
 ✓ |node| tests/unit/auth.test.js > Token Refresh Generation > should extend expiration by 2 hours on refresh 0ms
 ✓ |node| tests/unit/auth.test.js > Token Refresh Generation > should prevent concurrent token refresh race condition 0ms
 ✓ |node| tests/unit/auth.test.js > Token Storage > should store token and expiration together 0ms
 ✓ |node| tests/unit/auth.test.js > Token Storage > should retrieve stored token correctly 0ms
 ✓ |node| tests/unit/auth.test.js > Token Storage > should retrieve stored expiration timestamp 0ms
 ✓ |node| tests/unit/auth.test.js > Token Storage > should overwrite old token on setAuthToken 0ms
stderr | tests/unit/isbndb-api.test.js > ISBNdbAPI > fetchBook > should not expose API key in error messages
ISBNdb API error for 9780451524935: ISBNdb API error: 401 - Unauthorized

 ✓ |node| tests/unit/isbndb-api.test.js > ISBNdbAPI > Constructor and API Key > should accept plain string API key 1ms
 ✓ |node| tests/unit/isbndb-api.test.js > ISBNdbAPI > Constructor and API Key > should throw error if API key is not configured 0ms
 ✓ |node| tests/unit/isbndb-api.test.js > ISBNdbAPI > fetchBook > should use resolved API key in request headers 1ms
 ✓ |node| tests/unit/isbndb-api.test.js > ISBNdbAPI > fetchBook > should not expose API key in error messages 0ms
 ✓ |node| tests/unit/isbndb-api.test.js > ISBNdbAPI > healthCheck > should use API key in health check 0ms
 ✓ |node| tests/unit/isbndb-api.test.js > ISBNdbAPI > healthCheck > should not expose API key in health check errors 0ms
 ✓ |node| tests/integration/websocket-concurrent-connections.test.js > WebSocket Concurrent Connection Prevention (Issue #165) > Concurrent Connection Rejection > should reject second connection when first is still active 1ms
 ✓ |node| tests/integration/websocket-concurrent-connections.test.js > WebSocket Concurrent Connection Prevention (Issue #165) > Concurrent Connection Rejection > should preserve first connection when rejecting second 0ms
 ✓ |node| tests/integration/websocket-concurrent-connections.test.js > WebSocket Concurrent Connection Prevention (Issue #165) > Concurrent Connection Rejection > should use close code 1008 (POLICY_VIOLATION) for rejected connections 0ms
 ✓ |node| tests/integration/websocket-concurrent-connections.test.js > WebSocket Concurrent Connection Prevention (Issue #165) > Concurrent Connection Rejection > should provide clear error message to rejected client 0ms
 ✓ |node| tests/integration/websocket-concurrent-connections.test.js > WebSocket Concurrent Connection Prevention (Issue #165) > Explicit Reconnection Support > should allow reconnection when reconnect=true 0ms
 ✓ |node| tests/integration/websocket-concurrent-connections.test.js > WebSocket Concurrent Connection Prevention (Issue #165) > Explicit Reconnection Support > should close old WebSocket before establishing new one on reconnect 0ms
 ✓ |node| tests/integration/websocket-concurrent-connections.test.js > WebSocket Concurrent Connection Prevention (Issue #165) > Explicit Reconnection Support > should maintain state during explicit reconnection 0ms
 ✓ |node| tests/integration/websocket-concurrent-connections.test.js > WebSocket Concurrent Connection Prevention (Issue #165) > Connection Lifecycle > should allow new connection after first disconnects gracefully 0ms
 ✓ |node| tests/integration/websocket-concurrent-connections.test.js > WebSocket Concurrent Connection Prevention (Issue #165) > Connection Lifecycle > should allow new connection after first times out 0ms
 ✓ |node| tests/integration/websocket-concurrent-connections.test.js > WebSocket Concurrent Connection Prevention (Issue #165) > Connection Lifecycle > should handle rapid disconnect/reconnect cycles 0ms
 ✓ |node| tests/integration/websocket-concurrent-connections.test.js > WebSocket Concurrent Connection Prevention (Issue #165) > Edge Cases > should handle concurrent reconnection attempts 0ms
 ✓ |node| tests/integration/websocket-concurrent-connections.test.js > WebSocket Concurrent Connection Prevention (Issue #165) > Edge Cases > should handle reconnect=true on first connection (no existing WebSocket) 0ms
 ✓ |node| tests/integration/websocket-concurrent-connections.test.js > WebSocket Concurrent Connection Prevention (Issue #165) > Edge Cases > should reject concurrent connection even during grace period 0ms
 ✓ |node| tests/integration/websocket-concurrent-connections.test.js > WebSocket Concurrent Connection Prevention (Issue #165) > Security Scenarios > should prevent token hijacking via concurrent connections 0ms
 ✓ |node| tests/integration/websocket-concurrent-connections.test.js > WebSocket Concurrent Connection Prevention (Issue #165) > Security Scenarios > should prevent race condition during reconnection window 0ms
 ✓ |node| tests/integration/websocket-concurrent-connections.test.js > WebSocket Concurrent Connection Prevention (Issue #165) > Security Scenarios > should allow legitimate reconnection after explicit disconnect 0ms
 ✓ |node| tests/integration/websocket-concurrent-connections.test.js > WebSocket Concurrent Connection Prevention (Issue #165) > Error Messages > should include helpful reconnection instructions in rejection 0ms
 ✓ |node| tests/integration/websocket-concurrent-connections.test.js > WebSocket Concurrent Connection Prevention (Issue #165) > Error Messages > should log security event when rejecting concurrent connection 0ms
 ✓ |node| tests/integration/batch-processing.test.js > Batch Enrichment > should enrich batch of 5 books in parallel 1ms
 ✓ |node| tests/integration/batch-processing.test.js > Batch Enrichment > should handle mixed success/failure in batch 0ms
 ✓ |node| tests/integration/batch-processing.test.js > Batch Enrichment > should track batch progress via WebSocket 0ms
 ✓ |node| tests/integration/batch-processing.test.js > Batch Enrichment > should cancel batch mid-processing 0ms
 ✓ |node| tests/integration/batch-processing.test.js > Batch Enrichment > should timeout batch after 30 minutes 0ms
 ✓ |node| tests/integration/batch-processing.test.js > Batch Enrichment > should isolate concurrent batch enrichments 0ms
 ✓ |node| tests/integration/batch-processing.test.js > Batch Enrichment > should recover from enrichment errors in batch 0ms
 ✓ |node| tests/integration/batch-processing.test.js > Batch Enrichment > should deduplicate authors across batch 0ms
 ✓ |node| tests/integration/batch-processing.test.js > Batch Scan (Photos) > should process uploaded photos in batch 0ms
 ✓ |node| tests/integration/batch-processing.test.js > Batch Scan (Photos) > should update photo state during processing 0ms
 ✓ |node| tests/integration/batch-processing.test.js > Batch Scan (Photos) > should process multiple photos in parallel 0ms
 ✓ |node| tests/integration/batch-processing.test.js > Batch Scan (Photos) > should isolate photo errors (one fails, others continue) 0ms
 ✓ |node| tests/integration/batch-processing.test.js > Batch Scan (Photos) > should cancel bookshelf scan mid-processing 0ms
 ✓ |node| tests/integration/batch-processing.test.js > Batch Scan (Photos) > should track total books found across photos 0ms
 ✓ |node| tests/integration/batch-processing.test.js > Batch Scan (Photos) > should complete batch and return results 0ms
 ✓ |node| tests/integration/batch-processing.test.js > CSV Import > should parse CSV and extract book data 0ms
 ✓ |node| tests/integration/batch-processing.test.js > CSV Import > should enrich books from CSV 0ms
 ✓ |node| tests/integration/batch-processing.test.js > CSV Import > should handle invalid rows in CSV 0ms
 ✓ |node| tests/integration/batch-processing.test.js > CSV Import > should validate CSV file size 0ms
 ✓ |node| tests/integration/batch-processing.test.js > CSV Import > should handle CSV parsing errors 0ms
 ✓ |node| tests/integration/batch-processing.test.js > CSV Import > should track CSV import progress 0ms
 ✓ |node| tests/integration/batch-processing.test.js > CSV Import > should complete CSV import with results 0ms
 ✓ |node| tests/integration/batch-processing.test.js > CSV Import > should schedule CSV processing alarm 0ms
 ✓ |node| tests/integration/batch-processing.test.js > Progress WebSocket Communication > should send job_started message 0ms
 ✓ |node| tests/integration/batch-processing.test.js > Progress WebSocket Communication > should send job_progress message with updates 0ms
 ✓ |node| tests/integration/batch-processing.test.js > Progress WebSocket Communication > should send job_complete with results 0ms
 ✓ |node| tests/integration/batch-processing.test.js > Progress WebSocket Communication > should send error message on failure 0ms
 ✓ |node| tests/integration/batch-processing.test.js > Progress WebSocket Communication > should maintain progress message order 0ms
 ✓ |node| tests/integration/batch-processing.test.js > Progress WebSocket Communication > should send keepalive during long processing 0ms
 ✓ |node| tests/integration/batch-processing.test.js > Progress WebSocket Communication > should handle client disconnect gracefully 0ms
 ✓ |node| tests/integration/batch-processing.test.js > Progress WebSocket Communication > should recover state on client reconnect 0ms
 ✓ |node| tests/integration/batch-processing.test.js > Concurrent Operations > should isolate concurrent enrichment batches 0ms
 ✓ |node| tests/integration/batch-processing.test.js > Concurrent Operations > should process photos concurrently without collision 0ms
 ✓ |node| tests/integration/batch-processing.test.js > Concurrent Operations > should handle concurrent CSV imports 0ms
 ✓ |node| tests/integration/batch-processing.test.js > Concurrent Operations > should handle concurrent cancellation requests 0ms
 ✓ |node| tests/integration/batch-processing.test.js > Concurrent Operations > should maintain state consistency under concurrent load 0ms
 ✓ |node| tests/integration/batch-processing.test.js > Concurrent Operations > should handle message queue under heavy load 0ms
 ✓ |node| tests/integration/batch-processing.test.js > Error Recovery > should recover from enrichment errors 0ms
 ✓ |node| tests/integration/batch-processing.test.js > Error Recovery > should recover from provider timeout 0ms
 ✓ |node| tests/integration/batch-processing.test.js > Error Recovery > should retry failed enrichment 0ms
 ✓ |node| tests/integration/batch-processing.test.js > Error Recovery > should handle partial completion gracefully 0ms
 ✓ |node| tests/integration/batch-processing.test.js > Error Recovery > should handle storage failures during batch 0ms
 ✓ |node| tests/integration/batch-processing.test.js > Error Recovery > should manage memory during large batch 0ms
 ✓ |node| tests/edge-cache.test.js > EdgeCacheService > get returns null on cache miss 1ms
 ✓ |node| tests/edge-cache.test.js > EdgeCacheService > set stores data and get retrieves it 2ms
 ✓ |node| tests/unit/normalizers.test.js > Google Books Normalizer > should normalize Google Books volume to WorkDTO 1ms
 ✓ |node| tests/unit/normalizers.test.js > Google Books Normalizer > should normalize Google Books edition to EditionDTO 0ms
 ✓ |node| tests/unit/normalizers.test.js > Google Books Normalizer > should extract author data from Google Books response 0ms
 ✓ |node| tests/unit/normalizers.test.js > Google Books Normalizer > should normalize ISBN formats (10/13 digit) 0ms
 ✓ |node| tests/unit/normalizers.test.js > Google Books Normalizer > should handle missing optional fields gracefully 0ms
 ✓ |node| tests/unit/normalizers.test.js > OpenLibrary Normalizer > should normalize OpenLibrary work to WorkDTO 0ms
 ✓ |node| tests/unit/normalizers.test.js > OpenLibrary Normalizer > should normalize OpenLibrary edition to EditionDTO 0ms
 ✓ |node| tests/unit/normalizers.test.js > OpenLibrary Normalizer > should normalize OpenLibrary author to AuthorDTO 0ms
 ✓ |node| tests/unit/normalizers.test.js > OpenLibrary Normalizer > should handle incomplete author data 0ms
 ✓ |node| tests/unit/normalizers.test.js > OpenLibrary Normalizer > should handle missing edition fields 0ms
 ✓ |node| tests/unit/normalizers.test.js > ISBNdb Normalizer > should normalize ISBNdb response to WorkDTO 0ms
 ✓ |node| tests/unit/normalizers.test.js > ISBNdb Normalizer > should extract cover image URL from ISBNdb 0ms
 ✓ |node| tests/unit/normalizers.test.js > ISBNdb Normalizer > should handle missing cover URL gracefully 0ms
 ✓ |node| tests/unit/normalizers.test.js > ISBNdb Normalizer > should extract author data from ISBNdb 0ms
 ✓ |node| tests/unit/normalizers.test.js > Canonical DTO Validation > should produce valid WorkDTO 0ms
 ✓ |node| tests/unit/normalizers.test.js > Canonical DTO Validation > should include all required WorkDTO fields 0ms
 ✓ |node| tests/unit/normalizers.test.js > Canonical DTO Validation > should enforce EditionDTO type constraints 0ms
 ✓ |node| tests/unit/normalizers.test.js > Canonical DTO Validation > should produce properly formatted AuthorDTO array 0ms
 ✓ |node| tests/metrics-aggregator.test.js > aggregateMetrics > Analytics Engine Limitations > should return placeholder data when Analytics Engine query not available 1ms
 ✓ |node| tests/metrics-aggregator.test.js > aggregateMetrics > Analytics Engine Limitations > should include GraphQL endpoint information 0ms
 ✓ |node| tests/metrics-aggregator.test.js > aggregateMetrics > Period Mapping > should handle 15m period 0ms
 ✓ |node| tests/metrics-aggregator.test.js > aggregateMetrics > Period Mapping > should handle 1h period 0ms
 ✓ |node| tests/metrics-aggregator.test.js > aggregateMetrics > Period Mapping > should handle 24h period 0ms
 ✓ |node| tests/metrics-aggregator.test.js > aggregateMetrics > Period Mapping > should handle 7d period 0ms
 ✓ |node| tests/metrics-aggregator.test.js > aggregateMetrics > Period Mapping > should default to 1h for unknown period 0ms
 ✓ |node| tests/metrics-aggregator.test.js > aggregateMetrics > Metrics Structure > should return complete metrics structure 0ms
 ✓ |node| tests/metrics-aggregator.test.js > aggregateMetrics > Metrics Structure > should include all hit rate types 0ms
 ✓ |node| tests/metrics-aggregator.test.js > aggregateMetrics > Metrics Structure > should include all volume counters 0ms
 ✓ |node| tests/metrics-aggregator.test.js > aggregateMetrics > Hit Rate Calculations > should calculate hit rates from provided data 0ms
 ✓ |node| tests/metrics-aggregator.test.js > aggregateMetrics > Hit Rate Calculations > should handle zero requests without division errors 0ms
 ✓ |node| tests/metrics-aggregator.test.js > aggregateMetrics > Hit Rate Calculations > should calculate R2 rehydration rate 0ms
 ✓ |node| tests/metrics-aggregator.test.js > aggregateMetrics > Latency Data Structure > should include latency structure for each cache source 0ms
 ✓ |node| tests/metrics-aggregator.test.js > aggregateMetrics > Latency Data Structure > should parse latency percentiles correctly 0ms
 ✓ |node| tests/metrics-aggregator.test.js > aggregateMetrics > Timestamp Format > should return ISO 8601 timestamp 0ms
 ✓ |node| tests/metrics-aggregator.test.js > aggregateMetrics > Timestamp Format > should have recent timestamp 0ms
 ✓ |node| tests/unit/v3-search-pagination.test.ts > V3 Search Pagination > Issue #187: True total count in pagination > should calculate totalPages from all results, not just current page 1ms
 ✓ |node| tests/unit/v3-search-pagination.test.ts > V3 Search Pagination > Issue #187: True total count in pagination > should correctly paginate to page 2 0ms
 ✓ |node| tests/unit/v3-search-pagination.test.ts > V3 Search Pagination > Issue #187: True total count in pagination > should correctly paginate to last page with partial results 0ms
 ✓ |node| tests/unit/v3-search-pagination.test.ts > V3 Search Pagination > Issue #187: True total count in pagination > should handle empty results 0ms
 ✓ |node| tests/unit/v3-search-pagination.test.ts > V3 Search Pagination > Issue #187: True total count in pagination > should handle single page of results 0ms
 ✓ |node| tests/unit/v3-search-pagination.test.ts > V3 Search Pagination > Issue #187: True total count in pagination > should not return books beyond available results 0ms
 ✓ |node| tests/unit/v3-search-pagination.test.ts > V3 Search Pagination > Issue #186: Search mode validation > should only accept "text" mode in schema 1ms
 ✓ |node| tests/unit/v3-search-pagination.test.ts > V3 Search Pagination > Issue #186: Search mode validation > should default to "text" mode when not provided 1ms
 ✓ |node| tests/cache-key-factory.test.js > CacheKeyFactory > authorSearch() > should generate cache key with default parameters 1ms
 ✓ |node| tests/cache-key-factory.test.js > CacheKeyFactory > authorSearch() > should normalize query by trimming and lowercasing 0ms
 ✓ |node| tests/cache-key-factory.test.js > CacheKeyFactory > authorSearch() > should include custom maxResults parameter 0ms
 ✓ |node| tests/cache-key-factory.test.js > CacheKeyFactory > authorSearch() > should include custom sortBy parameter 0ms
 ✓ |node| tests/cache-key-factory.test.js > CacheKeyFactory > authorSearch() > should include showAllEditions parameter 0ms
 ✓ |node| tests/cache-key-factory.test.js > CacheKeyFactory > authorSearch() > should sort parameters alphabetically for consistency 0ms
 ✓ |node| tests/cache-key-factory.test.js > CacheKeyFactory > authorSearch() > should produce URL-safe base64 encoding 0ms
 ✓ |node| tests/cache-key-factory.test.js > CacheKeyFactory > bookISBN() > should generate cache key for ISBN-13 0ms
 ✓ |node| tests/cache-key-factory.test.js > CacheKeyFactory > bookISBN() > should generate cache key for ISBN-10 0ms
 ✓ |node| tests/cache-key-factory.test.js > CacheKeyFactory > bookISBN() > should normalize ISBN by removing hyphens 0ms
 ✓ |node| tests/cache-key-factory.test.js > CacheKeyFactory > bookISBN() > should handle ISBN without hyphens 0ms
 ✓ |node| tests/cache-key-factory.test.js > CacheKeyFactory > bookTitle() > should generate cache key with default maxResults 0ms
 ✓ |node| tests/cache-key-factory.test.js > CacheKeyFactory > bookTitle() > should normalize title by trimming and lowercasing 0ms
 ✓ |node| tests/cache-key-factory.test.js > CacheKeyFactory > bookTitle() > should include custom maxResults parameter 0ms
 ✓ |node| tests/cache-key-factory.test.js > CacheKeyFactory > bookTitle() > should maintain alphabetical parameter order 0ms
 ✓ |node| tests/cache-key-factory.test.js > CacheKeyFactory > bookTitle() > should handle special characters in title 0ms
 ✓ |node| tests/cache-key-factory.test.js > CacheKeyFactory > coverImage() > should generate cache key for cover image 0ms
 ✓ |node| tests/cache-key-factory.test.js > CacheKeyFactory > coverImage() > should normalize ISBN by removing hyphens 0ms
 ✓ |node| tests/cache-key-factory.test.js > CacheKeyFactory > generic() > should generate cache key with sorted parameters 0ms
 ✓ |node| tests/cache-key-factory.test.js > CacheKeyFactory > generic() > should handle empty parameters 0ms
 ✓ |node| tests/cache-key-factory.test.js > CacheKeyFactory > generic() > should handle single parameter 0ms
 ✓ |node| tests/cache-key-factory.test.js > CacheKeyFactory > generic() > should maintain consistent order regardless of input order 0ms
 ✓ |node| tests/cache-key-factory.test.js > CacheKeyFactory > Consistency across methods > should produce different keys for different search types 0ms
 ✓ |node| tests/cache-key-factory.test.js > CacheKeyFactory > Consistency across methods > should produce consistent keys for same inputs 0ms
 ✓ |node| tests/cache-key-factory.test.js > CacheKeyFactory > Consistency across methods > should produce different keys for different inputs 0ms
 ✓ |node| tests/unit/cache.test.js > Cache TTL Assignment > should assign 365-day TTL for ISBN search results 1ms
 ✓ |node| tests/unit/cache.test.js > Cache TTL Assignment > should assign 7-day TTL for title search results 0ms
 ✓ |node| tests/unit/cache.test.js > Cache TTL Assignment > should calculate TTL in seconds for KV.put() 0ms
 ✓ |node| tests/unit/cache.test.js > Cache TTL Assignment > should reduce TTL for low-confidence enrichment results 0ms
 ✓ |node| tests/unit/cache.test.js > Cache Hit & Retrieval > should return cached value on hit 0ms
 ✓ |node| tests/unit/cache.test.js > Cache Hit & Retrieval > should preserve cache metadata (source, timestamp) 0ms
 ✓ |node| tests/unit/cache.test.js > Cache Hit & Retrieval > should retrieve from KV cache in <50ms 0ms
 ✓ |node| tests/unit/cache.test.js > Cache Hit & Retrieval > should retrieve from edge cache in <10ms 0ms
 ✓ |node| tests/unit/cache.test.js > Cache Miss & Recovery > should fetch from provider on cache miss 0ms
 ✓ |node| tests/unit/cache.test.js > Cache Miss & Recovery > should populate cache after provider fetch 0ms
 ✓ |node| tests/unit/cache.test.js > Cache Miss & Recovery > should handle concurrent cache misses efficiently 0ms
 ✓ |node| tests/unit/cache.test.js > Cache Miss & Recovery > should timeout slow provider during cache miss 0ms
 ✓ |node| tests/unit/cache.test.js > Cache Invalidation > should invalidate cache on new enrichment 0ms
 ✓ |node| tests/unit/cache.test.js > Cache Invalidation > should support pattern-based cache invalidation 0ms
 ✓ |node| tests/unit/cache.test.js > Cache Invalidation > should cleanup cache on manual eviction 0ms
 ✓ |node| tests/unit/cache.test.js > Cache Key Generation > should generate consistent cache keys 0ms
 ✓ |node| tests/unit/cache.test.js > Cache Key Generation > should generate unique key for each ISBN 0ms
 ✓ |node| tests/unit/cache.test.js > Cache Key Generation > should namespace cache keys by data type 0ms
 ✓ |node| tests/e2e/websocket-dual-implementation.test.js > WebSocket E2E - 'Traditional DO' > WebSocket Connection Lifecycle > [Traditional DO] should establish WebSocket connection with valid token 1ms
 ✓ |node| tests/e2e/websocket-dual-implementation.test.js > WebSocket E2E - 'Traditional DO' > WebSocket Connection Lifecycle > [Traditional DO] should reject connection with invalid token 0ms
 ✓ |node| tests/e2e/websocket-dual-implementation.test.js > WebSocket E2E - 'Traditional DO' > WebSocket Connection Lifecycle > [Traditional DO] should close connection on job completion 0ms
 ✓ |node| tests/e2e/websocket-dual-implementation.test.js > WebSocket E2E - 'Traditional DO' > Progress Updates > [Traditional DO] should send progress updates via WebSocket 0ms
 ✓ |node| tests/e2e/websocket-dual-implementation.test.js > WebSocket E2E - 'Traditional DO' > Progress Updates > [Traditional DO] should handle ready signal correctly 0ms
 ✓ |node| tests/e2e/websocket-dual-implementation.test.js > WebSocket E2E - 'Traditional DO' > Progress Updates > [Traditional DO] should send ready_ack with correct pipeline 0ms
 ✓ |node| tests/e2e/websocket-dual-implementation.test.js > WebSocket E2E - 'Traditional DO' > CSV Import Flow > [Traditional DO] should process CSV with WebSocket updates 0ms
 ✓ |node| tests/e2e/websocket-dual-implementation.test.js > WebSocket E2E - 'Traditional DO' > CSV Import Flow > [Traditional DO] should handle CSV processing errors gracefully 0ms
 ✓ |node| tests/e2e/websocket-dual-implementation.test.js > WebSocket E2E - 'Traditional DO' > Batch Enrichment Flow > [Traditional DO] should process batch with WebSocket updates 0ms
 ✓ |node| tests/e2e/websocket-dual-implementation.test.js > WebSocket E2E - 'Traditional DO' > Batch Enrichment Flow > [Traditional DO] should handle partial batch failures 0ms
 ✓ |node| tests/e2e/websocket-dual-implementation.test.js > WebSocket E2E - 'Traditional DO' > Token Management > [Traditional DO] should blacklist token on job completion 0ms
 ✓ |node| tests/e2e/websocket-dual-implementation.test.js > WebSocket E2E - 'Traditional DO' > Token Management > [Traditional DO] should reject reconnection with blacklisted token 0ms
 ✓ |node| tests/e2e/websocket-dual-implementation.test.js > WebSocket E2E - 'Traditional DO' > Token Management > [Traditional DO] should support grace period reconnection 0ms
 ✓ |node| tests/e2e/websocket-dual-implementation.test.js > WebSocket E2E - 'Traditional DO' > Error Scenarios > [Traditional DO] should send error message on processing failure 0ms
 ✓ |node| tests/e2e/websocket-dual-implementation.test.js > WebSocket E2E - 'Traditional DO' > Error Scenarios > [Traditional DO] should close WebSocket on fatal error 0ms
 ✓ |node| tests/e2e/websocket-dual-implementation.test.js > WebSocket E2E - 'Traditional DO' > Error Scenarios > [Traditional DO] should handle network disconnections gracefully 0ms
 ✓ |node| tests/e2e/websocket-dual-implementation.test.js > WebSocket E2E - 'Hibernation DO' > WebSocket Connection Lifecycle > [Hibernation DO] should establish WebSocket connection with valid token 0ms
 ✓ |node| tests/e2e/websocket-dual-implementation.test.js > WebSocket E2E - 'Hibernation DO' > WebSocket Connection Lifecycle > [Hibernation DO] should reject connection with invalid token 0ms
 ✓ |node| tests/e2e/websocket-dual-implementation.test.js > WebSocket E2E - 'Hibernation DO' > WebSocket Connection Lifecycle > [Hibernation DO] should close connection on job completion 0ms
 ✓ |node| tests/e2e/websocket-dual-implementation.test.js > WebSocket E2E - 'Hibernation DO' > Progress Updates > [Hibernation DO] should send progress updates via WebSocket 0ms
 ✓ |node| tests/e2e/websocket-dual-implementation.test.js > WebSocket E2E - 'Hibernation DO' > Progress Updates > [Hibernation DO] should handle ready signal correctly 0ms
 ✓ |node| tests/e2e/websocket-dual-implementation.test.js > WebSocket E2E - 'Hibernation DO' > Progress Updates > [Hibernation DO] should send ready_ack with correct pipeline 0ms
 ✓ |node| tests/e2e/websocket-dual-implementation.test.js > WebSocket E2E - 'Hibernation DO' > CSV Import Flow > [Hibernation DO] should process CSV with WebSocket updates 0ms
 ✓ |node| tests/e2e/websocket-dual-implementation.test.js > WebSocket E2E - 'Hibernation DO' > CSV Import Flow > [Hibernation DO] should handle CSV processing errors gracefully 0ms
 ✓ |node| tests/e2e/websocket-dual-implementation.test.js > WebSocket E2E - 'Hibernation DO' > Batch Enrichment Flow > [Hibernation DO] should process batch with WebSocket updates 0ms
 ✓ |node| tests/e2e/websocket-dual-implementation.test.js > WebSocket E2E - 'Hibernation DO' > Batch Enrichment Flow > [Hibernation DO] should handle partial batch failures 0ms
 ✓ |node| tests/e2e/websocket-dual-implementation.test.js > WebSocket E2E - 'Hibernation DO' > Token Management > [Hibernation DO] should blacklist token on job completion 0ms
 ✓ |node| tests/e2e/websocket-dual-implementation.test.js > WebSocket E2E - 'Hibernation DO' > Token Management > [Hibernation DO] should reject reconnection with blacklisted token 0ms
 ✓ |node| tests/e2e/websocket-dual-implementation.test.js > WebSocket E2E - 'Hibernation DO' > Token Management > [Hibernation DO] should support grace period reconnection 0ms
 ✓ |node| tests/e2e/websocket-dual-implementation.test.js > WebSocket E2E - 'Hibernation DO' > Error Scenarios > [Hibernation DO] should send error message on processing failure 0ms
 ✓ |node| tests/e2e/websocket-dual-implementation.test.js > WebSocket E2E - 'Hibernation DO' > Error Scenarios > [Hibernation DO] should close WebSocket on fatal error 0ms
 ✓ |node| tests/e2e/websocket-dual-implementation.test.js > WebSocket E2E - 'Hibernation DO' > Error Scenarios > [Hibernation DO] should handle network disconnections gracefully 0ms
 ✓ |node| tests/e2e/websocket-dual-implementation.test.js > Behavioral Parity Validation > should document expected parity between implementations 0ms
 ✓ |node| tests/e2e/websocket-dual-implementation.test.js > Behavioral Parity Validation > should document known differences (if any) 0ms
 ✓ |node| tests/e2e/websocket-dual-implementation.test.js > Feature Flag Switching > should route to traditional DO when flag is false 0ms
 ✓ |node| tests/e2e/websocket-dual-implementation.test.js > Feature Flag Switching > should route to hibernation DO when flag is true 0ms
 ✓ |node| tests/e2e/websocket-dual-implementation.test.js > Feature Flag Switching > should handle flag changes without code changes 0ms
 ✓ |node| tests/canonical-dto-validation.test.ts > Canonical DTO Schema Validation > WorkDTO Required Fields > WorkDTO must have all required fields with non-null defaults 1ms
 ✓ |node| tests/canonical-dto-validation.test.ts > Canonical DTO Schema Validation > WorkDTO Required Fields > WorkDTO with optional fields can omit them 0ms
 ✓ |node| tests/canonical-dto-validation.test.ts > Canonical DTO Schema Validation > EditionDTO Required Fields > EditionDTO must have all required fields with non-null defaults 0ms
 ✓ |node| tests/canonical-dto-validation.test.ts > Canonical DTO Schema Validation > EditionDTO Required Fields > EditionDTO with ISBNs 0ms
 ✓ |node| tests/canonical-dto-validation.test.ts > Canonical DTO Schema Validation > AuthorDTO Required Fields > AuthorDTO must have all required fields with non-null defaults 0ms
 ✓ |node| tests/canonical-dto-validation.test.ts > Canonical DTO Schema Validation > AuthorDTO Required Fields > AuthorDTO with optional diversity metadata 0ms
 ✓ |node| tests/canonical-dto-validation.test.ts > Canonical DTO Schema Validation > Invalid DTOs (Must Not Compile) > WorkDTO with null required fields should fail TypeScript compilation 0ms
 ✓ |node| tests/canonical-dto-validation.test.ts > Canonical DTO Schema Validation > Invalid DTOs (Must Not Compile) > AuthorDTO without gender should fail TypeScript compilation 0ms
 ✓ |node| tests/canonical-dto-validation.test.ts > Canonical DTO Schema Validation > Invalid DTOs (Must Not Compile) > EditionDTO without format should fail TypeScript compilation 0ms
 ✓ |node| tests/unit/string-similarity.test.ts > levenshteinDistance > identical strings > should return 0 for identical strings 1ms
 ✓ |node| tests/unit/string-similarity.test.ts > levenshteinDistance > single character operations > should return 1 for single character insertion 0ms
 ✓ |node| tests/unit/string-similarity.test.ts > levenshteinDistance > single character operations > should return 1 for single character deletion 0ms
 ✓ |node| tests/unit/string-similarity.test.ts > levenshteinDistance > single character operations > should return 1 for single character substitution 0ms
 ✓ |node| tests/unit/string-similarity.test.ts > levenshteinDistance > multiple operations > should return 2 for two character difference 0ms
 ✓ |node| tests/unit/string-similarity.test.ts > levenshteinDistance > multiple operations > should return 3 for completely different short strings 0ms
 ✓ |node| tests/unit/string-similarity.test.ts > levenshteinDistance > multiple operations > should handle strings of different lengths 0ms
 ✓ |node| tests/unit/string-similarity.test.ts > levenshteinDistance > genre matching examples > should work with genre name variations 0ms
 ✓ |node| tests/unit/string-similarity.test.ts > stringSimilarity > identical strings > should return 1.0 for identical strings 0ms
 ✓ |node| tests/unit/string-similarity.test.ts > stringSimilarity > identical strings > should return 1.0 for two empty strings 0ms
 ✓ |node| tests/unit/string-similarity.test.ts > stringSimilarity > completely different strings > should return 0 for completely different strings of same length 0ms
 ✓ |node| tests/unit/string-similarity.test.ts > stringSimilarity > similar strings > should return high similarity for minor differences 0ms
 ✓ |node| tests/unit/string-similarity.test.ts > stringSimilarity > similar strings > should return lower similarity for larger differences 0ms
 ✓ |node| tests/unit/string-similarity.test.ts > stringSimilarity > title matching examples > should return expected similarity for reordered words 0ms
 ✓ |node| tests/unit/string-similarity.test.ts > stringSimilarity > title matching examples > should return low similarity for different titles 0ms
 ✓ |node| tests/unit/cache-ttl.test.js > Cache TTL Configuration > DEFAULT_TTL constants > should have correct default values 1ms
 ✓ |node| tests/unit/cache-ttl.test.js > Cache TTL Configuration > getCacheTTL > should return default values when no env provided 0ms
 ✓ |node| tests/unit/cache-ttl.test.js > Cache TTL Configuration > getCacheTTL > should return default values when env is empty object 0ms
 ✓ |node| tests/unit/cache-ttl.test.js > Cache TTL Configuration > getCacheTTL > should use env variable when provided 0ms
 ✓ |node| tests/unit/cache-ttl.test.js > Cache TTL Configuration > getCacheTTL > should fall back to default when env variable is invalid 0ms
 ✓ |node| tests/unit/cache-ttl.test.js > Cache TTL Configuration > getCacheTTL > should fall back to cold TTL for unknown types 0ms
 ✓ |node| tests/unit/cache-ttl.test.js > Cache TTL Configuration > getAllCacheTTLs > should return all default TTLs when no env provided 0ms
 ✓ |node| tests/unit/cache-ttl.test.js > Cache TTL Configuration > getAllCacheTTLs > should return all TTLs with env overrides 0ms
 ✓ |node| tests/unit/cache-ttl.test.js > Cache TTL Configuration > getAllCacheTTLs > should return consistent TTLs across multiple calls 0ms
 ✓ |node| tests/unit/cache-ttl.test.js > Cache TTL Configuration > Integration with KVCacheService > should provide consistent TTLs matching kv-cache.js expectations 0ms
 ✓ |node| tests/unit/cache-ttl.test.js > Cache TTL Configuration > Integration with external-apis.ts > should provide hot/cold TTLs for cache-service.js 0ms
 ✓ |node| tests/unit/date-utils.test.ts > extractYear > with numeric input > should return the number as-is 1ms
 ✓ |node| tests/unit/date-utils.test.ts > extractYear > with string input > should extract year from YYYY format 0ms
 ✓ |node| tests/unit/date-utils.test.ts > extractYear > with string input > should extract year from YYYY-MM format (Google Books) 0ms
 ✓ |node| tests/unit/date-utils.test.ts > extractYear > with string input > should extract year from YYYY-MM-DD format (ISBNdb) 0ms
 ✓ |node| tests/unit/date-utils.test.ts > extractYear > with string input > should extract year from "Month DD, YYYY" format (OpenLibrary) 0ms
 ✓ |node| tests/unit/date-utils.test.ts > extractYear > with string input > should extract year from "Month YYYY" format 0ms
 ✓ |node| tests/unit/date-utils.test.ts > extractYear > with string input > should return undefined for invalid date strings 0ms
 ✓ |node| tests/unit/date-utils.test.ts > extractYear > with string input > should return undefined for strings without 4-digit year 0ms
 ✓ |node| tests/unit/date-utils.test.ts > extractYear > with undefined/null input > should return undefined for undefined input 0ms
 ✓ |node| tests/unit/date-utils.test.ts > extractYear > with undefined/null input > should return undefined for empty string 0ms
 ✓ |node| tests/csv-validator.test.js > CSV Validator > validates well-formed CSV 1ms
 ✓ |node| tests/csv-validator.test.js > CSV Validator > rejects empty CSV 0ms
 ✓ |node| tests/csv-validator.test.js > CSV Validator > rejects CSV with inconsistent columns 0ms
 ✓ |node| tests/csv-validator.test.js > CSV Validator > handles unclosed quotes gracefully 0ms
 ✓ |node| tests/csv-validator.test.js > CSV Validator > rejects CSV exceeding 10000 rows 0ms
 ✓ |node| tests/csv-validator.test.js > CSV Validator > validates CSV with quoted commas 0ms
 ✓ |node| tests/csv-validator.test.js > CSV Validator > handles escaped quotes correctly (RFC 4180) 0ms
 ✓ |node| tests/normalization.test.ts > normalizeTitle > removes leading "The" 1ms
 ✓ |node| tests/normalization.test.ts > normalizeTitle > removes leading "A" 0ms
 ✓ |node| tests/normalization.test.ts > normalizeTitle > removes leading "An" 0ms
 ✓ |node| tests/normalization.test.ts > normalizeTitle > lowercases and trims 0ms
 ✓ |node| tests/normalization.test.ts > normalizeTitle > removes punctuation 0ms
 ✓ |node| tests/normalization.test.ts > normalizeTitle > handles empty string 0ms
 ✓ |node| tests/normalization.test.ts > normalizeISBN > removes hyphens from ISBN-13 0ms
 ✓ |node| tests/normalization.test.ts > normalizeISBN > removes spaces from ISBN 0ms
 ✓ |node| tests/normalization.test.ts > normalizeISBN > preserves X in ISBN-10 0ms
 ✓ |node| tests/normalization.test.ts > normalizeISBN > trims whitespace 0ms
 ✓ |node| tests/normalization.test.ts > normalizeISBN > handles already normalized ISBN 0ms
 ✓ |node| tests/normalization.test.ts > normalizeAuthor > lowercases and trims 0ms
 ✓ |node| tests/normalization.test.ts > normalizeAuthor > handles empty string 0ms
 ✓ |node| tests/normalization.test.ts > normalizeImageURL > removes query parameters 0ms
 ✓ |node| tests/normalization.test.ts > normalizeImageURL > forces HTTPS 0ms
 ✓ |node| tests/normalization.test.ts > normalizeImageURL > handles already normalized URL 0ms
 ✓ |node| tests/normalization.test.ts > normalizeImageURL > trims whitespace 0ms
 ✓ |node| tests/normalization.test.ts > normalizeImageURL > handles invalid URL gracefully 0ms
 ✓ |node| tests/kv-cache.test.js > KVCacheService > initializes with extended TTLs 1ms
 ✓ |node| tests/kv-cache.test.js > KVCacheService > get returns null on cache miss 0ms
 ✓ |node| tests/kv-cache.test.js > KVCacheService > assessDataQuality returns 1.0 for complete data 0ms
 ✓ |node| tests/kv-cache.test.js > KVCacheService > assessDataQuality returns 0.4 for ISBN-only data 0ms
 ✓ |node| tests/kv-cache.test.js > KVCacheService > adjustTTLByQuality doubles TTL for high quality (>0.8) 0ms
 ✓ |node| tests/kv-cache.test.js > KVCacheService > adjustTTLByQuality halves TTL for low quality (<0.4) 0ms
 ✓ |node| tests/kv-cache.test.js > KVCacheService > set uses smart TTL for high-quality data 0ms
 ✓ |node| tests/parallel-enrichment.test.js > Parallel Enrichment > enriches books concurrently with concurrency limit 1ms
 ✓ |node| tests/parallel-enrichment.test.js > Parallel Enrichment > continues on individual enrichment failures 0ms
stderr | tests/analytics-queries.test.js > queryAccessFrequency > should return empty stats (Analytics Engine is write-only in Workers)
[Analytics] Analytics Engine bindings are write-only in Workers. Query functionality requires GraphQL API integration.
[Analytics] Returning empty access stats. Consider implementing KV-based tracking for archival decisions.

 ✓ |node| tests/analytics-queries.test.js > queryAccessFrequency > should return empty stats (Analytics Engine is write-only in Workers) 1ms
 ✓ |node| tests/e2e/bookshelf-scan.test.js > E2E: Bookshelf Scan Workflow > Successful Scan > should complete the full workflow: photo upload → WebSocket → AI → enrichment → completion 1ms
 ✓ |node| tests/e2e/bookshelf-scan.test.js > E2E: Bookshelf Scan Workflow > Cancellation > should handle scan cancellation mid-processing 0ms
 ✓ |node| tests/e2e/bookshelf-scan.test.js > E2E: Bookshelf Scan Workflow > Client Disconnect/Reconnect > should allow a client to disconnect and reconnect to an in-progress scan 0ms
 ✓ |node| tests/e2e/bookshelf-scan.test.js > E2E: Bookshelf Scan Workflow > Provider Failure > should handle a failure in the AI or enrichment provider 0ms
 ✓ |node| tests/e2e/bookshelf-scan.test.js > E2E: Bookshelf Scan Workflow > Photo Upload > should handle various photo upload scenarios, including different formats and sizes 0ms
 ✓ |node| tests/e2e/bookshelf-scan.test.js > E2E: Bookshelf Scan Workflow > WebSocket Communication > should ensure reliable WebSocket communication throughout the scan 0ms
 ✓ |node| tests/e2e/bookshelf-scan.test.js > E2E: Bookshelf Scan Workflow > AI Processing > should correctly process the image and extract book information 0ms
 ✓ |node| tests/e2e/bookshelf-scan.test.js > E2E: Bookshelf Scan Workflow > Enrichment > should enrich the extracted book data with additional information 0ms
 ✓ |node| tests/alert-monitor.test.js > checkAlertThresholds > should generate critical alert for high miss rate 1ms
 ✓ |node| tests/alert-monitor.test.js > checkAlertThresholds > should generate warning for low edge hit rate 0ms
 ✓ |node| tests/alert-monitor.test.js > checkAlertThresholds > should return no alerts for healthy metrics 0ms
 ✓ |node| tests/e2e/batch-enrichment.test.js > E2E: Batch Enrichment Workflow > Successful Batch Enrichment > should complete the full workflow: upload 5 books → initialization → enrichment → progress → completion 1ms
 ✓ |node| tests/e2e/batch-enrichment.test.js > E2E: Batch Enrichment Workflow > Mixed Success/Failure > should handle mixed success and failure within a single batch 0ms
 ✓ |node| tests/e2e/batch-enrichment.test.js > E2E: Batch Enrichment Workflow > Batch Cancellation > should handle batch cancellation mid-processing 0ms
 ✓ |node| tests/e2e/batch-enrichment.test.js > E2E: Batch Enrichment Workflow > Rate Limiting > should handle rate limiting during a batch enrichment 0ms
 ✓ |node| tests/e2e/batch-enrichment.test.js > E2E: Batch Enrichment Workflow > Input Validation > should handle invalid input, such as an empty list of books or malformed book data 0ms
 ✓ |node| tests/e2e/batch-enrichment.test.js > E2E: Batch Enrichment Workflow > Progress Updates > should provide accurate and timely progress updates 0ms
 ✓ |node| tests/e2e/batch-enrichment.test.js > E2E: Batch Enrichment Workflow > Completion > should return the correct results upon completion 0ms
 ✓ |node| tests/e2e/batch-enrichment.test.js > E2E: Batch Enrichment Workflow > WebSocket Handling > should manage the WebSocket connection correctly throughout the batch enrichment 0ms
 ✓ |node| tests/error-scenarios/state-violations.test.js > Error Scenarios: State Violations > Token Management > should prevent token refresh before a token is set 1ms
 ✓ |node| tests/error-scenarios/state-violations.test.js > Error Scenarios: State Violations > Job State > should prevent a job update before the job is initialized 0ms
 ✓ |node| tests/error-scenarios/state-violations.test.js > Error Scenarios: State Violations > Job State > should prevent updates on a completed job 0ms
 ✓ |node| tests/error-scenarios/state-violations.test.js > Error Scenarios: State Violations > Job State > should handle invalid state transitions 0ms
 ✓ |node| tests/error-scenarios/state-violations.test.js > Error Scenarios: State Violations > Batch Operations > should prevent a batch operation on a non-batch job 0ms
 ✓ |node| tests/error-scenarios/state-violations.test.js > Error Scenarios: State Violations > Durable Object Eviction and Recovery > should recover the state of a Durable Object after eviction 0ms
 ✓ |node| tests/error-scenarios/state-violations.test.js > Error Scenarios: State Violations > Idempotency > should handle duplicate requests that modify state 0ms
 ✓ |node| tests/error-scenarios/state-violations.test.js > Error Scenarios: State Violations > State Corruption > should detect and handle corrupted state 0ms
 ✓ |node| tests/prompts.test.js > CSV Parser Prompt > includes few-shot examples 1ms
 ✓ |node| tests/prompts.test.js > CSV Parser Prompt > includes header variation handling 0ms
 ✓ |node| tests/prompts.test.js > CSV Parser Prompt > has versioning for cache invalidation 0ms
 ↓ |node| tests/batch-scan.test.js > Batch Scan Endpoint E2E Tests > accepts batch scan request with multiple images (multipart/form-data)
 ↓ |node| tests/batch-scan.test.js > Batch Scan Endpoint E2E Tests > accepts batch scan via /api/scan-bookshelf/batch alias
 ↓ |node| tests/batch-scan.test.js > Batch Scan Endpoint E2E Tests > rejects batches exceeding 5 photos
 ↓ |node| tests/batch-scan.test.js > Batch Scan Endpoint E2E Tests > rejects request without photos[] field
 ↓ |node| tests/batch-scan.test.js > Batch Scan Endpoint E2E Tests > rejects empty photos[] array
 ↓ |node| tests/batch-scan.test.js > Batch Scan Endpoint E2E Tests > validates file size limits (10MB per photo)
 ↓ |node| tests/batch-scan.test.js > Batch Scan Endpoint E2E Tests > validates total batch size (50MB total)
 ↓ |node| tests/batch-scan.test.js > Batch Scan Endpoint E2E Tests > rejects non-binary file data
 ↓ |node| tests/batch-scan.test.js > Batch Scan Endpoint E2E Tests > includes CORS headers
 ↓ |node| tests/batch-scan.test.js > Batch Scan Endpoint E2E Tests > generates unique jobId for each request
 ↓ |node| tests/batch-scan.test.js > Batch State Management (Durable Object) > initializes batch job with photo array
 ↓ |node| tests/batch-scan.test.js > Batch State Management (Durable Object) > updates individual photo progress
 ↓ |node| tests/batch-scan.test.js > Batch State Management (Durable Object) > tracks books found per photo
 ↓ |node| tests/batch-scan.test.js > Batch State Management (Durable Object) > accumulates total books across photos
 ↓ |node| tests/batch-scan.test.js > Batch State Management (Durable Object) > handles photo errors
 ↓ |node| tests/batch-scan.test.js > Batch State Management (Durable Object) > completes batch with final results
 ↓ |node| tests/batch-scan.test.js > Batch State Management (Durable Object) > checks cancellation status
 ↓ |node| tests/batch-scan.test.js > Batch State Management (Durable Object) > returns 404 for non-existent job state
 ↓ |node| tests/batch-scan.test.js > Batch State Management (Durable Object) > returns 404 when updating photo for non-existent batch
 ↓ |node| tests/integration.test.js > API Worker E2E Integration Tests > GET /health > should return health status with 200 OK
 ↓ |node| tests/integration.test.js > API Worker E2E Integration Tests > GET /health > should list all available endpoints
 ↓ |node| tests/integration.test.js > API Worker E2E Integration Tests > GET /search/title > should search books by title successfully
 ↓ |node| tests/integration.test.js > API Worker E2E Integration Tests > GET /search/title > should return 400 if query parameter is missing
 ↓ |node| tests/integration.test.js > API Worker E2E Integration Tests > GET /search/title > should handle maxResults parameter
 ↓ |node| tests/integration.test.js > API Worker E2E Integration Tests > GET /search/title > should include CORS headers
 ↓ |node| tests/integration.test.js > API Worker E2E Integration Tests > GET /search/isbn > should search books by ISBN successfully
 ↓ |node| tests/integration.test.js > API Worker E2E Integration Tests > GET /search/isbn > should return 400 if ISBN parameter is missing
 ↓ |node| tests/integration.test.js > API Worker E2E Integration Tests > GET /search/isbn > should handle invalid ISBN gracefully
 ↓ |node| tests/integration.test.js > API Worker E2E Integration Tests > GET /search/isbn > should include CORS headers
 ↓ |node| tests/integration.test.js > API Worker E2E Integration Tests > POST /search/advanced > should handle advanced search with title and author
 ↓ |node| tests/integration.test.js > API Worker E2E Integration Tests > POST /search/advanced > should handle title-only search
 ↓ |node| tests/integration.test.js > API Worker E2E Integration Tests > POST /search/advanced > should handle author-only search
 ↓ |node| tests/integration.test.js > API Worker E2E Integration Tests > POST /search/advanced > should return 400 if no search parameters provided
 ↓ |node| tests/integration.test.js > API Worker E2E Integration Tests > POST /search/advanced > should include CORS headers
 ↓ |node| tests/integration.test.js > API Worker E2E Integration Tests > POST /search/advanced > should handle malformed JSON gracefully
 ↓ |node| tests/integration.test.js > API Worker E2E Integration Tests > GET /search/advanced (query parameters) > should handle GET with title and author query params
 ↓ |node| tests/integration.test.js > API Worker E2E Integration Tests > GET /search/advanced (query parameters) > should handle GET with title-only query param
 ↓ |node| tests/integration.test.js > API Worker E2E Integration Tests > GET /search/advanced (query parameters) > should handle GET with author-only query param
 ↓ |node| tests/integration.test.js > API Worker E2E Integration Tests > GET /search/advanced (query parameters) > should return 400 for GET with no query parameters
 ↓ |node| tests/integration.test.js > API Worker E2E Integration Tests > GET /search/advanced (query parameters) > should include CORS headers for GET requests
 ↓ |node| tests/integration.test.js > API Worker E2E Integration Tests > GET /search/advanced (query parameters) > should default maxResults to 20 when not provided
 ↓ |node| tests/integration.test.js > API Worker E2E Integration Tests > GET /search/advanced (query parameters) > should support both "title" and "bookTitle" param names
 ↓ |node| tests/integration.test.js > API Worker E2E Integration Tests > Backward Compatibility - POST with JSON body > should still accept POST with bookTitle field
 ↓ |node| tests/integration.test.js > API Worker E2E Integration Tests > Backward Compatibility - POST with JSON body > should accept POST with "title" field (alternate naming)
 ↓ |node| tests/integration.test.js > API Worker E2E Integration Tests > POST /api/enrichment/start > should start enrichment job and return 202 Accepted
 ↓ |node| tests/integration.test.js > API Worker E2E Integration Tests > POST /api/enrichment/start > should return 400 if jobId is missing
 ↓ |node| tests/integration.test.js > API Worker E2E Integration Tests > POST /api/enrichment/start > should return 400 if workIds is missing
 ↓ |node| tests/integration.test.js > API Worker E2E Integration Tests > POST /api/enrichment/start > should return 400 if workIds is not an array
 ↓ |node| tests/integration.test.js > API Worker E2E Integration Tests > POST /api/enrichment/start > should return 400 if workIds array is empty
 ↓ |node| tests/integration.test.js > API Worker E2E Integration Tests > POST /api/scan-bookshelf > should accept image upload and return 202 Accepted
 ↓ |node| tests/integration.test.js > API Worker E2E Integration Tests > POST /api/scan-bookshelf > should generate jobId if not provided
 ↓ |node| tests/integration.test.js > API Worker E2E Integration Tests > POST /api/scan-bookshelf > should return 400 if Content-Type is not image/*
 ↓ |node| tests/integration.test.js > API Worker E2E Integration Tests > POST /api/scan-bookshelf > should return 413 if image is too large
 ↓ |node| tests/integration.test.js > API Worker E2E Integration Tests > POST /api/scan-bookshelf > should include CORS headers
 ↓ |node| tests/integration.test.js > API Worker E2E Integration Tests > GET /ws/progress > should return 400 if jobId parameter is missing
 ↓ |node| tests/integration.test.js > API Worker E2E Integration Tests > Error Handling > should return 404 for unknown endpoints
 ↓ |node| tests/integration.test.js > API Worker E2E Integration Tests > Error Handling > should return valid JSON for 404 errors
 ↓ |node| tests/integration.test.js > API Worker E2E Integration Tests > Error Handling > should handle GET requests to POST-only endpoints
 ↓ |node| tests/integration.test.js > API Worker E2E Integration Tests > External API Endpoints > GET /external/google-books should work
 ↓ |node| tests/integration.test.js > API Worker E2E Integration Tests > External API Endpoints > GET /external/openlibrary should work
 ↓ |node| tests/integration.test.js > API Worker E2E Integration Tests > External API Endpoints > GET /external/google-books-isbn should work
 ↓ |node| tests/integration.test.js > API Worker E2E Integration Tests > External API Endpoints > should return 400 for missing query parameters

⎯⎯⎯⎯⎯⎯ Failed Suites 10 ⎯⎯⎯⎯⎯⎯

 FAIL  |node| tests/book-search-integration.test.js [ tests/book-search-integration.test.js ]
RollupError: Parse failure: Expected ',', got 'getWithMetadata'
At file: /Users/juju/dev_repos/bendv3/tests/book-search-integration.test.js:14:8
  File: /Users/juju/dev_repos/bendv3/tests/book-search-integration.test.js:14:8
  12 |          get: vi.fn(async () => null),
  13 |          put: vi.fn(async () => {})
  14 |          getWithMetadata: vi.fn(async () => ({ value: null, metadata: null })),
     |          ^
  15 |        },
  16 |        CACHE_ANALYTICS: {
 ❯ getRollupError node_modules/vite/node_modules/rollup/dist/es/shared/parseAst.js:401:41
 ❯ convertProgram node_modules/vite/node_modules/rollup/dist/es/shared/parseAst.js:1098:26
 ❯ parseAstAsync node_modules/vite/node_modules/rollup/dist/es/shared/parseAst.js:2084:106
 ❯ ssrTransformScript node_modules/vite/dist/node/chunks/config.js:15373:9
 ❯ loadAndTransform node_modules/vite/dist/node/chunks/config.js:22700:64

⎯⎯⎯⎯⎯⎯⎯⎯⎯⎯⎯⎯⎯⎯⎯⎯⎯⎯⎯⎯⎯⎯[1/101]⎯

 FAIL  |node| tests/cache-warming-integration.test.js [ tests/cache-warming-integration.test.js ]
Error: Cannot find module '../src/utils/cache.ts' imported from '/Users/juju/dev_repos/bendv3/tests/cache-warming-integration.test.js'
 ❯ tests/cache-warming-integration.test.js:13:1
     11| import { describe, it, expect, beforeEach, vi } from 'vitest';
     12| import { processAuthorBatch } from '../src/consumers/author-warming-co…
     13| import { generateCacheKey } from '../src/utils/cache.ts';
       | ^
     14| import { searchByAuthor } from '../src/handlers/author-search.js';
     15| import { searchByTitle } from '../src/handlers/book-search.js';

⎯⎯⎯⎯⎯⎯⎯⎯⎯⎯⎯⎯⎯⎯⎯⎯⎯⎯⎯⎯⎯⎯⎯⎯⎯⎯⎯⎯⎯⎯
Serialized Error: { code: 'ERR_MODULE_NOT_FOUND' }
Caused by: Error: Failed to load url ../src/utils/cache.ts (resolved id: ../src/utils/cache.ts) in /Users/juju/dev_repos/bendv3/tests/cache-warming-integration.test.js. Does the file exist?
 ❯ loadAndTransform node_modules/vite/dist/node/chunks/config.js:22662:33

⎯⎯⎯⎯⎯⎯⎯⎯⎯⎯⎯⎯⎯⎯⎯⎯⎯⎯⎯⎯⎯⎯[2/101]⎯

 FAIL  |node| tests/csv-import.test.js [ tests/csv-import.test.js ]
Error: Cannot find module '../src/handlers/csv-import.js' imported from '/Users/juju/dev_repos/bendv3/tests/csv-import.test.js'
 ❯ tests/csv-import.test.js:3:1
      1| // test/csv-import.test.js
      2| import { describe, test, expect, vi } from 'vitest';
      3| import { handleCSVImport, processCSVImport } from '../src/handlers/csv…
       | ^
      4| 
      5| describe('CSV Import Handler', () => {

⎯⎯⎯⎯⎯⎯⎯⎯⎯⎯⎯⎯⎯⎯⎯⎯⎯⎯⎯⎯⎯⎯⎯⎯⎯⎯⎯⎯⎯⎯
Serialized Error: { code: 'ERR_MODULE_NOT_FOUND' }
Caused by: Error: Failed to load url ../src/handlers/csv-import.js (resolved id: ../src/handlers/csv-import.js) in /Users/juju/dev_repos/bendv3/tests/csv-import.test.js. Does the file exist?
 ❯ loadAndTransform node_modules/vite/dist/node/chunks/config.js:22662:33

⎯⎯⎯⎯⎯⎯⎯⎯⎯⎯⎯⎯⎯⎯⎯⎯⎯⎯⎯⎯⎯⎯[3/101]⎯

 FAIL  |node| tests/hono-router.test.js [ tests/hono-router.test.js ]
Error: [vitest] No "WorkflowEntrypoint" export is defined on the "cloudflare:workers" mock. Did you forget to return it from "vi.mock"?
If you need to partially mock a module, you can use "importOriginal" helper inside:

vi[33m.[39m[34mmock[39m([35mimport[39m([32m"cloudflare:workers"[39m)[33m,[39m [35masync[39m (importOriginal) [33m=>[39m {
  [35mconst[39m actual [33m=[39m [35mawait[39m [34mimportOriginal[39m()
  [35mreturn[39m {
    [33m...[39mactual[33m,[39m
    [90m// your mocked methods[39m
  }
})

 ❯ src/workflows/import-book.ts:6:50
      4|  * Issue #71 - LAUNCH BLOCKER
      5|  *
      6|  * This workflow replaces the manual state machine in JobStateManagerD…
       |                                                  ^
      7|  * Cloudflare's native Workflows API for:
      8|  * - Automatic state persistence across Worker restarts
 ❯ src/index.ts:27:1

⎯⎯⎯⎯⎯⎯⎯⎯⎯⎯⎯⎯⎯⎯⎯⎯⎯⎯⎯⎯⎯⎯[4/101]⎯

 FAIL  |node| tests/e2e/csv-import.test.js [ tests/e2e/csv-import.test.js ]
Error: Cannot find module '../../src/handlers/csv-import.ts' imported from '/Users/juju/dev_repos/bendv3/tests/e2e/csv-import.test.js'
 ❯ tests/e2e/csv-import.test.js:13:1
     11|  */
     12| import { describe, it, expect, beforeEach, vi } from "vitest";
     13| import { processCSVImportCore } from "../../src/handlers/csv-import.ts…
       | ^
     14| 
     15| // Mock dependencies

⎯⎯⎯⎯⎯⎯⎯⎯⎯⎯⎯⎯⎯⎯⎯⎯⎯⎯⎯⎯⎯⎯⎯⎯⎯⎯⎯⎯⎯⎯
Serialized Error: { code: 'ERR_MODULE_NOT_FOUND' }
Caused by: Error: Failed to load url ../../src/handlers/csv-import.ts (resolved id: ../../src/handlers/csv-import.ts) in /Users/juju/dev_repos/bendv3/tests/e2e/csv-import.test.js. Does the file exist?
 ❯ loadAndTransform node_modules/vite/dist/node/chunks/config.js:22662:33

⎯⎯⎯⎯⎯⎯⎯⎯⎯⎯⎯⎯⎯⎯⎯⎯⎯⎯⎯⎯⎯⎯[5/101]⎯

 FAIL  |node| tests/handlers/batch-enrichment.test.js [ tests/handlers/batch-enrichment.test.js ]
Error: Cannot find module '../../src/handlers/batch-enrichment.ts' imported from '/Users/juju/dev_repos/bendv3/tests/handlers/batch-enrichment.test.js'
 ❯ tests/handlers/batch-enrichment.test.js:9:1
      7| 
      8| import { describe, it, expect, vi, beforeEach } from 'vitest';
      9| import { handleBatchEnrichment } from '../../src/handlers/batch-enrich…
       | ^
     10| import { getProgressDOStub } from '../../src/utils/durable-object-help…
     11| 

⎯⎯⎯⎯⎯⎯⎯⎯⎯⎯⎯⎯⎯⎯⎯⎯⎯⎯⎯⎯⎯⎯⎯⎯⎯⎯⎯⎯⎯⎯
Serialized Error: { code: 'ERR_MODULE_NOT_FOUND' }
Caused by: Error: Failed to load url ../../src/handlers/batch-enrichment.ts (resolved id: ../../src/handlers/batch-enrichment.ts) in /Users/juju/dev_repos/bendv3/tests/handlers/batch-enrichment.test.js. Does the file exist?
 ❯ loadAndTransform node_modules/vite/dist/node/chunks/config.js:22662:33

⎯⎯⎯⎯⎯⎯⎯⎯⎯⎯⎯⎯⎯⎯⎯⎯⎯⎯⎯⎯⎯⎯[6/101]⎯

 FAIL  |node| tests/handlers/csv-import.test.js [ tests/handlers/csv-import.test.js ]
Error: Cannot find module '../../src/handlers/csv-import.ts' imported from '/Users/juju/dev_repos/bendv3/tests/handlers/csv-import.test.js'
 ❯ tests/handlers/csv-import.test.js:9:1
      7| 
      8| import { describe, it, expect, vi, beforeEach } from 'vitest';
      9| import { handleCSVImport } from '../../src/handlers/csv-import.ts';
       | ^
     10| 
     11| // Mock environment and context

⎯⎯⎯⎯⎯⎯⎯⎯⎯⎯⎯⎯⎯⎯⎯⎯⎯⎯⎯⎯⎯⎯⎯⎯⎯⎯⎯⎯⎯⎯
Serialized Error: { code: 'ERR_MODULE_NOT_FOUND' }
Caused by: Error: Failed to load url ../../src/handlers/csv-import.ts (resolved id: ../../src/handlers/csv-import.ts) in /Users/juju/dev_repos/bendv3/tests/e2e/csv-import.test.js. Does the file exist?
 ❯ loadAndTransform node_modules/vite/dist/node/chunks/config.js:22662:33

⎯⎯⎯⎯⎯⎯⎯⎯⎯⎯⎯⎯⎯⎯⎯⎯⎯⎯⎯⎯⎯⎯[7/101]⎯

 FAIL  |node| tests/integration/durable-object-alarm.test.js [ tests/integration/durable-object-alarm.test.js ]
Error: Cannot find module '../../src/durable-objects/progress-socket.js' imported from '/Users/juju/dev_repos/bendv3/tests/integration/durable-object-alarm.test.js'
 ❯ tests/integration/durable-object-alarm.test.js:14:1
     12| 
     13| import { describe, it, expect, beforeEach, vi } from "vitest";
     14| import { ProgressWebSocketDO } from "../../src/durable-objects/progres…
       | ^
     15| 
     16| // Mock dependencies

⎯⎯⎯⎯⎯⎯⎯⎯⎯⎯⎯⎯⎯⎯⎯⎯⎯⎯⎯⎯⎯⎯⎯⎯⎯⎯⎯⎯⎯⎯
Serialized Error: { code: 'ERR_MODULE_NOT_FOUND' }
Caused by: Error: Failed to load url ../../src/durable-objects/progress-socket.js (resolved id: ../../src/durable-objects/progress-socket.js) in /Users/juju/dev_repos/bendv3/tests/integration/durable-object-alarm.test.js. Does the file exist?
 ❯ loadAndTransform node_modules/vite/dist/node/chunks/config.js:22662:33

⎯⎯⎯⎯⎯⎯⎯⎯⎯⎯⎯⎯⎯⎯⎯⎯⎯⎯⎯⎯⎯⎯[8/101]⎯

 FAIL  |node| tests/unit/r2-hibernation.test.js [ tests/unit/r2-hibernation.test.js ]
Error: Cannot find module '../../src/utils/r2-hibernation.ts' imported from '/Users/juju/dev_repos/bendv3/tests/unit/r2-hibernation.test.js'
 ❯ tests/unit/r2-hibernation.test.js:9:1
      7| 
      8| import { describe, it, expect, beforeEach, vi } from 'vitest'
      9| import {
       | ^
     10|   uploadPayloadToR2,
     11|   fetchPayloadFromR2,

⎯⎯⎯⎯⎯⎯⎯⎯⎯⎯⎯⎯⎯⎯⎯⎯⎯⎯⎯⎯⎯⎯⎯⎯⎯⎯⎯⎯⎯⎯
Serialized Error: { code: 'ERR_MODULE_NOT_FOUND' }
Caused by: Error: Failed to load url ../../src/utils/r2-hibernation.ts (resolved id: ../../src/utils/r2-hibernation.ts) in /Users/juju/dev_repos/bendv3/tests/unit/r2-hibernation.test.js. Does the file exist?
 ❯ loadAndTransform node_modules/vite/dist/node/chunks/config.js:22662:33

⎯⎯⎯⎯⎯⎯⎯⎯⎯⎯⎯⎯⎯⎯⎯⎯⎯⎯⎯⎯⎯⎯[9/101]⎯

 FAIL  |node| tests/unit/validators.test.js [ tests/unit/validators.test.js ]
Error: Cannot find module '../../src/utils/normalization.js' imported from '/Users/juju/dev_repos/bendv3/tests/unit/validators.test.js'
 ❯ tests/unit/validators.test.js:9:1
      7| 
      8| import { describe, it, expect } from 'vitest'
      9| import { normalizeISBN } from '../../src/utils/normalization.js'
       | ^
     10| 
     11| /**

⎯⎯⎯⎯⎯⎯⎯⎯⎯⎯⎯⎯⎯⎯⎯⎯⎯⎯⎯⎯⎯⎯⎯⎯⎯⎯⎯⎯⎯⎯
Serialized Error: { code: 'ERR_MODULE_NOT_FOUND' }
Caused by: Error: Failed to load url ../../src/utils/normalization.js (resolved id: ../../src/utils/normalization.js) in /Users/juju/dev_repos/bendv3/tests/unit/validators.test.js. Does the file exist?
 ❯ loadAndTransform node_modules/vite/dist/node/chunks/config.js:22662:33

⎯⎯⎯⎯⎯⎯⎯⎯⎯⎯⎯⎯⎯⎯⎯⎯⎯⎯⎯⎯⎯[10/101]⎯


⎯⎯⎯⎯⎯⎯ Failed Tests 91 ⎯⎯⎯⎯⎯⎯⎯

 FAIL  |node| tests/ai-scanner-metadata.test.js > AI Scanner Metadata > should include model name in completion metadata
AssertionError: expected 'gemini-2.5-flash' to be 'gemini-2.5-flash-lite' // Object.is equality

Expected: [32m"gemini-2.5-flash[7m-lite[27m"[39m
Received: [31m"gemini-2.5-flash"[39m

 ❯ tests/ai-scanner-metadata.test.js:134:56
    132|     expect(completionUpdate.result.metadata).toBeDefined();
    133|     // Production model: gemini-2.5-flash
    134|     expect(completionUpdate.result.metadata.modelUsed).toBe("gemini-2.…
       |                                                        ^
    135|   });
    136| 

⎯⎯⎯⎯⎯⎯⎯⎯⎯⎯⎯⎯⎯⎯⎯⎯⎯⎯⎯⎯⎯[11/101]⎯

 FAIL  |node| tests/cache-keys.test.js > Cache Key Generation > CSV cache key includes content hash
AssertionError: expected 'csv-parse:5efe8f356283c37491106fb5dcd…' to match /^csv-parse:[a-f0-9]{64}$/

[32m- Expected:[39m 
/^csv-parse:[a-f0-9]{64}$/

[31m+ Received:[39m 
"csv-parse:5efe8f356283c37491106fb5dcd5fbf88adb008e057d6b36c71bd2dac6981e45:v1"

 ❯ tests/cache-keys.test.js:11:17
      9| 
     10|     expect(key).toContain('csv-parse:');
     11|     expect(key).toMatch(/^csv-parse:[a-f0-9]{64}:\d+$/); // Format: cs…
       |                 ^
     12|   });
     13| 

⎯⎯⎯⎯⎯⎯⎯⎯⎯⎯⎯⎯⎯⎯⎯⎯⎯⎯⎯⎯⎯[12/101]⎯

 FAIL  |node| tests/cache-keys.test.js > Cache Key Generation > ISBN cache key normalizes ISBN13
AssertionError: expected 'book:isbn:9780743273565' to be 'isbn:9780743273565' // Object.is equality

Expected: [32m"isbn:9780743273565"[39m
Received: [31m"[7mbook:[27misbn:9780743273565"[39m

 ❯ tests/cache-keys.test.js:27:17
     25|   test('ISBN cache key normalizes ISBN13', () => {
     26|     const key = generateISBNCacheKey('978-0-7432-7356-5');
     27|     expect(key).toBe('book:isbn:9780743273565');
       |                 ^
     28|   });
     29| });

⎯⎯⎯⎯⎯⎯⎯⎯⎯⎯⎯⎯⎯⎯⎯⎯⎯⎯⎯⎯⎯[13/101]⎯

 FAIL  |node| tests/csv-import-e2e.test.js > CSV Import E2E Integration Test > Complete import flow: upload → parse → enrich → complete
 FAIL  |node| tests/csv-import-e2e.test.js > CSV Import E2E Integration Test > CSV content validation
 FAIL  |node| tests/csv-import-e2e.test.js > CSV Import E2E Integration Test > CSV file size is within limits
Error: ENOENT: no such file or directory, open '/Users/juju/dev_repos/bendv3/docs/testImages/sample-books.csv'
 ❯ tests/csv-import-e2e.test.js:26:27
     24|     // Load test CSV file
     25|     const csvPath = join(process.cwd(), 'docs/testImages/sample-books.…
     26|     testCSV = readFileSync(csvPath, 'utf-8');
       |                           ^
     27|   });
     28| 

⎯⎯⎯⎯⎯⎯⎯⎯⎯⎯⎯⎯⎯⎯⎯⎯⎯⎯⎯⎯⎯⎯⎯⎯⎯⎯⎯⎯⎯⎯
Serialized Error: { errno: -2, code: 'ENOENT', syscall: 'open', path: '/Users/juju/dev_repos/bendv3/docs/testImages/sample-books.csv' }
⎯⎯⎯⎯⎯⎯⎯⎯⎯⎯⎯⎯⎯⎯⎯⎯⎯⎯⎯⎯⎯[14/101]⎯

 FAIL  |node| tests/enrichment.test.js > enrichSingleBook() > returns SingleEnrichmentResult for valid ISBN
AssertionError: expected { title: '1984', …(17) } to match object { title: '1984', …(1) }
(17 matching properties omitted from actual)

[32m- Expected[39m
[31m+ Received[39m

[2m  {[22m
[32m-   "dataProvider": "alexandria",[39m
[2m    "title": "1984",[22m
[2m  }[22m

 ❯ tests/enrichment.test.js:65:25
     63| 
     64|     expect(result.success).toBe(true);
     65|     expect(result.work).toMatchObject({
       |                         ^
     66|       title: "1984",
     67|       dataProvider: "alexandria",

⎯⎯⎯⎯⎯⎯⎯⎯⎯⎯⎯⎯⎯⎯⎯⎯⎯⎯⎯⎯⎯[15/101]⎯

 FAIL  |node| tests/enrichment.test.js > enrichSingleBook() > returns SingleEnrichmentResult for title+author search
AssertionError: expected { title: 'Pride and Prejudice', …(17) } to match object { title: 'Pride and Prejudice', …(1) }
(17 matching properties omitted from actual)

[32m- Expected[39m
[31m+ Received[39m

[2m  {[22m
[32m-   "dataProvider": "alexandria",[39m
[2m    "title": "Pride and Prejudice",[22m
[2m  }[22m

 ❯ tests/enrichment.test.js:108:25
    106| 
    107|     expect(result.success).toBe(true);
    108|     expect(result.work).toMatchObject({
       |                         ^
    109|       title: "Pride and Prejudice",
    110|       dataProvider: "alexandria",

⎯⎯⎯⎯⎯⎯⎯⎯⎯⎯⎯⎯⎯⎯⎯⎯⎯⎯⎯⎯⎯[16/101]⎯

 FAIL  |node| tests/enrichment.test.js > enrichMultipleBooks() > returns array of WorkDTOs for valid search
AssertionError: expected { title: '1984', …(18) } to match object { title: '1984', …(1) }
(18 matching properties omitted from actual)

[32m- Expected[39m
[31m+ Received[39m

[2m  {[22m
[32m-   "dataProvider": "alexandria",[39m
[2m    "title": "1984",[22m
[2m  }[22m

 ❯ tests/enrichment.test.js:236:29
    234| 
    235|     expect(result.works).toHaveLength(2);
    236|     expect(result.works[0]).toMatchObject({
       |                             ^
    237|       title: "1984",
    238|       dataProvider: "alexandria",

⎯⎯⎯⎯⎯⎯⎯⎯⎯⎯⎯⎯⎯⎯⎯⎯⎯⎯⎯⎯⎯[17/101]⎯

 FAIL  |node| tests/gemini-token-usage.test.js > Stop Sequences Configuration > bookshelf scanner uses schema-enforced JSON (no stop sequences)
AssertionError: expected 0.2 to be 0.4 // Object.is equality

[32m- Expected[39m
[31m+ Received[39m

[32m- 0.4[39m
[31m+ 0.2[39m

 ❯ tests/gemini-token-usage.test.js:246:54
    244|     // stopSequences removed - was causing premature truncation
    245|     expect(requestBody.generationConfig.stopSequences).toBeUndefined();
    246|     expect(requestBody.generationConfig.temperature).toBe(0.4);
       |                                                      ^
    247|     expect(requestBody.generationConfig.responseMimeType).toBe('applic…
    248|     expect(requestBody.generationConfig.responseSchema).toBeDefined();

⎯⎯⎯⎯⎯⎯⎯⎯⎯⎯⎯⎯⎯⎯⎯⎯⎯⎯⎯⎯⎯[18/101]⎯

 FAIL  |node| tests/e2e/metrics-collection.test.js > End-to-End Metrics Collection > Full Metrics Workflow > should complete end-to-end metrics collection flow
AssertionError: expected 500 to be 200 // Object.is equality

[32m- Expected[39m
[31m+ Received[39m

[32m- 200[39m
[31m+ 500[39m

 ❯ tests/e2e/metrics-collection.test.js:40:31
     38| 
     39|       // Step 3: Validate response
     40|       expect(response.status).toBe(200)
       |                               ^
     41|       expect(response.headers.get('Content-Type')).toBe('application/j…
     42| 

⎯⎯⎯⎯⎯⎯⎯⎯⎯⎯⎯⎯⎯⎯⎯⎯⎯⎯⎯⎯⎯[19/101]⎯

 FAIL  |node| tests/e2e/metrics-collection.test.js > End-to-End Metrics Collection > Full Metrics Workflow > should serve metrics from cache on subsequent requests
AssertionError: expected "spy" to be called with arguments: [ 'metrics:v1:24h' ][90m

Number of calls: [1m0[22m
[39m
 ❯ tests/e2e/metrics-collection.test.js:93:33
     91| 
     92|       // Verify cache was checked
     93|       expect(mockEnv.CACHE.get).toHaveBeenCalledWith('metrics:v1:24h')
       |                                 ^
     94| 
     95|       // Verify same data returned

⎯⎯⎯⎯⎯⎯⎯⎯⎯⎯⎯⎯⎯⎯⎯⎯⎯⎯⎯⎯⎯[20/101]⎯

 FAIL  |node| tests/e2e/metrics-collection.test.js > End-to-End Metrics Collection > Metrics Data Integrity > should maintain consistent data structure across formats
TypeError: Cannot read properties of undefined (reading 'edge')
 ❯ tests/e2e/metrics-collection.test.js:121:92
    119| 
    120|       // Verify JSON data is reflected in Prometheus format
    121|       expect(prometheusText).toContain(`cache_hit_rate{tier="edge"} ${…
       |                                                                                            ^
    122|       expect(prometheusText).toContain(`cache_hit_rate{tier="kv"} ${js…
    123|       expect(prometheusText).toContain(`cache_hit_rate{tier="combined"…

⎯⎯⎯⎯⎯⎯⎯⎯⎯⎯⎯⎯⎯⎯⎯⎯⎯⎯⎯⎯⎯[21/101]⎯

 FAIL  |node| tests/e2e/metrics-collection.test.js > End-to-End Metrics Collection > Metrics Data Integrity > should include all required fields in metrics response
AssertionError: expected { success: false, data: null, …(2) } to have property "timestamp"
 ❯ tests/e2e/metrics-collection.test.js:146:25
    144| 
    145|       for (const field of requiredFields) {
    146|         expect(metrics).toHaveProperty(field)
       |                         ^
    147|       }
    148| 

⎯⎯⎯⎯⎯⎯⎯⎯⎯⎯⎯⎯⎯⎯⎯⎯⎯⎯⎯⎯⎯[22/101]⎯

 FAIL  |node| tests/e2e/metrics-collection.test.js > End-to-End Metrics Collection > Health Assessment Integration > should assess health status based on hit rate thresholds
TypeError: Cannot read properties of undefined (reading 'status')
 ❯ tests/e2e/metrics-collection.test.js:175:29
    173|       // Default metrics (no data, 0% hit rates) trigger degraded stat…
    174|       // because combined hit rate (0%) < 90% threshold
    175|       expect(metrics.health.status).toBe('degraded')
       |                             ^
    176|       expect(metrics.health.issues.length).toBeGreaterThan(0)
    177| 

⎯⎯⎯⎯⎯⎯⎯⎯⎯⎯⎯⎯⎯⎯⎯⎯⎯⎯⎯⎯⎯[23/101]⎯

 FAIL  |node| tests/e2e/metrics-collection.test.js > End-to-End Metrics Collection > Cost Estimation Integration > should calculate costs based on volume metrics
TypeError: Cannot convert undefined or null to object
 ❯ tests/e2e/metrics-collection.test.js:193:29
    191|       const metrics = await response.json()
    192| 
    193|       expect(metrics.costs).toHaveProperty('kv_reads_estimate')
       |                             ^
    194|       expect(metrics.costs).toHaveProperty('r2_reads')
    195|       expect(metrics.costs).toHaveProperty('total_estimate')

⎯⎯⎯⎯⎯⎯⎯⎯⎯⎯⎯⎯⎯⎯⎯⎯⎯⎯⎯⎯⎯[24/101]⎯

 FAIL  |node| tests/e2e/metrics-collection.test.js > End-to-End Metrics Collection > Error Recovery > should handle aggregation service errors gracefully
AssertionError: expected { success: false, data: null, …(2) } to have property "message"
 ❯ tests/e2e/metrics-collection.test.js:219:25
    217| 
    218|       expect(errorData).toHaveProperty('error')
    219|       expect(errorData).toHaveProperty('message')
       |                         ^
    220|       expect(errorData.message).toContain('KV service unavailable')
    221|     })

⎯⎯⎯⎯⎯⎯⎯⎯⎯⎯⎯⎯⎯⎯⎯⎯⎯⎯⎯⎯⎯[25/101]⎯

 FAIL  |node| tests/e2e/metrics-collection.test.js > End-to-End Metrics Collection > Error Recovery > should continue working after cache failures
AssertionError: expected 500 to be 200 // Object.is equality

[32m- Expected[39m
[31m+ Received[39m

[32m- 200[39m
[31m+ 500[39m

 ❯ tests/e2e/metrics-collection.test.js:234:36
    232| 
    233|       // Request still succeeds despite cache failure
    234|       expect(firstResponse.status).toBe(200)
       |                                    ^
    235| 
    236|       // Second request - reset mock and succeed

⎯⎯⎯⎯⎯⎯⎯⎯⎯⎯⎯⎯⎯⎯⎯⎯⎯⎯⎯⎯⎯[26/101]⎯

 FAIL  |node| tests/e2e/metrics-collection.test.js > End-to-End Metrics Collection > Multi-Period Support > should handle multiple period requests independently
AssertionError: expected undefined to be '15m' // Object.is equality

[32m- Expected:[39m 
"15m"

[31m+ Received:[39m 
undefined

 ❯ tests/e2e/metrics-collection.test.js:270:32
    268|       // Verify each period returned correctly
    269|       for (const { period, metrics } of responses) {
    270|         expect(metrics.period).toBe(period)
       |                                ^
    271|       }
    272| 

⎯⎯⎯⎯⎯⎯⎯⎯⎯⎯⎯⎯⎯⎯⎯⎯⎯⎯⎯⎯⎯[27/101]⎯

 FAIL  |node| tests/e2e/metrics-collection.test.js > End-to-End Metrics Collection > Analytics Engine Integration Notes > should document Analytics Engine limitations in response
AssertionError: expected undefined to be defined
 ❯ tests/e2e/metrics-collection.test.js:294:35
    292| 
    293|       // Current implementation returns placeholder with instructions
    294|       expect(metrics._limitation).toBeDefined()
       |                                   ^
    295|       expect(metrics._solution).toBeDefined()
    296|       expect(metrics._graphql_endpoint).toBe('https://api.cloudflare.c…

⎯⎯⎯⎯⎯⎯⎯⎯⎯⎯⎯⎯⎯⎯⎯⎯⎯⎯⎯⎯⎯[28/101]⎯

 FAIL  |node| tests/error-scenarios/network-failures.test.js > Error Scenarios: Network Failures > Rate Limit Recovery > should handle 429 rate limit with Retry-After header
AssertionError: expected "spy" to be called 1 times, but got 4 times
 ❯ tests/error-scenarios/network-failures.test.js:156:28
    154| 
    155|       // Verify fetch was called once (no automatic retry on 429)
    156|       expect(global.fetch).toHaveBeenCalledTimes(1)
       |                            ^
    157|     })
    158| 

⎯⎯⎯⎯⎯⎯⎯⎯⎯⎯⎯⎯⎯⎯⎯⎯⎯⎯⎯⎯⎯[29/101]⎯

 FAIL  |node| tests/error-scenarios/network-failures.test.js > Error Scenarios: Network Failures > Rate Limit Recovery > should use negative caching to avoid repeated 429 errors
AssertionError: expected undefined to be false // Object.is equality

[32m- Expected:[39m 
false

[31m+ Received:[39m 
undefined

 ❯ tests/error-scenarios/network-failures.test.js:179:30
    177| 
    178|       // Verify error response
    179|       expect(result.success).toBe(false)
       |                              ^
    180|       expect(result.error).toContain('429')
    181| 

⎯⎯⎯⎯⎯⎯⎯⎯⎯⎯⎯⎯⎯⎯⎯⎯⎯⎯⎯⎯⎯[30/101]⎯

 FAIL  |node| tests/error-scenarios/network-failures.test.js > Error Scenarios: Network Failures > Upstream 5xx Errors > should handle 500, 502, 503, and 504 errors from upstream
AssertionError: expected [Function] to throw error including 'Gemini API error' but got 'SSL certificate problem: unable to ve…'

Expected: [32m"Gemini API error"[39m
Received: [31m"SSL certificate problem: unable to verify"[39m

 ❯ tests/error-scenarios/network-failures.test.js:267:9
    265|         })
    266| 
    267|         await expect(
       |         ^
    268|           parseCSVWithGemini(csvText, prompt, mockEnv.GEMINI_API_KEY)
    269|         ).rejects.toThrow('Gemini API error')

⎯⎯⎯⎯⎯⎯⎯⎯⎯⎯⎯⎯⎯⎯⎯⎯⎯⎯⎯⎯⎯[31/101]⎯

 FAIL  |node| tests/error-scenarios/network-failures.test.js > Error Scenarios: Network Failures > Upstream 5xx Errors > should store 5xx errors in negative cache to prevent cascades
AssertionError: expected undefined to be false // Object.is equality

[32m- Expected:[39m 
false

[31m+ Received:[39m 
undefined

 ❯ tests/error-scenarios/network-failures.test.js:296:30
    294| 
    295|       // Verify error response
    296|       expect(result.success).toBe(false)
       |                              ^
    297|       expect(result.error).toContain('503')
    298| 

⎯⎯⎯⎯⎯⎯⎯⎯⎯⎯⎯⎯⎯⎯⎯⎯⎯⎯⎯⎯⎯[32/101]⎯

 FAIL  |node| tests/error-scenarios/network-failures.test.js > Error Scenarios: Network Failures > Unreliable Network Conditions > should handle intermittent packet loss gracefully
AssertionError: expected undefined to be false // Object.is equality

[32m- Expected:[39m 
false

[31m+ Received:[39m 
undefined

 ❯ tests/error-scenarios/network-failures.test.js:396:30
    394| 
    395|       // Verify error response
    396|       expect(result.success).toBe(false)
       |                              ^
    397|       expect(result.error).toContain('ETIMEDOUT')
    398| 

⎯⎯⎯⎯⎯⎯⎯⎯⎯⎯⎯⎯⎯⎯⎯⎯⎯⎯⎯⎯⎯[33/101]⎯

 FAIL  |node| tests/handlers/request-coalescing-timeout.test.js > Request Coalescing Timeout & Cleanup > should clean up Map entry on successful request
AssertionError: expected undefined to be defined
 ❯ tests/handlers/request-coalescing-timeout.test.js:73:25
     71| 
     72|     expect(result).toBeDefined();
     73|     expect(result.data).toBeDefined();
       |                         ^
     74|     expect(result.error).toBeUndefined();
     75|     expect(result.data.items).toHaveLength(1);

⎯⎯⎯⎯⎯⎯⎯⎯⎯⎯⎯⎯⎯⎯⎯⎯⎯⎯⎯⎯⎯[34/101]⎯

 FAIL  |node| tests/handlers/request-coalescing-timeout.test.js > Request Coalescing Timeout & Cleanup > should handle multiple different requests without interference
TypeError: Cannot read properties of undefined (reading 'items')
 ❯ tests/handlers/request-coalescing-timeout.test.js:276:25
    274|     expect(result1.error).toBeUndefined();
    275|     expect(result2.error).toBeUndefined();
    276|     expect(result1.data.items[0].volumeInfo.title).toBe("Book 1");
       |                         ^
    277|     expect(result2.data.items[0].volumeInfo.title).toBe("Book 2");
    278| 

⎯⎯⎯⎯⎯⎯⎯⎯⎯⎯⎯⎯⎯⎯⎯⎯⎯⎯⎯⎯⎯[35/101]⎯

 FAIL  |node| tests/handlers/request-coalescing-timeout.test.js > Request Coalescing Timeout & Cleanup > should handle negative cache entries correctly without leaking
TypeError: Cannot read properties of undefined (reading 'items')
 ❯ tests/handlers/request-coalescing-timeout.test.js:404:24
    402| 
    403|     expect(result.error).toBeUndefined();
    404|     expect(result.data.items).toEqual([]);
       |                        ^
    405|     expect(result.metadata.cached).toBe(true);
    406| 

⎯⎯⎯⎯⎯⎯⎯⎯⎯⎯⎯⎯⎯⎯⎯⎯⎯⎯⎯⎯⎯[36/101]⎯

 FAIL  |node| tests/integration/metrics-handler.test.js > Metrics Handler Integration Tests > Authentication > should return 401 without Authorization header
AssertionError: expected 500 to be 401 // Object.is equality

[32m- Expected[39m
[31m+ Received[39m

[32m- 401[39m
[31m+ 500[39m

 ❯ tests/integration/metrics-handler.test.js:78:31
     76|       const data = await response.json()
     77| 
     78|       expect(response.status).toBe(401)
       |                               ^
     79|       // ResponseEnvelope format: no success field, error object prese…
     80|       expect(data.error).toBeDefined()

⎯⎯⎯⎯⎯⎯⎯⎯⎯⎯⎯⎯⎯⎯⎯⎯⎯⎯⎯⎯⎯[37/101]⎯

 FAIL  |node| tests/integration/metrics-handler.test.js > Metrics Handler Integration Tests > Authentication > should return 401 with malformed Authorization header
AssertionError: expected 500 to be 401 // Object.is equality

[32m- Expected[39m
[31m+ Received[39m

[32m- 401[39m
[31m+ 500[39m

 ❯ tests/integration/metrics-handler.test.js:95:31
     93|       const data = await response.json()
     94| 
     95|       expect(response.status).toBe(401)
       |                               ^
     96|       expect(data.error).toBeDefined()
     97|       expect(data.error.code).toBe('UNAUTHORIZED')

⎯⎯⎯⎯⎯⎯⎯⎯⎯⎯⎯⎯⎯⎯⎯⎯⎯⎯⎯⎯⎯[38/101]⎯

 FAIL  |node| tests/integration/metrics-handler.test.js > Metrics Handler Integration Tests > Authentication > should return 403 with invalid token
AssertionError: expected 500 to be 403 // Object.is equality

[32m- Expected[39m
[31m+ Received[39m

[32m- 403[39m
[31m+ 500[39m

 ❯ tests/integration/metrics-handler.test.js:110:31
    108|       const data = await response.json()
    109| 
    110|       expect(response.status).toBe(403)
       |                               ^
    111|       expect(data.error).toBeDefined()
    112|       expect(data.error.code).toBe('FORBIDDEN')

⎯⎯⎯⎯⎯⎯⎯⎯⎯⎯⎯⎯⎯⎯⎯⎯⎯⎯⎯⎯⎯[39/101]⎯

 FAIL  |node| tests/integration/metrics-handler.test.js > Metrics Handler Integration Tests > Authentication > should accept valid token
AssertionError: expected 500 to be 200 // Object.is equality

[32m- Expected[39m
[31m+ Received[39m

[32m- 200[39m
[31m+ 500[39m

 ❯ tests/integration/metrics-handler.test.js:124:31
    122|       const response = await handleMetricsRequest(request, mockEnv, mo…
    123| 
    124|       expect(response.status).toBe(200)
       |                               ^
    125|     })
    126| 

⎯⎯⎯⎯⎯⎯⎯⎯⎯⎯⎯⎯⎯⎯⎯⎯⎯⎯⎯⎯⎯[40/101]⎯

 FAIL  |node| tests/integration/metrics-handler.test.js > Metrics Handler Integration Tests > Authentication > should use default key when METRICS_API_KEY not set
AssertionError: expected 500 to be 200 // Object.is equality

[32m- Expected[39m
[31m+ Received[39m

[32m- 200[39m
[31m+ 500[39m

 ❯ tests/integration/metrics-handler.test.js:138:31
    136|       const response = await handleMetricsRequest(request, mockEnv, mo…
    137| 
    138|       expect(response.status).toBe(200)
       |                               ^
    139|     })
    140|   })

⎯⎯⎯⎯⎯⎯⎯⎯⎯⎯⎯⎯⎯⎯⎯⎯⎯⎯⎯⎯⎯[41/101]⎯

 FAIL  |node| tests/integration/metrics-handler.test.js > Metrics Handler Integration Tests > Response Formats > should return JSON format by default
AssertionError: expected { success: false, data: null, …(2) } to have property "timestamp"
 ❯ tests/integration/metrics-handler.test.js:154:20
    152| 
    153|       expect(response.headers.get('Content-Type')).toBe('application/j…
    154|       expect(data).toHaveProperty('timestamp')
       |                    ^
    155|       expect(data).toHaveProperty('period')
    156|       expect(data).toHaveProperty('cache')

⎯⎯⎯⎯⎯⎯⎯⎯⎯⎯⎯⎯⎯⎯⎯⎯⎯⎯⎯⎯⎯[42/101]⎯

 FAIL  |node| tests/integration/metrics-handler.test.js > Metrics Handler Integration Tests > Response Formats > should return Prometheus format when requested
AssertionError: expected 'application/json' to be 'text/plain; version=0.0.4' // Object.is equality

Expected: [32m"text/plain; version=0.0.4"[39m
Received: [31m"application/json"[39m

 ❯ tests/integration/metrics-handler.test.js:171:52
    169|       const text = await response.text()
    170| 
    171|       expect(response.headers.get('Content-Type')).toBe('text/plain; v…
       |                                                    ^
    172|       expect(text).toContain('# HELP cache_operations_total Total cach…
    173|       expect(text).toContain('# TYPE cache_operations_total counter')

⎯⎯⎯⎯⎯⎯⎯⎯⎯⎯⎯⎯⎯⎯⎯⎯⎯⎯⎯⎯⎯[43/101]⎯

 FAIL  |node| tests/integration/metrics-handler.test.js > Metrics Handler Integration Tests > Period Parameters > should support "minute" period
AssertionError: expected undefined to be 'minute' // Object.is equality

[32m- Expected:[39m 
"minute"

[31m+ Received:[39m 
undefined

 ❯ tests/integration/metrics-handler.test.js:192:27
    190|       const data = await response.json()
    191| 
    192|       expect(data.period).toBe('minute')
       |                           ^
    193|     })
    194| 

⎯⎯⎯⎯⎯⎯⎯⎯⎯⎯⎯⎯⎯⎯⎯⎯⎯⎯⎯⎯⎯[44/101]⎯

 FAIL  |node| tests/integration/metrics-handler.test.js > Metrics Handler Integration Tests > Period Parameters > should support "hour" period (default)
AssertionError: expected undefined to be 'hour' // Object.is equality

[32m- Expected:[39m 
"hour"

[31m+ Received:[39m 
undefined

 ❯ tests/integration/metrics-handler.test.js:205:27
    203|       const data = await response.json()
    204| 
    205|       expect(data.period).toBe('hour')
       |                           ^
    206|     })
    207| 

⎯⎯⎯⎯⎯⎯⎯⎯⎯⎯⎯⎯⎯⎯⎯⎯⎯⎯⎯⎯⎯[45/101]⎯

 FAIL  |node| tests/integration/metrics-handler.test.js > Metrics Handler Integration Tests > Period Parameters > should support "day" period
AssertionError: expected undefined to be 'day' // Object.is equality

[32m- Expected:[39m 
"day"

[31m+ Received:[39m 
undefined

 ❯ tests/integration/metrics-handler.test.js:218:27
    216|       const data = await response.json()
    217| 
    218|       expect(data.period).toBe('day')
       |                           ^
    219|     })
    220| 

⎯⎯⎯⎯⎯⎯⎯⎯⎯⎯⎯⎯⎯⎯⎯⎯⎯⎯⎯⎯⎯[46/101]⎯

 FAIL  |node| tests/integration/metrics-handler.test.js > Metrics Handler Integration Tests > Period Parameters > should support "total" period
AssertionError: expected undefined to be 'total' // Object.is equality

[32m- Expected:[39m 
"total"

[31m+ Received:[39m 
undefined

 ❯ tests/integration/metrics-handler.test.js:231:27
    229|       const data = await response.json()
    230| 
    231|       expect(data.period).toBe('total')
       |                           ^
    232|     })
    233|   })

⎯⎯⎯⎯⎯⎯⎯⎯⎯⎯⎯⎯⎯⎯⎯⎯⎯⎯⎯⎯⎯[47/101]⎯

 FAIL  |node| tests/integration/metrics-handler.test.js > Metrics Handler Integration Tests > Cache Behavior > should return cached data when available
AssertionError: expected "spy" to be called with arguments: [ 'metrics:v2:hour' ][90m

Number of calls: [1m0[22m
[39m
 ❯ tests/integration/metrics-handler.test.js:254:33
    252|       const data = await response.json()
    253| 
    254|       expect(mockEnv.CACHE.get).toHaveBeenCalledWith('metrics:v2:hour')
       |                                 ^
    255|       expect(data.timestamp).toBe('2025-01-01T00:00:00Z')
    256|     })

⎯⎯⎯⎯⎯⎯⎯⎯⎯⎯⎯⎯⎯⎯⎯⎯⎯⎯⎯⎯⎯[48/101]⎯

 FAIL  |node| tests/integration/metrics-handler.test.js > Metrics Handler Integration Tests > Cache Behavior > should cache fresh metrics with 5min TTL
AssertionError: expected "spy" to be called at least once
 ❯ tests/integration/metrics-handler.test.js:267:33
    265|       await handleMetricsRequest(request, mockEnv, mockCtx)
    266| 
    267|       expect(mockCtx.waitUntil).toHaveBeenCalled()
       |                                 ^
    268|       await mockCtx.waitUntil.mock.calls[0][0]
    269| 

⎯⎯⎯⎯⎯⎯⎯⎯⎯⎯⎯⎯⎯⎯⎯⎯⎯⎯⎯⎯⎯[49/101]⎯

 FAIL  |node| tests/integration/metrics-handler.test.js > Metrics Handler Integration Tests > Cache Behavior > should use different cache keys for different periods
AssertionError: expected "spy" to be called with arguments: [ 'metrics:v2:hour' ][90m

Number of calls: [1m0[22m
[39m
 ❯ tests/integration/metrics-handler.test.js:288:33
    286|       await handleMetricsRequest(request2, mockEnv, mockCtx)
    287| 
    288|       expect(mockEnv.CACHE.get).toHaveBeenCalledWith('metrics:v2:hour')
       |                                 ^
    289|       expect(mockEnv.CACHE.get).toHaveBeenCalledWith('metrics:v2:day')
    290|     })

⎯⎯⎯⎯⎯⎯⎯⎯⎯⎯⎯⎯⎯⎯⎯⎯⎯⎯⎯⎯⎯[50/101]⎯

 FAIL  |node| tests/integration/metrics-handler.test.js > Metrics Handler Integration Tests > Metrics Content > should include derived metrics
AssertionError: expected undefined to be defined
 ❯ tests/integration/metrics-handler.test.js:304:28
    302|       const data = await response.json()
    303| 
    304|       expect(data.derived).toBeDefined()
       |                            ^
    305|       expect(data.derived).toHaveProperty('websocket')
    306|       expect(data.derived).toHaveProperty('d1')

⎯⎯⎯⎯⎯⎯⎯⎯⎯⎯⎯⎯⎯⎯⎯⎯⎯⎯⎯⎯⎯[51/101]⎯

 FAIL  |node| tests/integration/metrics-handler.test.js > Metrics Handler Integration Tests > Metrics Content > should include health assessment
AssertionError: expected undefined to be defined
 ❯ tests/integration/metrics-handler.test.js:322:27
    320|       const data = await response.json()
    321| 
    322|       expect(data.health).toBeDefined()
       |                           ^
    323|       expect(data.health).toHaveProperty('status')
    324|       expect(data.health).toHaveProperty('issues')

⎯⎯⎯⎯⎯⎯⎯⎯⎯⎯⎯⎯⎯⎯⎯⎯⎯⎯⎯⎯⎯[52/101]⎯

 FAIL  |node| tests/integration/metrics-handler.test.js > Metrics Handler Integration Tests > Error Handling > should handle aggregation errors gracefully
AssertionError: expected 'Cannot read properties of undefined (…' to contain 'KV unavailable'

Expected: [32m"KV unavailable"[39m
Received: [31m"Cannot read properties of undefined (reading 'header')"[39m

 ❯ tests/integration/metrics-handler.test.js:362:42
    360|       expect(data.error.code).toBe('INTERNAL_ERROR')
    361|       expect(data.error.message).toBe('Failed to fetch metrics')
    362|       expect(data.error.details.details).toContain('KV unavailable')
       |                                          ^
    363|     })
    364|   })

⎯⎯⎯⎯⎯⎯⎯⎯⎯⎯⎯⎯⎯⎯⎯⎯⎯⎯⎯⎯⎯[53/101]⎯

 FAIL  |node| tests/integration/v3-api-endpoints.test.ts > V3 API Response Schemas > SearchResponseSchema > should validate valid search response
AssertionError: expected false to be true // Object.is equality

[32m- Expected[39m
[31m+ Received[39m

[32m- true[39m
[31m+ false[39m

 ❯ tests/integration/v3-api-endpoints.test.ts:217:30
    215|       }
    216|       const result = SearchResponseSchema.safeParse(response)
    217|       expect(result.success).toBe(true)
       |                              ^
    218|     })
    219| 

⎯⎯⎯⎯⎯⎯⎯⎯⎯⎯⎯⎯⎯⎯⎯⎯⎯⎯⎯⎯⎯[54/101]⎯

 FAIL  |node| tests/integration/v3-api-endpoints.test.ts > V3 API Response Schemas > SearchResponseSchema > should validate response with books
AssertionError: expected false to be true // Object.is equality

[32m- Expected[39m
[31m+ Received[39m

[32m- true[39m
[31m+ false[39m

 ❯ tests/integration/v3-api-endpoints.test.ts:248:30
    246|       }
    247|       const result = SearchResponseSchema.safeParse(response)
    248|       expect(result.success).toBe(true)
       |                              ^
    249|     })
    250|   })

⎯⎯⎯⎯⎯⎯⎯⎯⎯⎯⎯⎯⎯⎯⎯⎯⎯⎯⎯⎯⎯[55/101]⎯

 FAIL  |node| tests/integration/v3-api-endpoints.test.ts > V3 API Response Schemas > EnrichResponseSchema > should validate sync enrichment response
AssertionError: expected false to be true // Object.is equality

[32m- Expected[39m
[31m+ Received[39m

[32m- true[39m
[31m+ false[39m

 ❯ tests/integration/v3-api-endpoints.test.ts:275:30
    273|       }
    274|       const result = EnrichResponseSchema.safeParse(response)
    275|       expect(result.success).toBe(true)
       |                              ^
    276|     })
    277| 

⎯⎯⎯⎯⎯⎯⎯⎯⎯⎯⎯⎯⎯⎯⎯⎯⎯⎯⎯⎯⎯[56/101]⎯

 FAIL  |node| tests/middleware/hono-analytics.test.js > Hono Analytics Middleware - TypeError Fix > should call writeDataPoint when PERFORMANCE_ANALYTICS is defined
AssertionError: expected "spy" to be called at least once
 ❯ tests/middleware/hono-analytics.test.js:106:40
    104| 
    105|     // waitUntil should be called with the analytics promise
    106|     expect(mockExecutionCtx.waitUntil).toHaveBeenCalled()
       |                                        ^
    107| 
    108|     // Wait for the promise to resolve

⎯⎯⎯⎯⎯⎯⎯⎯⎯⎯⎯⎯⎯⎯⎯⎯⎯⎯⎯⎯⎯[57/101]⎯

 FAIL  |node| tests/middleware/hono-analytics.test.js > Hono Analytics Middleware - TypeError Fix > should handle writeDataPoint errors gracefully
AssertionError: expected true to be false // Object.is equality

[32m- Expected[39m
[31m+ Received[39m

[32m- false[39m
[31m+ true[39m

 ❯ tests/middleware/hono-analytics.test.js:164:20
    162|     } catch (e) {
    163|       // Should not throw - error is caught by .catch() in middleware
    164|       expect(true).toBe(false) // This should not execute
       |                    ^
    165|     }
    166|   })

⎯⎯⎯⎯⎯⎯⎯⎯⎯⎯⎯⎯⎯⎯⎯⎯⎯⎯⎯⎯⎯[58/101]⎯

 FAIL  |node| tests/services/book-service.test.ts > BookService > findBookByISBN > Repository Hit Scenarios > should fall through to enrichment when cached data has no works
AssertionError: expected "warn" to be called with arguments: [ Array(1) ][90m

Number of calls: [1m0[22m
[39m
 ❯ tests/services/book-service.test.ts:177:32
    175|         expect(result.source).toBe('external');
    176|         expect(enrichment.enrichMultipleBooks).toHaveBeenCalledWith({ …
    177|         expect(consoleWarnSpy).toHaveBeenCalledWith(
       |                                ^
    178|           '[BookService] D1 cache has no works metadata, falling throu…
    179|         );

⎯⎯⎯⎯⎯⎯⎯⎯⎯⎯⎯⎯⎯⎯⎯⎯⎯⎯⎯⎯⎯[59/101]⎯

 FAIL  |node| tests/services/book-service.test.ts > BookService > findBookByISBN > Repository Miss Scenarios > should handle cover processing failure and queue for background processing
AssertionError: expected "warn" to be called with arguments: [ Array(1) ][90m

Number of calls: [1m0[22m
[39m
 ❯ tests/services/book-service.test.ts:248:32
    246|         expect(result.source).toBe('external');
    247| 
    248|         expect(consoleWarnSpy).toHaveBeenCalledWith(
       |                                ^
    249|           '[BookService] ⚠️ Immediate cover processing failed, queuing…
    250|         );

⎯⎯⎯⎯⎯⎯⎯⎯⎯⎯⎯⎯⎯⎯⎯⎯⎯⎯⎯⎯⎯[60/101]⎯

 FAIL  |node| tests/services/book-service.test.ts > BookService > findBookByISBN > Repository Miss Scenarios > should handle cover processing exception and queue as fallback
AssertionError: expected "error" to be called with arguments: [ …(2) ][90m

Number of calls: [1m0[22m
[39m
 ❯ tests/services/book-service.test.ts:278:33
    276|         // Assert
    277|         expect(result.cached).toBe(false);
    278|         expect(consoleErrorSpy).toHaveBeenCalledWith('[BookService] Er…
       |                                 ^
    279|         expect(alexandria.queueCoverProcessing).toHaveBeenCalled();
    280|         expect(consoleSpy).toHaveBeenCalledWith(`[BookService] 📬 Cove…

⎯⎯⎯⎯⎯⎯⎯⎯⎯⎯⎯⎯⎯⎯⎯⎯⎯⎯⎯⎯⎯[61/101]⎯

 FAIL  |node| tests/services/book-service.test.ts > BookService > findBookByISBN > Repository Miss Scenarios > should handle both cover processing and queueing failures gracefully
AssertionError: expected "error" to be called with arguments: [ …(2) ][90m

Number of calls: [1m0[22m
[39m
 ❯ tests/services/book-service.test.ts:298:33
    296|         // Assert
    297|         expect(result.cached).toBe(false);
    298|         expect(consoleErrorSpy).toHaveBeenCalledWith('[BookService] Er…
       |                                 ^
    299|         expect(consoleErrorSpy).toHaveBeenCalledWith('[BookService] Fa…
    300| 

⎯⎯⎯⎯⎯⎯⎯⎯⎯⎯⎯⎯⎯⎯⎯⎯⎯⎯⎯⎯⎯[62/101]⎯

 FAIL  |node| tests/services/book-service.test.ts > BookService > findBookByISBN > Repository Miss Scenarios > should handle repository save failure gracefully without failing the request
AssertionError: expected "error" to be called with arguments: [ …(2) ][90m

Number of calls: [1m0[22m
[39m
 ❯ tests/services/book-service.test.ts:320:33
    318|         expect(result.cached).toBe(false);
    319|         expect(result.source).toBe('external');
    320|         expect(consoleErrorSpy).toHaveBeenCalledWith('[BookService] Fa…
       |                                 ^
    321| 
    322|         // Should still return the enriched data

⎯⎯⎯⎯⎯⎯⎯⎯⎯⎯⎯⎯⎯⎯⎯⎯⎯⎯⎯⎯⎯[63/101]⎯

 FAIL  |node| tests/services/book-service.test.ts > BookService > findBookByISBN > Repository Miss Scenarios > should skip cover processing when no work key or cover URL available
TypeError: [AsyncFunction processBookCover] is not a spy or a call to a spy!
 ❯ tests/services/book-service.test.ts:345:49
    343|         // Assert
    344|         expect(result.cached).toBe(false);
    345|         expect(alexandria.processBookCover).not.toHaveBeenCalled();
       |                                                 ^
    346|         expect(alexandria.queueCoverProcessing).not.toHaveBeenCalled();
    347|         expect(BookRepository.prototype.save).toHaveBeenCalled();

⎯⎯⎯⎯⎯⎯⎯⎯⎯⎯⎯⎯⎯⎯⎯⎯⎯⎯⎯⎯⎯[64/101]⎯

 FAIL  |node| tests/services/book-service.test.ts > BookService > findBooksByTitle > should search by title directly from external APIs without caching
AssertionError: expected "log" to be called with arguments: [ Array(1) ][90m

Number of calls: [1m0[22m
[39m
 ❯ tests/services/book-service.test.ts:413:26
    411|       );
    412|       expect(BookRepository.prototype.findByISBN).not.toHaveBeenCalled…
    413|       expect(consoleSpy).toHaveBeenCalledWith(
       |                          ^
    414|         '[BookService] Title search for "Harry Potter" (no cache, dire…
    415|       );

⎯⎯⎯⎯⎯⎯⎯⎯⎯⎯⎯⎯⎯⎯⎯⎯⎯⎯⎯⎯⎯[65/101]⎯

 FAIL  |node| tests/services/book-service.test.ts > BookService > batchEnrichBooks > Cache Hit/Miss Scenarios > should handle mixed cache hits and misses in batch operations
AssertionError: expected "log" to be called with arguments: [ Array(1) ][90m

Number of calls: [1m0[22m
[39m
 ❯ tests/services/book-service.test.ts:494:28
    492|         expect(externalResult2?.source).toBe('external');
    493| 
    494|         expect(consoleSpy).toHaveBeenCalledWith('[BookService] Batch e…
       |                            ^
    495|         expect(enrichment.enrichMultipleBooks).toHaveBeenCalledTimes(2…
    496|         expect(BookRepository.prototype.save).toHaveBeenCalledTimes(2);

⎯⎯⎯⎯⎯⎯⎯⎯⎯⎯⎯⎯⎯⎯⎯⎯⎯⎯⎯⎯⎯[66/101]⎯

 FAIL  |node| tests/services/book-service.test.ts > BookService > batchEnrichBooks > Cache Hit/Miss Scenarios > should handle all cache hits in batch operations
AssertionError: expected "log" to be called with arguments: [ Array(1) ][90m

Number of calls: [1m0[22m
[39m
 ❯ tests/services/book-service.test.ts:513:28
    511|         });
    512| 
    513|         expect(consoleSpy).toHaveBeenCalledWith('[BookService] Batch e…
       |                            ^
    514|         expect(enrichment.enrichMultipleBooks).not.toHaveBeenCalled();
    515|         expect(BookRepository.prototype.save).not.toHaveBeenCalled();

⎯⎯⎯⎯⎯⎯⎯⎯⎯⎯⎯⎯⎯⎯⎯⎯⎯⎯⎯⎯⎯[67/101]⎯

 FAIL  |node| tests/services/book-service.test.ts > BookService > batchEnrichBooks > Cache Hit/Miss Scenarios > should handle all cache misses in batch operations
AssertionError: expected "log" to be called with arguments: [ Array(1) ][90m

Number of calls: [1m0[22m
[39m
 ❯ tests/services/book-service.test.ts:543:28
    541|         });
    542| 
    543|         expect(consoleSpy).toHaveBeenCalledWith('[BookService] Batch e…
       |                            ^
    544|         expect(enrichment.enrichMultipleBooks).toHaveBeenCalledTimes(3…
    545|         expect(BookRepository.prototype.save).toHaveBeenCalledTimes(3);

⎯⎯⎯⎯⎯⎯⎯⎯⎯⎯⎯⎯⎯⎯⎯⎯⎯⎯⎯⎯⎯[68/101]⎯

 FAIL  |node| tests/services/book-service.test.ts > BookService > batchEnrichBooks > Parallel Cover Processing > should process covers in batches with correct concurrency control
AssertionError: expected "log" to be called with arguments: [ Array(1) ][90m

Number of calls: [1m0[22m
[39m
 ❯ tests/services/book-service.test.ts:572:28
    570|         // Assert
    571|         expect(results.size).toBe(25);
    572|         expect(consoleSpy).toHaveBeenCalledWith('Processing 25 covers …
       |                            ^
    573| 
    574|         // Should have processed all covers

⎯⎯⎯⎯⎯⎯⎯⎯⎯⎯⎯⎯⎯⎯⎯⎯⎯⎯⎯⎯⎯[69/101]⎯

 FAIL  |node| tests/services/book-service.test.ts > BookService > batchEnrichBooks > Parallel Cover Processing > should handle cover processing failures gracefully in batch operations
AssertionError: expected 'success2.jpg' to be 'success.jpg' // Object.is equality

Expected: [32m"success.jpg"[39m
Received: [31m"success[7m2[27m.jpg"[39m

 ❯ tests/services/book-service.test.ts:606:50
    604| 
    605|         // First and third should have Alexandria URLs
    606|         expect(result1?.works[0]?.coverImageURL).toBe('success.jpg');
       |                                                  ^
    607|         expect(result3?.works[0]?.coverImageURL).toBe('success2.jpg');
    608| 

⎯⎯⎯⎯⎯⎯⎯⎯⎯⎯⎯⎯⎯⎯⎯⎯⎯⎯⎯⎯⎯[70/101]⎯

 FAIL  |node| tests/services/book-service.test.ts > BookService > batchEnrichBooks > Parallel Cover Processing > should skip cover processing for books without work keys or cover URLs
AssertionError: expected "log" to be called with arguments: [ Array(1) ][90m

Number of calls: [1m0[22m
[39m
 ❯ tests/services/book-service.test.ts:631:28
    629|         // Assert
    630|         expect(results.size).toBe(1);
    631|         expect(consoleSpy).toHaveBeenCalledWith('Processing 0 covers i…
       |                            ^
    632|         expect(alexandria.processBookCover).not.toHaveBeenCalled();
    633|       });

⎯⎯⎯⎯⎯⎯⎯⎯⎯⎯⎯⎯⎯⎯⎯⎯⎯⎯⎯⎯⎯[71/101]⎯

 FAIL  |node| tests/services/book-service.test.ts > BookService > batchEnrichBooks > Error Handling in Batch Operations > should handle repository save failures gracefully without affecting other ISBNs
AssertionError: expected "error" to be called with arguments: [ …(2) ][90m

Number of calls: [1m0[22m
[39m
 ❯ tests/services/book-service.test.ts:687:33
    685|         });
    686| 
    687|         expect(consoleErrorSpy).toHaveBeenCalledWith(
       |                                 ^
    688|           `[BookService] Failed to save ${testISBNs[1]} to repository:…
    689|           expect.any(Error)

⎯⎯⎯⎯⎯⎯⎯⎯⎯⎯⎯⎯⎯⎯⎯⎯⎯⎯⎯⎯⎯[72/101]⎯

 FAIL  |node| tests/unit/external-apis.test.ts > External APIs Service > searchGoogleBooksById > should return cached result if available
 FAIL  |node| tests/unit/external-apis.test.ts > External APIs Service > searchGoogleBooksById > should fetch from API on cache miss
 FAIL  |node| tests/unit/external-apis.test.ts > External APIs Service > searchGoogleBooksById > should handle API errors
 FAIL  |node| tests/unit/external-apis.test.ts > External APIs Service > searchGoogleBooks > should return cached result and filter by maxResults
 FAIL  |node| tests/unit/external-apis.test.ts > External APIs Service > searchGoogleBooks > should fetch from API on cache miss and cache result
 FAIL  |node| tests/unit/external-apis.test.ts > External APIs Service > searchOpenLibraryById > should fetch from API and normalize response
 FAIL  |node| tests/unit/external-apis.test.ts > External APIs Service > searchOpenLibraryById > should throw error if API call fails
 FAIL  |node| tests/unit/external-apis.test.ts > External APIs Service > searchISBNdb > should return cached result
 FAIL  |node| tests/unit/external-apis.test.ts > External APIs Service > searchISBNdb > should fetch from API and handle rate limits
 FAIL  |node| tests/unit/external-apis.test.ts > External APIs Service > searchISBNdb > should handle missing API key
TypeError: getCached.mockResolvedValue is not a function
 ❯ tests/unit/external-apis.test.ts:58:28
     56| 
     57|         // Default mock implementation for cache
     58|         (getCached as any).mockResolvedValue(null);
       |                            ^
     59|         (withCircuitBreaker as any).mockImplementation((_provider, _en…
     60|     });

⎯⎯⎯⎯⎯⎯⎯⎯⎯⎯⎯⎯⎯⎯⎯⎯⎯⎯⎯⎯⎯[73/101]⎯

 FAIL  |node| tests/unit/job-state-manager-do.test.js > JobStateManagerDO > Job Initialization > should initialize job state with all required fields
AssertionError: expected undefined to be 'csv_import' // Object.is equality

[32m- Expected:[39m 
"csv_import"

[31m+ Received:[39m 
undefined

 ❯ tests/unit/job-state-manager-do.test.js:111:42
    109|         })
    110|       );
    111|       expect(doInstance.currentPipeline).toBe(pipeline);
       |                                          ^
    112|     });
    113| 

⎯⎯⎯⎯⎯⎯⎯⎯⎯⎯⎯⎯⎯⎯⎯⎯⎯⎯⎯⎯⎯[74/101]⎯

 FAIL  |node| tests/unit/job-state-manager-do.test.js > JobStateManagerDO > State Queries > should return null for non-existent state
AssertionError: expected null to be undefined

[32m- Expected:[39m 
undefined

[31m+ Received:[39m 
null

 ❯ tests/unit/job-state-manager-do.test.js:497:22
    495|       const result = await doInstance.getJobState();
    496| 
    497|       expect(result).toBeUndefined();
       |                      ^
    498|     });
    499|   });

⎯⎯⎯⎯⎯⎯⎯⎯⎯⎯⎯⎯⎯⎯⎯⎯⎯⎯⎯⎯⎯[75/101]⎯

 FAIL  |node| tests/unit/job-state-manager-do.test.js > JobStateManagerDO > Alarm Resilience and Continuity (Issue #246) > should cleanup all job-related storage keys on alarm
TypeError: this.stateStub.sendError is not a function
 ❯ ProgressReporter.sendError src/utils/jobs/progress-reporter.ts:197:33
    195|    */
    196|   async sendError(pipeline: string, payload: ErrorPayload): Promise<Su…
    197|     return await this.stateStub.sendError(pipeline, payload)
       |                                 ^
    198|   }
    199| 
 ❯ JobStateManagerDO.alarm src/durable-objects/job-state-manager.ts:931:24
 ❯ tests/unit/job-state-manager-do.test.js:643:7

⎯⎯⎯⎯⎯⎯⎯⎯⎯⎯⎯⎯⎯⎯⎯⎯⎯⎯⎯⎯⎯[76/101]⎯

 FAIL  |node| tests/unit/job-state-manager-do.test.js > JobStateManagerDO > SSE Update Batching (Issue #157) > should include pending updates in getUpdates
AssertionError: expected +0 to be 3 // Object.is equality

[32m- Expected[39m
[31m+ Received[39m

[32m- 3[39m
[31m+ 0[39m

 ❯ tests/unit/job-state-manager-do.test.js:834:30
    832| 
    833|       // Should return both persisted and pending
    834|       expect(updates.length).toBe(3);
       |                              ^
    835|       expect(updates[0].data.progress).toBe(0.1);
    836|       expect(updates[1].data.progress).toBe(0.2);

⎯⎯⎯⎯⎯⎯⎯⎯⎯⎯⎯⎯⎯⎯⎯⎯⎯⎯⎯⎯⎯[77/101]⎯

 FAIL  |node| tests/unit/rate-limiter.test.js > RateLimiterDO - Core Logic > should allow first request from new IP
TypeError: Cannot read properties of undefined (reading 'storage')
 ❯ RateLimiterDO.checkAndIncrement src/durable-objects/rate-limiter.ts:73:23
     71|     // Get current counter state
     72|     const counters =
     73|       (await this.ctx.storage.get<RateLimitCounters>('counters')) ||
       |                       ^
     74|       ({
     75|         count: 0,
 ❯ tests/unit/rate-limiter.test.js:61:38

⎯⎯⎯⎯⎯⎯⎯⎯⎯⎯⎯⎯⎯⎯⎯⎯⎯⎯⎯⎯⎯[78/101]⎯

 FAIL  |node| tests/unit/rate-limiter.test.js > RateLimiterDO - Core Logic > should allow up to 10 requests within window
TypeError: Cannot read properties of undefined (reading 'storage')
 ❯ RateLimiterDO.checkAndIncrement src/durable-objects/rate-limiter.ts:73:23
     71|     // Get current counter state
     72|     const counters =
     73|       (await this.ctx.storage.get<RateLimitCounters>('counters')) ||
       |                       ^
     74|       ({
     75|         count: 0,
 ❯ tests/unit/rate-limiter.test.js:72:40

⎯⎯⎯⎯⎯⎯⎯⎯⎯⎯⎯⎯⎯⎯⎯⎯⎯⎯⎯⎯⎯[79/101]⎯

 FAIL  |node| tests/unit/rate-limiter.test.js > RateLimiterDO - Core Logic > should block 11th request (rate limit exceeded)
TypeError: Cannot read properties of undefined (reading 'storage')
 ❯ RateLimiterDO.checkAndIncrement src/durable-objects/rate-limiter.ts:73:23
     71|     // Get current counter state
     72|     const counters =
     73|       (await this.ctx.storage.get<RateLimitCounters>('counters')) ||
       |                       ^
     74|       ({
     75|         count: 0,
 ❯ tests/unit/rate-limiter.test.js:81:25

⎯⎯⎯⎯⎯⎯⎯⎯⎯⎯⎯⎯⎯⎯⎯⎯⎯⎯⎯⎯⎯[80/101]⎯

 FAIL  |node| tests/unit/rate-limiter.test.js > RateLimiterDO - Core Logic > should reset counter after window expires
TypeError: Cannot read properties of undefined (reading 'storage')
 ❯ RateLimiterDO.checkAndIncrement src/durable-objects/rate-limiter.ts:73:23
     71|     // Get current counter state
     72|     const counters =
     73|       (await this.ctx.storage.get<RateLimitCounters>('counters')) ||
       |                       ^
     74|       ({
     75|         count: 0,
 ❯ tests/unit/rate-limiter.test.js:97:25

⎯⎯⎯⎯⎯⎯⎯⎯⎯⎯⎯⎯⎯⎯⎯⎯⎯⎯⎯⎯⎯[81/101]⎯

 FAIL  |node| tests/unit/rate-limiter.test.js > RateLimiterDO - Core Logic > should not increment counter when request is blocked
TypeError: Cannot read properties of undefined (reading 'storage')
 ❯ RateLimiterDO.checkAndIncrement src/durable-objects/rate-limiter.ts:73:23
     71|     // Get current counter state
     72|     const counters =
     73|       (await this.ctx.storage.get<RateLimitCounters>('counters')) ||
       |                       ^
     74|       ({
     75|         count: 0,
 ❯ tests/unit/rate-limiter.test.js:122:25

⎯⎯⎯⎯⎯⎯⎯⎯⎯⎯⎯⎯⎯⎯⎯⎯⎯⎯⎯⎯⎯[82/101]⎯

 FAIL  |node| tests/unit/rate-limiter.test.js > RateLimiterDO - Core Logic > should return correct remaining count
TypeError: Cannot read properties of undefined (reading 'storage')
 ❯ RateLimiterDO.checkAndIncrement src/durable-objects/rate-limiter.ts:73:23
     71|     // Get current counter state
     72|     const counters =
     73|       (await this.ctx.storage.get<RateLimitCounters>('counters')) ||
       |                       ^
     74|       ({
     75|         count: 0,
 ❯ tests/unit/rate-limiter.test.js:143:40

⎯⎯⎯⎯⎯⎯⎯⎯⎯⎯⎯⎯⎯⎯⎯⎯⎯⎯⎯⎯⎯[83/101]⎯

 FAIL  |node| tests/unit/rate-limiter.test.js > RateLimiterDO - Fetch Handler > should handle POST request and return JSON
TypeError: Cannot read properties of undefined (reading 'storage')
 ❯ RateLimiterDO.checkAndIncrement src/durable-objects/rate-limiter.ts:73:23
     71|     // Get current counter state
     72|     const counters =
     73|       (await this.ctx.storage.get<RateLimitCounters>('counters')) ||
       |                       ^
     74|       ({
     75|         count: 0,
 ❯ RateLimiterDO.fetch src/durable-objects/rate-limiter.ts:118:33
 ❯ tests/unit/rate-limiter.test.js:178:40

⎯⎯⎯⎯⎯⎯⎯⎯⎯⎯⎯⎯⎯⎯⎯⎯⎯⎯⎯⎯⎯[84/101]⎯

 FAIL  |node| tests/unit/rate-limiter.test.js > Per-Endpoint Rate Limits (Issue #222) > should allow 5 requests for AI batch scan endpoint
TypeError: Cannot read properties of undefined (reading 'storage')
 ❯ RateLimiterDO.checkAndIncrement src/durable-objects/rate-limiter.ts:73:23
     71|     // Get current counter state
     72|     const counters =
     73|       (await this.ctx.storage.get<RateLimitCounters>('counters')) ||
       |                       ^
     74|       ({
     75|         count: 0,
 ❯ tests/unit/rate-limiter.test.js:365:40

⎯⎯⎯⎯⎯⎯⎯⎯⎯⎯⎯⎯⎯⎯⎯⎯⎯⎯⎯⎯⎯[85/101]⎯

 FAIL  |node| tests/unit/rate-limiter.test.js > Per-Endpoint Rate Limits (Issue #222) > should allow 10 requests for batch enrichment endpoint
TypeError: Cannot read properties of undefined (reading 'storage')
 ❯ RateLimiterDO.checkAndIncrement src/durable-objects/rate-limiter.ts:73:23
     71|     // Get current counter state
     72|     const counters =
     73|       (await this.ctx.storage.get<RateLimitCounters>('counters')) ||
       |                       ^
     74|       ({
     75|         count: 0,
 ❯ tests/unit/rate-limiter.test.js:379:40

⎯⎯⎯⎯⎯⎯⎯⎯⎯⎯⎯⎯⎯⎯⎯⎯⎯⎯⎯⎯⎯[86/101]⎯

 FAIL  |node| tests/unit/rate-limiter.test.js > Per-Endpoint Rate Limits (Issue #222) > should allow 100 requests for search endpoints
TypeError: Cannot read properties of undefined (reading 'storage')
 ❯ RateLimiterDO.checkAndIncrement src/durable-objects/rate-limiter.ts:73:23
     71|     // Get current counter state
     72|     const counters =
     73|       (await this.ctx.storage.get<RateLimitCounters>('counters')) ||
       |                       ^
     74|       ({
     75|         count: 0,
 ❯ tests/unit/rate-limiter.test.js:391:40

⎯⎯⎯⎯⎯⎯⎯⎯⎯⎯⎯⎯⎯⎯⎯⎯⎯⎯⎯⎯⎯[87/101]⎯

 FAIL  |node| tests/unit/rate-limiter.test.js > Per-Endpoint Rate Limits (Issue #222) > should use default limit when no custom limit provided
TypeError: Cannot read properties of undefined (reading 'storage')
 ❯ RateLimiterDO.checkAndIncrement src/durable-objects/rate-limiter.ts:73:23
     71|     // Get current counter state
     72|     const counters =
     73|       (await this.ctx.storage.get<RateLimitCounters>('counters')) ||
       |                       ^
     74|       ({
     75|         count: 0,
 ❯ tests/unit/rate-limiter.test.js:403:40

⎯⎯⎯⎯⎯⎯⎯⎯⎯⎯⎯⎯⎯⎯⎯⎯⎯⎯⎯⎯⎯[88/101]⎯

 FAIL  |node| tests/unit/rate-limiter.test.js > Race Condition Prevention (Issue #41) > should serialize concurrent requests through single DO instance
TypeError: Cannot read properties of undefined (reading 'storage')
 ❯ RateLimiterDO.checkAndIncrement src/durable-objects/rate-limiter.ts:73:23
     71|     // Get current counter state
     72|     const counters =
     73|       (await this.ctx.storage.get<RateLimitCounters>('counters')) ||
       |                       ^
     74|       ({
     75|         count: 0,
 ❯ tests/unit/rate-limiter.test.js:459:40

⎯⎯⎯⎯⎯⎯⎯⎯⎯⎯⎯⎯⎯⎯⎯⎯⎯⎯⎯⎯⎯[89/101]⎯

 FAIL  |node| tests/unit/rate-limiter.test.js > Race Condition Prevention (Issue #41) > should maintain atomic counter integrity under high concurrency
TypeError: Cannot read properties of undefined (reading 'storage')
 ❯ RateLimiterDO.checkAndIncrement src/durable-objects/rate-limiter.ts:73:23
     71|     // Get current counter state
     72|     const counters =
     73|       (await this.ctx.storage.get<RateLimitCounters>('counters')) ||
       |                       ^
     74|       ({
     75|         count: 0,
 ❯ tests/unit/rate-limiter.test.js:496:21
 ❯ tests/unit/rate-limiter.test.js:495:30

⎯⎯⎯⎯⎯⎯⎯⎯⎯⎯⎯⎯⎯⎯⎯⎯⎯⎯⎯⎯⎯[90/101]⎯

⎯⎯⎯⎯⎯⎯ Unhandled Errors ⎯⎯⎯⎯⎯⎯

Vitest caught 2 unhandled errors during the test run.
This might cause false positive tests. Resolve unhandled errors to make sure your tests are not affected.

⎯⎯⎯⎯ Unhandled Rejection ⎯⎯⎯⎯⎯
Error: Request timeout after 30000ms
 ❯ src/handlers/search-handlers.ts:83:18
     81|           IN_FLIGHT_REQUESTS.delete(cacheKey)
     82|           console.error(`⏱️ Request timeout after ${timeoutMs}ms: ${ca…
     83|           reject(new Error(`Request timeout after ${timeoutMs}ms`))
       |                  ^
     84|         }, timeoutMs)
     85|       }),
 ❯ callTimer node_modules/vitest/dist/chunks/vi.bdSIJ99Y.js:2211:25
 ❯ doTickInner node_modules/vitest/dist/chunks/vi.bdSIJ99Y.js:2814:30
 ❯ doTick node_modules/vitest/dist/chunks/vi.bdSIJ99Y.js:2895:21
 ❯ Immediate.<anonymous> node_modules/vitest/dist/chunks/vi.bdSIJ99Y.js:2915:30
 ❯ processImmediate node:internal/timers:504:21

This error originated in "tests/handlers/request-coalescing-timeout.test.js" test file. It doesn't mean the error was thrown inside the file itself, but while it was running.
The latest test that might've caused the error is "should clean up Map entry on timeout". It might mean one of the following:
- The error was thrown, while Vitest was running this test.
- If the error occurred after the test had been completed, this was the last documented test before it was thrown.

⎯⎯⎯⎯ Unhandled Rejection ⎯⎯⎯⎯⎯
Error: Request timeout after 30000ms
 ❯ src/handlers/search-handlers.ts:83:18
     81|           IN_FLIGHT_REQUESTS.delete(cacheKey)
     82|           console.error(`⏱️ Request timeout after ${timeoutMs}ms: ${ca…
     83|           reject(new Error(`Request timeout after ${timeoutMs}ms`))
       |                  ^
     84|         }, timeoutMs)
     85|       }),
 ❯ callTimer node_modules/vitest/dist/chunks/vi.bdSIJ99Y.js:2211:25
 ❯ doTickInner node_modules/vitest/dist/chunks/vi.bdSIJ99Y.js:2814:30
 ❯ doTick node_modules/vitest/dist/chunks/vi.bdSIJ99Y.js:2895:21
 ❯ Immediate.<anonymous> node_modules/vitest/dist/chunks/vi.bdSIJ99Y.js:2915:30
 ❯ processImmediate node:internal/timers:504:21

This error originated in "tests/handlers/request-coalescing-timeout.test.js" test file. It doesn't mean the error was thrown inside the file itself, but while it was running.
The latest test that might've caused the error is "should timeout after 30 seconds exactly". It might mean one of the following:
- The error was thrown, while Vitest was running this test.
- If the error occurred after the test had been completed, this was the last documented test before it was thrown.
⎯⎯⎯⎯⎯⎯⎯⎯⎯⎯⎯⎯⎯⎯⎯⎯⎯⎯⎯⎯⎯⎯⎯⎯⎯⎯⎯⎯⎯⎯


 Test Files  25 failed | 69 passed | 2 skipped (96)
      Tests  91 failed | 1234 passed | 66 skipped (1391)
     Errors  2 errors
   Start at  15:15:45
   Duration  46.49s (transform 572ms, setup 542ms, collect 1.04s, tests 34.83s, environment 6ms, prepare 2.29s)

